11-29 14:52:36.506   415   428 W GeocoderProxy: com.google.android.gms resolves service com.android.location.service.GeocodeProvider, but has wrong signature, ignoring
11-29 14:52:36.506   415   428 W GeocoderProxy: Odd, no component found for service com.android.location.service.GeocodeProvider
11-29 14:52:36.506   415   428 W GeofenceProxy: com.google.android.gms resolves service com.android.location.service.GeofenceProvider, but has wrong signature, ignoring
11-29 14:52:36.506   415   428 W GeofenceProxy: Odd, no component found for service com.android.location.service.GeofenceProvider
11-29 14:52:36.507   415   428 W ActivityRecognitionProxy: com.google.android.gms resolves service com.android.location.service.ActivityRecognitionProvider, but has wrong signature, ignoring
11-29 14:52:36.507   415   428 W ActivityRecognitionProxy: Odd, no component found for service com.android.location.service.ActivityRecognitionProvider
11-29 14:52:36.517   688   688 E VvmPkgInstalledRcvr: cannot create TelephonyManager from ComponentInfo{com.android.phone/com.android.services.telephony.TelephonyConnectionService}, ***, UserHandle{0}
11-29 14:52:36.517   688   688 D CarrierConfigLoader: mHandler: 9 phoneId: 0
11-29 14:52:36.561   415   424 I system_server: Background concurrent copying GC freed 42582(2MB) AllocSpace objects, 49(1748KB) LOS objects, 42% free, 8MB/15MB, paused 759us total 236.680ms
11-29 14:52:36.561   415  1088 W ActivityManager: Unable to start service Intent { act=com.microvirt.download.IDownloadAidlInterface pkg=com.microvirt.market } U=0: not found
11-29 14:52:36.569  1574 25826 I Finsky  : [224] jhq.run(19): Wrote row to frosting DB: 158
11-29 14:52:36.570  1083 25959 W GCM     : Unexpected forwarded intent: Intent { act=android.intent.action.PACKAGE_ADDED dat=package:com.excell44.educam.debug flg=0x4000010 pkg=com.google.android.gms cmp=com.google.android.gms/.chimera.PersistentIntentOperationService (has extras) }
11-29 14:52:36.578  1574  1659 I Finsky  : [50] ffp.a(11): AIM: AppInfoManager-Perf > ItemModel > CacheSize=0, cacheHitCount=0, cacheMissCount=1, total appsWithNoServerDataCount=0. Missed  in cache (limit 10) : [com.excell44.educam.debug]
11-29 14:52:36.579  1574 25845 I Finsky  : [232] vy.invoke(12): [ContentSync] finished, scheduled=false
11-29 14:52:36.582  1574  1659 I Finsky  : [50] ffs.p(2): AIM: AppInfoManager-Perf > ItemModel > ItemStore Called 1 apps cacheOptions = USE_CACHE
11-29 14:52:36.583  1574  1659 I Finsky  : [50] lzt.g(20): ItemStore: Not cached: com.excell44.educam.debug
11-29 14:52:36.611  1083 25964 W GCM     : Unexpected forwarded intent: Intent { act=android.intent.action.PACKAGE_ADDED dat=package:com.excell44.educam.debug flg=0x4000010 pkg=com.google.android.gms cmp=com.google.android.gms/.chimera.PersistentIntentOperationService (has extras) }
11-29 14:52:36.617   948   948 I onReceive: bindAppsAdded
11-29 14:52:36.627   415   422 W System  : A resource failed to call close. 
11-29 14:52:36.630  1043 25967 I PackageIntentOperation: Feature flags not enabled, skipping. [CONTEXT service_id=258 ]
11-29 14:52:36.631  1043 25969 I Auth    : [SupervisedAccountIntentOperation] onHandleIntent(): android.intent.action.PACKAGE_ADDED
11-29 14:52:36.631  1043 25969 I Auth    : [SupervisedAccountIntentOperation] This operation is disabled
11-29 14:52:36.635  1043  1043 D BoundBrokerSvc: onBind: Intent { act=com.google.android.gms.common.BIND_SHARED_PREFS pkg=com.google.android.gms }
11-29 14:52:36.635  1043  1043 D BoundBrokerSvc: Loading bound service for intent: Intent { act=com.google.android.gms.common.BIND_SHARED_PREFS pkg=com.google.android.gms }
11-29 14:52:36.642  1043  1043 D BoundBrokerSvc: onUnbind: Intent { act=com.google.android.gms.common.BIND_SHARED_PREFS pkg=com.google.android.gms }
11-29 14:52:36.688   415  1350 W ActivityManager: Unable to start service Intent { act=com.microvirt.download.IDownloadAidlInterface pkg=com.microvirt.market } U=0: not found
11-29 14:52:36.717  1574  1682 E Finsky  : [64] gpr.a(51): Unexpected android-id = 0
11-29 14:52:36.718  1574  1682 E Finsky  : [64] gpr.a(51): Unexpected android-id = 0
11-29 14:52:36.719  1574  1682 E Finsky  : [64] hat.h(4): [DC] Android id should not be null
11-29 14:52:36.721  1574  1659 I Finsky  : [50] ffp.a(80): AIM: ItemModel fetch - unauth(1), auth()
11-29 14:52:36.798  1574  1657 E Finsky  : [48] lzr.a(13): ItemStore: getItems RPC failed.
11-29 14:52:36.828  1001  2940 E EGL_adreno: [getAttribValue] Bad attribute idx
11-29 14:52:36.828  1001  2940 D EGL_adreno: eglGetConfigAttrib: bad attrib 0x3339
11-29 14:52:36.828   167   410 D gralloc_gmin: gralloc_alloc: Creating ashmem region of size 167936
11-29 14:52:36.834  1083  1332 W ChimeraUtils: Module com.google.android.gms.nearby_en has empty metadata display_name_string_id
11-29 14:52:36.849  1043  2111 I Icing   : IndexChimeraService.getServiceInterface callingPackage=com.google.android.gms componentName=AppsCorpus serviceId=36
11-29 14:52:36.856   167   410 D gralloc_gmin: gralloc_alloc: Creating ashmem region of size 167936
11-29 14:52:36.862  1083  1332 W ChimeraUtils: Module com.google.android.gms.nearby_en has empty metadata display_name_string_id
11-29 14:52:36.888   167   410 D gralloc_gmin: gralloc_alloc: Creating ashmem region of size 167936
11-29 14:52:36.898  1083  1332 W ChimeraUtils: Module com.google.android.gms.nearby_en has empty metadata display_name_string_id
11-29 14:52:36.926  1043  1221 W Icing   : No valid account for uploading user actions
11-29 14:52:36.993  1043  1221 I Icing   : Usage reports ok 0, Failed Usage reports 0, indexed 0, rejected 0
11-29 14:52:37.020  1043  2111 I Icing   : IndexChimeraService.getServiceInterface callingPackage=com.google.android.gms componentName=null serviceId=30
11-29 14:52:37.047  1001  2940 E EGL_adreno: tid 2940: eglSurfaceAttrib(1640): error 0x3009 (EGL_BAD_MATCH)
11-29 14:52:37.047  1001  2940 W OpenGLRenderer: Failed to set EGL_SWAP_BEHAVIOR on surface 0x7fabbd6adc00, error=EGL_BAD_MATCH
11-29 14:52:37.049  1043  1221 W Icing   : No valid account for uploading user actions
11-29 14:52:37.072  1043  1221 I Icing   : Usage reports ok 0, Failed Usage reports 0, indexed 0, rejected 0
11-29 14:52:37.146  1574  1574 I Finsky  : [2] rof.onStartJob(4): SCH: job service start with id 9451.
11-29 14:52:37.174  1574 25845 I Finsky  : [232] rmt.a(92): SCH: Satisfied jobs for 9451 are: 12-1
11-29 14:52:37.197  1574 25979 I Finsky  : [239] rej.accept(27): SCH: Job 12-1 starting
11-29 14:52:37.201  1574  1574 I Finsky  : [2] ContentSyncJob.v(3): [ContentSync] job started
11-29 14:52:37.204   144   202 E Netd    : Failed to dump IPv4 sockets struct tcp_info: No such file or directory
11-29 14:52:37.204   144   202 E TcpSocketMonitor: Failed to poll TCP socket info: No such file or directory
11-29 14:52:37.349  1574 25982 I Finsky  : [241] fnn.i(1): Completed 0 account content syncs with 0 successful.
11-29 14:52:37.350  1574  1574 I Finsky  : [2] ContentSyncJob.a(1): [ContentSync] Installation state replication succeeded.
11-29 14:52:37.350  1574  1574 I Finsky  : [2] rmm.r(4): SCH: jobFinished: 12-1. TimeElapsed: 152ms.
11-29 14:52:37.380   565   565 W StaticLayout: maxLineHeight should not be -1.  maxLines:1 lineCount:1
11-29 14:52:37.380   565   565 W StaticLayout: maxLineHeight should not be -1.  maxLines:1 lineCount:1
11-29 14:52:37.450  1574  1661 I Finsky  : [52] rgm.accept(45): SCH: Scheduling phonesky job Id: 1-1337, CT: 1764392604105, Constraints: [{ L: 16200000, D: 23355652, C: 1, I: 1, N: 1 }]
11-29 14:52:37.464  1574  1661 I Finsky  : [52] rei.apply(84): SCH: Scheduling 1 system job(s)
11-29 14:52:37.465  1574  1661 I Finsky  : [52] rei.apply(90): SCH: Scheduling system job Id: 9453, L: 9646641, D: 16802293, C: false, I: false, N: 1
11-29 14:52:37.478  1574 25979 I Finsky  : [239] rof.a(16): SCH: job service finished with id 9451.
11-29 14:52:37.876   948   957 W System  : A resource failed to call close. 
11-29 14:52:38.017  1043  1221 I Icing   : Indexing com.google.android.gms-apps from com.google.android.gms
11-29 14:52:38.048  1043  1221 I Icing   : Indexing com.google.android.gms-internal.3p:MobileApplication from com.google.android.gms
11-29 14:52:38.068  1043  1221 I Icing   : Indexing done com.google.android.gms-apps
11-29 14:52:38.087  1043  1221 I Icing   : Indexing done com.google.android.gms-internal.3p:MobileApplication
11-29 14:52:38.125   415 25810 D WificondControl: Scan result ready event
11-29 14:52:39.031   415   895 V BackupManagerConstants: getFullBackupRequiredNetworkType(...) returns 2
11-29 14:52:39.031   415   895 V BackupManagerConstants: getFullBackupRequireCharging(...) returns true
11-29 14:52:39.507   415 13475 I ActivityManager: START u0 {act=android.intent.action.MAIN cat=[android.intent.category.LAUNCHER] flg=0x10200000 cmp=com.excell44.educam.debug/com.excell44.educam.MainActivity bnds=[446,136][551,360]} from uid 10016
11-29 14:52:39.535   948   948 W Settings: Setting android_id has moved from android.provider.Settings.System to android.provider.Settings.Secure, returning read-only value.
11-29 14:52:39.576   167   882 D gralloc_gmin: gralloc_alloc: Creating ashmem region of size 2363392
11-29 14:52:39.577   948   948 D FirebaseSessions: App backgrounded on com.microvirt.launcher2
11-29 14:52:39.611   948   948 I Launcher: Deferring update until onResume
11-29 14:52:39.650 25993 25993 I Zygote  : seccomp disabled by setenforce 0
11-29 14:52:39.651 25993 25993 I chatty  : uid=10093(com.excell44.educam.debug) identical 118 lines
11-29 14:52:39.656   415   431 W ActivityManager: Slow operation: 61ms so far, now at startProcess: returned from zygote!
11-29 14:52:39.656   415   431 W ActivityManager: Slow operation: 62ms so far, now at startProcess: done updating battery stats
11-29 14:52:39.656   415   431 W ActivityManager: Slow operation: 62ms so far, now at startProcess: building log message
11-29 14:52:39.657   415   431 I ActivityManager: Start proc 25993:com.excell44.educam.debug/u0a93 for activity com.excell44.educam.debug/com.excell44.educam.MainActivity
11-29 14:52:39.657   415   431 W ActivityManager: Slow operation: 62ms so far, now at startProcess: starting to update pids map
11-29 14:52:39.657   415   431 W ActivityManager: Slow operation: 62ms so far, now at startProcess: done updating pids map
11-29 14:52:39.692   167   882 D gralloc_gmin: gralloc_alloc: Creating ashmem region of size 2363392
11-29 14:52:39.724  1043  1043 D BoundBrokerSvc: onBind: Intent { act=com.google.android.gms.measurement.START pkg=com.google.android.gms }
11-29 14:52:39.724  1043  1043 D BoundBrokerSvc: Loading bound service for intent: Intent { act=com.google.android.gms.measurement.START pkg=com.google.android.gms }
11-29 14:52:39.774   144   228 W IptablesRestoreController: iptables-restore process 25998 terminated status=256
11-29 14:52:39.774   144   228 E IptablesRestoreController: iptables error:
11-29 14:52:39.774   144   228 E IptablesRestoreController: ------- COMMAND -------
11-29 14:52:39.774   144   228 E IptablesRestoreController: *filter
11-29 14:52:39.774   144   228 E IptablesRestoreController: -I bw_happy_box -m owner --uid-owner 10041 --jump RETURN
11-29 14:52:39.774   144   228 E IptablesRestoreController: COMMIT
11-29 14:52:39.774   144   228 E IptablesRestoreController: 
11-29 14:52:39.774   144   228 E IptablesRestoreController: -------  ERROR -------
11-29 14:52:39.774   144   228 E IptablesRestoreController: iptables-restore: line 3 failed
11-29 14:52:39.774   144   228 E IptablesRestoreController: ----------------------
11-29 14:52:39.800   144   228 W IptablesRestoreController: iptables-restore process 26002 terminated status=256
11-29 14:52:39.800   144   228 E IptablesRestoreController: iptables error:
11-29 14:52:39.800   144   228 E IptablesRestoreController: ------- COMMAND -------
11-29 14:52:39.800   144   228 E IptablesRestoreController: *filter
11-29 14:52:39.800   144   228 E IptablesRestoreController: -I bw_happy_box -m owner --uid-owner 10041 --jump RETURN
11-29 14:52:39.800   144   228 E IptablesRestoreController: COMMIT
11-29 14:52:39.800   144   228 E IptablesRestoreController: 
11-29 14:52:39.800   144   228 E IptablesRestoreController: -------  ERROR -------
11-29 14:52:39.800   144   228 E IptablesRestoreController: ip6tables-restore: line 3 failed
11-29 14:52:39.800   144   228 E IptablesRestoreController: ----------------------
11-29 14:52:39.802   144   226 E TrafficController: Failed to set the counterSet: Bad file descriptor, fd: -1
11-29 14:52:39.803   415   520 W NetworkManagementSocketTagger: setKernelCountSet(10041, 1) failed with errno -11
11-29 14:52:39.855   415 13475 W ActivityManager: Request to remove task ignored for non-existent task 97
11-29 14:52:39.857   144   226 E TrafficController: Failed to set the counterSet: Bad file descriptor, fd: -1
11-29 14:52:39.960  1083  1984 W NetworkScheduler: Error inserting period=1000 preferred_charging_state=1 preferred_network_type=1 target_class=com.google.android.gms.measurement.PackageMeasurementTaskService required_network_type=0 runtime=1764399159952 required_idleness_state=0 source=16 service_kind=0 target_package=com.google.android.gms persistence_level=1 source_version=220920000 last_runtime=0 user_id=0 job_id=-1 requires_charging=0 tag=Measurement.PackageMeasurementTaskService.UPLOAD_TASK_TAG flex_time=0 task_type=0 retry_strategy={"maximum_backoff_seconds":{"3600":0},"initial_backoff_seconds":{"30":0},"retry_policy":{"0":0}}, error message: UNIQUE constraint failed: pending_ops.tag, pending_ops.target_class, pending_ops.target_package, pending_ops.user_id (code 2067 SQLITE_CONSTRAINT_UNIQUE) [CONTEXT service_id=218 ]
11-29 14:52:40.081  1083  1327 I NetworkScheduler.Stats: Task com.google.android.gms/com.google.android.gms.measurement.PackageMeasurementTaskService started execution. cause:7 exec_start_elapsed_seconds: 6594 [CONTEXT service_id=218 ]
11-29 14:52:40.142   167   753 W SurfaceFlinger: Attempting to destroy on removed layer: a450082 Sys2038:com.microvirt.launcher2/com.microvirt.launcher.Launcher#0
11-29 14:52:41.729   948 25724 I FA      : Application backgrounded at: timestamp_millis: 1764399159724
11-29 14:52:41.847   167   753 W SurfaceFlinger: Attempting to destroy on removed layer: 7e2916b Toast#0
11-29 14:52:44.399 25993 26036 I chatty  : uid=10093(com.excell44.educam.debug) expire 1 line
11-29 14:52:44.941 25993 25993 I chatty  : uid=10093(com.excell44.educam.debug) expire 7 lines
11-29 14:52:45.457   167   410 D gralloc_gmin: gralloc_alloc: Creating ashmem region of size 2363392
11-29 14:52:45.466   167   410 I chatty  : uid=1000(system) Binder:167_3 identical 1 line
11-29 14:52:45.477   167   410 D gralloc_gmin: gralloc_alloc: Creating ashmem region of size 2363392
11-29 14:52:45.477 25993 26044 I chatty  : uid=10093(com.excell44.educam.debug) expire 10 lines
11-29 14:52:45.534 25993 25993 I chatty  : uid=10093(com.excell44.educam.debug) expire 13 lines
11-29 14:52:45.537 25993 25993 W 44.educam.debu: Accessing hidden method Landroid/view/RenderNode;->end(Landroid/view/DisplayListCanvas;)V (light greylist, linking)
11-29 14:52:45.537 25993 25993 W 44.educam.debu: Accessing hidden method Landroid/view/RenderNode;->setAlpha(F)Z (dark greylist, linking)
11-29 14:52:45.537 25993 25993 W 44.educam.debu: Accessing hidden method Landroid/view/RenderNode;->setCameraDistance(F)Z (dark greylist, linking)
11-29 14:52:45.537 25993 25993 W 44.educam.debu: Accessing hidden method Landroid/view/RenderNode;->setLayerPaint(Landroid/graphics/Paint;)Z (dark greylist, linking)
11-29 14:52:45.538 25993 25993 W 44.educam.debu: Accessing hidden method Landroid/view/RenderNode;->setOutline(Landroid/graphics/Outline;)Z (dark greylist, linking)
11-29 14:52:45.538 25993 25993 W 44.educam.debu: Accessing hidden method Landroid/view/RenderNode;->setPivotX(F)Z (dark greylist, linking)
11-29 14:52:45.538 25993 25993 W 44.educam.debu: Accessing hidden method Landroid/view/RenderNode;->setPivotX(F)Z (dark greylist, linking)
11-29 14:52:45.538 25993 25993 W 44.educam.debu: Accessing hidden method Landroid/view/RenderNode;->setLeftTopRightBottom(IIII)Z (light greylist, linking)
11-29 14:52:45.538 25993 25993 W 44.educam.debu: Accessing hidden method Landroid/view/RenderNode;->setPivotX(F)Z (dark greylist, linking)
11-29 14:52:45.538 25993 25993 W 44.educam.debu: Accessing hidden method Landroid/view/RenderNode;->setRotationX(F)Z (dark greylist, linking)
11-29 14:52:45.538 25993 25993 W 44.educam.debu: Accessing hidden method Landroid/view/RenderNode;->setRotationY(F)Z (dark greylist, linking)
11-29 14:52:45.538 25993 25993 W 44.educam.debu: Accessing hidden method Landroid/view/RenderNode;->setRotation(F)Z (dark greylist, linking)
11-29 14:52:45.538 25993 25993 W 44.educam.debu: Accessing hidden method Landroid/view/RenderNode;->setScaleX(F)Z (dark greylist, linking)
11-29 14:52:45.538 25993 25993 W 44.educam.debu: Accessing hidden method Landroid/view/RenderNode;->setScaleY(F)Z (dark greylist, linking)
11-29 14:52:45.538 25993 25993 W 44.educam.debu: Accessing hidden method Landroid/view/RenderNode;->setElevation(F)Z (dark greylist, linking)
11-29 14:52:45.538 25993 25993 W 44.educam.debu: Accessing hidden method Landroid/view/RenderNode;->setTranslationX(F)Z (dark greylist, linking)
11-29 14:52:45.538 25993 25993 W 44.educam.debu: Accessing hidden method Landroid/view/RenderNode;->setTranslationY(F)Z (dark greylist, linking)
11-29 14:52:45.539 25993 25993 W 44.educam.debu: Accessing hidden method Landroid/view/RenderNode;->getScaleX()F (dark greylist, linking)
11-29 14:52:45.550 25993 26044 E EGL_adreno: [getAttribValue] Bad attribute idx
11-29 14:52:45.550 25993 26044 D EGL_adreno: eglGetConfigAttrib: bad attrib 0x3339
11-29 14:52:45.551 25993 26044 D vndksupport: Loading /vendor/lib/hw/android.hardware.graphics.mapper@2.0-impl.so from current namespace instead of sphal namespace.
11-29 14:52:45.557 25993 26044 D vndksupport: Loading /vendor/lib/hw/gralloc.gmin.so from current namespace instead of sphal namespace.
11-29 14:52:45.572 25993 26044 E EGL_adreno: tid 26044: eglSurfaceAttrib(1640): error 0x3009 (EGL_BAD_MATCH)
11-29 14:52:45.573 25993 26044 W OpenGLRenderer: Failed to set EGL_SWAP_BEHAVIOR on surface 0xecec4920, error=EGL_BAD_MATCH
11-29 14:52:45.595 25993 25993 D StrictMode: StrictMode policy violation; ~duration=608 ms: android.os.strictmode.DiskReadViolation
11-29 14:52:45.595 25993 25993 D StrictMode: 	at android.os.StrictMode$AndroidBlockGuardPolicy.onReadFromDisk(StrictMode.java:1504)
11-29 14:52:45.595 25993 25993 D StrictMode: 	at java.io.UnixFileSystem.checkAccess(UnixFileSystem.java:251)
11-29 14:52:45.595 25993 25993 D StrictMode: 	at java.io.File.exists(File.java:815)
11-29 14:52:45.595 25993 25993 D StrictMode: 	at android.app.ContextImpl.getDataDir(ContextImpl.java:2253)
11-29 14:52:45.595 25993 25993 D StrictMode: 	at android.app.ContextImpl.getPreferencesDir(ContextImpl.java:550)
11-29 14:52:45.595 25993 25993 D StrictMode: 	at android.app.ContextImpl.getSharedPreferencesPath(ContextImpl.java:747)
11-29 14:52:45.595 25993 25993 D StrictMode: 	at android.app.ContextImpl.getSharedPreferences(ContextImpl.java:400)
11-29 14:52:45.595 25993 25993 D StrictMode: 	at android.content.ContextWrapper.getSharedPreferences(ContextWrapper.java:174)
11-29 14:52:45.595 25993 25993 D StrictMode: 	at com.excell44.educam.MainActivity$onCreate$1.invoke(MainActivity.kt:35)
11-29 14:52:45.595 25993 25993 D StrictMode: 	at com.excell44.educam.MainActivity$onCreate$1.invoke(MainActivity.kt:33)
11-29 14:52:45.595 25993 25993 D StrictMode: 	at androidx.compose.runtime.internal.ComposableLambdaImpl.invoke(ComposableLambda.kt:121)
11-29 14:52:45.595 25993 25993 D StrictMode: 	at androidx.compose.runtime.internal.ComposableLambdaImpl.invoke(ComposableLambda.kt:51)
11-29 14:52:45.595 25993 25993 D StrictMode: 	at androidx.compose.ui.platform.ComposeView.Content(ComposeView.android.kt:431)
11-29 14:52:45.595 25993 25993 D StrictMode: 	at androidx.compose.ui.platform.AbstractComposeView$ensureCompositionCreated$1.invoke(ComposeView.android.kt:250)
11-29 14:52:45.595 25993 25993 D StrictMode: 	at androidx.compose.ui.platform.AbstractComposeView$ensureCompositionCreated$1.invoke(ComposeView.android.kt:250)
11-29 14:52:45.595 25993 25993 D StrictMode: 	at androidx.compose.runtime.internal.ComposableLambdaImpl.invoke(ComposableLambda.kt:121)
11-29 14:52:45.595 25993 25993 D StrictMode: 	at androidx.compose.runtime.internal.ComposableLambdaImpl.invoke(ComposableLambda.kt:51)
11-29 14:52:45.595 25993 25993 D StrictMode: 	at androidx.compose.runtime.CompositionLocalKt.CompositionLocalProvider(CompositionLocal.kt:370)
11-29 14:52:45.595 25993 25993 D StrictMode: 	at androidx.compose.ui.platform.CompositionLocalsKt.ProvideCommonCompositionLocals(CompositionLocals.kt:216)
11-29 14:52:45.595 25993 25993 D StrictMode: 	at androidx.compose.ui.platform.AndroidCompositionLocals_androidKt$ProvideAndroidCompositionLocals$3.invoke(AndroidCompositionLocals.android.kt:145)
11-29 14:52:45.595 25993 25993 D StrictMode: 	at androidx.compose.ui.platform.AndroidCompositionLocals_androidKt$ProvideAndroidCompositionLocals$3.invoke(AndroidCompositionLocals.android.kt:144)
11-29 14:52:45.595 25993 25993 D StrictMode: 	at androidx.compose.runtime.internal.ComposableLambdaImpl.invoke(ComposableLambda.kt:121)
11-29 14:52:45.595 25993 25993 D StrictMode: 	at androidx.compose.runtime.internal.ComposableLambdaImpl.invoke(ComposableLambda.kt:51)
11-29 14:52:45.595 25993 25993 D StrictMode: 	at androidx.compose.runtime.CompositionLocalKt.CompositionLocalProvider(CompositionLocal.kt:370)
11-29 14:52:45.595 25993 25993 D StrictMode: 	at androidx.compose.ui.platform.AndroidCompositionLocals_androidKt.ProvideAndroidCompositionLocals(AndroidCompositionLocals.android.kt:133)
11-29 14:52:45.595 25993 25993 D StrictMode: 	at androidx.compose.ui.platform.WrappedComposition$setContent$1$1$3.invoke(Wrapper.android.kt:140)
11-29 14:52:45.595 25993 25993 D StrictMode: 	at androidx.compose.ui.platform.WrappedComposition$setContent$1$1$3.invoke(Wrapper.android.kt:139)
11-29 14:52:45.595 25993 25993 D StrictMode: 	at androidx.compose.runtime.internal.ComposableLambdaImpl.invoke(ComposableLambda.kt:121)
11-29 14:52:45.595 25993 25993 D StrictMode: 	at androidx.compose.runtime.internal.ComposableLambdaImpl.invoke(ComposableLambda.kt:51)
11-29 14:52:45.595 25993 25993 D StrictMode: 	at androidx.compose.runtime.CompositionLocalKt.CompositionLocalProvider(CompositionLocal.kt:390)
11-29 14:52:45.595 25993 25993 D StrictMode: 	at androidx.compose.ui.platform.WrappedComposition$setContent$1$1.invoke(Wrapper.android.kt:139)
11-29 14:52:45.595 25993 25993 D StrictMode: 	at androidx.compose.ui.platform.WrappedComposition$setContent$1$1.invoke(Wrapper.android.kt:123)
11-29 14:52:45.595 25993 25993 D StrictMode: 	at androidx.compose.runtime.internal.ComposableLambdaImpl.invoke(ComposableLambda.kt:121)
11-29 14:52:45.595 25993 25993 D StrictMode: 	at androidx.compose.runtime.internal.ComposableLambdaImpl.invoke(ComposableLambda.kt:51)
11-29 14:52:45.595 25993 25993 D StrictMode: 	at androidx.compose.runtime.internal.Expect_jvmKt.invokeComposable(Expect.jvm.kt:24)
11-29 14:52:45.595 25993 25993 D StrictMode: 	at androidx.compose.runtime.ComposerImpl.doCompose-aFTiNEg(Composer.kt:3843)
11-29 14:52:45.595 25993 25993 D StrictMode: 	at androidx.compose.runtime.ComposerImpl.composeContent--ZbOJvo$runtime(Composer.kt:3747)
11-29 14:52:45.595 25993 25993 D StrictMode: 	at androidx.compose.runtime.CompositionImpl.composeContent(Composition.kt:832)
11-29 14:52:45.595 25993 25993 D StrictMode: 	at androidx.compose.runtime.Recomposer.composeInitial$runtime(Recomposer.kt:1233)
11-29 14:52:45.595 25993 25993 D StrictMode: 	at androidx.compose.runtime.CompositionImpl.composeInitial(Composition.kt:672)
11-29 14:52:45.595 25993 25993 D StrictMode: 	at androidx.compose.runtime.CompositionImpl.setContent(Composition.kt:639)
11-29 14:52:45.595 25993 25993 D StrictMode: 	at androidx.compose.ui.platform.WrappedComposition$setContent$1.invoke(Wrapper.android.kt:123)
11-29 14:52:45.595 25993 25993 D StrictMode: 	at androidx.compose.ui.platform.WrappedComposition$setContent$1.invoke(Wrapper.android.kt:114)
11-29 14:52:45.595 25993 25993 D StrictMode: 	at androidx.compose.ui.platform.AndroidComposeV
11-29 14:52:45.602 25993 25993 D StrictMode: StrictMode policy violation; ~duration=606 ms: android.os.strictmode.DiskReadViolation
11-29 14:52:45.602 25993 25993 D StrictMode: 	at android.os.StrictMode$AndroidBlockGuardPolicy.onReadFromDisk(StrictMode.java:1504)
11-29 14:52:45.602 25993 25993 D StrictMode: 	at java.io.UnixFileSystem.checkAccess(UnixFileSystem.java:251)
11-29 14:52:45.602 25993 25993 D StrictMode: 	at java.io.File.exists(File.java:815)
11-29 14:52:45.602 25993 25993 D StrictMode: 	at android.app.ContextImpl.ensurePrivateDirExists(ContextImpl.java:605)
11-29 14:52:45.602 25993 25993 D StrictMode: 	at android.app.ContextImpl.ensurePrivateDirExists(ContextImpl.java:596)
11-29 14:52:45.602 25993 25993 D StrictMode: 	at android.app.ContextImpl.getPreferencesDir(ContextImpl.java:552)
11-29 14:52:45.602 25993 25993 D StrictMode: 	at android.app.ContextImpl.getSharedPreferencesPath(ContextImpl.java:747)
11-29 14:52:45.602 25993 25993 D StrictMode: 	at android.app.ContextImpl.getSharedPreferences(ContextImpl.java:400)
11-29 14:52:45.602 25993 25993 D StrictMode: 	at android.content.ContextWrapper.getSharedPreferences(ContextWrapper.java:174)
11-29 14:52:45.602 25993 25993 D StrictMode: 	at com.excell44.educam.MainActivity$onCreate$1.invoke(MainActivity.kt:35)
11-29 14:52:45.602 25993 25993 D StrictMode: 	at com.excell44.educam.MainActivity$onCreate$1.invoke(MainActivity.kt:33)
11-29 14:52:45.602 25993 25993 D StrictMode: 	at androidx.compose.runtime.internal.ComposableLambdaImpl.invoke(ComposableLambda.kt:121)
11-29 14:52:45.602 25993 25993 D StrictMode: 	at androidx.compose.runtime.internal.ComposableLambdaImpl.invoke(ComposableLambda.kt:51)
11-29 14:52:45.602 25993 25993 D StrictMode: 	at androidx.compose.ui.platform.ComposeView.Content(ComposeView.android.kt:431)
11-29 14:52:45.602 25993 25993 D StrictMode: 	at androidx.compose.ui.platform.AbstractComposeView$ensureCompositionCreated$1.invoke(ComposeView.android.kt:250)
11-29 14:52:45.602 25993 25993 D StrictMode: 	at androidx.compose.ui.platform.AbstractComposeView$ensureCompositionCreated$1.invoke(ComposeView.android.kt:250)
11-29 14:52:45.602 25993 25993 D StrictMode: 	at androidx.compose.runtime.internal.ComposableLambdaImpl.invoke(ComposableLambda.kt:121)
11-29 14:52:45.602 25993 25993 D StrictMode: 	at androidx.compose.runtime.internal.ComposableLambdaImpl.invoke(ComposableLambda.kt:51)
11-29 14:52:45.602 25993 25993 D StrictMode: 	at androidx.compose.runtime.CompositionLocalKt.CompositionLocalProvider(CompositionLocal.kt:370)
11-29 14:52:45.602 25993 25993 D StrictMode: 	at androidx.compose.ui.platform.CompositionLocalsKt.ProvideCommonCompositionLocals(CompositionLocals.kt:216)
11-29 14:52:45.602 25993 25993 D StrictMode: 	at androidx.compose.ui.platform.AndroidCompositionLocals_androidKt$ProvideAndroidCompositionLocals$3.invoke(AndroidCompositionLocals.android.kt:145)
11-29 14:52:45.602 25993 25993 D StrictMode: 	at androidx.compose.ui.platform.AndroidCompositionLocals_androidKt$ProvideAndroidCompositionLocals$3.invoke(AndroidCompositionLocals.android.kt:144)
11-29 14:52:45.602 25993 25993 D StrictMode: 	at androidx.compose.runtime.internal.ComposableLambdaImpl.invoke(ComposableLambda.kt:121)
11-29 14:52:45.602 25993 25993 D StrictMode: 	at androidx.compose.runtime.internal.ComposableLambdaImpl.invoke(ComposableLambda.kt:51)
11-29 14:52:45.602 25993 25993 D StrictMode: 	at androidx.compose.runtime.CompositionLocalKt.CompositionLocalProvider(CompositionLocal.kt:370)
11-29 14:52:45.602 25993 25993 D StrictMode: 	at androidx.compose.ui.platform.AndroidCompositionLocals_androidKt.ProvideAndroidCompositionLocals(AndroidCompositionLocals.android.kt:133)
11-29 14:52:45.602 25993 25993 D StrictMode: 	at androidx.compose.ui.platform.WrappedComposition$setContent$1$1$3.invoke(Wrapper.android.kt:140)
11-29 14:52:45.602 25993 25993 D StrictMode: 	at androidx.compose.ui.platform.WrappedComposition$setContent$1$1$3.invoke(Wrapper.android.kt:139)
11-29 14:52:45.602 25993 25993 D StrictMode: 	at androidx.compose.runtime.internal.ComposableLambdaImpl.invoke(ComposableLambda.kt:121)
11-29 14:52:45.602 25993 25993 D StrictMode: 	at androidx.compose.runtime.internal.ComposableLambdaImpl.invoke(ComposableLambda.kt:51)
11-29 14:52:45.602 25993 25993 D StrictMode: 	at androidx.compose.runtime.CompositionLocalKt.CompositionLocalProvider(CompositionLocal.kt:390)
11-29 14:52:45.602 25993 25993 D StrictMode: 	at androidx.compose.ui.platform.WrappedComposition$setContent$1$1.invoke(Wrapper.android.kt:139)
11-29 14:52:45.602 25993 25993 D StrictMode: 	at androidx.compose.ui.platform.WrappedComposition$setContent$1$1.invoke(Wrapper.android.kt:123)
11-29 14:52:45.602 25993 25993 D StrictMode: 	at androidx.compose.runtime.internal.ComposableLambdaImpl.invoke(ComposableLambda.kt:121)
11-29 14:52:45.602 25993 25993 D StrictMode: 	at androidx.compose.runtime.internal.ComposableLambdaImpl.invoke(ComposableLambda.kt:51)
11-29 14:52:45.602 25993 25993 D StrictMode: 	at androidx.compose.runtime.internal.Expect_jvmKt.invokeComposable(Expect.jvm.kt:24)
11-29 14:52:45.602 25993 25993 D StrictMode: 	at androidx.compose.runtime.ComposerImpl.doCompose-aFTiNEg(Composer.kt:3843)
11-29 14:52:45.602 25993 25993 D StrictMode: 	at androidx.compose.runtime.ComposerImpl.composeContent--ZbOJvo$runtime(Composer.kt:3747)
11-29 14:52:45.602 25993 25993 D StrictMode: 	at androidx.compose.runtime.CompositionImpl.composeContent(Composition.kt:832)
11-29 14:52:45.602 25993 25993 D StrictMode: 	at androidx.compose.runtime.Recomposer.composeInitial$runtime(Recomposer.kt:1233)
11-29 14:52:45.602 25993 25993 D StrictMode: 	at androidx.compose.runtime.CompositionImpl.composeInitial(Composition.kt:672)
11-29 14:52:45.602 25993 25993 D StrictMode: 	at androidx.compose.runtime.CompositionImpl.setContent(Composition.kt:639)
11-29 14:52:45.602 25993 25993 D StrictMode: 	at androidx.compose.ui.platform.WrappedComposition$setContent$1.invoke(Wrapper.android.kt:123)
11-29 14:52:45.602 25993 25993 D StrictMode: 	at androidx.compose.ui.platform.WrappedComposition$setConte
11-29 14:52:45.610 25993 25993 D StrictMode: StrictMode policy violation; ~duration=604 ms: android.os.strictmode.DiskReadViolation
11-29 14:52:45.610 25993 25993 D StrictMode: 	at android.os.StrictMode$AndroidBlockGuardPolicy.onReadFromDisk(StrictMode.java:1504)
11-29 14:52:45.610 25993 25993 D StrictMode: 	at android.app.SharedPreferencesImpl.awaitLoadedLocked(SharedPreferencesImpl.java:256)
11-29 14:52:45.610 25993 25993 D StrictMode: 	at android.app.SharedPreferencesImpl.getInt(SharedPreferencesImpl.java:301)
11-29 14:52:45.610 25993 25993 D StrictMode: 	at com.excell44.educam.MainActivity$onCreate$1.invoke(MainActivity.kt:36)
11-29 14:52:45.610 25993 25993 D StrictMode: 	at com.excell44.educam.MainActivity$onCreate$1.invoke(MainActivity.kt:33)
11-29 14:52:45.610 25993 25993 D StrictMode: 	at androidx.compose.runtime.internal.ComposableLambdaImpl.invoke(ComposableLambda.kt:121)
11-29 14:52:45.610 25993 25993 D StrictMode: 	at androidx.compose.runtime.internal.ComposableLambdaImpl.invoke(ComposableLambda.kt:51)
11-29 14:52:45.610 25993 25993 D StrictMode: 	at androidx.compose.ui.platform.ComposeView.Content(ComposeView.android.kt:431)
11-29 14:52:45.610 25993 25993 D StrictMode: 	at androidx.compose.ui.platform.AbstractComposeView$ensureCompositionCreated$1.invoke(ComposeView.android.kt:250)
11-29 14:52:45.610 25993 25993 D StrictMode: 	at androidx.compose.ui.platform.AbstractComposeView$ensureCompositionCreated$1.invoke(ComposeView.android.kt:250)
11-29 14:52:45.610 25993 25993 D StrictMode: 	at androidx.compose.runtime.internal.ComposableLambdaImpl.invoke(ComposableLambda.kt:121)
11-29 14:52:45.610 25993 25993 D StrictMode: 	at androidx.compose.runtime.internal.ComposableLambdaImpl.invoke(ComposableLambda.kt:51)
11-29 14:52:45.610 25993 25993 D StrictMode: 	at androidx.compose.runtime.CompositionLocalKt.CompositionLocalProvider(CompositionLocal.kt:370)
11-29 14:52:45.610 25993 25993 D StrictMode: 	at androidx.compose.ui.platform.CompositionLocalsKt.ProvideCommonCompositionLocals(CompositionLocals.kt:216)
11-29 14:52:45.610 25993 25993 D StrictMode: 	at androidx.compose.ui.platform.AndroidCompositionLocals_androidKt$ProvideAndroidCompositionLocals$3.invoke(AndroidCompositionLocals.android.kt:145)
11-29 14:52:45.610 25993 25993 D StrictMode: 	at androidx.compose.ui.platform.AndroidCompositionLocals_androidKt$ProvideAndroidCompositionLocals$3.invoke(AndroidCompositionLocals.android.kt:144)
11-29 14:52:45.610 25993 25993 D StrictMode: 	at androidx.compose.runtime.internal.ComposableLambdaImpl.invoke(ComposableLambda.kt:121)
11-29 14:52:45.610 25993 25993 D StrictMode: 	at androidx.compose.runtime.internal.ComposableLambdaImpl.invoke(ComposableLambda.kt:51)
11-29 14:52:45.610 25993 25993 D StrictMode: 	at androidx.compose.runtime.CompositionLocalKt.CompositionLocalProvider(CompositionLocal.kt:370)
11-29 14:52:45.610 25993 25993 D StrictMode: 	at androidx.compose.ui.platform.AndroidCompositionLocals_androidKt.ProvideAndroidCompositionLocals(AndroidCompositionLocals.android.kt:133)
11-29 14:52:45.610 25993 25993 D StrictMode: 	at androidx.compose.ui.platform.WrappedComposition$setContent$1$1$3.invoke(Wrapper.android.kt:140)
11-29 14:52:45.610 25993 25993 D StrictMode: 	at androidx.compose.ui.platform.WrappedComposition$setContent$1$1$3.invoke(Wrapper.android.kt:139)
11-29 14:52:45.610 25993 25993 D StrictMode: 	at androidx.compose.runtime.internal.ComposableLambdaImpl.invoke(ComposableLambda.kt:121)
11-29 14:52:45.610 25993 25993 D StrictMode: 	at androidx.compose.runtime.internal.ComposableLambdaImpl.invoke(ComposableLambda.kt:51)
11-29 14:52:45.610 25993 25993 D StrictMode: 	at androidx.compose.runtime.CompositionLocalKt.CompositionLocalProvider(CompositionLocal.kt:390)
11-29 14:52:45.610 25993 25993 D StrictMode: 	at androidx.compose.ui.platform.WrappedComposition$setContent$1$1.invoke(Wrapper.android.kt:139)
11-29 14:52:45.610 25993 25993 D StrictMode: 	at androidx.compose.ui.platform.WrappedComposition$setContent$1$1.invoke(Wrapper.android.kt:123)
11-29 14:52:45.610 25993 25993 D StrictMode: 	at androidx.compose.runtime.internal.ComposableLambdaImpl.invoke(ComposableLambda.kt:121)
11-29 14:52:45.610 25993 25993 D StrictMode: 	at androidx.compose.runtime.internal.ComposableLambdaImpl.invoke(ComposableLambda.kt:51)
11-29 14:52:45.610 25993 25993 D StrictMode: 	at androidx.compose.runtime.internal.Expect_jvmKt.invokeComposable(Expect.jvm.kt:24)
11-29 14:52:45.610 25993 25993 D StrictMode: 	at androidx.compose.runtime.ComposerImpl.doCompose-aFTiNEg(Composer.kt:3843)
11-29 14:52:45.610 25993 25993 D StrictMode: 	at androidx.compose.runtime.ComposerImpl.composeContent--ZbOJvo$runtime(Composer.kt:3747)
11-29 14:52:45.610 25993 25993 D StrictMode: 	at androidx.compose.runtime.CompositionImpl.composeContent(Composition.kt:832)
11-29 14:52:45.610 25993 25993 D StrictMode: 	at androidx.compose.runtime.Recomposer.composeInitial$runtime(Recomposer.kt:1233)
11-29 14:52:45.610 25993 25993 D StrictMode: 	at androidx.compose.runtime.CompositionImpl.composeInitial(Composition.kt:672)
11-29 14:52:45.610 25993 25993 D StrictMode: 	at androidx.compose.runtime.CompositionImpl.setContent(Composition.kt:639)
11-29 14:52:45.610 25993 25993 D StrictMode: 	at androidx.compose.ui.platform.WrappedComposition$setContent$1.invoke(Wrapper.android.kt:123)
11-29 14:52:45.610 25993 25993 D StrictMode: 	at androidx.compose.ui.platform.WrappedComposition$setContent$1.invoke(Wrapper.android.kt:114)
11-29 14:52:45.610 25993 25993 D StrictMode: 	at androidx.compose.ui.platform.AndroidComposeView.setOnViewTreeOwnersAvailable(AndroidComposeView.android.kt:1990)
11-29 14:52:45.610 25993 25993 D StrictMode: 	at androidx.compose.ui.platform.WrappedComposition.setContent(Wrapper.android.kt:114)
11-29 14:52:45.610 25993 25993 D StrictMode: 	at androidx.compose.ui.platform.WrappedComposition.onStateChanged(Wrapper.android.kt:168)
11-29 14:52:45.610 25993 25993 D StrictMode: 	at androidx.lifecycle.LifecycleRegistry$Observe
11-29 14:52:45.630 25993 25993 D StrictMode: StrictMode policy violation; ~duration=480 ms: android.os.strictmode.DiskReadViolation
11-29 14:52:45.630 25993 25993 D StrictMode: 	at android.os.StrictMode$AndroidBlockGuardPolicy.onReadFromDisk(StrictMode.java:1504)
11-29 14:52:45.630 25993 25993 D StrictMode: 	at java.io.UnixFileSystem.checkAccess(UnixFileSystem.java:251)
11-29 14:52:45.630 25993 25993 D StrictMode: 	at java.io.File.exists(File.java:815)
11-29 14:52:45.630 25993 25993 D StrictMode: 	at android.app.ContextImpl.ensurePrivateDirExists(ContextImpl.java:605)
11-29 14:52:45.630 25993 25993 D StrictMode: 	at android.app.ContextImpl.ensurePrivateDirExists(ContextImpl.java:596)
11-29 14:52:45.630 25993 25993 D StrictMode: 	at android.app.ContextImpl.getPreferencesDir(ContextImpl.java:552)
11-29 14:52:45.630 25993 25993 D StrictMode: 	at android.app.ContextImpl.getSharedPreferencesPath(ContextImpl.java:747)
11-29 14:52:45.630 25993 25993 D StrictMode: 	at android.app.ContextImpl.getSharedPreferences(ContextImpl.java:400)
11-29 14:52:45.630 25993 25993 D StrictMode: 	at android.content.ContextWrapper.getSharedPreferences(ContextWrapper.java:174)
11-29 14:52:45.630 25993 25993 D StrictMode: 	at com.excell44.educam.util.AuthStateManager.<init>(AuthStateManager.kt:13)
11-29 14:52:45.630 25993 25993 D StrictMode: 	at com.excell44.educam.DaggerEduCamApplication_HiltComponents_SingletonC$SingletonCImpl$SwitchingProvider.get(DaggerEduCamApplication_HiltComponents_SingletonC.java:744)
11-29 14:52:45.630 25993 25993 D StrictMode: 	at dagger.internal.DoubleCheck.getSynchronized(DoubleCheck.java:54)
11-29 14:52:45.630 25993 25993 D StrictMode: 	at dagger.internal.DoubleCheck.get(DoubleCheck.java:45)
11-29 14:52:45.630 25993 25993 D StrictMode: 	at com.excell44.educam.DaggerEduCamApplication_HiltComponents_SingletonC$ViewModelCImpl$SwitchingProvider.get(DaggerEduCamApplication_HiltComponents_SingletonC.java:529)
11-29 14:52:45.630 25993 25993 D StrictMode: 	at dagger.hilt.android.internal.lifecycle.HiltViewModelFactory$2.createViewModel(HiltViewModelFactory.java:133)
11-29 14:52:45.630 25993 25993 D StrictMode: 	at dagger.hilt.android.internal.lifecycle.HiltViewModelFactory$2.create(HiltViewModelFactory.java:103)
11-29 14:52:45.630 25993 25993 D StrictMode: 	at dagger.hilt.android.internal.lifecycle.HiltViewModelFactory.create(HiltViewModelFactory.java:171)
11-29 14:52:45.630 25993 25993 D StrictMode: 	at androidx.lifecycle.ViewModelProvider$Factory.create(ViewModelProvider.android.kt:149)
11-29 14:52:45.630 25993 25993 D StrictMode: 	at androidx.lifecycle.viewmodel.internal.ViewModelProviderImpl_androidKt.createViewModel(ViewModelProviderImpl.android.kt:35)
11-29 14:52:45.630 25993 25993 D StrictMode: 	at androidx.lifecycle.viewmodel.internal.ViewModelProviderImpl.getViewModel$lifecycle_viewmodel(ViewModelProviderImpl.kt:59)
11-29 14:52:45.630 25993 25993 D StrictMode: 	at androidx.lifecycle.viewmodel.internal.ViewModelProviderImpl.getViewModel$lifecycle_viewmodel$default(ViewModelProviderImpl.kt:43)
11-29 14:52:45.630 25993 25993 D StrictMode: 	at androidx.lifecycle.ViewModelProvider.get(ViewModelProvider.android.kt:90)
11-29 14:52:45.630 25993 25993 D StrictMode: 	at androidx.lifecycle.viewmodel.compose.ViewModelKt__ViewModelKt.get(ViewModel.kt:172)
11-29 14:52:45.630 25993 25993 D StrictMode: 	at androidx.lifecycle.viewmodel.compose.ViewModelKt.get(Unknown Source:1)
11-29 14:52:45.630 25993 25993 D StrictMode: 	at androidx.lifecycle.viewmodel.compose.ViewModelKt__ViewModel_androidKt.viewModel(ViewModel.android.kt:119)
11-29 14:52:45.630 25993 25993 D StrictMode: 	at androidx.lifecycle.viewmodel.compose.ViewModelKt.viewModel(Unknown Source:1)
11-29 14:52:45.630 25993 25993 D StrictMode: 	at com.excell44.educam.MainActivityKt.appContent(MainActivity.kt:80)
11-29 14:52:45.630 25993 25993 D StrictMode: 	at com.excell44.educam.ComposableSingletons$MainActivityKt$lambda-1$1.invoke(MainActivity.kt:43)
11-29 14:52:45.630 25993 25993 D StrictMode: 	at com.excell44.educam.ComposableSingletons$MainActivityKt$lambda-1$1.invoke(MainActivity.kt:42)
11-29 14:52:45.630 25993 25993 D StrictMode: 	at androidx.compose.runtime.internal.ComposableLambdaImpl.invoke(ComposableLambda.kt:121)
11-29 14:52:45.630 25993 25993 D StrictMode: 	at androidx.compose.runtime.internal.ComposableLambdaImpl.invoke(ComposableLambda.kt:51)
11-29 14:52:45.630 25993 25993 D StrictMode: 	at androidx.compose.material3.SurfaceKt$Surface$1.invoke(Surface.kt:126)
11-29 14:52:45.630 25993 25993 D StrictMode: 	at androidx.compose.material3.SurfaceKt$Surface$1.invoke(Surface.kt:108)
11-29 14:52:45.630 25993 25993 D StrictMode: 	at androidx.compose.runtime.internal.ComposableLambdaImpl.invoke(ComposableLambda.kt:121)
11-29 14:52:45.630 25993 25993 D StrictMode: 	at androidx.compose.runtime.internal.ComposableLambdaImpl.invoke(ComposableLambda.kt:51)
11-29 14:52:45.630 25993 25993 D StrictMode: 	at androidx.compose.runtime.CompositionLocalKt.CompositionLocalProvider(CompositionLocal.kt:370)
11-29 14:52:45.630 25993 25993 D StrictMode: 	at androidx.compose.material3.SurfaceKt.Surface-T9BRK9s(Surface.kt:105)
11-29 14:52:45.630 25993 25993 D StrictMode: 	at com.excell44.educam.ComposableSingletons$MainActivityKt$lambda-2$1.invoke(MainActivity.kt:39)
11-29 14:52:45.630 25993 25993 D StrictMode: 	at com.excell44.educam.ComposableSingletons$MainActivityKt$lambda-2$1.invoke(MainActivity.kt:38)
11-29 14:52:45.630 25993 25993 D StrictMode: 	at androidx.compose.runtime.internal.ComposableLambdaImpl.invoke(ComposableLambda.kt:121)
11-29 14:52:45.630 25993 25993 D StrictMode: 	at androidx.compose.runtime.internal.ComposableLambdaImpl.invoke(ComposableLambda.kt:51)
11-29 14:52:45.630 25993 25993 D StrictMode: 	at androidx.compose.runtime.CompositionLocalKt.CompositionLocalProvider(CompositionLocal.kt:390)
11-29 14:52:45.630 25993 25993 D StrictMode: 	at androidx.compose.material3.TextKt.ProvideTextStyle(Text.kt:349)
11-29 14:52:45.630 25993 25993 D StrictMode: 	at androidx.compose.material3.MaterialThemeKt$MaterialTheme$1.invoke(Mate
11-29 14:52:45.645 25993 25993 D MainActivity: Start Destination: login (isLoggedIn=false)
11-29 14:52:45.646 25993 25993 D NavigationViewModel: NavController attached
11-29 14:52:45.676 25993 25993 I Choreographer: Skipped 68 frames!  The application may be doing too much work on its main thread.
11-29 14:52:45.829 25993 26035 D LeakCanary: Setting up flushing for Thread[LeakCanary-Heap-Dump,5,main]
11-29 14:52:45.884 25993 25993 W 44.educam.debu: Accessing hidden method Landroid/os/Trace;->asyncTraceBegin(JLjava/lang/String;I)V (light greylist, reflection)
11-29 14:52:45.884 25993 25993 W 44.educam.debu: Accessing hidden method Landroid/os/Trace;->asyncTraceEnd(JLjava/lang/String;I)V (light greylist, reflection)
11-29 14:52:45.884 25993 25993 W 44.educam.debu: Accessing hidden method Landroid/os/Trace;->traceCounter(JLjava/lang/String;I)V (light greylist, reflection)
11-29 14:52:45.887   415   437 I ActivityManager: Displayed com.excell44.educam.debug/com.excell44.educam.MainActivity: +6s290ms
11-29 14:52:45.936  1083  3531 I FontLog : Received query Noto Color Emoji Compat, URI content://com.google.android.gms.fonts [CONTEXT service_id=132 ]
11-29 14:52:45.937  1083  3531 I FontLog : Query [emojicompat-emoji-font] resolved to {Noto Color Emoji Compat, wdth 100.0, wght 400, ital 0.0, bestEffort false} [CONTEXT service_id=132 ]
11-29 14:52:45.984   167   410 W SurfaceFlinger: Attempting to set client state on removed layer: Splash Screen com.excell44.educam.debug#0
11-29 14:52:45.984   167   410 W SurfaceFlinger: Attempting to destroy on removed layer: Splash Screen com.excell44.educam.debug#0
11-29 14:52:45.990  1083  1332 W FontLog : Connection failure for https://fonts.gstatic.com/s/a/directory024.pb [CONTEXT service_id=132 ]
11-29 14:52:45.995  1083  1332 W FontLog : No resolver, short-circuit {Noto Color Emoji Compat, wdth 100.0, wght 400, ital 0.0, bestEffort false} for com.excell44.educam.debug to failure [CONTEXT service_id=132 ]
11-29 14:52:45.997  1083  3531 I FontLog : Fetch {Noto Color Emoji Compat, wdth 100.0, wght 400, ital 0.0, bestEffort false} end status Status{statusCode=Unavailable, resolution=null} [CONTEXT service_id=132 ]
11-29 14:52:46.339 25993 25993 W 44.educam.debu: Accessing hidden method Landroid/graphics/FontFamily;-><init>()V (light greylist, reflection)
11-29 14:52:46.339 25993 25993 W 44.educam.debu: Accessing hidden method Landroid/graphics/FontFamily;->addFontFromAssetManager(Landroid/content/res/AssetManager;Ljava/lang/String;IZIII[Landroid/graphics/fonts/FontVariationAxis;)Z (light greylist, reflection)
11-29 14:52:46.339 25993 25993 W 44.educam.debu: Accessing hidden method Landroid/graphics/FontFamily;->addFontFromBuffer(Ljava/nio/ByteBuffer;I[Landroid/graphics/fonts/FontVariationAxis;II)Z (light greylist, reflection)
11-29 14:52:46.339 25993 25993 W 44.educam.debu: Accessing hidden method Landroid/graphics/FontFamily;->freeze()Z (light greylist, reflection)
11-29 14:52:46.339 25993 25993 W 44.educam.debu: Accessing hidden method Landroid/graphics/FontFamily;->abortCreation()V (light greylist, reflection)
11-29 14:52:46.339 25993 25993 W 44.educam.debu: Accessing hidden method Landroid/graphics/Typeface;->createFromFamiliesWithDefault([Landroid/graphics/FontFamily;Ljava/lang/String;II)Landroid/graphics/Typeface; (light greylist, reflection)
11-29 14:52:46.379 25993 25993 W 44.educam.debu: Accessing hidden method Landroid/text/SpannableStringInternal;->length()I (light greylist, linking)
11-29 14:52:47.593   948   948 D AppLovinSdk: [SessionTracker] Application Paused
11-29 14:52:47.613   144   228 W IptablesRestoreController: iptables-restore process 26060 terminated status=256
11-29 14:52:47.624   948  1178 D AppLovinSdk: [FileManager] Looking up cached resource: persistent_postback_cache.json
11-29 14:52:47.626   948  1178 D AppLovinSdk: [FileManager] Writing resource to filesystem: persistent_postback_cache.json
11-29 14:52:47.627   948  1178 D AppLovinSdk: [PersistentPostbackQueueSaveTask] Exported postback queue to disk.
11-29 14:52:47.627   948  1178 I AppLovinSdk: [PersistentPostbackQueueSaveTask] OTHER queue finished task PersistentPostbackQueueSaveTask
11-29 14:52:47.633   144   228 W IptablesRestoreController: iptables-restore process 26064 terminated status=256
11-29 14:52:47.633   144   228 E IptablesRestoreController: iptables error:
11-29 14:52:47.633   144   228 E IptablesRestoreController: ------- COMMAND -------
11-29 14:52:47.633   144   228 E IptablesRestoreController: *filter
11-29 14:52:47.633   144   228 E IptablesRestoreController: -I bw_happy_box -m owner --uid-owner 10041 --jump RETURN
11-29 14:52:47.633   144   228 E IptablesRestoreController: COMMIT
11-29 14:52:47.633   144   228 E IptablesRestoreController: 
11-29 14:52:47.633   144   228 E IptablesRestoreController: -------  ERROR -------
11-29 14:52:47.633   144   228 E IptablesRestoreController: ip6tables-restore: line 3 failed
11-29 14:52:47.633   144   228 E IptablesRestoreController: ----------------------
11-29 14:52:47.636   144   226 E TrafficController: Failed to delete the counterSet: Bad file descriptor
11-29 14:52:47.638   144   226 E TrafficController: Failed to delete the counterSet: Bad file descriptor
11-29 14:52:49.843  1043  1043 D BoundBrokerSvc: onUnbind: Intent { act=com.google.android.gms.measurement.START pkg=com.google.android.gms }
11-29 14:52:49.886 25993 26075 D ProfileInstaller: Installing profile for com.excell44.educam.debug
11-29 14:52:50.033 25993 25993 D NavigationViewModel:  Navigation START: NavigateTo(route=login, popUpTo=splash, inclusive=true, singleTop=true)
11-29 14:52:50.035 25993 25993 I System.out:  Navigation vers: login
11-29 14:52:50.068 25993 25993 D NavigationViewModel:  Navigation SUCCESS: NavigateTo(route=login, popUpTo=splash, inclusive=true, singleTop=true)
11-29 14:52:50.069 25993 25993 D NavigationViewModel:  Commande accepte: NavigateTo(route=login, popUpTo=splash, inclusive=true, singleTop=true)
11-29 14:52:50.128 25993 25993 D AuthViewModel: Init: isLoggedIn=false, guestAttempts=3
11-29 14:52:50.809 25993 25993 D LoginScreen: Guest Attempts Display: 3
11-29 14:52:50.817 25993 25993 I Choreographer: Skipped 42 frames!  The application may be doing too much work on its main thread.
11-29 14:52:52.067  1043  1043 D BoundBrokerSvc: onUnbind: Intent { act=com.google.android.gms.feedback.internal.IFeedbackService cmp=com.google.android.gms/.chimera.GmsBoundBrokerService }
11-29 14:52:52.067  1083  1083 D BoundBrokerSvc: onUnbind: Intent { act=com.google.android.gms.icing.LIGHTWEIGHT_INDEX_SERVICE cmp=com.google.android.gms/.chimera.PersistentApiService }
11-29 14:52:53.547 25993 25993 D NavigationViewModel:  Navigation START: NavigateTo(route=home, popUpTo=login, inclusive=true, singleTop=true)
11-29 14:52:53.547 25993 25993 I System.out:  Navigation vers: home
11-29 14:52:53.554 25993 25993 D NavigationViewModel:  Navigation SUCCESS: NavigateTo(route=home, popUpTo=login, inclusive=true, singleTop=true)
11-29 14:52:53.554 25993 25993 D NavigationViewModel:  Commande accepte: NavigateTo(route=home, popUpTo=login, inclusive=true, singleTop=true)
11-29 14:52:53.611 25993 25993 D AuthViewModel: Init: isLoggedIn=true, guestAttempts=3
11-29 14:52:54.167   415   511 I InputReader: Reconfiguring input devices.  changes=0x00000010
