11-29 14:54:14.337 25993 25993 I System.out:  PopBackStack
11-29 14:54:14.339 25993 25993 D NavigationViewModel:  Navigation SUCCESS: com.excell44.educam.ui.navigation.NavCommand$PopBack@19f11c2
11-29 14:54:14.339 25993 25993 D NavigationViewModel:  Commande accepte: com.excell44.educam.ui.navigation.NavCommand$PopBack@19f11c2
11-29 14:54:14.522 25993 25993 W NavigationViewModel:  Navigation rejete (tat=NAVIGATING): NavigateTo(route=home, popUpTo=login, inclusive=true, singleTop=true)
11-29 14:54:14.522 25993 25993 D LoginScreen: Guest Attempts Display: 3
11-29 14:54:15.455  1574  1605 I Finsky  : [34] goa.run(17): Stats for Executor: BlockingExecutor ivq@22ed372[Running, pool size = 0, active threads = 0, queued tasks = 0, completed tasks = 42]
11-29 14:54:15.456  1574  1605 I Finsky  : [34] goa.run(17): Stats for Executor: LightweightExecutor ivq@e88f3c3[Running, pool size = 3, active threads = 0, queued tasks = 0, completed tasks = 135]
11-29 14:54:16.064   415  1158 I ActivityManager: START u0 {act=com.android.systemui.recents.TOGGLE_RECENTS flg=0x10000000 cmp=com.android.systemui/.recents.RecentsActivity} from uid 0
11-29 14:54:16.106   144   226 E TrafficController: Failed to delete the counterSet: Bad file descriptor
11-29 14:54:16.132   167   882 D gralloc_gmin: gralloc_alloc: Creating ashmem region of size 2363392
11-29 14:54:16.132   565   826 E EGL_adreno: [getAttribValue] Bad attribute idx
11-29 14:54:16.132   565   826 D EGL_adreno: eglGetConfigAttrib: bad attrib 0x3339
11-29 14:54:16.147   167   882 D gralloc_gmin: gralloc_alloc: Creating ashmem region of size 2363392
11-29 14:54:16.160   167   882 D gralloc_gmin: gralloc_alloc: Creating ashmem region of size 2363392
11-29 14:54:16.185   565   826 E EGL_adreno: tid 826: eglSurfaceAttrib(1640): error 0x3009 (EGL_BAD_MATCH)
11-29 14:54:16.185   565   826 W OpenGLRenderer: Failed to set EGL_SWAP_BEHAVIOR on surface 0x7fabbf10ca80, error=EGL_BAD_MATCH
11-29 14:54:16.214   167   882 W SurfaceFlinger: Attempting to set client state on removed layer: com.excell44.educam.debug/com.excell44.educam.MainActivity#0
11-29 14:54:16.214   167   882 W SurfaceFlinger: Attempting to destroy on removed layer: com.excell44.educam.debug/com.excell44.educam.MainActivity#0
11-29 14:54:16.217   167   882 W SurfaceFlinger: Attempting to set client state on removed layer: com.excell44.educam.debug/com.excell44.educam.MainActivity#0
11-29 14:54:16.217   167   882 W SurfaceFlinger: Attempting to destroy on removed layer: com.excell44.educam.debug/com.excell44.educam.MainActivity#0
11-29 14:54:17.717  1574  1605 I Finsky  : [34] goa.run(17): Stats for Executor: bgExecutor ivq@6676440[Running, pool size = 4, active threads = 0, queued tasks = 0, completed tasks = 1796]
11-29 14:54:18.701 15778 15778 W cr_ContextualSearch: Warning, the UNDEFINED state was aborted.
11-29 14:54:18.702   415 25810 I ActivityManager: Killing 26118:com.android.chrome:webview_service/u0a52 (adj 900): remove task
11-29 14:54:18.703   415 25810 I ActivityManager: Killing 22825:com.android.chrome:privileged_process0/u0a52 (adj 900): remove task
11-29 14:54:18.704   415 25810 I ActivityManager: Killing 15778:com.android.chrome/u0a52 (adj 900): remove task
11-29 14:54:18.707   415  9019 I ActivityManager: START u0 {act=android.intent.action.MAIN cat=[android.intent.category.M_HOME] flg=0x10200000 cmp=com.microvirt.launcher2/com.microvirt.launcher.Launcher} from uid 10023
11-29 14:54:18.708   415   432 W libprocessgroup: kill(-26118, 9) failed: No such process
11-29 14:54:18.733   565   565 V StatusBar: mStatusBarWindow: com.android.systemui.statusbar.phone.StatusBarWindowView{e2da456 V.ED..... ........ 0,0-576,29} canPanelBeCollapsed(): false
11-29 14:54:18.734   565   565 I vol.Events: writeEvent dismiss_dialog volume_controller
11-29 14:54:18.740   146   146 I Zygote  : Process 26118 exited due to signal (9)
11-29 14:54:18.753   415   432 W libprocessgroup: kill(-26118, 9) failed: No such process
11-29 14:54:18.753   415   432 I libprocessgroup: Successfully killed process cgroup uid 10052 pid 26118 in 46ms
11-29 14:54:18.754   415   432 W libprocessgroup: kill(-22825, 9) failed: No such process
11-29 14:54:18.754   415   432 I libprocessgroup: Successfully killed process cgroup uid 10052 pid 22825 in 0ms
11-29 14:54:18.754   415   432 W libprocessgroup: kill(-15778, 9) failed: No such process
11-29 14:54:18.754   415   432 I libprocessgroup: Successfully killed process cgroup uid 10052 pid 15778 in 0ms
11-29 14:54:18.759   415   510 W InputDispatcher: channel '2a77c25 com.android.chrome/org.chromium.chrome.browser.ChromeTabbedActivity (server)' ~ Consumer closed input channel or an error occurred.  events=0x9
11-29 14:54:18.759   415   510 E InputDispatcher: channel '2a77c25 com.android.chrome/org.chromium.chrome.browser.ChromeTabbedActivity (server)' ~ Channel is unrecoverably broken and will be disposed!
11-29 14:54:18.764   415  1158 I ActivityManager: Killing 25993:com.excell44.educam.debug/u0a93 (adj 900): remove task
11-29 14:54:18.768   415   432 W libprocessgroup: kill(-25993, 9) failed: No such process
11-29 14:54:18.770   948   948 D FirebaseSessions: App foregrounded on com.microvirt.launcher2
11-29 14:54:18.773   948   948 D AppLovinSdk: [SessionTracker] Application Resumed
11-29 14:54:18.783   948   948 I onReceive: mBindOnResumeCallbacks:3
11-29 14:54:18.804   144   226 E TrafficController: Failed to set the counterSet: Bad file descriptor, fd: -1
11-29 14:54:18.817   415   432 W libprocessgroup: kill(-25993, 9) failed: No such process
11-29 14:54:18.817   415   432 I libprocessgroup: Successfully killed process cgroup uid 10093 pid 25993 in 49ms
11-29 14:54:18.872  1043  1043 D BoundBrokerSvc: onBind: Intent { act=com.google.android.gms.measurement.START pkg=com.google.android.gms }
11-29 14:54:18.872  1043  1043 D BoundBrokerSvc: Loading bound service for intent: Intent { act=com.google.android.gms.measurement.START pkg=com.google.android.gms }
11-29 14:54:18.876   146 26119 I Zygote  : Process 22825 exited due to signal (9)
11-29 14:54:18.878   415  2693 D ConnectivityService: ConnectivityService NetworkRequestInfo binderDied(NetworkRequest [ LISTEN id=30, [ Capabilities: INTERNET&NOT_RESTRICTED&TRUSTED Unwanted:  Uid: 10052] ], android.os.BinderProxy@142d739)
11-29 14:54:18.878   415  2611 D ConnectivityService: ConnectivityService NetworkRequestInfo binderDied(NetworkRequest [ LISTEN id=32, [ Capabilities: INTERNET&NOT_RESTRICTED&TRUSTED Unwanted:  Uid: 10052] ], android.os.BinderProxy@61f317e)
11-29 14:54:18.879   415  1350 I WindowManager: WIN DEATH: Window{2a77c25 u0 com.android.chrome/org.chromium.chrome.browser.ChromeTabbedActivity}
11-29 14:54:18.879   415  1350 W InputDispatcher: Attempted to unregister already unregistered input channel '2a77c25 com.android.chrome/org.chromium.chrome.browser.ChromeTabbedActivity (server)'
11-29 14:54:18.882   146   146 I Zygote  : Process 15778 exited due to signal (9)
11-29 14:54:18.887   948  1273 E EGL_adreno: [getAttribValue] Bad attribute idx
11-29 14:54:18.887   948  1273 D EGL_adreno: eglGetConfigAttrib: bad attrib 0x3339
11-29 14:54:18.888   948   948 D AppLovinSdk: [CustomTabsManager] Service disconnected: ComponentInfo{com.android.chrome/org.chromium.chrome.browser.customtabs.CustomTabsConnectionService}
11-29 14:54:18.888   948 26657 W System.err: java.net.UnknownHostException: Unable to resolve host "www.microvirt.com": No address associated with hostname
11-29 14:54:18.888   167   244 D gralloc_gmin: gralloc_alloc: Creating ashmem region of size 2363392
11-29 14:54:18.888   948 26657 W System.err: 	at java.net.Inet6AddressImpl.lookupHostByName(Inet6AddressImpl.java:157)
11-29 14:54:18.888   948 26657 W System.err: 	at java.net.Inet6AddressImpl.lookupAllHostAddr(Inet6AddressImpl.java:105)
11-29 14:54:18.888   948 26657 W System.err: 	at java.net.InetAddress.getAllByName(InetAddress.java:1154)
11-29 14:54:18.888   948 26657 W System.err: 	at okhttp3.Dns.lambda$static$0(Unknown Source:2)
11-29 14:54:18.888   948 26657 W System.err: 	at okhttp3.Dns.a(Unknown Source:0)
11-29 14:54:18.888   948 26657 W System.err: 	at okhttp3.c.lookup(Unknown Source:0)
11-29 14:54:18.888   948 26657 W System.err: 	at okhttp3.internal.connection.RouteSelector.resetNextInetSocketAddress(Unknown Source:129)
11-29 14:54:18.888   948 26657 W System.err: 	at okhttp3.internal.connection.RouteSelector.nextProxy(Unknown Source:20)
11-29 14:54:18.888   948 26657 W System.err: 	at okhttp3.internal.connection.RouteSelector.next(Unknown Source:17)
11-29 14:54:18.888   948 26657 W System.err: 	at okhttp3.internal.connection.ExchangeFinder.findConnection(Unknown Source:129)
11-29 14:54:18.888   948 26657 W System.err: 	at okhttp3.internal.connection.ExchangeFinder.findHealthyConnection(Unknown Source:0)
11-29 14:54:18.888   948 26657 W System.err: 	at okhttp3.internal.connection.ExchangeFinder.find(Unknown Source:22)
11-29 14:54:18.888   948 26657 W System.err: 	at okhttp3.internal.connection.Transmitter.newExchange(Unknown Source:16)
11-29 14:54:18.889   948 26657 W System.err: 	at okhttp3.internal.connection.ConnectInterceptor.intercept(Unknown Source:23)
11-29 14:54:18.889   948 26657 W System.err: 	at okhttp3.internal.http.RealInterceptorChain.proceed(SourceFile:10)
11-29 14:54:18.889   948 26657 W System.err: 	at okhttp3.internal.http.RealInterceptorChain.proceed(SourceFile:1)
11-29 14:54:18.889   948 26657 W System.err: 	at okhttp3.internal.cache.CacheInterceptor.intercept(Unknown Source:132)
11-29 14:54:18.889   948 26657 W System.err: 	at okhttp3.internal.http.RealInterceptorChain.proceed(SourceFile:10)
11-29 14:54:18.889   948 26657 W System.err: 	at okhttp3.internal.http.RealInterceptorChain.proceed(SourceFile:1)
11-29 14:54:18.889   948 26657 W System.err: 	at okhttp3.internal.http.BridgeInterceptor.intercept(Unknown Source:161)
11-29 14:54:18.889   948 26657 W System.err: 	at okhttp3.internal.http.RealInterceptorChain.proceed(SourceFile:10)
11-29 14:54:18.889   948 26657 W System.err: 	at okhttp3.internal.http.RetryAndFollowUpInterceptor.intercept(Unknown Source:23)
11-29 14:54:18.889   948 26657 W System.err: 	at okhttp3.internal.http.RealInterceptorChain.proceed(SourceFile:10)
11-29 14:54:18.889   948 26657 W System.err: 	at okhttp3.internal.http.RealInterceptorChain.proceed(SourceFile:1)
11-29 14:54:18.889   948 26657 W System.err: 	at p4.c$a.intercept(Unknown Source:99)
11-29 14:54:18.889   948 26657 W System.err: 	at okhttp3.internal.http.RealInterceptorChain.proceed(SourceFile:10)
11-29 14:54:18.889   948 26657 W System.err: 	at okhttp3.internal.http.RealInterceptorChain.proceed(SourceFile:1)
11-29 14:54:18.889   948 26657 W System.err: 	at okhttp3.RealCall.getResponseWithInterceptorChain(Unknown Source:120)
11-29 14:54:18.889   948 26657 W System.err: 	at okhttp3.RealCall.getResponseWithInterceptorChainP(Unknown Source:0)
11-29 14:54:18.889   948 26657 W System.err: 	at okhttp3.OkHttpOkHttp3Extension.okhttp3RealCall_getResponseWithInterceptorChain(OkHttpSourceFile:27)
11-29 14:54:18.889   948 26657 W System.err: 	at okhttp3.RealCall.execute(Unknown Source:28)
11-29 14:54:18.889   948 26657 W System.err: 	at retrofit2.OkHttpCall.execute(Unknown Source:20)
11-29 14:54:18.889   948 26657 W System.err: 	at retrofit2.DefaultCallAdapterFactory$ExecutorCallbackCall.execute(Unknown Source:2)
11-29 14:54:18.889   948 26657 W System.err: 	at p4.d.h(Unknown Source:22)
11-29 14:54:18.889   948 26657 W System.err: 	at com.microvirt.launcher.search.XYSearch.v(Unknown Source:0)
11-29 14:54:18.889   948 26657 W System.err: 	at com.microvirt.launcher.search.XYSearch.d(Unknown Source:0)
11-29 14:54:18.889   948 26657 W System.err: 	at u4.k.run(Unknown Source:2)
11-29 14:54:18.889   948 26657 W System.err: 	at java.lang.Thread.run(Thread.java:764)
11-29 14:54:18.889   948 26657 W System.err: Caused by: android.system.GaiException: android_getaddrinfo failed: EAI_NODATA (No address associated with hostname)
11-29 14:54:18.889   948 26657 W System.err: 	at libcore.io.Linux.android_getaddrinfo(Native Method)
11-29 14:54:18.889   948 26657 W System.err: 	at libcore.io.BlockGuardOs.android_getaddrinfo(BlockGuardOs.java:172)
11-29 14:54:18.889   948 26657 W System.err: 	at java.net.Inet6AddressImpl.lookupHostByName(Inet6AddressImpl.java:137)
11-29 14:54:18.889   948 26657 W System.err: 	... 37 more
11-29 14:54:18.891   415 25810 W ActivityManager: Scheduling restart of crashed service com.android.chrome/org.chromium.content.app.PrivilegedProcessService0 in 1000ms
11-29 14:54:18.895   415  1088 W ActivityManager: Scheduling restart of crashed service com.android.chrome/org.chromium.chrome.browser.customtabs.CustomTabsConnectionService in 1000ms
11-29 14:54:18.898   167   882 W SurfaceFlinger: Attempting to destroy on removed layer: AppWindowToken{1fa9690 token=Token{a9b3d53 ActivityRecord{7fd0942 u0 com.android.chrome/org.chromium.chrome.browser.ChromeTabbedActivity t96}}}#0
11-29 14:54:18.925   144   228 W IptablesRestoreController: iptables-restore process 26661 terminated status=256
11-29 14:54:18.929   415   510 W InputDispatcher: channel '14677cc com.excell44.educam.debug/com.excell44.educam.MainActivity (server)' ~ Consumer closed input channel or an error occurred.  events=0x9
11-29 14:54:18.929   415   510 E InputDispatcher: channel '14677cc com.excell44.educam.debug/com.excell44.educam.MainActivity (server)' ~ Channel is unrecoverably broken and will be disposed!
11-29 14:54:18.960   144   228 W IptablesRestoreController: iptables-restore process 26666 terminated status=256
11-29 14:54:18.960   144   228 E IptablesRestoreController: iptables error:
11-29 14:54:18.960   144   228 E IptablesRestoreController: ------- COMMAND -------
11-29 14:54:18.960   144   228 E IptablesRestoreController: *filter
11-29 14:54:18.960   144   228 E IptablesRestoreController: -I bw_happy_box -m owner --uid-owner 10041 --jump RETURN
11-29 14:54:18.960   144   228 E IptablesRestoreController: COMMIT
11-29 14:54:18.960   144   228 E IptablesRestoreController: 
11-29 14:54:18.960   144   228 E IptablesRestoreController: -------  ERROR -------
11-29 14:54:18.960   144   228 E IptablesRestoreController: ip6tables-restore: line 3 failed
11-29 14:54:18.960   144   228 E IptablesRestoreController: ----------------------
11-29 14:54:18.963   144   226 E TrafficController: Failed to set the counterSet: Bad file descriptor, fd: -1
11-29 14:54:18.966   948  1273 E EGL_adreno: tid 1273: eglSurfaceAttrib(1640): error 0x3009 (EGL_BAD_MATCH)
11-29 14:54:18.966   948  1273 W OpenGLRenderer: Failed to set EGL_SWAP_BEHAVIOR on surface 0xd190b080, error=EGL_BAD_MATCH
11-29 14:54:18.973   146   146 I Zygote  : Process 25993 exited due to signal (9)
11-29 14:54:18.974   415   437 W ActivityManager: setHasOverlayUi called on unknown pid: 15778
11-29 14:54:18.975   415   430 W Looper  : Slow dispatch took 102ms android.ui h=com.android.server.am.ActivityManagerService$UiHandler c=null m=53
11-29 14:54:18.995   415 26660 D ConnectivityService: ConnectivityService NetworkRequestInfo binderDied(NetworkRequest [ LISTEN id=34, [ Capabilities: INTERNET&NOT_RESTRICTED&TRUSTED&FOREGROUND Unwanted:  Uid: 10093] ], android.os.BinderProxy@8292f2c)
11-29 14:54:19.000   415  9019 I WindowManager: WIN DEATH: Window{14677cc u0 com.excell44.educam.debug/com.excell44.educam.MainActivity}
11-29 14:54:19.000   415  9019 W InputDispatcher: Attempted to unregister already unregistered input channel '14677cc com.excell44.educam.debug/com.excell44.educam.MainActivity (server)'
11-29 14:54:19.007   167   244 W SurfaceFlinger: Attempting to destroy on removed layer: AppWindowToken{2739509 token=Token{f61b610 ActivityRecord{1b52ad3 u0 com.excell44.educam.debug/com.excell44.educam.MainActivity t98}}}#0
11-29 14:54:19.016   415   437 W ActivityManager: setHasOverlayUi called on unknown pid: 25993
11-29 14:54:19.064   167   244 D gralloc_gmin: gralloc_alloc: Creating ashmem region of size 2363392
11-29 14:54:19.206   167   243 D gralloc_gmin: gralloc_alloc: Creating ashmem region of size 8192
11-29 14:54:19.206   948  1273 E EGL_adreno: [getAttribValue] Bad attribute idx
11-29 14:54:19.206   948  1273 D EGL_adreno: eglGetConfigAttrib: bad attrib 0x3339
11-29 14:54:19.212   167   243 D gralloc_gmin: gralloc_alloc: Creating ashmem region of size 8192
11-29 14:54:19.216   167   243 D gralloc_gmin: gralloc_alloc: Creating ashmem region of size 8192
11-29 14:54:19.233   948  1273 E EGL_adreno: tid 1273: eglSurfaceAttrib(1640): error 0x3009 (EGL_BAD_MATCH)
11-29 14:54:19.233   948  1273 W OpenGLRenderer: Failed to set EGL_SWAP_BEHAVIOR on surface 0xd2f96b00, error=EGL_BAD_MATCH
11-29 14:54:19.411   948  1273 W OpenGLRenderer: Incorrectly called buildLayer on View: j2, destroying layer...
11-29 14:54:19.420   167   882 D gralloc_gmin: gralloc_alloc: Creating ashmem region of size 2363392
11-29 14:54:19.498   565   565 W StaticLayout: maxLineHeight should not be -1.  maxLines:1 lineCount:1
11-29 14:54:19.498   565   565 W StaticLayout: maxLineHeight should not be -1.  maxLines:1 lineCount:1
11-29 14:54:19.912 26689 26689 I Zygote  : seccomp disabled by setenforce 0
11-29 14:54:19.916 26689 26689 W .android.chrom: Unexpected CPU variant for X86 using defaults: x86
11-29 14:54:19.919 26689 26689 E .android.chrom: Not starting debugger since process cannot load the jdwp agent.
11-29 14:54:19.922   415   431 I ActivityManager: Start proc 26689:com.android.chrome/u0a52 for service com.android.chrome/org.chromium.chrome.browser.customtabs.CustomTabsConnectionService
11-29 14:54:19.968 26689 26689 I .android.chrom: The ClassLoaderContext is a special shared library.
11-29 14:54:19.973 26689 26689 W .android.chrom: JIT profile information will not be recorded: profile file does not exits.
11-29 14:54:20.039   948   948 D AppLovinSdk: [CustomTabsManager] Connection successful: ComponentInfo{com.android.chrome/org.chromium.chrome.browser.customtabs.CustomTabsConnectionService}
11-29 14:54:20.041 26689 26703 W DynamiteModule: Local module descriptor class for com.google.android.gms.googlecertificates not found.
11-29 14:54:20.057 26689 26703 W .android.chrom: Unsupported class loader
11-29 14:54:20.080 26689 26703 I DynamiteModule: Considering local module com.google.android.gms.googlecertificates:0 and remote module com.google.android.gms.googlecertificates:6
11-29 14:54:20.080 26689 26703 I DynamiteModule: Selected remote version of com.google.android.gms.googlecertificates, version >= 6
11-29 14:54:20.121 26689 26703 W .android.chrom: Unknown chunk type '200'.
11-29 14:54:20.162 26689 26703 W .android.chrom: Unsupported class loader
