11-29 14:52:54.180   688   688 E PhoneInterfaceManager: [PhoneIntfMgr] getCarrierPackageNamesForIntent: No UICC
11-29 14:52:54.180   688   688 D CarrierSvcBindHelper: No carrier app for: 0
11-29 14:52:54.182   415   428 W Searchables: No global search activity found
11-29 14:52:54.183   415   428 W VoiceInteractionManagerService: no available voice interaction services found for user 0
11-29 14:52:54.183   415   415 I Telecom : DefaultDialerCache: Refreshing default dialer for user 0: now null: DDC.oR@ADQ
11-29 14:52:54.183   415   428 W LocationProviderProxy-network: com.google.android.gms resolves service com.android.location.service.v3.NetworkLocationProvider, but has wrong signature, ignoring
11-29 14:52:54.184   415   428 W LocationProviderProxy-network: Odd, no component found for service com.android.location.service.v3.NetworkLocationProvider
11-29 14:52:54.184   415   428 W LocationProviderProxy-fused: com.google.android.gms resolves service com.android.location.service.FusedLocationProvider, but has wrong signature, ignoring
11-29 14:52:54.185   415   428 W GeocoderProxy: com.google.android.gms resolves service com.android.location.service.GeocodeProvider, but has wrong signature, ignoring
11-29 14:52:54.185   415   428 W GeocoderProxy: Odd, no component found for service com.android.location.service.GeocodeProvider
11-29 14:52:54.185   415   428 W GeofenceProxy: com.google.android.gms resolves service com.android.location.service.GeofenceProvider, but has wrong signature, ignoring
11-29 14:52:54.185   415   428 W GeofenceProxy: Odd, no component found for service com.android.location.service.GeofenceProvider
11-29 14:52:54.185   415   428 W ActivityRecognitionProxy: com.google.android.gms resolves service com.android.location.service.ActivityRecognitionProvider, but has wrong signature, ignoring
11-29 14:52:54.186   415   428 W ActivityRecognitionProxy: Odd, no component found for service com.android.location.service.ActivityRecognitionProvider
11-29 14:52:54.209   948   948 I Launcher: Deferring update until onResume
11-29 14:52:54.212   948   948 I Launcher: Deferring update until onResume
11-29 14:52:54.224  1083 26094 I Fitness : OnPackageChangedOperation got intent: Intent { act=android.intent.action.PACKAGE_CHANGED dat=package:com.excell44.educam.debug flg=0x45000010 pkg=com.google.android.gms cmp=com.google.android.gms/.chimera.PersistentIntentOperationService (has extras) } [CONTEXT service_id=17 ]
11-29 14:52:54.245  1083 26100 I Fitness : FitCleanupIntentOperation received Intent android.intent.action.PACKAGE_CHANGED [CONTEXT service_id=17 ]
11-29 14:52:54.286  1083  1331 W ChimeraUtils: Module com.google.android.gms.nearby_en has empty metadata display_name_string_id
11-29 14:52:54.298  1083  1331 I chatty  : uid=10041(com.google.android.gms) highpool[1] identical 1 line
11-29 14:52:54.301  1083  1331 W ChimeraUtils: Module com.google.android.gms.nearby_en has empty metadata display_name_string_id
11-29 14:52:54.318  1043  2111 I Icing   : IndexChimeraService.getServiceInterface callingPackage=com.google.android.gms componentName=AppsCorpus serviceId=36
11-29 14:52:54.320  1043  1043 D BoundBrokerSvc: onBind: Intent { act=com.google.android.gms.feedback.internal.IFeedbackService cmp=com.google.android.gms/.chimera.GmsBoundBrokerService }
11-29 14:52:54.320  1043  1043 D BoundBrokerSvc: Loading bound service for intent: Intent { act=com.google.android.gms.feedback.internal.IFeedbackService cmp=com.google.android.gms/.chimera.GmsBoundBrokerService }
11-29 14:52:54.359  1043 25974 W Icing   : No valid account for uploading user actions
11-29 14:52:54.363  1083  1083 D BoundBrokerSvc: onBind: Intent { act=com.google.android.gms.icing.LIGHTWEIGHT_INDEX_SERVICE cmp=com.google.android.gms/.chimera.PersistentApiService }
11-29 14:52:54.363  1083  1083 D BoundBrokerSvc: Loading bound service for intent: Intent { act=com.google.android.gms.icing.LIGHTWEIGHT_INDEX_SERVICE cmp=com.google.android.gms/.chimera.PersistentApiService }
11-29 14:52:54.384  1043 25974 I Icing   : Usage reports ok 2, Failed Usage reports 0, indexed 0, rejected 0
11-29 14:52:54.388  1043  2111 I Icing   : IndexChimeraService.getServiceInterface callingPackage=com.google.android.gms componentName=null serviceId=30
11-29 14:52:54.423  1043 25974 W Icing   : No valid account for uploading user actions
11-29 14:52:54.433  1043 25974 I Icing   : Usage reports ok 0, Failed Usage reports 0, indexed 0, rejected 0
11-29 14:52:54.847 25993 26035 D LeakCanary: Setting up flushing for Thread[queued-work-looper,5,main]
11-29 14:52:55.427  1043 25974 I Icing   : Indexing com.google.android.gms-apps from com.google.android.gms
11-29 14:52:55.440  1043 25974 I Icing   : Indexing com.google.android.gms-internal.3p:MobileApplication from com.google.android.gms
11-29 14:52:55.453  1043 25974 I Icing   : Indexing done com.google.android.gms-apps
11-29 14:52:55.461  1043 25974 I Icing   : Indexing done com.google.android.gms-internal.3p:MobileApplication
11-29 14:52:55.571  1083  1327 I NetworkScheduler.Stats: Task com.google.android.gms/com.google.android.gms.auth.account.be.legacy.AuthCronService started execution. cause:4 exec_start_elapsed_seconds: 6609 [CONTEXT service_id=218 ]
11-29 14:52:55.574  1083  1984 I NetworkScheduler.Stats: Task com.google.android.gms/com.google.android.gms.auth.account.be.legacy.AuthCronService finished executing. cause:4 result: 1 elapsed_millis: 13 uptime_millis: 13 exec_start_elapsed_seconds: 6609 [CONTEXT service_id=218 ]
11-29 14:52:55.987 25993 25993 D NavigationViewModel:  Navigation START: NavigateTo(route=quiz, popUpTo=null, inclusive=false, singleTop=true)
11-29 14:52:55.988 25993 25993 I System.out:  Navigation vers: quiz
11-29 14:52:55.993 25993 25993 D NavigationViewModel:  Navigation SUCCESS: NavigateTo(route=quiz, popUpTo=null, inclusive=false, singleTop=true)
11-29 14:52:55.994 25993 25993 D NavigationViewModel:  Commande accepte: NavigateTo(route=quiz, popUpTo=null, inclusive=false, singleTop=true)
11-29 14:52:56.139 25993 25993 I WebViewFactory: Loading com.android.chrome version 68.0.3440.70 (code 344007062)
11-29 14:52:56.159 25993 25993 I 44.educam.debu: The ClassLoaderContext is a special shared library.
11-29 14:52:56.244 25993 25993 I cr_LibraryLoader: Time to load native libraries: 11 ms (timestamps 442-453)
11-29 14:52:56.251 25993 26117 E cr_VariationsUtils: Failed reading seed file "/data/user/0/com.excell44.educam.debug/app_webview/variations_seed_new": /data/user/0/com.excell44.educam.debug/app_webview/variations_seed_new (No such file or directory)
11-29 14:52:56.251 25993 26117 E cr_VariationsUtils: Failed reading seed file "/data/user/0/com.excell44.educam.debug/app_webview/variations_seed": /data/user/0/com.excell44.educam.debug/app_webview/variations_seed (No such file or directory)
11-29 14:52:56.265 25993 25993 I chromium: [INFO:library_loader_hooks.cc(36)] Chromium logging enabled: level = 0, default verbosity = 0
11-29 14:52:56.271 26118 26118 I Zygote  : seccomp disabled by setenforce 0
11-29 14:52:56.271 25993 25993 I cr_LibraryLoader: Expected native library version number "68.0.3440.70", actual native library version number "68.0.3440.70"
11-29 14:52:56.273 26118 26118 W webview_servic: Unexpected CPU variant for X86 using defaults: x86
11-29 14:52:56.277 26118 26118 E webview_servic: Not starting debugger since process cannot load the jdwp agent.
11-29 14:52:56.277   415   431 I ActivityManager: Start proc 26118:com.android.chrome:webview_service/u0a52 for service com.android.chrome/org.chromium.android_webview.services.VariationsSeedServer
11-29 14:52:56.299   144   226 E TrafficController: Failed to set the counterSet: Bad file descriptor, fd: -1
11-29 14:52:56.301 25993 26131 W cr_ChildProcLH: Create a new ChildConnectionAllocator with package name = com.android.chrome, sandboxed = true
11-29 14:52:56.319 26133 26133 I Zygote  : seccomp disabled by setenforce 0
11-29 14:52:56.320   415   431 I ActivityManager: Start proc 26133:com.android.chrome:sandboxed_process0/u0i8 for webview_service com.excell44.educam.debug/org.chromium.content.app.SandboxedProcessService0
11-29 14:52:56.320 25993 25993 I cr_BrowserStartup: Initializing chromium process, singleProcess=false
11-29 14:52:56.322 25993 25993 I cr_base : Android Locale: fr_FR requires .pak files: [fr]
11-29 14:52:56.322 26133 26133 W dboxed_process: Unexpected CPU variant for X86 using defaults: x86
11-29 14:52:56.323 26118 26118 I webview_servic: The ClassLoaderContext is a special shared library.
11-29 14:52:56.327 26118 26118 W webview_servic: JIT profile information will not be recorded: profile file does not exits.
11-29 14:52:56.331 26133 26133 E dboxed_process: Not starting debugger since process cannot load the jdwp agent.
11-29 14:52:56.367   144   226 E TrafficController: Failed to set the counterSet: Bad file descriptor, fd: -1
11-29 14:52:56.372  1043  1043 D BoundBrokerSvc: onBind: Intent { act=com.google.android.gms.safetynet.service.START pkg=com.google.android.gms }
11-29 14:52:56.372  1043  1043 D BoundBrokerSvc: Loading bound service for intent: Intent { act=com.google.android.gms.safetynet.service.START pkg=com.google.android.gms }
11-29 14:52:56.404 26133 26133 I cr_ChildProcessService: Creating new ChildProcessService pid=26133
11-29 14:52:56.456 25993 25993 W 44.educam.debu: Accessing hidden method Landroid/view/textclassifier/logging/SmartSelectionEventTracker;-><init>(Landroid/content/Context;I)V (light greylist, reflection)
11-29 14:52:56.456 25993 25993 W 44.educam.debu: Accessing hidden method Landroid/view/textclassifier/logging/SmartSelectionEventTracker;->logEvent(Landroid/view/textclassifier/logging/SmartSelectionEventTracker$SelectionEvent;)V (light greylist, reflection)
11-29 14:52:56.456 25993 25993 W 44.educam.debu: Accessing hidden method Landroid/view/textclassifier/logging/SmartSelectionEventTracker$SelectionEvent;->selectionStarted(I)Landroid/view/textclassifier/logging/SmartSelectionEventTracker$SelectionEvent; (light greylist, reflection)
11-29 14:52:56.456 25993 25993 W 44.educam.debu: Accessing hidden method Landroid/view/textclassifier/logging/SmartSelectionEventTracker$SelectionEvent;->selectionModified(II)Landroid/view/textclassifier/logging/SmartSelectionEventTracker$SelectionEvent; (light greylist, reflection)
11-29 14:52:56.456 25993 25993 W 44.educam.debu: Accessing hidden method Landroid/view/textclassifier/logging/SmartSelectionEventTracker$SelectionEvent;->selectionModified(IILandroid/view/textclassifier/TextClassification;)Landroid/view/textclassifier/logging/SmartSelectionEventTracker$SelectionEvent; (light greylist, reflection)
11-29 14:52:56.456 25993 25993 W 44.educam.debu: Accessing hidden method Landroid/view/textclassifier/logging/SmartSelectionEventTracker$SelectionEvent;->selectionModified(IILandroid/view/textclassifier/TextSelection;)Landroid/view/textclassifier/logging/SmartSelectionEventTracker$SelectionEvent; (light greylist, reflection)
11-29 14:52:56.456 25993 25993 W 44.educam.debu: Accessing hidden method Landroid/view/textclassifier/logging/SmartSelectionEventTracker$SelectionEvent;->selectionAction(III)Landroid/view/textclassifier/logging/SmartSelectionEventTracker$SelectionEvent; (light greylist, reflection)
11-29 14:52:56.456 25993 25993 W 44.educam.debu: Accessing hidden method Landroid/view/textclassifier/logging/SmartSelectionEventTracker$SelectionEvent;->selectionAction(IIILandroid/view/textclassifier/TextClassification;)Landroid/view/textclassifier/logging/SmartSelectionEventTracker$SelectionEvent; (light greylist, reflection)
11-29 14:52:56.500 25993 26172 D         : HostConnection::get() New Host Connection established 0xed1a0fc0, tid 26172
11-29 14:52:56.503 25993 26172 E EGL_adreno: [getAttribValue] Bad attribute idx
11-29 14:52:56.503 25993 26172 D EGL_adreno: eglGetConfigAttrib: bad attrib 0x3339
11-29 14:52:56.509 25993 26159 W cr_media: Requires BLUETOOTH permission
11-29 14:52:56.521 25993 26172 E EGL_adreno: CreateContext rcMajorVersion:3, minorVersion:2
11-29 14:52:56.534 25993 26172 D EGL_adreno: eglCreateContext: 0xed186ec0: maj 3 min 2 rcv 3
11-29 14:52:56.671 25993 26172 W VideoCapabilities: Unrecognized profile 4 for video/hevc
11-29 14:52:56.697 25993 26172 I VideoCapabilities: Unsupported profile 4 for video/mp4v-es
11-29 14:52:56.708 25993 26172 W cr_MediaCodecUtil: HW encoder for video/avc is not available on this device.
11-29 14:52:56.783 25993 25993 I Choreographer: Skipped 45 frames!  The application may be doing too much work on its main thread.
11-29 14:52:56.869   144   226 E TrafficController: Failed to delete the counterSet: Bad file descriptor
11-29 14:52:56.871 26118 26150 E cr_VariationsUtils: Failed reading seed file "/data/user/0/com.android.chrome/app_webview/variations_seed": /data/user/0/com.android.chrome/app_webview/variations_seed (No such file or directory)
11-29 14:52:56.889   144   228 W IptablesRestoreController: iptables-restore process 26177 terminated status=256
11-29 14:52:56.889   144   228 E IptablesRestoreController: iptables error:
11-29 14:52:56.889   144   228 E IptablesRestoreController: ------- COMMAND -------
11-29 14:52:56.889   144   228 E IptablesRestoreController: *filter
11-29 14:52:56.889   144   228 E IptablesRestoreController: -I bw_happy_box -m owner --uid-owner 10041 --jump RETURN
11-29 14:52:56.889   144   228 E IptablesRestoreController: COMMIT
11-29 14:52:56.889   144   228 E IptablesRestoreController: 
11-29 14:52:56.889   144   228 E IptablesRestoreController: -------  ERROR -------
11-29 14:52:56.889   144   228 E IptablesRestoreController: iptables-restore: line 3 failed
11-29 14:52:56.889   144   228 E IptablesRestoreController: ----------------------
11-29 14:52:56.908   144   228 W IptablesRestoreController: iptables-restore process 26182 terminated status=256
11-29 14:52:56.909   144   226 E TrafficController: Failed to set the counterSet: Bad file descriptor, fd: -1
11-29 14:52:56.962 26133 26166 I cr_LibraryLoader: Time to load native libraries: 0 ms (timestamps 1173-1173)
11-29 14:52:56.964 26133 26166 I chromium: [INFO:library_loader_hooks.cc(36)] Chromium logging enabled: level = 0, default verbosity = 0
11-29 14:52:56.964 26133 26166 I cr_LibraryLoader: Expected native library version number "68.0.3440.70", actual native library version number "68.0.3440.70"
11-29 14:52:57.087 25993 26172 E EGL_adreno: [getAttribValue] Bad attribute idx
11-29 14:52:57.087 25993 26172 D EGL_adreno: eglGetConfigAttrib: bad attrib 0x3339
11-29 14:52:57.107 25993 26172 E EGL_adreno: CreateContext rcMajorVersion:3, minorVersion:0
11-29 14:52:57.120 25993 26172 D EGL_adreno: eglCreateContext: 0xed1875e0: maj 3 min 0 rcv 3
11-29 14:52:57.127 25993 26138 W cr_CrashFileManager: /data/user/0/com.excell44.educam.debug/cache/WebView/Crash Reports does not exist or is not a directory
11-29 14:52:57.306 25993 26013 I 44.educam.debu: Background concurrent copying GC freed 32901(2MB) AllocSpace objects, 8(356KB) LOS objects, 49% free, 4MB/9MB, paused 73us total 131.718ms
11-29 14:52:57.347 25993 25993 I chromium: [INFO:CONSOLE(11)] "Uncaught ReferenceError: renderMathInElement is not defined", source: about:blank (11)
11-29 14:52:57.850 25993 26035 D LeakCanary: Setting up flushing for Thread[Chrome_ProcessLauncherThread,5,main]
11-29 14:52:57.850 25993 26035 D LeakCanary: Setting up flushing for Thread[GoogleApiHandler,5,main]
11-29 14:52:57.850 25993 26035 D LeakCanary: Setting up flushing for Thread[ConnectivityThread,5,main]
11-29 14:53:00.746 25993 25993 D NavigationViewModel:  Navigation START: NavigateAndClear(route=login)
11-29 14:53:00.746 25993 25993 I System.out:  Navigation vers: login
11-29 14:53:00.753 25993 25993 D NavigationViewModel:  Navigation SUCCESS: NavigateAndClear(route=login)
11-29 14:53:00.753 25993 25993 D NavigationViewModel:  Commande accepte: NavigateAndClear(route=login)
11-29 14:53:00.787 25993 25993 D AuthViewModel: Init: isLoggedIn=true, guestAttempts=3
11-29 14:53:01.057 25993 25993 W NavigationViewModel:  Navigation rejete (tat=NAVIGATING): NavigateAndClear(route=login)
11-29 14:53:01.075 25993 25993 W NavigationViewModel:  Navigation rejete (tat=NAVIGATING): NavigateTo(route=home, popUpTo=login, inclusive=true, singleTop=true)
11-29 14:53:01.076 25993 25993 D LoginScreen: Guest Attempts Display: 3
11-29 14:53:03.076   415   428 I UsageStatsService: User[0] Flushing usage stats to disk
11-29 14:53:05.430   153   268 V EmulatedCamera_Camera: getCameraInfo
11-29 14:53:05.430   153   268 V EmulatedCamera_BaseCamera: getCameraInfo
11-29 14:53:05.453   415   429 W BroadcastQueue: Background execution not allowed: receiving Intent { act=floating_ball_intent_action flg=0x10 (has extras) } to com.microvirt.launcher2/com.microvirt.launcher.floating.QuickSettingFloatingReceiver
11-29 14:53:05.481   167   410 D gralloc_gmin: gralloc_alloc: Creating ashmem region of size 8192
11-29 14:53:05.481   948  1273 E EGL_adreno: [getAttribValue] Bad attribute idx
11-29 14:53:05.481   948  1273 D EGL_adreno: eglGetConfigAttrib: bad attrib 0x3339
11-29 14:53:05.483   167   410 D gralloc_gmin: gralloc_alloc: Creating ashmem region of size 8192
11-29 14:53:05.489   167   410 D gralloc_gmin: gralloc_alloc: Creating ashmem region of size 8192
11-29 14:53:05.501   948  1273 E EGL_adreno: tid 1273: eglSurfaceAttrib(1640): error 0x3009 (EGL_BAD_MATCH)
11-29 14:53:05.501   948  1273 W OpenGLRenderer: Failed to set EGL_SWAP_BEHAVIOR on surface 0xd2f96b00, error=EGL_BAD_MATCH
11-29 14:53:05.692   565   565 W StaticLayout: maxLineHeight should not be -1.  maxLines:1 lineCount:1
11-29 14:53:05.692   565   565 W StaticLayout: maxLineHeight should not be -1.  maxLines:1 lineCount:1
11-29 14:53:05.947   167   410 W SurfaceFlinger: Attempting to destroy on removed layer: 1264e38 Sys2038:com.microvirt.launcher2/com.microvirt.launcher.Launcher#0
11-29 14:53:07.205   144   202 E Netd    : Failed to dump IPv4 sockets struct tcp_info: No such file or directory
11-29 14:53:07.205   144   202 E TcpSocketMonitor: Failed to poll TCP socket info: No such file or directory
11-29 14:53:09.484  1043  1043 D BoundBrokerSvc: onUnbind: Intent { act=com.google.android.gms.feedback.internal.IFeedbackService cmp=com.google.android.gms/.chimera.GmsBoundBrokerService }
11-29 14:53:09.486  1083  1083 D BoundBrokerSvc: onUnbind: Intent { act=com.google.android.gms.icing.LIGHTWEIGHT_INDEX_SERVICE cmp=com.google.android.gms/.chimera.PersistentApiService }
11-29 14:53:11.906  1043  1043 D BoundBrokerSvc: onUnbind: Intent { act=com.google.android.gms.safetynet.service.START pkg=com.google.android.gms }
11-29 14:53:11.917   144   228 W IptablesRestoreController: iptables-restore process 26264 terminated status=256
11-29 14:53:11.917   144   228 E IptablesRestoreController: iptables error:
11-29 14:53:11.917   144   228 E IptablesRestoreController: ------- COMMAND -------
11-29 14:53:11.917   144   228 E IptablesRestoreController: *filter
11-29 14:53:11.917   144   228 E IptablesRestoreController: -I bw_happy_box -m owner --uid-owner 10041 --jump RETURN
11-29 14:53:11.917   144   228 E IptablesRestoreController: COMMIT
11-29 14:53:11.917   144   228 E IptablesRestoreController: 
11-29 14:53:11.917   144   228 E IptablesRestoreController: -------  ERROR -------
11-29 14:53:11.917   144   228 E IptablesRestoreController: iptables-restore: line 3 failed
11-29 14:53:11.917   144   228 E IptablesRestoreController: ----------------------
11-29 14:53:11.925   144   228 W IptablesRestoreController: iptables-restore process 26268 terminated status=256
11-29 14:53:11.925   144   228 E IptablesRestoreController: iptables error:
11-29 14:53:11.925   144   228 E IptablesRestoreController: ------- COMMAND -------
11-29 14:53:11.925   144   228 E IptablesRestoreController: *filter
11-29 14:53:11.925   144   228 E IptablesRestoreController: -I bw_happy_box -m owner --uid-owner 10041 --jump RETURN
11-29 14:53:11.925   144   228 E IptablesRestoreController: COMMIT
11-29 14:53:11.925   144   228 E IptablesRestoreController: 
11-29 14:53:11.925   144   228 E IptablesRestoreController: -------  ERROR -------
11-29 14:53:11.925   144   228 E IptablesRestoreController: ip6tables-restore: line 3 failed
11-29 14:53:11.925   144   228 E IptablesRestoreController: ----------------------
11-29 14:53:11.926   144   226 E TrafficController: Failed to delete the counterSet: Bad file descriptor
11-29 14:53:12.126 25993 25993 D Autofill Status: Autofill popup isn't shown because autofill is not available.
11-29 14:53:12.126 25993 25993 D Autofill Status: 
11-29 14:53:12.126 25993 25993 D Autofill Status: Did you set up autofill?
11-29 14:53:12.126 25993 25993 D Autofill Status: 1. Go to Settings > System > Languages&input > Advanced > Autofill Service
11-29 14:53:12.126 25993 25993 D Autofill Status: 2. Pick a service
11-29 14:53:12.126 25993 25993 D Autofill Status: 
11-29 14:53:12.126 25993 25993 D Autofill Status: Did you add an account?
11-29 14:53:12.126 25993 25993 D Autofill Status: 1. Go to Settings > System > Languages&input > Advanced
11-29 14:53:12.126 25993 25993 D Autofill Status: 2. Click on the settings icon next to the Autofill Service
11-29 14:53:12.126 25993 25993 D Autofill Status: 3. Add your account
11-29 14:53:14.163 25993 25993 D Autofill Status: Autofill popup isn't shown because autofill is not available.
11-29 14:53:14.163 25993 25993 D Autofill Status: 
11-29 14:53:14.163 25993 25993 D Autofill Status: Did you set up autofill?
11-29 14:53:14.163 25993 25993 D Autofill Status: 1. Go to Settings > System > Languages&input > Advanced > Autofill Service
11-29 14:53:14.163 25993 25993 D Autofill Status: 2. Pick a service
11-29 14:53:14.163 25993 25993 D Autofill Status: 
11-29 14:53:14.163 25993 25993 D Autofill Status: Did you add an account?
11-29 14:53:14.163 25993 25993 D Autofill Status: 1. Go to Settings > System > Languages&input > Advanced
11-29 14:53:14.163 25993 25993 D Autofill Status: 2. Click on the settings icon next to the Autofill Service
11-29 14:53:14.163 25993 25993 D Autofill Status: 3. Add your account
11-29 14:53:20.775 25993 25993 D NavigationViewModel:  Navigation START: NavigateTo(route=register, popUpTo=null, inclusive=false, singleTop=true)
11-29 14:53:20.776 25993 25993 I System.out:  Navigation vers: register
11-29 14:53:20.783 25993 25993 D NavigationViewModel:  Navigation SUCCESS: NavigateTo(route=register, popUpTo=null, inclusive=false, singleTop=true)
11-29 14:53:20.783 25993 25993 D NavigationViewModel:  Commande accepte: NavigateTo(route=register, popUpTo=null, inclusive=false, singleTop=true)
11-29 14:53:20.817 25993 25993 D AuthViewModel: Init: isLoggedIn=true, guestAttempts=3
11-29 14:53:21.486 25993 25993 W NavigationViewModel:  Navigation rejete (tat=NAVIGATING): NavigateTo(route=home, popUpTo=register, inclusive=true, singleTop=true)
11-29 14:53:21.502 25993 25993 I Choreographer: Skipped 41 frames!  The application may be doing too much work on its main thread.
11-29 14:53:21.811  1574  1695 I PlayCommon: [73] adgc.k(22): Preparing logs for uploading
11-29 14:53:21.812  1574  1695 I PlayCommon: [73] adgc.k(135): Connecting to server for timestamp: https://play.googleapis.com/play/log/timestamp
11-29 14:53:21.825  1574  1695 E PlayCommon: [73] adgc.k(136): Failed to connect to server for server timestamp: java.net.UnknownHostException: Unable to resolve host "play.googleapis.com": No address associated with hostname
11-29 14:53:21.826  1574  1695 W PlayCommon: [73] adgc.m(1): No account for auth token provided
11-29 14:53:21.827  1574  1695 I PlayCommon: [73] adgc.k(169): Connecting to server: https://play.googleapis.com/play/log?format=raw&proto_v2=true
11-29 14:53:21.827  1574  1695 E PlayCommon: [73] adgc.k(175): Failed to connect to server for log upload.
11-29 14:53:22.991 25993 25993 D Autofill Status: Autofill popup isn't shown because autofill is not available.
11-29 14:53:22.991 25993 25993 D Autofill Status: 
11-29 14:53:22.991 25993 25993 D Autofill Status: Did you set up autofill?
11-29 14:53:22.991 25993 25993 D Autofill Status: 1. Go to Settings > System > Languages&input > Advanced > Autofill Service
11-29 14:53:22.991 25993 25993 D Autofill Status: 2. Pick a service
11-29 14:53:22.991 25993 25993 D Autofill Status: 
11-29 14:53:22.991 25993 25993 D Autofill Status: Did you add an account?
11-29 14:53:22.991 25993 25993 D Autofill Status: 1. Go to Settings > System > Languages&input > Advanced
11-29 14:53:22.991 25993 25993 D Autofill Status: 2. Click on the settings icon next to the Autofill Service
11-29 14:53:22.991 25993 25993 D Autofill Status: 3. Add your account
11-29 14:53:24.520 25993 25993 D Autofill Status: Autofill popup isn't shown because autofill is not available.
11-29 14:53:24.520 25993 25993 D Autofill Status: 
11-29 14:53:24.520 25993 25993 D Autofill Status: Did you set up autofill?
11-29 14:53:24.520 25993 25993 D Autofill Status: 1. Go to Settings > System > Languages&input > Advanced > Autofill Service
11-29 14:53:24.520 25993 25993 D Autofill Status: 2. Pick a service
11-29 14:53:24.520 25993 25993 D Autofill Status: 
11-29 14:53:24.520 25993 25993 D Autofill Status: Did you add an account?
11-29 14:53:24.520 25993 25993 D Autofill Status: 1. Go to Settings > System > Languages&input > Advanced
11-29 14:53:24.520 25993 25993 D Autofill Status: 2. Click on the settings icon next to the Autofill Service
11-29 14:53:24.520 25993 25993 D Autofill Status: 3. Add your account
11-29 14:53:25.577   144   226 E TrafficController: Failed to set the counterSet: Bad file descriptor, fd: -1
11-29 14:53:25.619  1083  1327 I NetworkScheduler.Stats: Task com.google.android.gms/com.google.android.gms.auth.account.be.legacy.AuthCronService started execution. cause:4 exec_start_elapsed_seconds: 6639 [CONTEXT service_id=218 ]
11-29 14:53:25.622  1083  1984 I NetworkScheduler.Stats: Task com.google.android.gms/com.google.android.gms.auth.account.be.legacy.AuthCronService finished executing. cause:4 result: 1 elapsed_millis: 12 uptime_millis: 12 exec_start_elapsed_seconds: 6639 [CONTEXT service_id=218 ]
11-29 14:53:25.654  1083  2896 I NetworkScheduler.Stats: Task com.google.android.gms/com.google.android.gms.checkin.EventLogService started execution. cause:5 exec_start_elapsed_seconds: 6639 [CONTEXT service_id=218 ]
11-29 14:53:25.664  1043  2946 I Checkin : [EventLogChimeraService] Opted in for usage reporting: false
11-29 14:53:25.664  1043  2946 I Checkin : [EventLogChimeraService] Aggregate from 1764397434760 (log), 1764397434760 (data)
11-29 14:53:25.686   415   429 W BroadcastQueue: Background execution not allowed: receiving Intent { act=android.intent.action.DROPBOX_ENTRY_ADDED flg=0x10 (has extras) } to com.google.android.gms/.stats.service.DropBoxEntryAddedReceiver
11-29 14:53:25.701  1083  1984 I NetworkScheduler.Stats: Task com.google.android.gms/com.google.android.gms.checkin.EventLogService finished executing. cause:5 result: 1 elapsed_millis: 58 uptime_millis: 58 exec_start_elapsed_seconds: 6639 [CONTEXT service_id=218 ]
11-29 14:53:27.502 25993 25993 D Autofill Status: Autofill popup isn't shown because autofill is not available.
11-29 14:53:27.502 25993 25993 D Autofill Status: 
11-29 14:53:27.502 25993 25993 D Autofill Status: Did you set up autofill?
11-29 14:53:27.502 25993 25993 D Autofill Status: 1. Go to Settings > System > Languages&input > Advanced > Autofill Service
11-29 14:53:27.502 25993 25993 D Autofill Status: 2. Pick a service
11-29 14:53:27.502 25993 25993 D Autofill Status: 
11-29 14:53:27.502 25993 25993 D Autofill Status: Did you add an account?
11-29 14:53:27.502 25993 25993 D Autofill Status: 1. Go to Settings > System > Languages&input > Advanced
11-29 14:53:27.502 25993 25993 D Autofill Status: 2. Click on the settings icon next to the Autofill Service
11-29 14:53:27.502 25993 25993 D Autofill Status: 3. Add your account
11-29 14:53:27.522   144   226 E TrafficController: Failed to delete the counterSet: Bad file descriptor
11-29 14:53:27.607   144   226 E TrafficController: Failed to delete the counterSet: Bad file descriptor
11-29 14:53:27.654   415  9019 I ActivityManager: Process com.android.chrome:sandboxed_process0 (pid 26133) has died: cch  CACC
11-29 14:53:27.654   415  9019 W ActivityManager: Scheduling restart of crashed service com.excell44.educam.debug/org.chromium.content.app.SandboxedProcessService0 in 1000ms
11-29 14:53:27.655   415   433 E KernelUidCpuTimeReader: Failed to read uid_cputime: /proc/uid_cputime/show_uid_stat (No such file or directory)
11-29 14:53:27.655   415   433 E KernelCpuSpeedReader: Failed to read cpu-freq: /sys/devices/system/cpu/cpu0/cpufreq/stats/time_in_state (No such file or directory)
11-29 14:53:27.655   415   433 E KernelWakelockReader: neither /proc/wakelocks nor /d/wakeup_sources exists
11-29 14:53:27.656   415   432 W libprocessgroup: Failed to open process cgroup uid 99008 pid 26133: No such file or directory
11-29 14:53:27.656   415   432 E libprocessgroup: Error encountered killing process cgroup uid 99008 pid 26133: No such file or directory
11-29 14:53:27.656   415   433 W BatteryStatsImpl: Couldn't get kernel wake lock stats
11-29 14:53:27.656   415   433 D KernelUidCpuTimeReader: Removing uids 99007-99007
11-29 14:53:27.657   415   433 E KernelUidCpuTimeReader: failed to remove uids 99007 - 99007 from uid_cputime module
11-29 14:53:27.657   415   433 E KernelUidCpuTimeReader: java.io.FileNotFoundException: /proc/uid_cputime/remove_uid_range (No such file or directory)
11-29 14:53:27.657   415   433 E KernelUidCpuTimeReader: 	at java.io.FileOutputStream.open0(Native Method)
11-29 14:53:27.657   415   433 E KernelUidCpuTimeReader: 	at java.io.FileOutputStream.open(FileOutputStream.java:308)
11-29 14:53:27.657   415   433 E KernelUidCpuTimeReader: 	at java.io.FileOutputStream.<init>(FileOutputStream.java:238)
11-29 14:53:27.657   415   433 E KernelUidCpuTimeReader: 	at java.io.FileOutputStream.<init>(FileOutputStream.java:119)
11-29 14:53:27.657   415   433 E KernelUidCpuTimeReader: 	at java.io.FileWriter.<init>(FileWriter.java:63)
11-29 14:53:27.657   415   433 E KernelUidCpuTimeReader: 	at com.android.internal.os.KernelUidCpuTimeReader.removeUidsFromKernelModule(KernelUidCpuTimeReader.java:203)
11-29 14:53:27.657   415   433 E KernelUidCpuTimeReader: 	at com.android.internal.os.KernelUidCpuTimeReader.removeUid(KernelUidCpuTimeReader.java:174)
11-29 14:53:27.657   415   433 E KernelUidCpuTimeReader: 	at com.android.internal.os.BatteryStatsImpl$UidToRemove.remove(BatteryStatsImpl.java:291)
11-29 14:53:27.657   415   433 E KernelUidCpuTimeReader: 	at com.android.internal.os.BatteryStatsImpl.clearPendingRemovedUids(BatteryStatsImpl.java:457)
11-29 14:53:27.657   415   433 E KernelUidCpuTimeReader: 	at com.android.server.am.BatteryExternalStatsWorker$1.run(BatteryExternalStatsWorker.java:372)
11-29 14:53:27.657   415   433 E KernelUidCpuTimeReader: 	at java.util.concurrent.Executors$RunnableAdapter.call(Executors.java:458)
11-29 14:53:27.657   415   433 E KernelUidCpuTimeReader: 	at java.util.concurrent.FutureTask.run(FutureTask.java:266)
11-29 14:53:27.657   415   433 E KernelUidCpuTimeReader: 	at java.util.concurrent.ScheduledThreadPoolExecutor$ScheduledFutureTask.run(ScheduledThreadPoolExecutor.java:301)
11-29 14:53:27.657   415   433 E KernelUidCpuTimeReader: 	at java.util.concurrent.ThreadPoolExecutor.runWorker(ThreadPoolExecutor.java:1167)
11-29 14:53:27.657   415   433 E KernelUidCpuTimeReader: 	at java.util.concurrent.ThreadPoolExecutor$Worker.run(ThreadPoolExecutor.java:641)
11-29 14:53:27.657   415   433 E KernelUidCpuTimeReader: 	at java.lang.Thread.run(Thread.java:764)
11-29 14:53:27.661   621   621 I Zygote  : Process 26133 exited cleanly (0)
11-29 14:53:27.670   415   429 W BroadcastQueue: Background execution not allowed: receiving Intent { act=android.intent.action.DROPBOX_ENTRY_ADDED flg=0x10 (has extras) } to com.google.android.gms/.stats.service.DropBoxEntryAddedReceiver
11-29 14:53:27.680 25993 26131 W cr_ChildProcessConn: onServiceDisconnected (crash or killed by oom): pid=26133
11-29 14:53:28.769   167   753 D gralloc_gmin: gralloc_alloc: Creating ashmem region of size 622592
11-29 14:53:28.771 25993 26044 E EGL_adreno: [getAttribValue] Bad attribute idx
11-29 14:53:28.771 25993 26044 D EGL_adreno: eglGetConfigAttrib: bad attrib 0x3339
11-29 14:53:28.775   167   753 D gralloc_gmin: gralloc_alloc: Creating ashmem region of size 622592
11-29 14:53:28.779   167   753 D gralloc_gmin: gralloc_alloc: Creating ashmem region of size 622592
11-29 14:53:28.791 25993 26044 E EGL_adreno: tid 26044: eglSurfaceAttrib(1640): error 0x3009 (EGL_BAD_MATCH)
11-29 14:53:28.791 25993 26044 W OpenGLRenderer: Failed to set EGL_SWAP_BEHAVIOR on surface 0xcf19f9a0, error=EGL_BAD_MATCH
11-29 14:53:29.687 25993 25993 D LeakCanary: Watching instance of androidx.compose.ui.window.PopupLayout (androidx.compose.ui.window.PopupLayout received View#onDetachedFromWindow() callback) with key 9cd1e367-b28c-4f1d-aee9-599e7fb2f221
11-29 14:53:34.726 25993 26036 I 44.educam.debu: Explicit concurrent copying GC freed 66755(2MB) AllocSpace objects, 0(0B) LOS objects, 49% free, 4MB/9MB, paused 25us total 36.271ms
11-29 14:53:34.732   144   226 E TrafficController: Failed to set the counterSet: Bad file descriptor, fd: -1
11-29 14:53:37.098   144   226 E TrafficController: Failed to delete the counterSet: Bad file descriptor
11-29 14:53:37.206   144   202 E Netd    : Failed to dump IPv4 sockets struct tcp_info: No such file or directory
11-29 14:53:37.207   144   202 E TcpSocketMonitor: Failed to poll TCP socket info: No such file or directory
11-29 14:53:37.343 25993 25993 W 44.educam.debu: Accessing hidden method Landroid/view/ViewTreeObserver;->dispatchOnScrollChanged()V (light greylist, reflection)
11-29 14:53:48.577   415 25810 I ActivityManager: START u0 {act=android.intent.action.VIEW dat=https://wa.me/... flg=0x10000000 cmp=com.android.chrome/com.google.android.apps.chrome.IntentDispatcher} from uid 10093
11-29 14:53:48.600 15778 15778 W ActivityThread: handleWindowVisibility: no activity for token android.os.BinderProxy@c9b55a8
11-29 14:53:48.613   144   226 E TrafficController: Failed to set the counterSet: Bad file descriptor, fd: -1
11-29 14:53:48.623   144   228 W IptablesRestoreController: iptables-restore process 26436 terminated status=256
11-29 14:53:48.623   144   228 E IptablesRestoreController: iptables error:
11-29 14:53:48.623   144   228 E IptablesRestoreController: ------- COMMAND -------
11-29 14:53:48.623   144   228 E IptablesRestoreController: *filter
11-29 14:53:48.623   144   228 E IptablesRestoreController: -I bw_happy_box -m owner --uid-owner 10041 --jump RETURN
11-29 14:53:48.623   144   228 E IptablesRestoreController: COMMIT
11-29 14:53:48.623   144   228 E IptablesRestoreController: 
11-29 14:53:48.623   144   228 E IptablesRestoreController: -------  ERROR -------
11-29 14:53:48.623   144   228 E IptablesRestoreController: iptables-restore: line 3 failed
11-29 14:53:48.623   144   228 E IptablesRestoreController: ----------------------
11-29 14:53:48.636   144   228 W IptablesRestoreController: iptables-restore process 26440 terminated status=256
11-29 14:53:48.636   144   228 E IptablesRestoreController: iptables error:
11-29 14:53:48.636   144   228 E IptablesRestoreController: ------- COMMAND -------
11-29 14:53:48.636   144   228 E IptablesRestoreController: *filter
11-29 14:53:48.636   144   228 E IptablesRestoreController: -I bw_happy_box -m owner --uid-owner 10041 --jump RETURN
11-29 14:53:48.636   144   228 E IptablesRestoreController: COMMIT
11-29 14:53:48.636   144   228 E IptablesRestoreController: 
11-29 14:53:48.636   144   228 E IptablesRestoreController: -------  ERROR -------
11-29 14:53:48.636   144   228 E IptablesRestoreController: ip6tables-restore: line 3 failed
11-29 14:53:48.636   144   228 E IptablesRestoreController: ----------------------
11-29 14:53:48.637   144   226 E TrafficController: Failed to set the counterSet: Bad file descriptor, fd: -1
11-29 14:53:48.642 15778 15778 I cr_InstantAppsHandler: Package manager handles intents on O+, not handling in Chrome
11-29 14:53:48.651  1083  1083 D BoundBrokerSvc: onBind: Intent { act=com.google.android.gms.instantapps.START pkg=com.google.android.gms }
11-29 14:53:48.651  1083  1083 D BoundBrokerSvc: Loading bound service for intent: Intent { act=com.google.android.gms.instantapps.START pkg=com.google.android.gms }
11-29 14:53:48.655   415 25810 I ActivityManager: START u0 {act=android.intent.action.VIEW dat=https://wa.me/... flg=0x14002000 cmp=com.android.chrome/org.chromium.chrome.browser.ChromeTabbedActivity (has extras)} from uid 10052
11-29 14:53:48.778   415   431 I ActivityManager: Start proc 26450:com.android.chrome:sandboxed_process1/u0i9 for webview_service com.android.chrome/org.chromium.content.app.SandboxedProcessService1
11-29 14:53:48.780  1043  1043 D BoundBrokerSvc: onBind: Intent { act=com.google.android.gms.safetynet.service.START pkg=com.google.android.gms }
11-29 14:53:48.780  1043  1043 D BoundBrokerSvc: Loading bound service for intent: Intent { act=com.google.android.gms.safetynet.service.START pkg=com.google.android.gms }
11-29 14:53:48.786 26450 26450 I Zygote  : seccomp disabled by setenforce 0
11-29 14:53:48.790 26450 26450 W dboxed_process: Unexpected CPU variant for X86 using defaults: x86
11-29 14:53:48.803 26450 26450 E dboxed_process: Not starting debugger since process cannot load the jdwp agent.
11-29 14:53:48.856   144   226 E TrafficController: Failed to set the counterSet: Bad file descriptor, fd: -1
11-29 14:53:48.913 22825 22841 E EGL_adreno: [getAttribValue] Bad attribute idx
11-29 14:53:48.913 22825 22841 D EGL_adreno: eglGetConfigAttrib: bad attrib 0x3339
11-29 14:53:48.913   167   243 D gralloc_gmin: gralloc_alloc: Creating ashmem region of size 2293760
11-29 14:53:48.921 26450 26450 I cr_ChildProcessService: Creating new ChildProcessService pid=26450
11-29 14:53:48.933 15778 22787 I ConfigStore: android::hardware::configstore::V1_0::ISurfaceFlingerConfigs::hasWideColorDisplay retrieved: 0
11-29 14:53:48.933 15778 22787 I ConfigStore: android::hardware::configstore::V1_0::ISurfaceFlingerConfigs::hasHDRDisplay retrieved: 0
11-29 14:53:48.934 15778 22787 I OpenGLRenderer: Initialized EGL, version 1.4
11-29 14:53:48.934 15778 22787 D OpenGLRenderer: Swap behavior 1
11-29 14:53:48.936 15778 22787 E EGL_adreno: CreateContext rcMajorVersion:3, minorVersion:2
11-29 14:53:48.959 15778 22787 D EGL_adreno: eglCreateContext: 0xecec3960: maj 3 min 2 rcv 3
11-29 14:53:48.959 15778 22787 E EGL_adreno: [getAttribValue] Bad attribute idx
11-29 14:53:48.959 15778 22787 D EGL_adreno: eglGetConfigAttrib: bad attrib 0x3339
11-29 14:53:48.978 22825 22841 E EGL_adreno: CreateContext rcMajorVersion:3, minorVersion:0
11-29 14:53:48.997 22825 22841 D EGL_adreno: eglCreateContext: 0xed1859c0: maj 3 min 0 rcv 3
11-29 14:53:49.050 15778 22787 E EGL_adreno: [getAttribValue] Bad attribute idx
11-29 14:53:49.050 15778 22787 D EGL_adreno: eglGetConfigAttrib: bad attrib 0x3339
11-29 14:53:49.050   167   753 D gralloc_gmin: gralloc_alloc: Creating ashmem region of size 2363392
11-29 14:53:49.077 15778 22787 E EGL_adreno: tid 22787: eglSurfaceAttrib(1640): error 0x3009 (EGL_BAD_MATCH)
11-29 14:53:49.077 15778 22787 W OpenGLRenderer: Failed to set EGL_SWAP_BEHAVIOR on surface 0xecec4da0, error=EGL_BAD_MATCH
11-29 14:53:49.481   167   753 D gralloc_gmin: gralloc_alloc: Creating ashmem region of size 2363392
11-29 14:53:49.518   167   410 D gralloc_gmin: gralloc_alloc: Creating ashmem region of size 2363392
11-29 14:53:49.548 26450 26466 I cr_LibraryLoader: Time to load native libraries: 1 ms (timestamps 3758-3759)
11-29 14:53:49.550 26450 26466 I chromium: [INFO:library_loader_hooks.cc(36)] Chromium logging enabled: level = 0, default verbosity = 0
11-29 14:53:49.550 26450 26466 I cr_LibraryLoader: Expected native library version number "68.0.3440.70", actual native library version number "68.0.3440.70"
11-29 14:53:50.087   167   410 D gralloc_gmin: gralloc_alloc: Creating ashmem region of size 2293760
11-29 14:53:50.137   167   882 D gralloc_gmin: gralloc_alloc: Creating ashmem region of size 2363392
11-29 14:53:50.138   167   410 D gralloc_gmin: gralloc_alloc: Creating ashmem region of size 2293760
11-29 14:53:50.442   144   226 E TrafficController: Failed to delete the counterSet: Bad file descriptor
11-29 14:53:50.638   415   979 I ConfigStore: android::hardware::configstore::V1_0::ISurfaceFlingerConfigs::hasWideColorDisplay retrieved: 0
11-29 14:53:50.638   415   979 I ConfigStore: android::hardware::configstore::V1_0::ISurfaceFlingerConfigs::hasHDRDisplay retrieved: 0
11-29 14:53:50.638   415   979 I OpenGLRenderer: Initialized EGL, version 1.4
11-29 14:53:50.638   415   979 D OpenGLRenderer: Swap behavior 1
11-29 14:53:50.640   415   979 E EGL_adreno: CreateContext rcMajorVersion:3, minorVersion:2
11-29 14:53:50.680   415   979 D EGL_adreno: eglCreateContext: 0x7fab9e056960: maj 3 min 2 rcv 3
11-29 14:53:50.681   415   979 E EGL_adreno: [getAttribValue] Bad attribute idx
11-29 14:53:50.681   415   979 D EGL_adreno: eglGetConfigAttrib: bad attrib 0x3339
11-29 14:53:53.148 15778 15778 I cr_ChromeTabbedActivity: Back pressed: Minimized and closed tab
11-29 14:53:53.148 15778 15778 I cr_ChromeTabbedActivity: sendToBackground(): org.chromium.chrome.browser.tab.Tab@6174dd9
11-29 14:53:53.148   415  1350 I ActivityManager: moveTaskToBack: TaskRecord{b3d46c2 #96 A=com.android.chrome U=0 StackId=21 sz=1}
11-29 14:53:53.152 15778 15778 W cr_Autocomplete: stopping autocomplete.
11-29 14:53:53.168   144   226 E TrafficController: Failed to set the counterSet: Bad file descriptor, fd: -1
11-29 14:53:53.203 25993 26044 E EGL_adreno: [getAttribValue] Bad attribute idx
11-29 14:53:53.203   167   753 D gralloc_gmin: gralloc_alloc: Creating ashmem region of size 2363392
11-29 14:53:53.203 25993 26044 D EGL_adreno: eglGetConfigAttrib: bad attrib 0x3339
11-29 14:53:53.211   167   753 D gralloc_gmin: gralloc_alloc: Creating ashmem region of size 2363392
11-29 14:53:53.219   167   753 D gralloc_gmin: gralloc_alloc: Creating ashmem region of size 2363392
11-29 14:53:53.253 25993 26044 E EGL_adreno: tid 26044: eglSurfaceAttrib(1640): error 0x3009 (EGL_BAD_MATCH)
11-29 14:53:53.253 25993 26044 W OpenGLRenderer: Failed to set EGL_SWAP_BEHAVIOR on surface 0xecec4920, error=EGL_BAD_MATCH
11-29 14:53:53.314   167   882 D gralloc_gmin: gralloc_alloc: Creating ashmem region of size 2363392
11-29 14:53:53.614   167   882 W SurfaceFlinger: Attempting to set client state on removed layer: Surface(name=AppWindowToken{1fa9690 token=Token{a9b3d53 ActivityRecord{7fd0942 u0 com.android.chrome/org.chromium.chrome.browser.ChromeTabbedActivity t96}}})/@0x4a4de31 - animation-leash#0
11-29 14:53:53.614   167   882 W SurfaceFlinger: Attempting to set client state on removed layer: Surface(name=AppWindowToken{2739509 token=Token{f61b610 ActivityRecord{1b52ad3 u0 com.excell44.educam.debug/com.excell44.educam.MainActivity t98}}})/@0xce1ba58 - animation-leash#0
11-29 14:53:53.614   167   882 W SurfaceFlinger: Attempting to destroy on removed layer: Surface(name=AppWindowToken{1fa9690 token=Token{a9b3d53 ActivityRecord{7fd0942 u0 com.android.chrome/org.chromium.chrome.browser.ChromeTabbedActivity t96}}})/@0x4a4de31 - animation-leash#0
11-29 14:53:53.614   167   882 W SurfaceFlinger: Attempting to destroy on removed layer: Surface(name=AppWindowToken{2739509 token=Token{f61b610 ActivityRecord{1b52ad3 u0 com.excell44.educam.debug/com.excell44.educam.MainActivity t98}}})/@0xce1ba58 - animation-leash#0
11-29 14:53:53.636   144   226 E TrafficController: Failed to delete the counterSet: Bad file descriptor
11-29 14:53:53.636   144   226 E TrafficController: Failed to delete the counterSet: Bad file descriptor
11-29 14:53:53.657   144   228 W IptablesRestoreController: iptables-restore process 26502 terminated status=256
11-29 14:53:53.657   144   228 E IptablesRestoreController: iptables error:
11-29 14:53:53.657   144   228 E IptablesRestoreController: ------- COMMAND -------
11-29 14:53:53.657   144   228 E IptablesRestoreController: *filter
11-29 14:53:53.657   144   228 E IptablesRestoreController: -I bw_happy_box -m owner --uid-owner 10041 --jump RETURN
11-29 14:53:53.657   144   228 E IptablesRestoreController: COMMIT
11-29 14:53:53.657   144   228 E IptablesRestoreController: 
11-29 14:53:53.657   144   228 E IptablesRestoreController: -------  ERROR -------
11-29 14:53:53.657   144   228 E IptablesRestoreController: iptables-restore: line 3 failed
11-29 14:53:53.657   144   228 E IptablesRestoreController: ----------------------
11-29 14:53:53.676   144   228 W IptablesRestoreController: iptables-restore process 26506 terminated status=256
11-29 14:53:53.678   144   226 E TrafficController: Failed to delete the counterSet: Bad file descriptor
11-29 14:53:53.724 15778 22794 I cr_BindingManager: onTrimMemory: level=20, size=1
11-29 14:53:53.774   415  2611 I MediaFocusControl: abandonAudioFocus() from uid/pid 10052/15778 clientId=android.media.AudioManager@f85d98dorg.chromium.content.browser.AudioFocusDelegate@59e8e4c
11-29 14:53:53.786   621   621 I Zygote  : Process 26450 exited cleanly (0)
11-29 14:53:53.789   415   432 W libprocessgroup: Failed to open process cgroup uid 99009 pid 26450: No such file or directory
11-29 14:53:53.789   415   432 E libprocessgroup: Error encountered killing process cgroup uid 99009 pid 26450: No such file or directory
11-29 14:53:53.792   415  1088 I ActivityManager: Process com.android.chrome:sandboxed_process1 (pid 26450) has died: prcp LAST
11-29 14:53:53.792   415  1088 W ActivityManager: Scheduling restart of crashed service com.android.chrome/org.chromium.content.app.SandboxedProcessService1 in 1000ms
11-29 14:53:53.793   415   433 E KernelUidCpuTimeReader: Failed to read uid_cputime: /proc/uid_cputime/show_uid_stat (No such file or directory)
11-29 14:53:53.793   415   433 E KernelCpuSpeedReader: Failed to read cpu-freq: /sys/devices/system/cpu/cpu0/cpufreq/stats/time_in_state (No such file or directory)
11-29 14:53:53.794   415   433 E KernelWakelockReader: neither /proc/wakelocks nor /d/wakeup_sources exists
11-29 14:53:53.796   415   433 W BatteryStatsImpl: Couldn't get kernel wake lock stats
11-29 14:53:53.805 15778 22794 W cr_ChildProcessConn: onServiceDisconnected (crash or killed by oom): pid=26450
11-29 14:53:53.808 15778 22794 W cr_ChildProcessConn: The connection is not bound for 26450
11-29 14:53:53.809   415   429 W BroadcastQueue: Background execution not allowed: receiving Intent { act=android.intent.action.DROPBOX_ENTRY_ADDED flg=0x10 (has extras) } to com.google.android.gms/.stats.service.DropBoxEntryAddedReceiver
11-29 14:53:55.642  1083  2896 I NetworkScheduler.Stats: Task com.google.android.gms/com.google.android.gms.auth.account.be.legacy.AuthCronService started execution. cause:4 exec_start_elapsed_seconds: 6669 [CONTEXT service_id=218 ]
11-29 14:53:55.645  1083  2896 I NetworkScheduler.Stats: Task com.google.android.gms/com.google.android.gms.auth.account.be.legacy.AuthCronService finished executing. cause:4 result: 1 elapsed_millis: 9 uptime_millis: 9 exec_start_elapsed_seconds: 6669 [CONTEXT service_id=218 ]
11-29 14:53:55.798 25993 25993 D NavigationViewModel:  Navigation START: com.excell44.educam.ui.navigation.NavCommand$PopBack@19f11c2
11-29 14:53:55.799 25993 25993 I System.out:  PopBackStack
11-29 14:53:55.801 25993 25993 D NavigationViewModel:  Navigation SUCCESS: com.excell44.educam.ui.navigation.NavCommand$PopBack@19f11c2
11-29 14:53:55.801 25993 25993 D NavigationViewModel:  Commande accepte: com.excell44.educam.ui.navigation.NavCommand$PopBack@19f11c2
11-29 14:53:55.907 25993 25993 W NavigationViewModel:  Navigation rejete (tat=NAVIGATING): NavigateTo(route=home, popUpTo=login, inclusive=true, singleTop=true)
11-29 14:53:55.908 25993 25993 D LoginScreen: Guest Attempts Display: 3
11-29 14:53:58.802  1083  1083 D BoundBrokerSvc: onUnbind: Intent { act=com.google.android.gms.instantapps.START pkg=com.google.android.gms }
11-29 14:53:58.803   144   226 E TrafficController: Failed to set the counterSet: Bad file descriptor, fd: -1
11-29 14:54:01.650   144   226 E TrafficController: Failed to delete the counterSet: Bad file descriptor
11-29 14:54:03.772 15778 22794 I cr_BindingManager: Release moderate connections: 0
11-29 14:54:07.209   144   202 E Netd    : Failed to dump IPv4 sockets struct tcp_info: No such file or directory
11-29 14:54:07.209   144   202 E TcpSocketMonitor: Failed to poll TCP socket info: No such file or directory
11-29 14:54:08.798  1043  1043 D BoundBrokerSvc: onUnbind: Intent { act=com.google.android.gms.safetynet.service.START pkg=com.google.android.gms }
11-29 14:54:11.948 25993 25993 D NavigationViewModel:  Navigation START: NavigateTo(route=register, popUpTo=null, inclusive=false, singleTop=true)
11-29 14:54:11.948 25993 25993 I System.out:  Navigation vers: register
11-29 14:54:11.954 25993 25993 D NavigationViewModel:  Navigation SUCCESS: NavigateTo(route=register, popUpTo=null, inclusive=false, singleTop=true)
11-29 14:54:11.954 25993 25993 D NavigationViewModel:  Commande accepte: NavigateTo(route=register, popUpTo=null, inclusive=false, singleTop=true)
11-29 14:54:11.988 25993 25993 D AuthViewModel: Init: isLoggedIn=true, guestAttempts=3
11-29 14:54:12.267 25993 25993 W NavigationViewModel:  Navigation rejete (tat=NAVIGATING): NavigateTo(route=register, popUpTo=null, inclusive=false, singleTop=true)
11-29 14:54:12.278 25993 25993 W NavigationViewModel:  Navigation rejete (tat=NAVIGATING): NavigateTo(route=home, popUpTo=register, inclusive=true, singleTop=true)
11-29 14:54:14.336 25993 25993 D NavigationViewModel:  Navigation START: com.excell44.educam.ui.navigation.NavCommand$PopBack@19f11c2
