--------- beginning of main
11-29 14:48:21.701  1574  1695 E PlayCommon: [73] adgc.k(175): Failed to connect to server for log upload.
11-29 14:48:37.180   144   202 E Netd    : Failed to dump IPv4 sockets struct tcp_info: No such file or directory
11-29 14:48:37.180   144   202 E TcpSocketMonitor: Failed to poll TCP socket info: No such file or directory
11-29 14:49:07.182   144   202 E Netd    : Failed to dump IPv4 sockets struct tcp_info: No such file or directory
11-29 14:49:07.182   144   202 E TcpSocketMonitor: Failed to poll TCP socket info: No such file or directory
11-29 14:49:37.185   144   202 E Netd    : Failed to dump IPv4 sockets struct tcp_info: No such file or directory
11-29 14:49:37.185   144   202 E TcpSocketMonitor: Failed to poll TCP socket info: No such file or directory
--------- beginning of system
11-29 14:49:54.784   415   525 D ConnectivityService: reportNetworkConnectivity(100, false) by 10041
11-29 14:49:54.785   415   989 I chatty  : uid=1000(system) NetworkMonitorN expire 2 lines
11-29 14:49:54.786   415   525 D ConnectivityService: NetworkAgentInfo [WIFI () - 100] validation passed
11-29 14:49:55.292  1083  1327 I chatty  : uid=10041(com.google.android.gms) lowpool[3] expire 3 lines
11-29 14:49:56.974   415   473 I chatty  : uid=1000(system) Binder:415_3 expire 1 line
11-29 14:50:07.187   144   202 E Netd    : Failed to dump IPv4 sockets struct tcp_info: No such file or directory
11-29 14:50:07.187   144   202 E TcpSocketMonitor: Failed to poll TCP socket info: No such file or directory
11-29 14:50:37.192   144   202 E Netd    : Failed to dump IPv4 sockets struct tcp_info: No such file or directory
11-29 14:50:37.192   144   202 E TcpSocketMonitor: Failed to poll TCP socket info: No such file or directory
11-29 14:51:07.194   144   202 E Netd    : Failed to dump IPv4 sockets struct tcp_info: No such file or directory
11-29 14:51:07.194   144   202 E TcpSocketMonitor: Failed to poll TCP socket info: No such file or directory
11-29 14:51:37.196   144   202 E Netd    : Failed to dump IPv4 sockets struct tcp_info: No such file or directory
11-29 14:51:37.196   144   202 E TcpSocketMonitor: Failed to poll TCP socket info: No such file or directory
11-29 14:52:07.197   144   202 E Netd    : Failed to dump IPv4 sockets struct tcp_info: No such file or directory
11-29 14:52:07.197   144   202 E TcpSocketMonitor: Failed to poll TCP socket info: No such file or directory
11-29 14:52:08.165   415   908 I ActivityManager: START u0 {act=com.android.systemui.recents.TOGGLE_RECENTS flg=0x10000000 cmp=com.android.systemui/.recents.RecentsActivity} from uid 0
11-29 14:52:08.199 22538 22593 D SessionLifecycleClient: Sending lifecycle 2 to service
11-29 14:52:08.200 22538 22620 D SessionLifecycleService: Activity backgrounding at 6562425
11-29 14:52:08.208   144   226 E TrafficController: Failed to delete the counterSet: Bad file descriptor
11-29 14:52:08.256   565   826 E EGL_adreno: [getAttribValue] Bad attribute idx
11-29 14:52:08.256   565   826 D EGL_adreno: eglGetConfigAttrib: bad attrib 0x3339
11-29 14:52:08.373   565   826 E EGL_adreno: tid 826: eglSurfaceAttrib(1640): error 0x3009 (EGL_BAD_MATCH)
11-29 14:52:08.374   565   826 W OpenGLRenderer: Failed to set EGL_SWAP_BEHAVIOR on surface 0x7fabadaec800, error=EGL_BAD_MATCH
11-29 14:52:09.544   565   565 V StatusBar: mStatusBarWindow: com.android.systemui.statusbar.phone.StatusBarWindowView{e2da456 V.ED..... ........ 0,0-576,29} canPanelBeCollapsed(): false
11-29 14:52:09.561   565   565 I vol.Events: writeEvent dismiss_dialog volume_controller
11-29 14:52:09.678   415 21540 I ActivityManager: START u0 {act=android.intent.action.MAIN cat=[android.intent.category.M_HOME] flg=0x10200000 cmp=com.microvirt.launcher2/com.microvirt.launcher.Launcher} from uid 10023
11-29 14:52:09.707   144   226 E TrafficController: Failed to set the counterSet: Bad file descriptor, fd: -1
11-29 14:52:09.735   948   948 D FirebaseSessions: App foregrounded on com.microvirt.launcher2
11-29 14:52:09.768   948   948 D AppLovinSdk: [SessionTracker] Application Resumed
11-29 14:52:09.776   948   948 D AppLovinSdk: [AppLovinEventService] Tracking event: "resumed" with parameters: {}
11-29 14:52:09.778   948   948 I onReceive: mBindOnResumeCallbacks:3
11-29 14:52:09.795   948  1179 D AppLovinSdk: [PersistentPostbackManager] Enqueued postback: PostbackRequest{uniqueId='bfd6079c-3a27-4a1f-9006-61837608a8e2', communicatorRequestId='null', httpMethod='null', targetUrl='https://rt.applovin.com/4.0/pix', backupUrl='https://rt.applvn.com/4.0/pix', attemptNumber=0, isEncodingEnabled=true, isGzipBodyEncoding=false, isAllowedPreInitEvent=true, shouldFireInWebView=false}
11-29 14:52:09.796   948  1179 D AppLovinSdk: [PersistentPostbackManager] Preparing to submit postback: PostbackRequest{uniqueId='bfd6079c-3a27-4a1f-9006-61837608a8e2', communicatorRequestId='null', httpMethod='null', targetUrl='https://rt.applovin.com/4.0/pix', backupUrl='https://rt.applvn.com/4.0/pix', attemptNumber=0, isEncodingEnabled=true, isGzipBodyEncoding=false, isAllowedPreInitEvent=true, shouldFireInWebView=false}
11-29 14:52:09.796   948  1179 D AppLovinSdk: [PersistentPostbackManager] Submitting postback: PostbackRequest{uniqueId='bfd6079c-3a27-4a1f-9006-61837608a8e2', communicatorRequestId='null', httpMethod='null', targetUrl='https://rt.applovin.com/4.0/pix', backupUrl='https://rt.applvn.com/4.0/pix', attemptNumber=1, isEncodingEnabled=true, isGzipBodyEncoding=false, isAllowedPreInitEvent=true, shouldFireInWebView=false}
11-29 14:52:09.797   948  1179 I AppLovinSdk: [TaskRunnable:submitTrackEventPostback] OTHER queue finished task TaskRunnable:submitTrackEventPostback
11-29 14:52:09.801   948  1178 I AppLovinSdk: [ConnectionManager] Sending POST request to id=#-2033460807 "rt.applovin.com/4.0/pix"...
11-29 14:52:09.804   948  1178 I AppLovinSdk: [TaskDispatchPostback] OTHER queue finished task TaskDispatchPostback
11-29 14:52:09.809   948  1273 E EGL_adreno: [getAttribValue] Bad attribute idx
11-29 14:52:09.809   948  1273 D EGL_adreno: eglGetConfigAttrib: bad attrib 0x3339
11-29 14:52:09.837   948  1374 W AppLovinSdk: [NetworkCommunicationThread] Failed to make HTTP request
11-29 14:52:09.838   948  1179 E AppLovinSdk: [ConnectionManager] Failed POST returned -1009 in 0.033 s over wifi to #-2033460807 "rt.applovin.com/4.0/pix"
11-29 14:52:09.839   948  1179 E AppLovinSdk: [TaskRepeatRequest] Failed to dispatch postback. Error code: -1009 URL: https://rt.applovin.com/4.0/pix
11-29 14:52:09.839   948  1179 I AppLovinSdk: [PersistentPostbackManager] Failed to submit postback: PostbackRequest{uniqueId='bfd6079c-3a27-4a1f-9006-61837608a8e2', communicatorRequestId='null', httpMethod='null', targetUrl='https://rt.applovin.com/4.0/pix', backupUrl='https://rt.applvn.com/4.0/pix', attemptNumber=1, isEncodingEnabled=true, isGzipBodyEncoding=false, isAllowedPreInitEvent=true, shouldFireInWebView=false} with error code: -1009; will retry later...
11-29 14:52:09.857   948  1273 E EGL_adreno: tid 1273: eglSurfaceAttrib(1640): error 0x3009 (EGL_BAD_MATCH)
11-29 14:52:09.857   948  1273 W OpenGLRenderer: Failed to set EGL_SWAP_BEHAVIOR on surface 0xf337ac20, error=EGL_BAD_MATCH
11-29 14:52:09.892   948 25725 W System.err: java.net.UnknownHostException: Unable to resolve host "www.microvirt.com": No address associated with hostname
11-29 14:52:09.897   948 25725 W System.err: 	at java.net.Inet6AddressImpl.lookupHostByName(Inet6AddressImpl.java:157)
11-29 14:52:09.897   948 25725 W System.err: 	at java.net.Inet6AddressImpl.lookupAllHostAddr(Inet6AddressImpl.java:105)
11-29 14:52:09.897   948 25725 W System.err: 	at java.net.InetAddress.getAllByName(InetAddress.java:1154)
11-29 14:52:09.898   948 25725 W System.err: 	at okhttp3.Dns.lambda$static$0(Unknown Source:2)
11-29 14:52:09.898   948 25725 W System.err: 	at okhttp3.Dns.a(Unknown Source:0)
11-29 14:52:09.898   948 25725 W System.err: 	at okhttp3.c.lookup(Unknown Source:0)
11-29 14:52:09.898   948 25725 W System.err: 	at okhttp3.internal.connection.RouteSelector.resetNextInetSocketAddress(Unknown Source:129)
11-29 14:52:09.898   948 25725 W System.err: 	at okhttp3.internal.connection.RouteSelector.nextProxy(Unknown Source:20)
11-29 14:52:09.898   948 25725 W System.err: 	at okhttp3.internal.connection.RouteSelector.next(Unknown Source:17)
11-29 14:52:09.898   948 25725 W System.err: 	at okhttp3.internal.connection.ExchangeFinder.findConnection(Unknown Source:129)
11-29 14:52:09.898   948 25725 W System.err: 	at okhttp3.internal.connection.ExchangeFinder.findHealthyConnection(Unknown Source:0)
11-29 14:52:09.898   948 25725 W System.err: 	at okhttp3.internal.connection.ExchangeFinder.find(Unknown Source:22)
11-29 14:52:09.898   948 25725 W System.err: 	at okhttp3.internal.connection.Transmitter.newExchange(Unknown Source:16)
11-29 14:52:09.898   948 25725 W System.err: 	at okhttp3.internal.connection.ConnectInterceptor.intercept(Unknown Source:23)
11-29 14:52:09.898   948 25725 W System.err: 	at okhttp3.internal.http.RealInterceptorChain.proceed(SourceFile:10)
11-29 14:52:09.898   948 25725 W System.err: 	at okhttp3.internal.http.RealInterceptorChain.proceed(SourceFile:1)
11-29 14:52:09.898   948 25725 W System.err: 	at okhttp3.internal.cache.CacheInterceptor.intercept(Unknown Source:132)
11-29 14:52:09.898   948 25725 W System.err: 	at okhttp3.internal.http.RealInterceptorChain.proceed(SourceFile:10)
11-29 14:52:09.898   948 25725 W System.err: 	at okhttp3.internal.http.RealInterceptorChain.proceed(SourceFile:1)
11-29 14:52:09.898   948 25725 W System.err: 	at okhttp3.internal.http.BridgeInterceptor.intercept(Unknown Source:161)
11-29 14:52:09.898   948 25725 W System.err: 	at okhttp3.internal.http.RealInterceptorChain.proceed(SourceFile:10)
11-29 14:52:09.898   948 25725 W System.err: 	at okhttp3.internal.http.RetryAndFollowUpInterceptor.intercept(Unknown Source:23)
11-29 14:52:09.898   948 25725 W System.err: 	at okhttp3.internal.http.RealInterceptorChain.proceed(SourceFile:10)
11-29 14:52:09.898   948 25725 W System.err: 	at okhttp3.internal.http.RealInterceptorChain.proceed(SourceFile:1)
11-29 14:52:09.898   948 25725 W System.err: 	at p4.c$a.intercept(Unknown Source:99)
11-29 14:52:09.898   948 25725 W System.err: 	at okhttp3.internal.http.RealInterceptorChain.proceed(SourceFile:10)
11-29 14:52:09.898   948 25725 W System.err: 	at okhttp3.internal.http.RealInterceptorChain.proceed(SourceFile:1)
11-29 14:52:09.899   948 25725 W System.err: 	at okhttp3.RealCall.getResponseWithInterceptorChain(Unknown Source:120)
11-29 14:52:09.899   948 25725 W System.err: 	at okhttp3.RealCall.getResponseWithInterceptorChainP(Unknown Source:0)
11-29 14:52:09.899   948 25725 W System.err: 	at okhttp3.OkHttpOkHttp3Extension.okhttp3RealCall_getResponseWithInterceptorChain(OkHttpSourceFile:27)
11-29 14:52:09.899   948 25725 W System.err: 	at okhttp3.RealCall.execute(Unknown Source:28)
11-29 14:52:09.899   948 25725 W System.err: 	at retrofit2.OkHttpCall.execute(Unknown Source:20)
11-29 14:52:09.899   948 25725 W System.err: 	at retrofit2.DefaultCallAdapterFactory$ExecutorCallbackCall.execute(Unknown Source:2)
11-29 14:52:09.899   948 25725 W System.err: 	at p4.d.h(Unknown Source:22)
11-29 14:52:09.899   948 25725 W System.err: 	at com.microvirt.launcher.search.XYSearch.v(Unknown Source:0)
11-29 14:52:09.899   948 25725 W System.err: 	at com.microvirt.launcher.search.XYSearch.d(Unknown Source:0)
11-29 14:52:09.899   948 25725 W System.err: 	at u4.k.run(Unknown Source:2)
11-29 14:52:09.899   948 25725 W System.err: 	at java.lang.Thread.run(Thread.java:764)
11-29 14:52:09.899   948 25725 W System.err: Caused by: android.system.GaiException: android_getaddrinfo failed: EAI_NODATA (No address associated with hostname)
11-29 14:52:09.899   948 25725 W System.err: 	at libcore.io.Linux.android_getaddrinfo(Native Method)
11-29 14:52:09.899   948 25725 W System.err: 	at libcore.io.BlockGuardOs.android_getaddrinfo(BlockGuardOs.java:172)
11-29 14:52:09.899   948 25725 W System.err: 	at java.net.Inet6AddressImpl.lookupHostByName(Inet6AddressImpl.java:137)
11-29 14:52:09.899   948 25725 W System.err: 	... 37 more
11-29 14:52:09.928   167   244 I chatty  : uid=1000(system) Binder:167_2 expire 1 line
11-29 14:52:10.204   948  1273 E EGL_adreno: [getAttribValue] Bad attribute idx
11-29 14:52:10.204   948  1273 D EGL_adreno: eglGetConfigAttrib: bad attrib 0x3339
11-29 14:52:10.211   167   882 D gralloc_gmin: gralloc_alloc: Creating ashmem region of size 8192
11-29 14:52:10.220   948  1273 E EGL_adreno: tid 1273: eglSurfaceAttrib(1640): error 0x3009 (EGL_BAD_MATCH)
11-29 14:52:10.220   948  1273 W OpenGLRenderer: Failed to set EGL_SWAP_BEHAVIOR on surface 0xd2f96b00, error=EGL_BAD_MATCH
11-29 14:52:10.319 22538 25705 I FA      : Application backgrounded at: timestamp_millis: 1764399128304
11-29 14:52:10.346   948  1273 W OpenGLRenderer: Incorrectly called buildLayer on View: j2, destroying layer...
11-29 14:52:10.349   167   882 D gralloc_gmin: gralloc_alloc: Creating ashmem region of size 2363392
11-29 14:52:10.461   565   565 W StaticLayout: maxLineHeight should not be -1.  maxLines:1 lineCount:1
11-29 14:52:10.461   565   565 W StaticLayout: maxLineHeight should not be -1.  maxLines:1 lineCount:1
11-29 14:52:12.026   167   882 D gralloc_gmin: gralloc_alloc: Creating ashmem region of size 61440
11-29 14:52:12.027   948  1273 E EGL_adreno: [getAttribValue] Bad attribute idx
11-29 14:52:12.027   948  1273 D EGL_adreno: eglGetConfigAttrib: bad attrib 0x3339
11-29 14:52:12.029   167   882 D gralloc_gmin: gralloc_alloc: Creating ashmem region of size 61440
11-29 14:52:12.032   167   882 D gralloc_gmin: gralloc_alloc: Creating ashmem region of size 61440
11-29 14:52:12.044   948  1273 E EGL_adreno: tid 1273: eglSurfaceAttrib(1640): error 0x3009 (EGL_BAD_MATCH)
11-29 14:52:12.044   948  1273 W OpenGLRenderer: Failed to set EGL_SWAP_BEHAVIOR on surface 0xd381e0a0, error=EGL_BAD_MATCH
11-29 14:52:14.500   948   948 W InputEventReceiver: Attempted to finish an input event but the input event receiver has already been disposed.
11-29 14:52:18.227   144   228 W IptablesRestoreController: iptables-restore process 25775 terminated status=256
11-29 14:52:18.245   144   228 W IptablesRestoreController: iptables-restore process 25779 terminated status=256
11-29 14:52:18.245   144   228 E IptablesRestoreController: iptables error:
11-29 14:52:18.245   144   228 E IptablesRestoreController: ------- COMMAND -------
11-29 14:52:18.245   144   228 E IptablesRestoreController: *filter
11-29 14:52:18.245   144   228 E IptablesRestoreController: -I bw_happy_box -m owner --uid-owner 10041 --jump RETURN
11-29 14:52:18.245   144   228 E IptablesRestoreController: COMMIT
11-29 14:52:18.245   144   228 E IptablesRestoreController: 
11-29 14:52:18.245   144   228 E IptablesRestoreController: -------  ERROR -------
11-29 14:52:18.245   144   228 E IptablesRestoreController: ip6tables-restore: line 3 failed
11-29 14:52:18.245   144   228 E IptablesRestoreController: ----------------------
11-29 14:52:18.248   144   226 E TrafficController: Failed to set the counterSet: Bad file descriptor, fd: -1
11-29 14:52:18.282   565 14763 I ndroid.systemu: Explicit concurrent copying GC freed 39358(2003KB) AllocSpace objects, 0(0B) LOS objects, 50% free, 4MB/9MB, paused 36us total 62.758ms
11-29 14:52:18.512   167   243 D gralloc_gmin: gralloc_alloc: Creating ashmem region of size 159744
11-29 14:52:18.513   948  1273 E EGL_adreno: [getAttribValue] Bad attribute idx
11-29 14:52:18.513   948  1273 D EGL_adreno: eglGetConfigAttrib: bad attrib 0x3339
11-29 14:52:18.518   167   243 D gralloc_gmin: gralloc_alloc: Creating ashmem region of size 159744
11-29 14:52:18.521   167   243 D gralloc_gmin: gralloc_alloc: Creating ashmem region of size 159744
11-29 14:52:18.532   948  1273 E EGL_adreno: tid 1273: eglSurfaceAttrib(1640): error 0x3009 (EGL_BAD_MATCH)
11-29 14:52:18.532   948  1273 W OpenGLRenderer: Failed to set EGL_SWAP_BEHAVIOR on surface 0xd381ca80, error=EGL_BAD_MATCH
11-29 14:52:19.504 25791 25791 D su      : starting daemon client 10016 10016
11-29 14:52:19.515 25792 25792 E su      : connect failed with 111: Connection refused
11-29 14:52:19.522   415  5357 I ActivityManager: START u0 {act=android.intent.action.DELETE dat=package:com.excell44.educam.debug flg=0x10800000 cmp=com.android.packageinstaller/.UninstallerActivity} from uid 10016
11-29 14:52:19.549   948   948 D FirebaseSessions: App backgrounded on com.microvirt.launcher2
11-29 14:52:19.570 21495 21495 W ActivityThread: handleWindowVisibility: no activity for token android.os.BinderProxy@b0efaa6
11-29 14:52:19.581   948   948 I Launcher: Deferring update until onResume
11-29 14:52:19.588   144   226 E TrafficController: Failed to set the counterSet: Bad file descriptor, fd: -1
11-29 14:52:19.687   415   429 W ActivityManager: Launch timeout has expired, giving up wake lock!
11-29 14:52:19.698   167   244 D gralloc_gmin: gralloc_alloc: Creating ashmem region of size 786432
11-29 14:52:19.699 21495 21527 E EGL_adreno: [getAttribValue] Bad attribute idx
11-29 14:52:19.699 21495 21527 D EGL_adreno: eglGetConfigAttrib: bad attrib 0x3339
11-29 14:52:19.725   167   244 D gralloc_gmin: gralloc_alloc: Creating ashmem region of size 786432
11-29 14:52:19.732   167   244 D gralloc_gmin: gralloc_alloc: Creating ashmem region of size 786432
11-29 14:52:19.771 21495 21527 E EGL_adreno: tid 21527: eglSurfaceAttrib(1640): error 0x3009 (EGL_BAD_MATCH)
11-29 14:52:19.771 21495 21527 W OpenGLRenderer: Failed to set EGL_SWAP_BEHAVIOR on surface 0x7fabbd69fd80, error=EGL_BAD_MATCH
11-29 14:52:19.777   167   167 D SurfaceFlinger: duplicate layer name: changing com.android.packageinstaller/com.android.packageinstaller.UninstallerActivity to com.android.packageinstaller/com.android.packageinstaller.UninstallerActivity#1
11-29 14:52:19.783   167   244 D gralloc_gmin: gralloc_alloc: Creating ashmem region of size 4096
11-29 14:52:19.786   167   244 D gralloc_gmin: gralloc_alloc: Creating ashmem region of size 4096
11-29 14:52:19.787 21495 21527 E EGL_adreno: [getAttribValue] Bad attribute idx
11-29 14:52:19.787 21495 21527 D EGL_adreno: eglGetConfigAttrib: bad attrib 0x3339
11-29 14:52:19.789   167   244 D gralloc_gmin: gralloc_alloc: Creating ashmem region of size 4096
11-29 14:52:19.807 21495 21527 E EGL_adreno: tid 21527: eglSurfaceAttrib(1640): error 0x3009 (EGL_BAD_MATCH)
11-29 14:52:19.807 21495 21527 W OpenGLRenderer: Failed to set EGL_SWAP_BEHAVIOR on surface 0x7fabbf02bb00, error=EGL_BAD_MATCH
11-29 14:52:19.879   415   437 I chatty  : uid=1000(system) android.display expire 1 line
11-29 14:52:20.881 21495 21495 I UninstallerActivity: Uninstalling extras=Bundle[{com.android.packageinstaller.extra.APP_LABEL=EduCam, com.android.packageinstaller.applicationInfo=ApplicationInfo{2974048 com.excell44.educam.debug}, android.intent.extra.UNINSTALL_ALL_USERS=false, com.android.packageinstaller.extra.UNINSTALL_ID=-2147483644}]
11-29 14:52:20.885   415   429 I ActivityManager: Force stopping com.excell44.educam.debug appid=10092 user=0: deletePackageX
11-29 14:52:20.886   415   429 I ActivityManager: Killing 22538:com.excell44.educam.debug/u0a92 (adj 901): stop com.excell44.educam.debug
11-29 14:52:20.893   415   445 I PackageManager: Removing old permission tree: com.excell44.educam.debug.DYNAMIC_RECEIVER_NOT_EXPORTED_PERMISSION from package com.excell44.educam.debug
11-29 14:52:20.893 21495 21527 D OpenGLRenderer: endAllActiveAnimators on 0x7fabbd696d00 (RippleDrawable) with handle 0x7fabc6f8ea80
11-29 14:52:20.897  1574  1574 I Finsky  : [2] nla.onTrimMemory(1): Memory trim requested to level 80
11-29 14:52:20.897  1574  1574 I Finsky  : [2] lbg.accept(9): Flushing in-memory image cache
11-29 14:52:20.900   415   429 I ActivityManager:   Force finishing activity ActivityRecord{ece374e u0 com.excell44.educam.debug/com.excell44.educam.MainActivity t94}
11-29 14:52:20.911 15778 22794 I cr_BindingManager: onTrimMemory: level=80, size=0
11-29 14:52:20.933   167   882 W SurfaceFlinger: Attempting to destroy on removed layer: AppWindowToken{f11b17c token=Token{6fb806f ActivityRecord{ece374e u0 com.excell44.educam.debug/com.excell44.educam.MainActivity t94}}}#0
11-29 14:52:20.993   146   146 I Zygote  : Process 22538 exited due to signal (9)
11-29 14:52:21.261   177   177 I keystore: clear_uid 10092
11-29 14:52:21.263   948   948 D FirebaseSessions: App foregrounded on com.microvirt.launcher2
11-29 14:52:21.285   167   243 D gralloc_gmin: gralloc_alloc: Creating ashmem region of size 2363392
11-29 14:52:21.305   415 13475 I chatty  : uid=1000(system) Binder:415_14 expire 1 line
11-29 14:52:21.320   415   430 W Looper  : Slow dispatch took 365ms android.ui h=com.android.server.am.ActivityManagerService$UiHandler c=null m=31
11-29 14:52:21.321   415   437 W ActivityManager: setHasOverlayUi called on unknown pid: 22538
11-29 14:52:21.322   144   226 E TrafficController: Failed to delete the counterSet: Bad file descriptor
11-29 14:52:21.323   415   430 W Looper  : Slow delivery took 362ms android.ui h=com.android.server.am.ActivityManagerService$UiHandler c=null m=53
11-29 14:52:21.325   415   415 W Looper  : Slow dispatch took 333ms main h=com.android.server.notification.NotificationManagerService$WorkerHandler c=com.android.server.notification.NotificationManagerService$PostNotificationRunnable@c572c1b m=0
11-29 14:52:21.326   415   415 W Looper  : Slow delivery took 324ms main h=android.view.GestureDetector$GestureHandler c=null m=3
11-29 14:52:21.326   415   415 W Looper  : Drained
11-29 14:52:21.329   948   948 I onReceive: mBindOnResumeCallbacks:1
11-29 14:52:21.347   415   430 W Looper  : Drained
11-29 14:52:21.390   948 25814 W System.err: java.net.UnknownHostException: Unable to resolve host "www.microvirt.com": No address associated with hostname
11-29 14:52:21.390   948 25814 W System.err: 	at java.net.Inet6AddressImpl.lookupHostByName(Inet6AddressImpl.java:157)
11-29 14:52:21.390   948 25814 W System.err: 	at java.net.Inet6AddressImpl.lookupAllHostAddr(Inet6AddressImpl.java:105)
11-29 14:52:21.390   948 25814 W System.err: 	at java.net.InetAddress.getAllByName(InetAddress.java:1154)
11-29 14:52:21.390   948 25814 W System.err: 	at okhttp3.Dns.lambda$static$0(Unknown Source:2)
11-29 14:52:21.390   948 25814 W System.err: 	at okhttp3.Dns.a(Unknown Source:0)
11-29 14:52:21.390   948 25814 W System.err: 	at okhttp3.c.lookup(Unknown Source:0)
11-29 14:52:21.390   948 25814 W System.err: 	at okhttp3.internal.connection.RouteSelector.resetNextInetSocketAddress(Unknown Source:129)
11-29 14:52:21.390   948 25814 W System.err: 	at okhttp3.internal.connection.RouteSelector.nextProxy(Unknown Source:20)
11-29 14:52:21.390   948 25814 W System.err: 	at okhttp3.internal.connection.RouteSelector.next(Unknown Source:17)
11-29 14:52:21.390   948 25814 W System.err: 	at okhttp3.internal.connection.ExchangeFinder.findConnection(Unknown Source:129)
11-29 14:52:21.390   948 25814 W System.err: 	at okhttp3.internal.connection.ExchangeFinder.findHealthyConnection(Unknown Source:0)
11-29 14:52:21.390   948 25814 W System.err: 	at okhttp3.internal.connection.ExchangeFinder.find(Unknown Source:22)
11-29 14:52:21.390   948 25814 W System.err: 	at okhttp3.internal.connection.Transmitter.newExchange(Unknown Source:16)
11-29 14:52:21.390   948 25814 W System.err: 	at okhttp3.internal.connection.ConnectInterceptor.intercept(Unknown Source:23)
11-29 14:52:21.390   948 25814 W System.err: 	at okhttp3.internal.http.RealInterceptorChain.proceed(SourceFile:10)
11-29 14:52:21.390   948 25814 W System.err: 	at okhttp3.internal.http.RealInterceptorChain.proceed(SourceFile:1)
11-29 14:52:21.390   948 25814 W System.err: 	at okhttp3.internal.cache.CacheInterceptor.intercept(Unknown Source:132)
11-29 14:52:21.390   948 25814 W System.err: 	at okhttp3.internal.http.RealInterceptorChain.proceed(SourceFile:10)
11-29 14:52:21.390   948 25814 W System.err: 	at okhttp3.internal.http.RealInterceptorChain.proceed(SourceFile:1)
11-29 14:52:21.390   948 25814 W System.err: 	at okhttp3.internal.http.BridgeInterceptor.intercept(Unknown Source:161)
11-29 14:52:21.390   948 25814 W System.err: 	at okhttp3.internal.http.RealInterceptorChain.proceed(SourceFile:10)
11-29 14:52:21.390   948 25814 W System.err: 	at okhttp3.internal.http.RetryAndFollowUpInterceptor.intercept(Unknown Source:23)
11-29 14:52:21.390   948 25814 W System.err: 	at okhttp3.internal.http.RealInterceptorChain.proceed(SourceFile:10)
11-29 14:52:21.390   948 25814 W System.err: 	at okhttp3.internal.http.RealInterceptorChain.proceed(SourceFile:1)
11-29 14:52:21.390   948 25814 W System.err: 	at p4.c$a.intercept(Unknown Source:99)
11-29 14:52:21.390   948 25814 W System.err: 	at okhttp3.internal.http.RealInterceptorChain.proceed(SourceFile:10)
11-29 14:52:21.391   948 25814 W System.err: 	at okhttp3.internal.http.RealInterceptorChain.proceed(SourceFile:1)
11-29 14:52:21.391   948 25814 W System.err: 	at okhttp3.RealCall.getResponseWithInterceptorChain(Unknown Source:120)
11-29 14:52:21.391   948 25814 W System.err: 	at okhttp3.RealCall.getResponseWithInterceptorChainP(Unknown Source:0)
11-29 14:52:21.391   948 25814 W System.err: 	at okhttp3.OkHttpOkHttp3Extension.okhttp3RealCall_getResponseWithInterceptorChain(OkHttpSourceFile:27)
11-29 14:52:21.391   948 25814 W System.err: 	at okhttp3.RealCall.execute(Unknown Source:28)
11-29 14:52:21.391   948 25814 W System.err: 	at retrofit2.OkHttpCall.execute(Unknown Source:20)
11-29 14:52:21.391   948 25814 W System.err: 	at retrofit2.DefaultCallAdapterFactory$ExecutorCallbackCall.execute(Unknown Source:2)
11-29 14:52:21.391   948 25814 W System.err: 	at p4.d.h(Unknown Source:22)
11-29 14:52:21.391   948 25814 W System.err: 	at com.microvirt.launcher.search.XYSearch.v(Unknown Source:0)
11-29 14:52:21.391   948 25814 W System.err: 	at com.microvirt.launcher.search.XYSearch.d(Unknown Source:0)
11-29 14:52:21.391   948 25814 W System.err: 	at u4.k.run(Unknown Source:2)
11-29 14:52:21.391   948 25814 W System.err: 	at java.lang.Thread.run(Thread.java:764)
11-29 14:52:21.391   948 25814 W System.err: Caused by: android.system.GaiException: android_getaddrinfo failed: EAI_NODATA (No address associated with hostname)
11-29 14:52:21.391   948 25814 W System.err: 	at libcore.io.Linux.android_getaddrinfo(Native Method)
11-29 14:52:21.391   948 25814 W System.err: 	at libcore.io.BlockGuardOs.android_getaddrinfo(BlockGuardOs.java:172)
11-29 14:52:21.391   948 25814 W System.err: 	at java.net.Inet6AddressImpl.lookupHostByName(Inet6AddressImpl.java:137)
11-29 14:52:21.391   948 25814 W System.err: 	... 37 more
11-29 14:52:21.402   565   789 D         : HostConnection::get() New Host Connection established 0x7fabc6e37430, tid 789
11-29 14:52:21.412   167   244 W SurfaceFlinger: Attempting to set client state on removed layer: com.android.packageinstaller/com.android.packageinstaller.UninstallerActivity#1
11-29 14:52:21.412   167   244 W SurfaceFlinger: Attempting to destroy on removed layer: com.android.packageinstaller/com.android.packageinstaller.UninstallerActivity#1
11-29 14:52:21.420   167   243 W SurfaceFlinger: Attempting to destroy on removed layer: AppWindowToken{2e56428 token=Token{4d0e24b ActivityRecord{4cec71a u0 com.android.packageinstaller/.UninstallerActivity t97}}}#0
11-29 14:52:21.420   167   243 W SurfaceFlinger: Attempting to destroy on removed layer: Task=97#0
11-29 14:52:21.589   415   445 I chatty  : uid=1000(system) PackageManager expire 1 line
11-29 14:52:21.590   167   410 D gralloc_gmin: gralloc_alloc: Creating ashmem region of size 8192
11-29 14:52:21.590   948  1273 E EGL_adreno: [getAttribValue] Bad attribute idx
11-29 14:52:21.590   948  1273 D EGL_adreno: eglGetConfigAttrib: bad attrib 0x3339
11-29 14:52:21.608   167   410 D gralloc_gmin: gralloc_alloc: Creating ashmem region of size 8192
11-29 14:52:21.612   167   410 D gralloc_gmin: gralloc_alloc: Creating ashmem region of size 8192
11-29 14:52:21.616 21495 21495 I UninstallFinish: Uninstall finished extras=Bundle[{android.content.pm.extra.STATUS=0, android.content.pm.extra.PACKAGE_NAME=com.excell44.educam.debug, com.android.packageinstaller.extra.APP_LABEL=EduCam, com.android.packageinstaller.applicationInfo=ApplicationInfo{b11281d com.excell44.educam.debug}, android.intent.extra.UNINSTALL_ALL_USERS=false, android.content.pm.extra.LEGACY_STATUS=1, com.android.packageinstaller.extra.UNINSTALL_ID=-2147483644, android.content.pm.extra.STATUS_MESSAGE=DELETE_SUCCEEDED}]
11-29 14:52:21.619   415   445 I ActivityManager: Force stopping com.excell44.educam.debug appid=10092 user=0: pkg removed
11-29 14:52:21.669   415   445 I ActivityManager: Force stopping com.excell44.educam.debug appid=10092 user=0: pkg removed
11-29 14:52:21.683  1574  1574 I Finsky  : [2] pbn.i(0): PackageMonitorReceiverImpl - Received: android.intent.action.PACKAGE_REMOVED, [anPZr5I9CVwlYGllnw0Ie739tXV945Nb5IAUWc5hFzs]
11-29 14:52:21.692   415   425 W BroadcastQueue: Background execution not allowed: receiving Intent { act=android.intent.action.PACKAGE_REMOVED dat=package:com.excell44.educam.debug flg=0x4000010 (has extras) } to com.android.vending/com.google.android.finsky.packagemanager.impl.PackageMonitorReceiverImpl$RegisteredReceiver
11-29 14:52:21.693   415   429 W BroadcastQueue: Background execution not allowed: receiving Intent { act=android.intent.action.PACKAGE_REMOVED dat=package:com.excell44.educam.debug flg=0x4000010 (has extras) } to com.android.vending/com.google.android.finsky.instantapps.appmanagement.InstantAppRemoveMonitor
11-29 14:52:21.693   415   429 W BroadcastQueue: Background execution not allowed: receiving Intent { act=android.intent.action.PACKAGE_REMOVED dat=package:com.excell44.educam.debug flg=0x4000010 (has extras) } to com.google.android.gms/.games.chimera.GamesSystemBroadcastReceiverProxy
11-29 14:52:21.702   415   429 W BroadcastQueue: Background execution not allowed: receiving Intent { act=android.intent.action.PACKAGE_REMOVED dat=package:com.excell44.educam.debug flg=0x4000010 (has extras) } to com.microvirt.launcher2/com.microvirt.launcher.PackageChangedReceiver
11-29 14:52:21.703  1574  1574 I Finsky  : [2] pcc.n(8): Invalidating cached PackageState for com.excell44.educam.debug
11-29 14:52:21.711   948  1273 E EGL_adreno: tid 1273: eglSurfaceAttrib(1640): error 0x3009 (EGL_BAD_MATCH)
11-29 14:52:21.711   948  1273 W OpenGLRenderer: Failed to set EGL_SWAP_BEHAVIOR on surface 0xd2f96b00, error=EGL_BAD_MATCH
11-29 14:52:21.719   688   688 E PhoneInterfaceManager: [PhoneIntfMgr] getCarrierPackageNamesForIntent: No UICC
11-29 14:52:21.719   688   688 D CarrierSvcBindHelper: No carrier app for: 0
11-29 14:52:21.720  1574  1574 I Finsky  : [2] pcc.s(3): Package no longer installed: com.excell44.educam.debug
11-29 14:52:21.729  1574  1574 I Finsky  : [2] spm.a(8): Clearing split related stale data.
11-29 14:52:21.759   415   415 I chatty  : uid=1000 system_server expire 1 line
11-29 14:52:21.767   415   511 I chatty  : uid=1000(system) InputReader expire 1 line
11-29 14:52:21.772   415   415 I ConditionProviders: Disallowing condition provider com.excell44.educam.debug
11-29 14:52:21.813 21495 21527 E EGL_adreno: [getAttribValue] Bad attribute idx
11-29 14:52:21.813 21495 21527 D EGL_adreno: eglGetConfigAttrib: bad attrib 0x3339
11-29 14:52:21.816   167   244 D gralloc_gmin: gralloc_alloc: Creating ashmem region of size 135168
11-29 14:52:21.819  1574 25826 I Finsky  : [224] jhq.run(18): Frosting DB delete succeeded: true
11-29 14:52:21.836  1574  1574 I Finsky  : [2] ytz.c(3): Do not start WearSupportService due to Wear service optimization
11-29 14:52:21.838  1574 25836 I Finsky  : [230] eyz.accept(33): Asset module storage cleared for package com.excell44.educam.debug.
11-29 14:52:21.841   167   882 D gralloc_gmin: gralloc_alloc: Creating ashmem region of size 135168
11-29 14:52:21.847  1574  1657 I Finsky  : [48] ffu.a(5): AIM: AppInfoManager-Perf > OnDeviceAppInfo > cacheHitCount=0, cacheMissCount=1. Missed  in cache (limit 10) : [com.excell44.educam.debug]
11-29 14:52:21.864   415   522 D WifiConfigManager: Remove all networks for app ApplicationInfo{67fa02e com.excell44.educam.debug}
11-29 14:52:21.913   167   882 D gralloc_gmin: gralloc_alloc: Creating ashmem region of size 135168
11-29 14:52:21.915  1083 25840 I Fitness : FitCleanupIntentOperation received Intent android.intent.action.PACKAGE_REMOVED [CONTEXT service_id=17 ]
11-29 14:52:21.927 21495 21527 E EGL_adreno: tid 21527: eglSurfaceAttrib(1640): error 0x3009 (EGL_BAD_MATCH)
11-29 14:52:21.927 21495 21527 W OpenGLRenderer: Failed to set EGL_SWAP_BEHAVIOR on surface 0x7fabbd6b9f00, error=EGL_BAD_MATCH
11-29 14:52:21.944  1043 25839 I PackageIntentOperation: Feature flags not enabled, skipping. [CONTEXT service_id=258 ]
11-29 14:52:22.002  1574  1574 I Finsky  : [2] pcc.s(3): Package no longer installed: com.excell44.educam.debug
11-29 14:52:22.050  1574  1574 I Finsky  : [2] pbn.i(0): PackageMonitorReceiverImpl - Received: android.intent.action.PACKAGE_FULLY_REMOVED, [anPZr5I9CVwlYGllnw0Ie739tXV945Nb5IAUWc5hFzs]
11-29 14:52:22.051  1574 25826 I Finsky  : [224] jhq.run(18): Frosting DB delete succeeded: false
11-29 14:52:22.051  1574  1574 I Finsky  : [2] pcc.n(8): Invalidating cached PackageState for com.excell44.educam.debug
11-29 14:52:22.061  1574  1574 I Finsky  : [2] pcc.s(3): Package no longer installed: com.excell44.educam.debug
11-29 14:52:22.096  1043  1220 I Icing   : doRemovePackageData com.excell44.educam.debug
11-29 14:52:22.106  1574  1574 I Finsky  : [2] pbn.i(0): PackageMonitorReceiverImpl - Deduping intent android.intent.action.PACKAGE_FULLY_REMOVED
11-29 14:52:22.113  1083  1102 I .gms.persisten: Background concurrent copying GC freed 32140(1884KB) AllocSpace objects, 0(0B) LOS objects, 49% free, 5MB/10MB, paused 42us total 114.898ms
11-29 14:52:22.121  1574 25826 I Finsky  : [224] jhq.run(18): Frosting DB delete succeeded: false
11-29 14:52:22.138  1574 25857 I Finsky  : [234] kkj.accept(5): IQ: handled package removed
11-29 14:52:22.149  1574  1657 I Finsky  : [48] ffp.a(11): AIM: AppInfoManager-Perf > ItemModel > CacheSize=0, cacheHitCount=0, cacheMissCount=1, total appsWithNoServerDataCount=0. Missed  in cache (limit 10) : [com.excell44.educam.debug]
11-29 14:52:22.151  1574  1657 I Finsky  : [48] ffs.p(2): AIM: AppInfoManager-Perf > ItemModel > ItemStore Called 1 apps cacheOptions = USE_CACHE
11-29 14:52:22.152  1574  1657 I Finsky  : [48] lzt.g(20): ItemStore: Not cached: com.excell44.educam.debug
11-29 14:52:22.161  1043 22516 I ContentMaintenance: Internal cache bytes used: 0; limit: 100000000; download size: 0
11-29 14:52:22.189  1574  1679 E Finsky  : [62] gpr.a(51): Unexpected android-id = 0
11-29 14:52:22.190  1574  1679 E Finsky  : [62] gpr.a(51): Unexpected android-id = 0
11-29 14:52:22.191  1574  1679 E Finsky  : [62] hat.h(4): [DC] Android id should not be null
11-29 14:52:22.193  1574  1657 I Finsky  : [48] ffp.a(80): AIM: ItemModel fetch - unauth(1), auth()
11-29 14:52:22.193  1043  1544 I Icing   : IndexChimeraService.getServiceInterface callingPackage=com.google.android.gms componentName=AppsCorpus serviceId=36
11-29 14:52:22.196  1043  1043 D BoundBrokerSvc: onBind: Intent { act=com.google.android.gms.feedback.internal.IFeedbackService cmp=com.google.android.gms/.chimera.GmsBoundBrokerService }
11-29 14:52:22.198  1043  1043 D BoundBrokerSvc: Loading bound service for intent: Intent { act=com.google.android.gms.feedback.internal.IFeedbackService cmp=com.google.android.gms/.chimera.GmsBoundBrokerService }
11-29 14:52:22.218  1574  1661 E Finsky  : [52] lzr.a(13): ItemStore: getItems RPC failed.
11-29 14:52:22.237  1043 22516 I RealtimeCacheCleanup: Beginning Realtime garbage collection.
11-29 14:52:22.259  1043 22516 I RealtimeCacheCleanup: Finished Realtime garbage collection.
11-29 14:52:22.290   565   565 W StaticLayout: maxLineHeight should not be -1.  maxLines:1 lineCount:1
11-29 14:52:22.295  1043  1220 W Icing   : No valid account for uploading user actions
11-29 14:52:22.295   565   565 W StaticLayout: maxLineHeight should not be -1.  maxLines:1 lineCount:1
11-29 14:52:22.300  1574  1660 I Finsky  : [51] rgm.accept(45): SCH: Scheduling phonesky job Id: 12-1, CT: 1764399142108, Constraints: [{ L: 15000, D: 86400000, C: 1, I: 1, N: 1 }]
11-29 14:52:22.300  1083  1083 D BoundBrokerSvc: onBind: Intent { act=com.google.android.gms.icing.LIGHTWEIGHT_INDEX_SERVICE cmp=com.google.android.gms/.chimera.PersistentApiService }
11-29 14:52:22.300  1083  1083 D BoundBrokerSvc: Loading bound service for intent: Intent { act=com.google.android.gms.icing.LIGHTWEIGHT_INDEX_SERVICE cmp=com.google.android.gms/.chimera.PersistentApiService }
11-29 14:52:22.351  1574  1660 I Finsky  : [51] rei.apply(84): SCH: Scheduling 1 system job(s)
11-29 14:52:22.356  1574  1660 I Finsky  : [51] rei.apply(90): SCH: Scheduling system job Id: 9451, L: 14757, D: 16817406, C: false, I: false, N: 1
11-29 14:52:22.396  1043  2111 I Icing   : IndexChimeraService.getServiceInterface callingPackage=com.google.android.gms componentName=null serviceId=30
11-29 14:52:22.402  1083  2896 W NetworkScheduler: Error inserting period=16000 preferred_charging_state=1 preferred_network_type=1 target_class=com.google.android.gms.measurement.PackageMeasurementTaskService required_network_type=0 runtime=1764399142388 required_idleness_state=0 source=16 service_kind=0 target_package=com.google.android.gms persistence_level=1 source_version=220920000 last_runtime=0 user_id=0 job_id=-1 requires_charging=0 tag=Measurement.PackageMeasurementTaskService.UPLOAD_TASK_TAG flex_time=7000 task_type=0 retry_strategy={"maximum_backoff_seconds":{"3600":0},"initial_backoff_seconds":{"30":0},"retry_policy":{"0":0}}, error message: UNIQUE constraint failed: pending_ops.tag, pending_ops.target_class, pending_ops.target_package, pending_ops.user_id (code 2067 SQLITE_CONSTRAINT_UNIQUE) [CONTEXT service_id=218 ]
11-29 14:52:22.414  1574  1661 I Finsky  : [52] vy.invoke(12): [ContentSync] finished, scheduled=true
11-29 14:52:22.415  1043  1220 I Icing   : Usage reports ok 1, Failed Usage reports 0, indexed 0, rejected 0
11-29 14:52:22.469  1043  1220 W Icing   : No valid account for uploading user actions
11-29 14:52:22.502  1043  1220 I Icing   : Usage reports ok 0, Failed Usage reports 0, indexed 0, rejected 0
11-29 14:52:22.814   165   330 W AudioFlinger: write blocked for 1385 msecs, 10 delayed writes, thread 0xf4003c00
11-29 14:52:23.318   415   428 W Searchables: No global search activity found
11-29 14:52:23.320   415   428 W LocationProviderProxy-network: com.google.android.gms resolves service com.android.location.service.v3.NetworkLocationProvider, but has wrong signature, ignoring
11-29 14:52:23.320   415   428 W LocationProviderProxy-network: Odd, no component found for service com.android.location.service.v3.NetworkLocationProvider
11-29 14:52:23.320   415   428 W LocationProviderProxy-fused: com.google.android.gms resolves service com.android.location.service.FusedLocationProvider, but has wrong signature, ignoring
11-29 14:52:23.320   415   428 W GeocoderProxy: com.google.android.gms resolves service com.android.location.service.GeocodeProvider, but has wrong signature, ignoring
11-29 14:52:23.320   415   428 W GeocoderProxy: Odd, no component found for service com.android.location.service.GeocodeProvider
11-29 14:52:23.321   415   428 W GeofenceProxy: com.google.android.gms resolves service com.android.location.service.GeofenceProvider, but has wrong signature, ignoring
11-29 14:52:23.321   415   428 W GeofenceProxy: Odd, no component found for service com.android.location.service.GeofenceProvider
11-29 14:52:23.321   415   428 W ActivityRecognitionProxy: com.google.android.gms resolves service com.android.location.service.ActivityRecognitionProvider, but has wrong signature, ignoring
11-29 14:52:23.321   415   428 W ActivityRecognitionProxy: Odd, no component found for service com.android.location.service.ActivityRecognitionProvider
11-29 14:52:23.456  1043  1220 I Icing   : Indexing com.google.android.gms-apps from com.google.android.gms
11-29 14:52:23.484  1043  1220 I Icing   : Indexing com.google.android.gms-internal.3p:MobileApplication from com.google.android.gms
11-29 14:52:23.503  1043  1220 I Icing   : Indexing done com.google.android.gms-apps
11-29 14:52:23.508  1043  1220 I Icing   : Indexing done com.google.android.gms-internal.3p:MobileApplication
11-29 14:52:25.206   415  1088 W NotificationService: Toast already killed. pkg=com.android.packageinstaller callback=android.app.ITransientNotification$Stub$Proxy@c6c0c31
11-29 14:52:25.538  1083  2896 I NetworkScheduler.Stats: Task com.google.android.gms/com.google.android.gms.auth.account.be.legacy.AuthCronService started execution. cause:4 exec_start_elapsed_seconds: 6579 [CONTEXT service_id=218 ]
11-29 14:52:25.545  1083  1327 I NetworkScheduler.Stats: Task com.google.android.gms/com.google.android.gms.auth.account.be.legacy.AuthCronService finished executing. cause:4 result: 1 elapsed_millis: 21 uptime_millis: 21 exec_start_elapsed_seconds: 6579 [CONTEXT service_id=218 ]
11-29 14:52:30.388  1083  1984 W NetworkScheduler: Error inserting period=3620000 preferred_charging_state=1 preferred_network_type=1 target_class=com.google.android.gms.measurement.PackageMeasurementTaskService required_network_type=0 runtime=1764399150385 required_idleness_state=0 source=16 service_kind=0 target_package=com.google.android.gms persistence_level=1 source_version=220920000 last_runtime=0 user_id=0 job_id=-1 requires_charging=0 tag=Measurement.PackageMeasurementTaskService.UPLOAD_TASK_TAG flex_time=1809000 task_type=0 retry_strategy={"maximum_backoff_seconds":{"3600":0},"initial_backoff_seconds":{"30":0},"retry_policy":{"0":0}}, error message: UNIQUE constraint failed: pending_ops.tag, pending_ops.target_class, pending_ops.target_package, pending_ops.user_id (code 2067 SQLITE_CONSTRAINT_UNIQUE) [CONTEXT service_id=218 ]
11-29 14:52:30.942   415   429 W ActivityManager: Launch timeout has expired, giving up wake lock!
11-29 14:52:31.298  1043  1043 D BoundBrokerSvc: onUnbind: Intent { act=com.google.android.gms.measurement.START pkg=com.google.android.gms }
11-29 14:52:31.309   144   228 W IptablesRestoreController: iptables-restore process 25903 terminated status=256
11-29 14:52:31.310   144   228 E IptablesRestoreController: iptables error:
11-29 14:52:31.310   144   228 E IptablesRestoreController: ------- COMMAND -------
11-29 14:52:31.310   144   228 E IptablesRestoreController: *filter
11-29 14:52:31.310   144   228 E IptablesRestoreController: -I bw_happy_box -m owner --uid-owner 10041 --jump RETURN
11-29 14:52:31.310   144   228 E IptablesRestoreController: COMMIT
11-29 14:52:31.310   144   228 E IptablesRestoreController: 
11-29 14:52:31.310   144   228 E IptablesRestoreController: -------  ERROR -------
11-29 14:52:31.310   144   228 E IptablesRestoreController: iptables-restore: line 3 failed
11-29 14:52:31.310   144   228 E IptablesRestoreController: ----------------------
11-29 14:52:31.320   144   228 W IptablesRestoreController: iptables-restore process 25907 terminated status=256
11-29 14:52:31.321   144   228 E IptablesRestoreController: iptables error:
11-29 14:52:31.321   144   228 E IptablesRestoreController: ------- COMMAND -------
11-29 14:52:31.321   144   228 E IptablesRestoreController: *filter
11-29 14:52:31.321   144   228 E IptablesRestoreController: -I bw_happy_box -m owner --uid-owner 10041 --jump RETURN
11-29 14:52:31.321   144   228 E IptablesRestoreController: COMMIT
11-29 14:52:31.321   144   228 E IptablesRestoreController: 
11-29 14:52:31.321   144   228 E IptablesRestoreController: -------  ERROR -------
11-29 14:52:31.321   144   228 E IptablesRestoreController: ip6tables-restore: line 3 failed
11-29 14:52:31.321   144   228 E IptablesRestoreController: ----------------------
11-29 14:52:31.322   144   226 E TrafficController: Failed to delete the counterSet: Bad file descriptor
11-29 14:52:32.267   415   545 W ActivityManager: Unable to start service Intent { act=com.microvirt.download.IDownloadAidlInterface pkg=com.microvirt.market } U=0: not found
11-29 14:52:32.488  1083  1102 W .gms.persisten: Suspending all threads took: 7.647ms
11-29 14:52:32.939   415  2276 W ActivityManager: Unable to start service Intent { act=com.microvirt.download.IDownloadAidlInterface pkg=com.microvirt.market } U=0: not found
11-29 14:52:33.167  1574  1574 I Finsky  : [2] ybr.c(8): VerifyApps:, Install-time verification requested for package com.excell44.educam.debug, id = 4
11-29 14:52:33.229  1574 25858 E Finsky  : [235] gpr.a(51): Unexpected android-id = 0
11-29 14:52:33.232  1574 25858 W Settings: Setting install_non_market_apps has moved from android.provider.Settings.Global to android.provider.Settings.Secure, returning read-only value.
11-29 14:52:35.147  1574 25858 I Finsky  : [235] VerifyAppsInstallTask.adH(130): VerifyApps: Skipping verification. Disabled by user setting
11-29 14:52:35.758  1574 25858 I Finsky  : [235] VerifyPerSourceInstallationConsentInstallTask.adH(2): PSIC verification started with installer uid: 10008 package name: com.microvirt.download, originating uid: -1
11-29 14:52:35.769  1574 25858 I Finsky  : [235] VerifyPerSourceInstallationConsentInstallTask.adH(10): Skipping logging for attempted installation. The source is a system package.
11-29 14:52:35.770  1574  1574 I Finsky  : [2] VerifyInstallTask.j(2): VerifyApps: Returning package verification result id=4, result=ALLOW
11-29 14:52:35.774  1574  1574 I Finsky  : [2] VerifyInstallTask.adG(7): VerifyApps: Verification complete: id=4, package_name=com.excell44.educam.debug
11-29 14:52:36.192   415   415 W WindowManager: removeWindowToken: Attempted to remove non-existing token: android.os.Binder@5a6fbc9
11-29 14:52:36.319   415   445 V BackupManagerService: restoreAtInstall pkg=com.excell44.educam.debug token=5 restoreSet=0
11-29 14:52:36.320   415   445 V BackupManagerService: Finishing install immediately
11-29 14:52:36.338   176   176 E         : Couldn't opendir /data/app/vmdl451992979.tmp: No such file or directory
11-29 14:52:36.338   176   176 E installd: Failed to delete /data/app/vmdl451992979.tmp: No such file or directory
11-29 14:52:36.391  1574  1574 I Finsky  : [2] pbn.i(0): PackageMonitorReceiverImpl - Received: android.intent.action.PACKAGE_ADDED, [anPZr5I9CVwlYGllnw0Ie739tXV945Nb5IAUWc5hFzs]
11-29 14:52:36.391  1574  1574 I Finsky  : [2] pcc.n(8): Invalidating cached PackageState for com.excell44.educam.debug
11-29 14:52:36.405   415   511 I InputReader: Reconfiguring input devices.  changes=0x00000010
11-29 14:52:36.409   948   948 I notify  : ins-com.excell44.educam.debug
11-29 14:52:36.434   688   688 E PhoneInterfaceManager: [PhoneIntfMgr] getCarrierPackageNamesForIntent: No UICC
11-29 14:52:36.434   688   688 D CarrierSvcBindHelper: No carrier app for: 0
11-29 14:52:36.435   415  1350 W BroadcastQueue: Background execution not allowed: receiving Intent { act=android.intent.action.PACKAGE_ADDED dat=package:com.excell44.educam.debug flg=0x4000010 (has extras) } to com.android.vending/com.google.android.finsky.packagemanager.impl.PackageMonitorReceiverImpl$RegisteredReceiver
11-29 14:52:36.441  1574  1574 I Finsky  : [2] spm.a(8): Clearing split related stale data.
11-29 14:52:36.445   415   429 W BroadcastQueue: Background execution not allowed: receiving Intent { act=android.intent.action.PACKAGE_ADDED dat=package:com.excell44.educam.debug flg=0x4000010 (has extras) } to com.google.android.gms/.games.chimera.GamesSystemBroadcastReceiverProxy
11-29 14:52:36.446   415   429 W BroadcastQueue: Background execution not allowed: receiving Intent { act=android.intent.action.PACKAGE_ADDED dat=package:com.excell44.educam.debug flg=0x4000010 (has extras) } to com.google.android.gms/.gass.chimera.PackageChangeBroadcastReceiver
11-29 14:52:36.446   415   429 W BroadcastQueue: Background execution not allowed: receiving Intent { act=android.intent.action.PACKAGE_ADDED dat=package:com.excell44.educam.debug flg=0x4000010 (has extras) } to com.microvirt.launcher2/com.microvirt.launcher.PackageChangedReceiver
11-29 14:52:36.455   415   428 W Searchables: No global search activity found
11-29 14:52:36.460   948  1148 I onReceive: add matches:1
11-29 14:52:36.466  1574 25826 I Finsky  : [224] jhq.run(19): Wrote row to frosting DB: 157
11-29 14:52:36.467   415   415 I Telecom : DefaultDialerCache: Refreshing default dialer for user 0: now null: DDC.oR@ADI
11-29 14:52:36.468  1574  1574 I Finsky  : [2] ytz.c(3): Do not start WearSupportService due to Wear service optimization
11-29 14:52:36.489  1574  1659 I Finsky  : [50] ffu.a(5): AIM: AppInfoManager-Perf > OnDeviceAppInfo > cacheHitCount=0, cacheMissCount=1. Missed  in cache (limit 10) : [com.excell44.educam.debug]
11-29 14:52:36.490   415   415 V BackupManagerConstants: getFullBackupIntervalMilliseconds(...) returns 86400000
11-29 14:52:36.490  1574 25836 I Finsky  : [230] eyz.accept(33): Asset module storage cleared for package com.excell44.educam.debug.
11-29 14:52:36.502   415   428 W VoiceInteractionManagerService: no available voice recognition services found for user 0
11-29 14:52:36.502   415   428 W LocationProviderProxy-network: com.google.android.gms resolves service com.android.location.service.v3.NetworkLocationProvider, but has wrong signature, ignoring
11-29 14:52:36.502   415   428 W LocationProviderProxy-network: Odd, no component found for service com.android.location.service.v3.NetworkLocationProvider
11-29 14:52:36.505   415   428 W LocationProviderProxy-fused: com.google.android.gms resolves service com.android.location.service.FusedLocationProvider, but has wrong signature, ignoring
