11-28 12:40:18.156  2011 16755 I ImsServiceSwitchEur[0]:  isRcsEnabled: false mDefaultSms false mUpsmEnabled false mEmergencyEnabled false
11-28 12:40:18.157  2011 16755 I ImsServiceStub<0>: isServiceAvailable: presence, rat: -1, profileFind:false, Enabled:false
11-28 12:40:18.160  2011 16755 I ImsServiceSwitchEur[0]:  isRcsEnabled: false mDefaultSms false mUpsmEnabled false mEmergencyEnabled false
11-28 12:40:18.161  2011 16755 I ImsServiceStub<0>: isServiceAvailable: options, rat: -1, profileFind:false, Enabled:false
11-28 12:40:18.164  2011 16755 I ImsServiceSwitchEur[0]:  isRcsEnabled: false mDefaultSms false mUpsmEnabled false mEmergencyEnabled false
11-28 12:40:18.164  2011 16755 I ImsServiceStub<0>: isServiceAvailable: im, rat: -1, profileFind:false, Enabled:false
11-28 12:40:18.168  2011 16755 I ImsServiceSwitchEur[0]:  isRcsEnabled: false mDefaultSms false mUpsmEnabled false mEmergencyEnabled false
11-28 12:40:18.168  2011 16755 I ImsServiceStub<0>: isServiceAvailable: im, rat: -1, profileFind:false, Enabled:false
11-28 12:40:18.171  2011  2857 I ImsServiceSwitchEur[0]:  isRcsEnabled: false mDefaultSms false mUpsmEnabled false mEmergencyEnabled false
11-28 12:40:18.171  2011  2857 I ImsServiceStub<0>: isServiceAvailable: ft, rat: -1, profileFind:false, Enabled:false
11-28 12:40:18.174  2011 16755 I ImsServiceSwitchEur[0]:  isRcsEnabled: false mDefaultSms false mUpsmEnabled false mEmergencyEnabled false
11-28 12:40:18.175  2011 16755 I ImsServiceStub<0>: isServiceAvailable: slm, rat: -1, profileFind:false, Enabled:false
11-28 12:40:18.178  2011 16755 I ImsServiceSwitchEur[0]:  isRcsEnabled: false mDefaultSms false mUpsmEnabled false mEmergencyEnabled false
11-28 12:40:18.178  2011 16755 I ImsServiceStub<0>: isServiceAvailable: ft_http, rat: -1, profileFind:false, Enabled:false
11-28 12:40:18.186 21370 21370 I RCS-ImsCommonModel: [D] isLvcAvailable : false, isEabAvailable : false, isImAvailable : false, isRcsMsgAvailable : false, isLvcDmEnabled : true
11-28 12:40:18.187 21370 21370 I RCS-ImsCommonModel: [D] refresh additional network cache
11-28 12:40:18.188 21370 21370 I RCS-ImsCommonModel: [D] Sim1 voLTE registration : false, network type : UNKNOWN
11-28 12:40:18.190 21370 21370 I RCS-ImsCommonModel: [D] no ims registration
11-28 12:40:18.190 21370 21370 I RCS-ImsCommonModel: [D] isEpdgOrWifi : false
11-28 12:40:18.192 21370 21370 I RCS-ImsCommonModel: [D] getImsRegistered : false
11-28 12:40:18.194 21370 21370 I RCS-ImsCommonModel: [D] getRcsRegistered : false
11-28 12:40:18.195 21370 21370 I RCS-ImsCommonModel: [D] (mIsSim1VoLteAvailable : false), (mIsImsRegistered : false), (mIsSim1VoWiFiEnabled : false), (mRcsSim1Registered :false), (mIsSim1RcsUpSupported :false), [[[refreshUi]]] end : false
11-28 12:40:18.195 21370 21370 I RCS-ImsUiManager: [D] onImsNetworkValueChanged
11-28 12:40:18.196 21370 21370 I RCS-ImsCommonModel: [D] mImsSim1ServiceFeatureSet is ready : mSim1ImsInitialized
11-28 12:40:18.418 18811 18811 I wpa_supplicant: Heartbeat 2455
11-28 12:40:19.018 21370 21370 I RCS-ImsUiManager: [D] refreshUi ImsOpStyle : , isSupportDuoVideoCall : true
11-28 12:40:19.018 21370 21370 I RCS-ImsUiVideoCallCommon: [D] checkImsVtCallEnabled(0)
11-28 12:40:19.018 21370 21370 I RCS-ImsUiVideoCallCommon: [D] DM_ITEM_VIDEO_ENABLED(SIM1) is not available
11-28 12:40:19.018 21370 21370 I RCS-ImsUiVideoCallCommon: [D] ImsContactsConstants.VT_STATE.NOT_SUPPORT
11-28 12:40:19.018 21370 21370 I RCS-ImsUiVideoCallCommon: [D] Sim slot ID : 0, VtCallState : 0
11-28 12:40:19.018 21370 21370 I TelephonyDataSource: [D] isMultiSimModel - getActiveModemCount() : 2
11-28 12:40:19.018 21370 21370 I TelephonyDataSource: [D] CscFeatureUtil.isSupportEsim() :false, FloatingFeatureUtil.isSupportEmbeddedSim() : false, slotSwitch : 
11-28 12:40:19.018 21370 21370 I SimModel: [D] isMultiSimModel : true
11-28 12:40:19.018 21370 21370 I RCS-ImsUiVideoCallCommon: [D] checkImsVtCallEnabled(1)
11-28 12:40:19.019 21370 21370 I RCS-ImsCommonMultiSimModel: [D] getImsSim2ServiceFeatureSet
11-28 12:40:19.019 21370 21370 I RCS-ImsUiVideoCallCommon: [D] DM_ITEM_VIDEO_ENABLED(SIM2) is not available
11-28 12:40:19.019 21370 21370 I RCS-ImsUiVideoCallCommon: [D] ImsContactsConstants.VT_STATE.NOT_SUPPORT
11-28 12:40:19.019 21370 21370 I RCS-ImsUiVideoCallCommon: [D] Sim slot ID : 1, VtCallState : 0
11-28 12:40:19.019 21370 21370 I RCS-ImsUiManager: [D] updateUi : 101
11-28 12:40:19.019 21370 21370 I RCS-ImsUiManager: [D] updateImsDefaultConfig(0) : vt_call_enabled
11-28 12:40:19.021  2011 16755 I ImsServiceStub<0>: isServiceAvailable: VoImsFeature : (mmtel-video) is not supported
11-28 12:40:19.022 21370 21370 I RCS-ImsCommonMultiSimModel: [D] isVideoCallEnabled(0) : false
11-28 12:40:19.760   529   529 D io_stats: !@ 179,0 r 7337790 151164727 w 4340221 33694744 d 102593 20208008 f 0 0 iot 11937440 0 th 0 0 0 pt 0 inp 0 0 337381.179
11-28 12:40:20.002  1018  1018 I thermal_repeater: socket -1
11-28 12:40:20.020 21370 21370 I RCS-ImsUiManager: [D] refreshImsUi mImsUiListener : com.samsung.android.dialer.main.view.a@2e4ae29
11-28 12:40:20.020 21370 21370 I RCS-DialtactsActivity: [D] mImsUiListener - refresh Ims Ui : 101
11-28 12:40:20.020 21370 21370 I RCS-DialpadPresenter: [D] mImsUiListener - refresh Ims Ui : 101
11-28 12:40:20.021 21370 21370 I TelephonyDataSource: [D] getDefaultDataSubscriptionId : 4
11-28 12:40:20.026 21370 21370 I TelephonyDataSource: [D] getSlotId(4) : 1
11-28 12:40:20.026 21370 21370 I RCS-CallPlusWithSimModel: [D] current default data slot id : 1
11-28 12:40:20.027 21370 21370 I TelephonyDataSource: [D] getDefaultDataSubscriptionId : 4
11-28 12:40:20.030 21370 21370 I TelephonyDataSource: [D] getSlotId(4) : 1
11-28 12:40:20.031 21370 21370 I RCS-CallPlusWithSimModel: [D] current default data slot id : 1
11-28 12:40:20.039 21370 21370 I TelephonyDataSource: [D] isSimInserted(1) : true
11-28 12:40:20.041 21370 21370 I RCS-CallPlusWithSimModel: [D] isEnableCrane : false
11-28 12:40:20.041 21370 21370 I DialPadSearchImpl: [D] mSearchItemList : 0mFirstSearchItem :null
11-28 12:40:20.041 21370 21370 I DialpadButtonImpl: [D] initButtonView
11-28 12:40:20.041 21370 21370 I TelephonyDataSource: [D] isMultiSimModel - getActiveModemCount() : 2
11-28 12:40:20.041 21370 21370 I TelephonyDataSource: [D] CscFeatureUtil.isSupportEsim() :false, FloatingFeatureUtil.isSupportEmbeddedSim() : false, slotSwitch : 
11-28 12:40:20.041 21370 21370 I SimModel: [D] isMultiSimModel : true
11-28 12:40:20.042 21370 15779 I TelephonyDataSource: [D] getDefaultDataSubscriptionId : 4
11-28 12:40:20.042 21370 21370 I SimModel: [D] isEnabledSim(0) : true
11-28 12:40:20.042 21370 21370 I SimModel: [D] isEnabledSim(1) : true
11-28 12:40:20.044 21370 15779 I TelephonyDataSource: [D] getSlotId(4) : 1
11-28 12:40:20.044 21370 15779 I RCS-CallPlusWithSimModel: [D] current default data slot id : 1
11-28 12:40:20.044 21370 15779 I RCS-CallPlusDataSource: [D] uri : content://com.samsung.rcs.autoconfigurationprovider/root/application/1/services/composerauth#simslot1
11-28 12:40:20.045 21370 21370 I SimModel: [D] CompleteActiveSubscriptionInfoList : 2
11-28 12:40:20.045 21370 21370 I SimModel: [D] uuid1 : null
11-28 12:40:20.045 21370 21370 I SimModel: [D] opportunistic1 : false
11-28 12:40:20.045 21370 21370 I SimModel: [D] uuid2 : null
11-28 12:40:20.045 21370 21370 I SimModel: [D] opportunistic2 : false
11-28 12:40:20.045 21370 21370 I SimModel: [D] countInsertedSim : 2 isVirtualSims : [false, false]
11-28 12:40:20.045 21370 21370 I SimModel: [D] isMultiSimInserted : true
11-28 12:40:20.046 21370 21370 I TelephonyDataSource: [D] isMultiSimModel - getActiveModemCount() : 2
11-28 12:40:20.046 21370 21370 I TelephonyDataSource: [D] CscFeatureUtil.isSupportEsim() :false, FloatingFeatureUtil.isSupportEmbeddedSim() : false, slotSwitch : 
11-28 12:40:20.046 21370 21370 I SimModel: [D] isMultiSimModel : true
11-28 12:40:20.046 21370 21370 I SimModel: [D] isEnabledSim(0) : true
11-28 12:40:20.046 21370 21370 I SimModel: [D] isEnabledSim(1) : true
11-28 12:40:20.049  2011 16755 I ConfigProvider: query uri:xxxxx
11-28 12:40:20.050 21370 21370 I SimModel: [D] CompleteActiveSubscriptionInfoList : 2
11-28 12:40:20.050 21370 21370 I SimModel: [D] uuid1 : null
11-28 12:40:20.050 21370 21370 I SimModel: [D] opportunistic1 : false
11-28 12:40:20.050 21370 21370 I SimModel: [D] uuid2 : null
11-28 12:40:20.050 21370 21370 I SimModel: [D] opportunistic2 : false
11-28 12:40:20.050 21370 21370 I SimModel: [D] countInsertedSim : 2 isVirtualSims : [false, false]
11-28 12:40:20.050 21370 21370 I SimModel: [D] isMultiSimInserted : true
11-28 12:40:20.053  1341  1357 I Telecom:SamsungTelecomServiceImpl: getPhoneAccount - PhoneAccountHandle : ComponentInfo{com.android.phone/com.android.services.telephony.TelephonyConnectionService}, 5, UserHandle{0} / callingPid : 21370 / processName : sts
11-28 12:40:20.054 21370 21370 I SimModel: [D] isPreferredSimAlwaysAsk phoneAccount : [[X] PhoneAccount: ComponentInfo{com.android.phone/com.android.services.telephony.TelephonyConnectionService}, 5, UserHandle{0} Capabilities: CallProvider MultiUser PlaceEmerg SimSub  Audio Routes: BESW Schemes: tel voicemail  Extras: Bundle[mParcelledData.dataSize=696] GroupId: ***]
11-28 12:40:20.055 21370 21370 I TelephonyDataSource: [D] isMultiSimModel - getActiveModemCount() : 2
11-28 12:40:20.055 21370 21370 I TelephonyDataSource: [D] CscFeatureUtil.isSupportEsim() :false, FloatingFeatureUtil.isSupportEmbeddedSim() : false, slotSwitch : 
11-28 12:40:20.055 21370 21370 I SimModel: [D] isMultiSimModel : true
11-28 12:40:20.055 21370 21370 I SimModel: [D] isEnabledSim(0) : true
11-28 12:40:20.055 21370 21370 I SimModel: [D] isEnabledSim(1) : true
11-28 12:40:20.055  2011 16755 I ConfigProvider: queryStorage path content://com.samsung.rcs.autoconfigurationprovider/root/application/1/services/composerauth#simslot1
11-28 12:40:20.058 21370 15779 E CursorWindow: Failed to read row 0, column 0 from a window with 1 rows, 0 columns
11-28 12:40:20.059 21370 15779 I RCS-CallPlusDataSource: [D] Can't read crane info from configuration.
11-28 12:40:20.059 21370 15779 I RCS-CallPlusDataSource: [D] getCraneConfigurationStatus slotId : 1 value : 2
11-28 12:40:20.059 21370 21370 I SimModel: [D] CompleteActiveSubscriptionInfoList : 2
11-28 12:40:20.059 21370 21370 I SimModel: [D] uuid1 : null
11-28 12:40:20.059 21370 21370 I SimModel: [D] opportunistic1 : false
11-28 12:40:20.059 21370 21370 I SimModel: [D] uuid2 : null
11-28 12:40:20.059 21370 21370 I SimModel: [D] opportunistic2 : false
11-28 12:40:20.059 21370 21370 I SimModel: [D] countInsertedSim : 2 isVirtualSims : [false, false]
11-28 12:40:20.059 21370 21370 I SimModel: [D] isMultiSimInserted : true
11-28 12:40:20.062  1341  1357 I Telecom:SamsungTelecomServiceImpl: getPhoneAccount - PhoneAccountHandle : ComponentInfo{com.android.phone/com.android.services.telephony.TelephonyConnectionService}, 5, UserHandle{0} / callingPid : 21370 / processName : sts
11-28 12:40:20.063 21370 21370 I SimModel: [D] isPreferredSimAlwaysAsk phoneAccount : [[X] PhoneAccount: ComponentInfo{com.android.phone/com.android.services.telephony.TelephonyConnectionService}, 5, UserHandle{0} Capabilities: CallProvider MultiUser PlaceEmerg SimSub  Audio Routes: BESW Schemes: tel voicemail  Extras: Bundle[mParcelledData.dataSize=696] GroupId: ***]
11-28 12:40:20.064 21370 21370 I TelephonyDataSource: [D] getDefaultVoiceSubscriptionId : 5
11-28 12:40:20.067 21370 21370 I TelephonyDataSource: [D] getSlotId(5) : 0
11-28 12:40:20.067 21370 21370 I RCS-ImsCommonModel: [D] isSimMobility : false
11-28 12:40:20.067 21370 21370 I RCS-ImsCommonMultiSimModel: [D] isSimMobility(0) : false
11-28 12:40:20.069  2011 16755 I ImsServiceStub<0>: isServiceAvailable: VoImsFeature : (mmtel-video) is not supported
11-28 12:40:20.069 21370 21370 I RCS-ImsCommonMultiSimModel: [D] isVideoCallEnabled(0) : false
11-28 12:40:20.069 21370 21370 I RCS-ImsUiVideoCallCommon: [D] isDialerVideoButtonAvailable(0) : false
11-28 12:40:20.069 21370 21370 I DialpadButtonHelper: [D] isVideoCallAvailable : false
11-28 12:40:20.069 21370 21370 I RCS-ImsUiManager: [D] getDialerVideoCallIcon slotId : -1
11-28 12:40:20.070 21370 21370 I TelephonyDataSource: [D] getDefaultVoiceSubscriptionId : 5
11-28 12:40:20.072 21370 21370 I TelephonyDataSource: [D] getSlotId(5) : 0
11-28 12:40:20.072 21370 21370 I TelephonyDataSource: [D] isMultiSimModel - getActiveModemCount() : 2
11-28 12:40:20.072 21370 21370 I TelephonyDataSource: [D] CscFeatureUtil.isSupportEsim() :false, FloatingFeatureUtil.isSupportEmbeddedSim() : false, slotSwitch : 
11-28 12:40:20.073 21370 21370 I SimModel: [D] isMultiSimModel : true
11-28 12:40:20.073 21370 21370 I SimModel: [D] isEnabledSim(0) : true
11-28 12:40:20.073 21370 21370 I SimModel: [D] isEnabledSim(1) : true
11-28 12:40:20.075 21370 21370 I SimModel: [D] CompleteActiveSubscriptionInfoList : 2
11-28 12:40:20.075 21370 21370 I SimModel: [D] uuid1 : null
11-28 12:40:20.075 21370 21370 I SimModel: [D] opportunistic1 : false
11-28 12:40:20.075 21370 21370 I SimModel: [D] uuid2 : null
11-28 12:40:20.075 21370 21370 I SimModel: [D] opportunistic2 : false
11-28 12:40:20.075 21370 21370 I SimModel: [D] countInsertedSim : 2 isVirtualSims : [false, false]
11-28 12:40:20.075 21370 21370 I SimModel: [D] isMultiSimInserted : true
11-28 12:40:20.077  1341  2064 I Telecom:SamsungTelecomServiceImpl: getPhoneAccount - PhoneAccountHandle : ComponentInfo{com.android.phone/com.android.services.telephony.TelephonyConnectionService}, 5, UserHandle{0} / callingPid : 21370 / processName : sts
11-28 12:40:20.079 21370 21370 I SimModel: [D] isPreferredSimAlwaysAsk phoneAccount : [[X] PhoneAccount: ComponentInfo{com.android.phone/com.android.services.telephony.TelephonyConnectionService}, 5, UserHandle{0} Capabilities: CallProvider MultiUser PlaceEmerg SimSub  Audio Routes: BESW Schemes: tel voicemail  Extras: Bundle[mParcelledData.dataSize=696] GroupId: ***]
11-28 12:40:20.079 21370 21370 I RCS-ImsCommonModel: [D] isSimMobility : false
11-28 12:40:20.079 21370 21370 I RCS-ImsCommonMultiSimModel: [D] isSimMobility(0) : false
11-28 12:40:20.079 21370 21370 I RCS-ImsUiVideoCallCommon: [D] isVtCallEnabled(0), (imsOpstyle : )
11-28 12:40:20.079 21370 21370 I RCS-ImsUiVideoCallCommon: [D] isVtCallEnabled(SIM1) NOT_SUPPORT
11-28 12:40:20.079 21370 21370 I OpenCommunicationModel: [D] getVideoCallType() isViLteEnabled : false, videoMethod : 
11-28 12:40:20.079 21370 21370 I RCS-DuoUiVideoCall: [D] getDialerDuoIcon type : 4
11-28 12:40:20.084 21370 21370 I AppIconSolution: start to load, pkg=com.google.android.apps.tachyon, bg=96-96, dr=144-144, forDefault=false, density=0
11-28 12:40:20.087 21370 21370 I AppIconSolution: getIconScale, pkg=com.google.android.apps.tachyon, size=144, iconScale=IconScale[alpha=1, scale=0.79999995, isCrop=false]
11-28 12:40:20.087 21370 21370 I AppIconSolution: fromTheme2, pkg=com.google.android.apps.tachyon, bg=96-96, dr=144-144, tarScale=0.79999995, relScale=0.54084504, mask=false, isCropInTheme = false, isNight = false
11-28 12:40:20.089 21370 21370 I RCS-DuoModel: [D] duo version : 169
11-28 12:40:20.091 21370 21370 I TelephonyDataSource: [D] isMultiSimModel - getActiveModemCount() : 2
11-28 12:40:20.091 21370 21370 I TelephonyDataSource: [D] CscFeatureUtil.isSupportEsim() :false, FloatingFeatureUtil.isSupportEmbeddedSim() : false, slotSwitch : 
11-28 12:40:20.091 21370 21370 I SimModel: [D] isMultiSimModel : true
11-28 12:40:20.092 21370 21370 I SimModel: [D] isEnabledSim(0) : true
11-28 12:40:20.092 21370 21370 I SimModel: [D] isEnabledSim(1) : true
11-28 12:40:20.094 21370 21370 I SimModel: [D] CompleteActiveSubscriptionInfoList : 2
11-28 12:40:20.094 21370 21370 I SimModel: [D] uuid1 : null
11-28 12:40:20.094 21370 21370 I SimModel: [D] opportunistic1 : false
11-28 12:40:20.094 21370 21370 I SimModel: [D] uuid2 : null
11-28 12:40:20.094 21370 21370 I SimModel: [D] opportunistic2 : false
11-28 12:40:20.094 21370 21370 I SimModel: [D] countInsertedSim : 2 isVirtualSims : [false, false]
11-28 12:40:20.094 21370 21370 I SimModel: [D] isMultiSimInserted : true
11-28 12:40:20.097  1341  2064 I Telecom:SamsungTelecomServiceImpl: getPhoneAccount - PhoneAccountHandle : ComponentInfo{com.android.phone/com.android.services.telephony.TelephonyConnectionService}, 5, UserHandle{0} / callingPid : 21370 / processName : sts
11-28 12:40:20.098 21370 21370 I SimModel: [D] isPreferredSimAlwaysAsk phoneAccount : [[X] PhoneAccount: ComponentInfo{com.android.phone/com.android.services.telephony.TelephonyConnectionService}, 5, UserHandle{0} Capabilities: CallProvider MultiUser PlaceEmerg SimSub  Audio Routes: BESW Schemes: tel voicemail  Extras: Bundle[mParcelledData.dataSize=696] GroupId: ***]
11-28 12:40:20.099 21370 21370 I TelephonyDataSource: [D] getDefaultVoiceSubscriptionId : 5
11-28 12:40:20.101 21370 21370 I TelephonyDataSource: [D] getSlotId(5) : 0
11-28 12:40:20.101 21370 21370 I RCS-ImsUiCallCommon: [D] getDialerVoiceCallIcon forceSetVoWifi : false, slotId : 0
11-28 12:40:20.101 21370 21370 I TelephonyDataSource: [D] isMultiSimModel - getActiveModemCount() : 2
11-28 12:40:20.101 21370 21370 I TelephonyDataSource: [D] CscFeatureUtil.isSupportEsim() :false, FloatingFeatureUtil.isSupportEmbeddedSim() : false, slotSwitch : 
11-28 12:40:20.101 21370 21370 I SimModel: [D] isMultiSimModel : true
11-28 12:40:20.102 21370 21370 I SimModel: [D] isEnabledSim(0) : true
11-28 12:40:20.102 21370 21370 I SimModel: [D] isEnabledSim(1) : true
11-28 12:40:20.104 21370 21370 I SimModel: [D] CompleteActiveSubscriptionInfoList : 2
11-28 12:40:20.104 21370 21370 I SimModel: [D] uuid1 : null
11-28 12:40:20.104 21370 21370 I SimModel: [D] opportunistic1 : false
11-28 12:40:20.104 21370 21370 I SimModel: [D] uuid2 : null
11-28 12:40:20.104 21370 21370 I SimModel: [D] opportunistic2 : false
11-28 12:40:20.104 21370 21370 I SimModel: [D] countInsertedSim : 2 isVirtualSims : [false, false]
11-28 12:40:20.104 21370 21370 I SimModel: [D] isMultiSimInserted : true
11-28 12:40:20.107  1341  2064 I Telecom:SamsungTelecomServiceImpl: getPhoneAccount - PhoneAccountHandle : ComponentInfo{com.android.phone/com.android.services.telephony.TelephonyConnectionService}, 5, UserHandle{0} / callingPid : 21370 / processName : sts
11-28 12:40:20.108 21370 21370 I SimModel: [D] isPreferredSimAlwaysAsk phoneAccount : [[X] PhoneAccount: ComponentInfo{com.android.phone/com.android.services.telephony.TelephonyConnectionService}, 5, UserHandle{0} Capabilities: CallProvider MultiUser PlaceEmerg SimSub  Audio Routes: BESW Schemes: tel voicemail  Extras: Bundle[mParcelledData.dataSize=696] GroupId: ***]
11-28 12:40:20.108 21370 21370 I RCS-ImsCommonModel: [D] isVowifiEnabled for sim1 : false
11-28 12:40:20.108 21370 21370 I RCS-ImsCommonMultiSimModel: [D] isVowifiEnabled(0) : false
11-28 12:40:20.108 21370 21370 I DialpadButtonHelper: [D] layoutType : 0
11-28 12:40:20.110 21370 21370 I RCS-CallLogExpandImpl: [D] mImsUiListener - refresh Ims Ui : 101
11-28 12:40:20.110 21370 21370 I ContactImsEventListener: [D] mImsUiListener - refresh Ims Ui : 101
11-28 12:40:20.277  1711  1937 W SQLiteLog: (28) double-quoted string literal: "nitz_status"
11-28 12:40:21.520 25952 26105 I EPDG -- [EPDGService]: Event received: SERVICE_STOP_CHECK
11-28 12:40:21.522 25952 26105 I EPDG -- SIM0 [Operator]: getSubId(): subID is : 5
11-28 12:40:21.528 25952 26105 I EPDG -- SIM1 [Operator]: getSubId(): subID is : 4
11-28 12:40:21.533 25952 26105 I EPDG -- SIM0 [Operator]: getSubId(): subID is : 5
11-28 12:40:21.540  2011 16755 I EntitlementContentProvider<0>: isVoWiFiEntitlementRequired: false
11-28 12:40:21.543 25952 26105 I EPDG -- SIM0 [EpdgEntitlement]: isEntitlementRequired : false
11-28 12:40:21.546 25952 26105 I EPDG -- SIM1 [Operator]: getSubId(): subID is : 4
11-28 12:40:21.552  2011 16755 I EntitlementContentProvider<1>: isVoWiFiEntitlementRequired: false
11-28 12:40:21.555 25952 26105 I EPDG -- SIM1 [EpdgEntitlement]: isEntitlementRequired : false
11-28 12:40:21.555 25952 26105 I EPDG -- [EPDGService]: scheduleTerminateEvent after : 5 secs.
11-28 12:40:21.761   529   529 D io_stats: !@ 179,0 r 7337790 151164727 w 4340230 33694772 d 102593 20208008 f 0 0 iot 11937468 0 th 0 0 0 pt 0 inp 0 0 337383.181
11-28 12:40:23.763   529   529 D io_stats: !@ 179,0 r 7337790 151164727 w 4340232 33694784 d 102593 20208008 f 0 0 iot 11937476 0 th 0 0 0 pt 0 inp 0 0 337385.182
11-28 12:40:23.785   766   766 I SurfaceFlinger: SFWD update time=337385204590646
11-28 12:40:25.004  1018  1018 I thermal_repeater: socket -1
11-28 12:40:26.561 25952 26105 I EPDG -- [EPDGService]: Event received: SERVICE_STOP_CHECK
11-28 12:40:26.563 25952 26105 I EPDG -- SIM0 [Operator]: getSubId(): subID is : 5
11-28 12:40:26.571 25952 26105 I EPDG -- SIM1 [Operator]: getSubId(): subID is : 4
11-28 12:40:26.578 25952 26105 I EPDG -- SIM0 [Operator]: getSubId(): subID is : 5
11-28 12:40:26.590  2011 16755 I EntitlementContentProvider<0>: isVoWiFiEntitlementRequired: false
11-28 12:40:26.594 25952 26105 I EPDG -- SIM0 [EpdgEntitlement]: isEntitlementRequired : false
11-28 12:40:26.596 25952 26105 I EPDG -- SIM1 [Operator]: getSubId(): subID is : 4
11-28 12:40:26.602  2011 16755 I EntitlementContentProvider<1>: isVoWiFiEntitlementRequired: false
11-28 12:40:26.605 25952 26105 I EPDG -- SIM1 [EpdgEntitlement]: isEntitlementRequired : false
11-28 12:40:26.605 25952 26105 I EPDG -- [EPDGService]: scheduleTerminateEvent after : 5 secs.
11-28 12:40:27.766   529   529 D io_stats: !@ 179,0 r 7337790 151164727 w 4340233 33694788 d 102593 20208008 f 0 0 iot 11937484 0 th 0 0 0 pt 0 inp 0 0 337389.185
11-28 12:40:28.072  1341  1394 D MARsPolicyManager: triggerAction called!
11-28 12:40:28.073  1341  1394 I NSLocationMonitor: getGPSUsingApps() called
11-28 12:40:28.073  1341  1394 W NSLocationMonitor: NSMonitorService is not connected, return null
11-28 12:40:28.429 18811 18811 I wpa_supplicant: Heartbeat 2456
11-28 12:40:30.005  1018  1018 I thermal_repeater: socket -1
11-28 12:40:30.322  1341  1588 D ConnectivityService: reportNetworkActive, notify 1 listeners
11-28 12:40:30.939 28535 28568 I ContactsProvider_EventLog: cp_s: [CONTACT con(235) dat(2320) acc({phone(1)=1, sim(3)=15, sim2(4)=71, google(8)=144, com.google.android.apps.tachyon(26)=29, com.whatsapp(10)=128, com.whatsapp.w4b(27)=131}) calls([logtype:100 cnt:1292]) Iso(CM) uId(0) ]

11-28 12:40:30.939 28535 28568 I ContactsProvider_EventLog: cp_s: [ agr({[8]=68, [3]=12, [10 ,4 ,26]=2, [4]=21, [1 ,10 ,27]=1, [10 ,4]=1, [3 ,10 ,27]=2, [8 ,10 ,27 ,4]=1, [8 ,10 ,27]=59, [10 ,27 ,4 ,26]=4, [10 ,27 ,4]=36, [8 ,27]=4, [3 ,10 ,27 ,26]=1, [10 ,27 ,26 ,4]=5, [8 ,10 ,10 ,27 ,27]=1, [8 ,10 ,27 ,26]=8, [8 ,27 ,26]=3, [10 ,26 ,4]=1, [10 ,27 ,26]=5}) ]

11-28 12:40:30.939 28535 28568 I ContactsProvider_EventLog: cp_s: [ cnt({acore(28535)=1, dialer(21370)=2}) ]

11-28 12:40:30.939 28535 28568 I ContactsProvider_EventLog: cp_s: [PROFILE ] [SAPROFILE con(1) acc({phone(1)=1}) ]

11-28 12:40:30.939 28535 28568 I ContactsProvider_EventLog: cp_s: [STATE R(F) ]
11-28 12:40:31.611 25952 26105 I EPDG -- [EPDGService]: Event received: SERVICE_STOP_CHECK
11-28 12:40:31.613 25952 26105 I EPDG -- SIM0 [Operator]: getSubId(): subID is : 5
11-28 12:40:31.621 25952 26105 I EPDG -- SIM1 [Operator]: getSubId(): subID is : 4
11-28 12:40:31.627 25952 26105 I EPDG -- SIM0 [Operator]: getSubId(): subID is : 5
11-28 12:40:31.641  2011 16755 I EntitlementContentProvider<0>: isVoWiFiEntitlementRequired: false
11-28 12:40:31.646 25952 26105 I EPDG -- SIM0 [EpdgEntitlement]: isEntitlementRequired : false
11-28 12:40:31.648 25952 26105 I EPDG -- SIM1 [Operator]: getSubId(): subID is : 4
11-28 12:40:31.654  2011 16755 I EntitlementContentProvider<1>: isVoWiFiEntitlementRequired: false
11-28 12:40:31.657 25952 26105 I EPDG -- SIM1 [EpdgEntitlement]: isEntitlementRequired : false
11-28 12:40:31.658 25952 26105 I EPDG -- [EPDGService]: scheduleTerminateEvent after : 5 secs.
11-28 12:40:31.769   529   529 D io_stats: !@ 179,0 r 7337790 151164727 w 4340240 33694816 d 102593 20208008 f 0 0 iot 11937516 0 th 0 0 0 pt 0 inp 0 0 337393.188
11-28 12:40:32.159  1711  1753 I System.out: Broadcasting: Intent { act=com.sec.intent.action.SARDEVICE_CP flg=0x10000000 (has extras) }
11-28 12:40:32.166  1341  1521 D MotionRecognitionService: [SAR]  onReceive : SARDEVICE_CP, callAction = on deviceID = 557063 slot = 0 device_ext = 0
11-28 12:40:32.166  1341  1521 I MotionRecognitionService: [SAR] id : 0 cmd :on
11-28 12:40:32.166  1341  1521 I MotionRecognitionService: [SAR] id : 1 cmd :on
11-28 12:40:32.166  1341  1521 I MotionRecognitionService: [SAR] id : 2 cmd :on
11-28 12:40:32.166  1341  1521 W MotionRecognitionService: DEFAULT
11-28 12:40:32.166  1341  1521 I MotionRecognitionService: [SAR] id : 15 cmd :on
11-28 12:40:32.166  1341  1521 W MotionRecognitionService: DEFAULT
11-28 12:40:32.166  1341  1521 I MotionRecognitionService: [SAR] id : 19 cmd :on
11-28 12:40:32.168  1711  1922 I System.out: Broadcast completed: result=0
11-28 12:40:35.006  1018  1018 I thermal_repeater: socket -1
11-28 12:40:35.690  1108  1306 D SemNativeCarrierFeature_vendor: getInstance
11-28 12:40:35.691  1108  1306 D SemNativeCarrierFeature_vendor: getInstance
11-28 12:40:35.722  1108  1306 D SemNativeCarrierFeature_vendor: getInstance
11-28 12:40:35.724  2011  2209 I ImsSecChannelCallback: receive
11-28 12:40:35.724  2011  2209 I IpcDispatcher<0>: [Rx]: (M)IPC_IIL_CMD (S)IPC_IIL_SSAC_INFO (T)EVENT l:13
11-28 12:40:35.725  2011  2011 I SsacManager: updateSSACInfo[0] : Voice(100:0) Video(100:0)
11-28 12:40:35.725  2011  2011 I SsacManager: Voice factor 100 with isVoiceBarred is unavailable value.
11-28 12:40:35.726  1108  1291 D SemNativeCarrierFeature_vendor: getInstance
11-28 12:40:35.733  1108  1306 D SemNativeCarrierFeature_vendor: getInstance
11-28 12:40:35.748  1108  1291 D SemNativeCarrierFeature_vendor: getInstance
11-28 12:40:35.749  2011  2195 I PhoneStateTracker<0>: onCellInfoChanged: xxxxx
11-28 12:40:35.750  2011  2195 I ImsCallSessionManager: onCellInfoChanged, phoneId: 0
11-28 12:40:35.750  2011  2195 I RegiMgr-Handler: handleMessage: EVENT_CELL_INFO_CHANGED
11-28 12:40:35.750  2011  2195 I RegiMgr<0>: tryRegister:
11-28 12:40:35.771   529   529 D io_stats: !@ 179,0 r 7337790 151164727 w 4340253 33694876 d 102593 20208008 f 0 0 iot 11937528 0 th 0 0 0 pt 0 inp 0 0 337397.190
11-28 12:40:35.795  1341  1341 D SemWifiService: onServiceStateChanged : state - 0, dataNetworkType : 2
11-28 12:40:35.799  1341  1980 D SLocation: CellLocationManager - onServiceStateChanged 0
11-28 12:40:35.802  2011  2342 I VolteServiceModule: onServiceStateChanged({mVoiceRegState=0(IN_SERVICE), mDataRegState=0(IN_SERVICE), mChannelNumber=88, duplexMode()=0, mCellBandwidths=[], mOperatorAlphaLong=Orange, mOperatorAlphaShort=Orange, isManualNetworkSelection=false(automatic), getRilVoiceRadioTechnology=2(EDGE), getRilDataRadioTechnology=2(EDGE), mCssIndicator=unsupported, mNetworkId=*1, mSystemId=*1, mCdmaRoamingIndicator=-1, mCdmaDefaultRoamingIndicator=-1, VoiceRegType=0, Snap=0, MobileData=IN_SERVICE, MobileDataRoamingType=home, MobileDataRat=EDGE, PsOnly=false, FemtocellInd=0, SprDisplayRoam=false, OptRadioTech=0, MsimSubmode=0, mIsEmergencyOnly=false, isUsingCarrierAggregation=false, mArfcnRsrpBoost=0, mNetworkRegistrationInfos=[NetworkRegistrationInfo{ domain=CS transportType=WWAN registrationState=HOME roamingType=NOT_ROAMING accessNetworkTechnology=EDGE rejectCause=0 emergencyEnabled=false availableServices=[VOICE,SMS,VIDEO] cellIdentity=CellIdentityGsm:{ mLac=2***2 mCid=*3 mArfcn=88 mBsic=0x16 mMcc=624 mMnc=02 mAlphaLong=OrangeCaresAboutYou mAlphaShort=Be Safe mAdditionalPlmns={}} voiceSpecificInfo=VoiceSpecificRegistrationInfo { mCssSupported=false mRoamingIndicator=0 mSystemIsInPrl=0 mDefaultRoamingIndicator=0} dataSpecificInfo=null nrState=**** rRplmn=62402 isUsingCarrierAggregation=false}, NetworkRegistrationInfo{ domain=PS transportType=WWAN registrationState=HOME roamingType=NOT_ROAMING accessNetworkTechnology=EDGE rejectCause=0 emergencyEnabled=false availableServices=[DATA] cellIdentity=CellIdentityGsm:{ mLac=2***2 mCid=*3 mArfcn=88 mBsic=0x16 mMcc=624 mMnc=02 mAlphaLong=OrangeCaresAboutYou mAlphaShort=Be Safe mAdditionalPlmns={}} voiceSpecificInfo=null dataSpecificInfo=android.telephony.DataSpecificRegistrationInfo :{ maxDataCalls = 16 isDcNrRestricted = false isNrAvailable = false isEnDcAvailable = false LteVopsSupportInfo :  mVopsSupport = 1 mEmcBearerSupport = 1 } nrState=**** rRplmn=62402 isUsingCarrierAggregation=false}], mNrFrequencyRange=0, mOperatorAlphaLongRaw=OrangeCaresAboutYou, mOperatorAlphaShortRaw=Be Safe, mIsDataRoamingFromRegistration=false, mIsIwlanPreferred=false})
11-28 12:40:35.802  1341  2064 I LocationAccessPolicy: checkLocationPermission - callingUid: 10079, callingPid: 21370, resultForFine: DENIED_HARD
11-28 12:40:35.802  2011  2195 I PdnController<0>: Active Phone Id = 1 MobileConnected = false
11-28 12:40:35.802  2011  2342 I VolteServiceModule: mIsLteEpsOnlyAttached(0):false
11-28 12:40:35.802   732  1614 D AudioALSAHardware: +setParameters(): l_call_2g_tdma=true
11-28 12:40:35.802   732  1614 D AudioALSAHardware: -setParameters(): l_call_2g_tdma=true
11-28 12:40:35.802  1341  2064 I LocationAccessPolicy: checkLocationPermission - callingUid: 10079, callingPid: 21370, resultForCoarse: DENIED_HARD
11-28 12:40:35.802  2011  2195 I PhoneStateTracker<0>: onServiceStateChanged: state={mVoiceRegState=0(IN_SERVICE), mDataRegState=0(IN_SERVICE), mChannelNumber=88, duplexMode()=0, mCellBandwidths=[], mOperatorAlphaLong=Orange, mOperatorAlphaShort=Orange, isManualNetworkSelection=false(automatic), getRilVoiceRadioTechnology=2(EDGE), getRilDataRadioTechnology=2(EDGE), mCssIndicator=unsupported, mNetworkId=*1, mSystemId=*1, mCdmaRoamingIndicator=-1, mCdmaDefaultRoamingIndicator=-1, VoiceRegType=0, Snap=0, MobileData=IN_SERVICE, MobileDataRoamingType=home, MobileDataRat=EDGE, PsOnly=false, FemtocellInd=0, SprDisplayRoam=false, OptRadioTech=0, MsimSubmode=0, mIsEmergencyOnly=false, isUsingCarrierAggregation=false, mArfcnRsrpBoost=0, mNetworkRegistrationInfos=[NetworkRegistrationInfo{ domain=CS transportType=WWAN registrationState=HOME roamingType=NOT_ROAMING accessNetworkTechnology=EDGE rejectCause=0 emergencyEnabled=false availableServices=[VOICE,SMS,VIDEO] cellIdentity=CellIdentityGsm:{ mLac=2***2 mCid=*3 mArfcn=88 mBsic=0x16 mMcc=624 mMnc=02 mAlphaLong=OrangeCaresAboutYou mAlphaShort=Be Safe mAdditionalPlmns={}} voiceSpecificInfo=VoiceSpecificRegistrationInfo { mCssSupported=false mRoamingIndicator=0 mSystemIsInPrl=0 mDefaultRoamingIndicator=0} dataSpecificInfo=null nrState=**** rRplmn=62402 isUsingCarrierAggregation=false}, NetworkRegistrationInfo{ domain=PS transportType=WWAN registrationState=HOME roamingType=NOT_ROAMING accessNetworkTechnology=EDGE rejectCause=0 emergencyEnabled=false availableServices=[DATA] cellIdentity=CellIdentityGsm:{ mLac=2***2 mCid=*3 mArfcn=88 mBsic=0x16 mMcc=624 mMnc=02 mAlphaLong=OrangeCaresAboutYou mAlphaShort=Be Safe mAdditionalPlmns={}} voiceSpecificInfo=null dataSpecificInfo=android.telephony.DataSpecificRegistrationInfo :{ maxDataCalls = 16 isDcNrRestricted = false isNrAvailable = false isEnDcAvailable = false LteVopsSupportInfo :  mVopsSupport = 1 mEmcBearerSupport = 1 } nrState=**** rRplmn=62402 isUsingCarrierAggregation=false}], mNrFrequencyRange=0, mOperatorAlphaLongRaw=OrangeCaresAboutYou, mOperatorAlphaShortRaw=Be Safe, mIsDataRoamingFromRegistration=false, mIsIwlanPreferred=false}Changed=VoiceNet:13=>2
11-28 12:40:35.802  2011  2195 I PdnController<0>: notifyDataConnectionState
11-28 12:40:35.802  2011  2195 I PdnController<0>: notifyDataConnectionState: needNotify=true networkType=2 isEpdgConnected=false dataNetType=13=>2 dataRegState=0=>0
11-28 12:40:35.803 21370 21370 I ImsTelephonyStateTracker: [D] onServiceStateChanged()
11-28 12:40:35.804  1341  2064 I LocationAccessPolicy: checkLocationPermission - callingUid: 10050, callingPid: 28135, resultForFine: DENIED_HARD
11-28 12:40:35.804  1341  2064 I LocationAccessPolicy: checkLocationPermission - callingUid: 10050, callingPid: 28135, resultForCoarse: DENIED_HARD
11-28 12:40:35.804 21370 21411 I ImsSim1Manager: [D] onServiceStateChanged state : 0, old : 0
11-28 12:40:35.805  2011  2195 I PdnController: isWifiConnected: [type: WIFI[], state: CONNECTED/CONNECTED, reason: (unspecified), extra: , failover: false, available: true, roaming: false]
11-28 12:40:35.805  1341  1341 D SemWifiApServiceImpl: onServiceStateChanged : 0dataNetworkType : 2
11-28 12:40:35.805  1341  2064 I LocationAccessPolicy: checkLocationPermission - callingUid: 10120, callingPid: 15322, resultForFine: DENIED_HARD
11-28 12:40:35.806 21370 21411 I ImsSim1Manager: [D] checkVoiceNetwork voice network : 2
11-28 12:40:35.806  1341  2064 I LocationAccessPolicy: checkLocationPermission - callingUid: 10120, callingPid: 15322, resultForCoarse: DENIED_HARD
11-28 12:40:35.808  1341  2064 W ContextImpl: Calling a method in the system process without a qualified user: android.app.ContextImpl.sendBroadcastMultiplePermissions:1285 com.android.server.TelephonyRegistry.broadcastServiceStateChanged:3123 com.android.server.TelephonyRegistry.notifyServiceStateForPhoneId:1630 com.android.internal.telephony.ITelephonyRegistry$Stub.onTransact:499 android.os.Binder.execTransactInternal:1321 
11-28 12:40:35.808  1341  1633 V SemWifiBackOff.5G: checkAndSetup nrFrequencyRange=0 / prevNrFrequencyRange=0
11-28 12:40:35.808  1341  1633 V SemWifiBackOff.5G: restore back off mode, current: [NONE]
11-28 12:40:35.808  1737  1862 D MobileStatusTracker(0/5): onServiceStateChanged voiceState=0 dataState=0
11-28 12:40:35.808  2011  2195 I PdnController: isWifiConnected: [type: WIFI[], state: CONNECTED/CONNECTED, reason: (unspecified), extra: , failover: false, available: true, roaming: false]
11-28 12:40:35.809  2011  2195 I RegiMgr-Handler<0>: onDataConnectionStateChanged(): networkType [EDGE], isWifiConnected [true]
11-28 12:40:35.809  1341  2064 W ContextImpl: Calling a method in the system process without a qualified user: android.app.ContextImpl.sendBroadcastMultiplePermissions:1335 android.content.Context.sendBroadcastMultiplePermissions:2276 com.android.server.TelephonyRegistry.broadcastServiceStateChanged:3127 com.android.server.TelephonyRegistry.notifyServiceStateForPhoneId:1630 com.android.internal.telephony.ITelephonyRegistry$Stub.onTransact:499 
11-28 12:40:35.811  1737  1862 D MobileSignalController(0/5): notifyListener: enabled=true, connected=true, dataConnected=false, networkType=LTE (4G), emergencyOnly=false, roaming=false, isDefault=false, dataActivity=, level=2, ca=false, mmWave=false, disabledDataIcon=false, simCard=ETC
11-28 12:40:35.812  2011  2195 I PdnController: isWifiConnected: [type: WIFI[], state: CONNECTED/CONNECTED, reason: (unspecified), extra: , failover: false, available: true, roaming: false]
11-28 12:40:35.813  2011  2195 I ImsCallSessionManager: onDataConnectionStateChanged(): networkType [EDGE]isWifiConnected [true], phoneId [0]
11-28 12:40:35.813  2011  2195 I PhoneStateTracker<0>: notifySnapshotState: snapshotState=0 old=0
11-28 12:40:35.814  2011  2195 I RegiMgr-Handler: handleMessage: EVENT_NETWORK_TYPE
11-28 12:40:35.814  2011  2195 I RegiMgr-NetEvtCtr<0>: onNetworkChanged: suspendByIrat=false
11-28 12:40:35.814  2011  2195 I NetworkState: setAllCellInfo : Cleared by null set !!!!
11-28 12:40:35.814  1737  1737 D MultiSIMController: onReceive() - action = android.intent.action.SERVICE_STATE
11-28 12:40:35.814  1341  1341 D SemWifiService: received: android.intent.action.SERVICE_STATE
11-28 12:40:35.814  1737  1737 D KeyguardUpdateMonitor: received broadcast android.intent.action.SERVICE_STATE
11-28 12:40:35.815  1341  1378 W BroadcastQueue: Permission Denial: receiving Intent { act=android.intent.action.SERVICE_STATE flg=0x1000010 (has extras) } to com.google.android.cellbroadcastreceiver/com.android.cellbroadcastreceiver.CellBroadcastReceiver requires android.permission.READ_PHONE_STATE due to sender android (uid 1001)
11-28 12:40:35.815  1737  1862 D NetworkController: ServiceState from intent slotId=0
11-28 12:40:35.815  1737  1737 V KeyguardUpdateMonitor: action android.intent.action.SERVICE_STATE serviceState={mVoiceRegState=0(IN_SERVICE), mDataRegState=0(IN_SERVICE), mChannelNumber=88, duplexMode()=0, mCellBandwidths=[], mOperatorAlphaLong=Orange, mOperatorAlphaShort=Orange, isManualNetworkSelection=false(automatic), getRilVoiceRadioTechnology=2(EDGE), getRilDataRadioTechnology=2(EDGE), mCssIndicator=unsupported, mNetworkId=*1, mSystemId=*1, mCdmaRoamingIndicator=-1, mCdmaDefaultRoamingIndicator=-1, VoiceRegType=0, Snap=0, MobileData=IN_SERVICE, MobileDataRoamingType=home, MobileDataRat=EDGE, PsOnly=false, FemtocellInd=0, SprDisplayRoam=false, OptRadioTech=0, MsimSubmode=0, mIsEmergencyOnly=false, isUsingCarrierAggregation=false, mArfcnRsrpBoost=0, mNetworkRegistrationInfos=[NetworkRegistrationInfo{ domain=CS transportType=WWAN registrationState=HOME roamingType=NOT_ROAMING accessNetworkTechnology=EDGE rejectCause=0 emergencyEnabled=false availableServices=[VOICE,SMS,VIDEO] cellIdentity=CellIdentityGsm:{ mLac=2***2 mCid=*3 mArfcn=88 mBsic=0x16 mMcc=624 mMnc=02 mAlphaLong=OrangeCaresAboutYou mAlphaShort=Be Safe mAdditionalPlmns={}} voiceSpecificInfo=VoiceSpecificRegistrationInfo { mCssSupported=false mRoamingIndicator=0 mSystemIsInPrl=0 mDefaultRoamingIndicator=0} dataSpecificInfo=null nrState=**** rRplmn=62402 isUsingCarrierAggregation=false}, NetworkRegistrationInfo{ domain=PS transportType=WWAN registrationState=HOME roamingType=NOT_ROAMING accessNetworkTechnology=EDGE rejectCause=0 emergencyEnabled=false availableServices=[DATA] cellIdentity=CellIdentityGsm:{ mLac=2***2 mCid=*3 mArfcn=88 mBsic=0x16 mMcc=624 mMnc=02 mAlphaLong=OrangeCaresAboutYou mAlphaShort=Be Safe mAdditionalPlmns={}} voiceSpecificInfo=null dataSpecificInfo=android.telephony.DataSpecificRegistrationInfo :{ maxDataCalls = 16 isDcNrRestricted = false isNrAvailable = false isEnDcAvailable = false LteVopsSupportInfo :  mVopsSupport = 1 mEmcBearerSupport = 1 } nrState=**** rRplmn=62402 isUsingCarrierAggregation=false}], mNrFrequencyRange=0, mOperatorAlphaLongRaw=OrangeCaresAboutYou, mOperatorAlphaShortRaw=Be Safe, mIsDataRoamingFromRegistration=false, mIsIwlanPreferred=false} subId=5
11-28 12:40:35.815  1737  1737 D MultiSIMController: MESSAGE_UPDATE_SERVICE_STATE
11-28 12:40:35.817  2011  2195 I RegiMgr-NetEvtCtr<0>: onNetworkEventChanged:Changed Event: Network type(13=>16), Voice network(13=>2)
11-28 12:40:35.817  2011  2195 I SmsServiceModule: regInfo: null
11-28 12:40:35.817  2011  2195 I SmsServiceModule: disallow sms Service
11-28 12:40:35.817  2011  2195 I SmsServiceModule: Sms Service queryCapabilityStatus[0]: removeCapabilities CAPABILITY_TYPE_SMS
11-28 12:40:35.817  2011  2195 E CmcServiceHelper: disallow Call Service
11-28 12:40:35.817  2011  2195 E CmcServiceHelper: disallow Call Service
11-28 12:40:35.817  1341  1378 W BroadcastQueue: Appop Denial: receiving Intent { act=android.intent.action.SERVICE_STATE flg=0x1000010 (has extras) } to ProcessRecord{c757401 1341:system/1000} (pid=1341, uid=1000) excludes appop android:read_phone_state due to sender android (uid 1001)
11-28 12:40:35.817  2011  2195 I UtServiceModule<0>: isUtEnabled with policy : CS_ALWAYS enabled = false
11-28 12:40:35.817  1341  2064 W ContextImpl: Calling a method in the system process without a qualified user: android.app.ContextImpl.sendBroadcastMultiplePermissions:1335 android.content.Context.sendBroadcastMultiplePermissions:2276 com.android.server.TelephonyRegistry.broadcastServiceStateChanged:3134 com.android.server.TelephonyRegistry.notifyServiceStateForPhoneId:1630 com.android.internal.telephony.ITelephonyRegistry$Stub.onTransact:499 
11-28 12:40:35.818  2011  2195 I SimManager: getRilSimOperator: ETC
11-28 12:40:35.818  2011  2195 I SimManager<0>: hasIsim: [false]
11-28 12:40:35.818  2011  2195 I SimManager: mSimState:LOADED, mIsimLoaded:false, hasIsim():false
11-28 12:40:35.818  1341  1378 W BroadcastQueue: Appop Denial: receiving Intent { act=android.intent.action.SERVICE_STATE flg=0x1000010 (has extras) } to ProcessRecord{8536172 1737:com.android.systemui/u0a44} (pid=1737, uid=10044) excludes appop android:read_phone_state due to sender android (uid 1001)
11-28 12:40:35.818  2011  2195 I SimManager: getRilSimOperator: ETC
11-28 12:40:35.818  2011  2195 I SimManager<0>: hasIsim: [false]
11-28 12:40:35.819  2011  2195 I RegiMgr-NetEvtCtr<0>: onNetworkEventChanged: tryRegister by phoneID
11-28 12:40:35.819  2011  2195 I RegiMgr<0>: tryRegister:
11-28 12:40:35.819  2011  2195 I GeolocationCon: handleMessage : what = SERVICE_STATE_CHANGED
11-28 12:40:35.819  1341  1378 W BroadcastQueue: Appop Denial: receiving Intent { act=android.intent.action.SERVICE_STATE flg=0x1000010 (has extras) } to ProcessRecord{8829cd8 1711:com.android.phone/1001} (pid=1711, uid=1001) excludes appop android:read_phone_state due to sender android (uid 1001)
11-28 12:40:35.819  1341  1378 W BroadcastQueue: Appop Denial: receiving Intent { act=android.intent.action.SERVICE_STATE flg=0x1000010 (has extras) } to ProcessRecord{c757401 1341:system/1000} (pid=1341, uid=1000) excludes appop android:read_phone_state due to sender android (uid 1001)
11-28 12:40:35.819  2011  2195 I GeolocationCon: profile is null
11-28 12:40:35.820  1341  1378 W BroadcastQueue: Permission Denial: receiving Intent { act=android.intent.action.SERVICE_STATE flg=0x1000010 (has extras) } to com.google.android.cellbroadcastreceiver/com.android.cellbroadcastreceiver.CellBroadcastReceiver requires android.permission.ACCESS_FINE_LOCATION due to sender android (uid 1001)
11-28 12:40:35.821  2011  2195 I GeolocationCon<0>: onNetworkCountryIsoChanged: mCountryIso = cm, iso = cm
11-28 12:40:35.821  2011  2195 I RegiMgr-Handler: handleMessage: EVENT_DO_PENDING_UPDATE_REGISTRATION
11-28 12:40:35.821  1341  2064 W ContextImpl: Calling a method in the system process without a qualified user: android.app.ContextImpl.sendBroadcastMultiplePermissions:1335 android.content.Context.sendBroadcastMultiplePermissions:2276 com.android.server.TelephonyRegistry.broadcastServiceStateChanged:3138 com.android.server.TelephonyRegistry.notifyServiceStateForPhoneId:1630 com.android.internal.telephony.ITelephonyRegistry$Stub.onTransact:499 
11-28 12:40:35.822  1341  1378 W BroadcastQueue: Appop Denial: receiving Intent { act=android.intent.action.SERVICE_STATE flg=0x1000010 (has extras) } to ProcessRecord{c757401 1341:system/1000} (pid=1341, uid=1000) excludes appop android:fine_location due to sender android (uid 1001)
11-28 12:40:35.822  1341  1378 W BroadcastQueue: Appop Denial: receiving Intent { act=android.intent.action.SERVICE_STATE flg=0x1000010 (has extras) } to ProcessRecord{8536172 1737:com.android.systemui/u0a44} (pid=1737, uid=10044) excludes appop android:fine_location due to sender android (uid 1001)
11-28 12:40:35.823  1341  1378 W BroadcastQueue: Appop Denial: receiving Intent { act=android.intent.action.SERVICE_STATE flg=0x1000010 (has extras) } to ProcessRecord{8829cd8 1711:com.android.phone/1001} (pid=1711, uid=1001) excludes appop android:fine_location due to sender android (uid 1001)
11-28 12:40:35.824  1341  1378 W BroadcastQueue: Appop Denial: receiving Intent { act=android.intent.action.SERVICE_STATE flg=0x1000010 (has extras) } to ProcessRecord{c757401 1341:system/1000} (pid=1341, uid=1000) excludes appop android:fine_location due to sender android (uid 1001)
11-28 12:40:35.824  1341  1378 W BroadcastQueue: Permission Denial: receiving Intent { act=android.intent.action.SERVICE_STATE flg=0x1000010 (has extras) } to com.google.android.cellbroadcastreceiver/com.android.cellbroadcastreceiver.CellBroadcastReceiver requires android.permission.READ_PHONE_STATE due to sender android (uid 1001)
11-28 12:40:35.826  1341  1378 W BroadcastQueue: Appop Denial: receiving Intent { act=android.intent.action.SERVICE_STATE flg=0x1000010 (has extras) } to ProcessRecord{c757401 1341:system/1000} (pid=1341, uid=1000) excludes appop android:read_phone_state due to sender android (uid 1001)
11-28 12:40:35.826  1711  1711 D ServiceStateProvider: subId=5
11-28 12:40:35.826  1341  1378 W BroadcastQueue: Appop Denial: receiving Intent { act=android.intent.action.SERVICE_STATE flg=0x1000010 (has extras) } to ProcessRecord{8536172 1737:com.android.systemui/u0a44} (pid=1737, uid=10044) excludes appop android:read_phone_state due to sender android (uid 1001)
11-28 12:40:35.826  1341  1378 W BroadcastQueue: Appop Denial: receiving Intent { act=android.intent.action.SERVICE_STATE flg=0x1000010 (has extras) } to ProcessRecord{8829cd8 1711:com.android.phone/1001} (pid=1711, uid=1001) excludes appop android:read_phone_state due to sender android (uid 1001)
11-28 12:40:35.827  1341  1378 W BroadcastQueue: Appop Denial: receiving Intent { act=android.intent.action.SERVICE_STATE flg=0x1000010 (has extras) } to ProcessRecord{c757401 1341:system/1000} (pid=1341, uid=1000) excludes appop android:read_phone_state due to sender android (uid 1001)
11-28 12:40:35.827  1737  1737 D KeyguardUpdateMonitor: handleServiceStateChange(subId=5, serviceState={mVoiceRegState=0(IN_SERVICE), mDataRegState=0(IN_SERVICE), mChannelNumber=88, duplexMode()=0, mCellBandwidths=[], mOperatorAlphaLong=Orange, mOperatorAlphaShort=Orange, isManualNetworkSelection=false(automatic), getRilVoiceRadioTechnology=2(EDGE), getRilDataRadioTechnology=2(EDGE), mCssIndicator=unsupported, mNetworkId=*1, mSystemId=*1, mCdmaRoamingIndicator=-1, mCdmaDefaultRoamingIndicator=-1, VoiceRegType=0, Snap=0, MobileData=IN_SERVICE, MobileDataRoamingType=home, MobileDataRat=EDGE, PsOnly=false, FemtocellInd=0, SprDisplayRoam=false, OptRadioTech=0, MsimSubmode=0, mIsEmergencyOnly=false, isUsingCarrierAggregation=false, mArfcnRsrpBoost=0, mNetworkRegistrationInfos=[NetworkRegistrationInfo{ domain=CS transportType=WWAN registrationState=HOME roamingType=NOT_ROAMING accessNetworkTechnology=EDGE rejectCause=0 emergencyEnabled=false availableServices=[VOICE,SMS,VIDEO] cellIdentity=CellIdentityGsm:{ mLac=2***2 mCid=*3 mArfcn=88 mBsic=0x16 mMcc=624 mMnc=02 mAlphaLong=OrangeCaresAboutYou mAlphaShort=Be Safe mAdditionalPlmns={}} voiceSpecificInfo=VoiceSpecificRegistrationInfo { mCssSupported=false mRoamingIndicator=0 mSystemIsInPrl=0 mDefaultRoamingIndicator=0} dataSpecificInfo=null nrState=**** rRplmn=62402 isUsingCarrierAggregation=false}, NetworkRegistrationInfo{ domain=PS transportType=WWAN registrationState=HOME roamingType=NOT_ROAMING accessNetworkTechnology=EDGE rejectCause=0 emergencyEnabled=false availableServices=[DATA] cellIdentity=CellIdentityGsm:{ mLac=2***2 mCid=*3 mArfcn=88 mBsic=0x16 mMcc=624 mMnc=02 mAlphaLong=OrangeCaresAboutYou mAlphaShort=Be Safe mAdditionalPlmns={}} voiceSpecificInfo=null dataSpecificInfo=android.telephony.DataSpecificRegistrationInfo :{ maxDataCalls = 16 isDcNrRestricted = false isNrAvailable = false isEnDcAvailable = false LteVopsSupportInfo :  mVopsSupport = 1 mEmcBearerSupport = 1 } nrState=**** rRplmn=62402 isUsingCarrierAggregation=false}], mNrFrequencyRange=0, mOperatorAlphaLongRaw=OrangeCaresAboutYou, mOperatorAlphaShortRaw=Be Safe, mIsDataRoamingFromRegistration=false, mIsIwlanPreferred=false}
11-28 12:40:35.827  1737  1737 D KeyguardSecBottomAreaView: mIndicationArea margin start : 48, end : 48, bottom : 150
11-28 12:40:35.828  1737  1737 D CarrierTextController: onRefreshCarrierInfo(), mTelephonyCapable: true
11-28 12:40:35.828  1737  1737 D CarrierTextController: updateCarrierText(): 2
11-28 12:40:35.828  1737  1737 D CarrierTextController: Handling (subId=5): 5 Orange
11-28 12:40:35.828  1737  1737 D CarrierTextController: carrierTextForSimState = Orange
