11-28 12:47:16.456  1341  1378 W BroadcastQueue: Appop Denial: receiving Intent { act=android.intent.action.SERVICE_STATE flg=0x1000010 (has extras) } to ProcessRecord{8536172 1737:com.android.systemui/u0a44} (pid=1737, uid=10044) excludes appop android:fine_location due to sender android (uid 1001)
11-28 12:47:16.457  1737  1862 D NetworkController: IsPowerOffServiceState is false: 0
11-28 12:47:16.457  1737  1862 D Tile.AirplaneModeTile:  handleUpdateState: airplane mode is disabled : enter mSetting.getValue() == 0 mIsWiFiOnlyDevice false isNoSimState false !isPowerOffServiceState true
11-28 12:47:16.457  1737  1862 D Tile.AirplaneModeTile:  handleUpdateState:  value = false, state = 1
11-28 12:47:16.457  1341  1378 W BroadcastQueue: Appop Denial: receiving Intent { act=android.intent.action.SERVICE_STATE flg=0x1000010 (has extras) } to ProcessRecord{8829cd8 1711:com.android.phone/1001} (pid=1711, uid=1001) excludes appop android:fine_location due to sender android (uid 1001)
11-28 12:47:16.457  1341  1378 W BroadcastQueue: Appop Denial: receiving Intent { act=android.intent.action.SERVICE_STATE flg=0x1000010 (has extras) } to ProcessRecord{c757401 1341:system/1000} (pid=1341, uid=1000) excludes appop android:fine_location due to sender android (uid 1001)
11-28 12:47:16.457  1341  1378 W BroadcastQueue: Permission Denial: receiving Intent { act=android.intent.action.SERVICE_STATE flg=0x1000010 (has extras) } to com.google.android.cellbroadcastreceiver/com.android.cellbroadcastreceiver.CellBroadcastReceiver requires android.permission.READ_PHONE_STATE due to sender android (uid 1001)
11-28 12:47:16.459  1341  1378 W BroadcastQueue: Appop Denial: receiving Intent { act=android.intent.action.SERVICE_STATE flg=0x1000010 (has extras) } to ProcessRecord{c757401 1341:system/1000} (pid=1341, uid=1000) excludes appop android:read_phone_state due to sender android (uid 1001)
11-28 12:47:16.459  1341  1378 W BroadcastQueue: Appop Denial: receiving Intent { act=android.intent.action.SERVICE_STATE flg=0x1000010 (has extras) } to ProcessRecord{8536172 1737:com.android.systemui/u0a44} (pid=1737, uid=10044) excludes appop android:read_phone_state due to sender android (uid 1001)
11-28 12:47:16.459  1711  1711 D ServiceStateProvider: subId=5
11-28 12:47:16.459  1341  1378 W BroadcastQueue: Appop Denial: receiving Intent { act=android.intent.action.SERVICE_STATE flg=0x1000010 (has extras) } to ProcessRecord{8829cd8 1711:com.android.phone/1001} (pid=1711, uid=1001) excludes appop android:read_phone_state due to sender android (uid 1001)
11-28 12:47:16.460  1341  1378 W BroadcastQueue: Appop Denial: receiving Intent { act=android.intent.action.SERVICE_STATE flg=0x1000010 (has extras) } to ProcessRecord{c757401 1341:system/1000} (pid=1341, uid=1000) excludes appop android:read_phone_state due to sender android (uid 1001)
11-28 12:47:16.462  1737  1737 D KeyguardUpdateMonitor: handleServiceStateChange(subId=5, serviceState={mVoiceRegState=0(IN_SERVICE), mDataRegState=0(IN_SERVICE), mChannelNumber=6300, duplexMode()=1, mCellBandwidths=[], mOperatorAlphaLong=Orange, mOperatorAlphaShort=Orange, isManualNetworkSelection=false(automatic), getRilVoiceRadioTechnology=14(LTE), getRilDataRadioTechnology=14(LTE), mCssIndicator=unsupported, mNetworkId=*1, mSystemId=*1, mCdmaRoamingIndicator=-1, mCdmaDefaultRoamingIndicator=-1, VoiceRegType=0, Snap=0, MobileData=IN_SERVICE, MobileDataRoamingType=home, MobileDataRat=LTE, PsOnly=false, FemtocellInd=0, SprDisplayRoam=false, OptRadioTech=0, MsimSubmode=0, mIsEmergencyOnly=false, isUsingCarrierAggregation=false, mArfcnRsrpBoost=0, mNetworkRegistrationInfos=[NetworkRegistrationInfo{ domain=CS transportType=WWAN registrationState=HOME roamingType=NOT_ROAMING accessNetworkTechnology=LTE rejectCause=0 emergencyEnabled=false availableServices=[VOICE,SMS,VIDEO] cellIdentity=CellIdentityLte:{ mCi=2****13 mPci=2147483647 mTac=4***4 mEarfcn=6300 mBands=[20] mBandwidth=2147483647 mMcc=624 mMnc=02 mAlphaLong=OrangeCaresAboutYou mAlphaShort=Be Safe mAdditionalPlmns={} mCsgInfo=null} voiceSpecificInfo=VoiceSpecificRegistrationInfo { mCssSupported=false mRoamingIndicator=0 mSystemIsInPrl=0 mDefaultRoamingIndicator=0} dataSpecificInfo=null nrState=**** rRplmn=62402 isUsingCarrierAggregation=false}, NetworkRegistrationInfo{ domain=PS transportType=WWAN registrationState=HOME roamingType=NOT_ROAMING accessNetworkTechnology=LTE rejectCause=0 emergencyEnabled=false availableServices=[DATA] cellIdentity=CellIdentityLte:{ mCi=2****13 mPci=0 mTac=4***4 mEarfcn=6300 mBands=[20] mBandwidth=2147483647 mMcc=624 mMnc=02 mAlphaLong=OrangeCaresAboutYou mAlphaShort=Be Safe mAdditionalPlmns={} mCsgInfo=null} voiceSpecificInfo=null dataSpecificInfo=android.telephony.DataSpecificRegistrationInfo :{ maxDataCalls = 16 isDcNrRestricted = false isNrAvailable = false isEnDcAvailable = false LteVopsSupportInfo :  mVopsSupport = 3 mEmcBearerSupport = 3 } nrState=**** rRplmn=62402 isUsingCarrierAggregation=false}], mNrFrequencyRange=0, mOperatorAlphaLongRaw=OrangeCaresAboutYou, mOperatorAlphaShortRaw=Be Safe, mIsDataRoamingFromRegistration=false, mIsIwlanPreferred=false}
11-28 12:47:16.462  1737  1737 D CarrierTextController: onRefreshCarrierInfo(), mTelephonyCapable: true
11-28 12:47:16.462  1737  1737 D CarrierTextController: updateCarrierText(): 2
11-28 12:47:16.462  1737  1737 D CarrierTextController: Handling (subId=5): 5 Orange
11-28 12:47:16.462  1737  1737 D CarrierTextController: carrierTextForSimState = Orange
11-28 12:47:16.463  1737  1737 D CarrierTextController: SIM ready and in service: subId=5, ss={mVoiceRegState=0(IN_SERVICE), mDataRegState=0(IN_SERVICE), mChannelNumber=6300, duplexMode()=1, mCellBandwidths=[], mOperatorAlphaLong=Orange, mOperatorAlphaShort=Orange, isManualNetworkSelection=false(automatic), getRilVoiceRadioTechnology=14(LTE), getRilDataRadioTechnology=14(LTE), mCssIndicator=unsupported, mNetworkId=*1, mSystemId=*1, mCdmaRoamingIndicator=-1, mCdmaDefaultRoamingIndicator=-1, VoiceRegType=0, Snap=0, MobileData=IN_SERVICE, MobileDataRoamingType=home, MobileDataRat=LTE, PsOnly=false, FemtocellInd=0, SprDisplayRoam=false, OptRadioTech=0, MsimSubmode=0, mIsEmergencyOnly=false, isUsingCarrierAggregation=false, mArfcnRsrpBoost=0, mNetworkRegistrationInfos=[NetworkRegistrationInfo{ domain=CS transportType=WWAN registrationState=HOME roamingType=NOT_ROAMING accessNetworkTechnology=LTE rejectCause=0 emergencyEnabled=false availableServices=[VOICE,SMS,VIDEO] cellIdentity=CellIdentityLte:{ mCi=2****13 mPci=2147483647 mTac=4***4 mEarfcn=6300 mBands=[20] mBandwidth=2147483647 mMcc=624 mMnc=02 mAlphaLong=OrangeCaresAboutYou mAlphaShort=Be Safe mAdditionalPlmns={} mCsgInfo=null} voiceSpecificInfo=VoiceSpecificRegistrationInfo { mCssSupported=false mRoamingIndicator=0 mSystemIsInPrl=0 mDefaultRoamingIndicator=0} dataSpecificInfo=null nrState=**** rRplmn=62402 isUsingCarrierAggregation=false}, NetworkRegistrationInfo{ domain=PS transportType=WWAN registrationState=HOME roamingType=NOT_ROAMING accessNetworkTechnology=LTE rejectCause=0 emergencyEnabled=false availableServices=[DATA] cellIdentity=CellIdentityLte:{ mCi=2****13 mPci=0 mTac=4***4 mEarfcn=6300 mBands=[20] mBandwidth=2147483647 mMcc=624 mMnc=02 mAlphaLong=OrangeCaresAboutYou mAlphaShort=Be Safe mAdditionalPlmns={} mCsgInfo=null} voiceSpecificInfo=null dataSpecificInfo=android.telephony.DataSpecificRegistrationInfo :{ maxDataCalls = 16 isDcNrRestricted = false isNrAvailable = false isEnDcAvailable = false LteVopsSupportInfo :  mVopsSupport = 3 mEmcBearerSupport = 3 } nrState=**** rRplmn=62402 isUsingCarrierAggregation=false}], mNrFrequencyRange=0, mOperatorAlphaLongRaw=OrangeCaresAboutYou, mOperatorAlphaShortRaw=Be Safe, mIsDataRoamingFromRegistration=false, mIsIwlanPreferred=false}
11-28 12:47:16.463  1737  1737 D CarrierTextController: Handling (subId=4): 5 Orange CM
11-28 12:47:16.463  1737  1737 D CarrierTextController: carrierTextForSimState = Orange CM
11-28 12:47:16.463  1737  1737 D CarrierTextController: SIM ready and in service: subId=4, ss={mVoiceRegState=0(IN_SERVICE), mDataRegState=0(IN_SERVICE), mChannelNumber=6300, duplexMode()=1, mCellBandwidths=[10000], mOperatorAlphaLong=OrangeCaresAboutYou, mOperatorAlphaShort=Be Safe, isManualNetworkSelection=false(automatic), getRilVoiceRadioTechnology=14(LTE), getRilDataRadioTechnology=14(LTE), mCssIndicator=unsupported, mNetworkId=*1, mSystemId=*1, mCdmaRoamingIndicator=-1, mCdmaDefaultRoamingIndicator=-1, VoiceRegType=0, Snap=0, MobileData=IN_SERVICE, MobileDataRoamingType=home, MobileDataRat=LTE, PsOnly=false, FemtocellInd=0, SprDisplayRoam=false, OptRadioTech=0, MsimSubmode=0, mIsEmergencyOnly=false, isUsingCarrierAggregation=false, mArfcnRsrpBoost=0, mNetworkRegistrationInfos=[NetworkRegistrationInfo{ domain=CS transportType=WWAN registrationState=HOME roamingType=NOT_ROAMING accessNetworkTechnology=LTE rejectCause=0 emergencyEnabled=false availableServices=[VOICE,SMS,VIDEO] cellIdentity=CellIdentityLte:{ mCi=2****07 mPci=2147483647 mTac=4***2 mEarfcn=6300 mBands=[20] mBandwidth=2147483647 mMcc=624 mMnc=02 mAlphaLong=OrangeCaresAboutYou mAlphaShort=Be Safe mAdditionalPlmns={} mCsgInfo=null} voiceSpecificInfo=VoiceSpecificRegistrationInfo { mCssSupported=false mRoamingIndicator=0 mSystemIsInPrl=0 mDefaultRoamingIndicator=0} dataSpecificInfo=null nrState=**** rRplmn=62402 isUsingCarrierAggregation=false}, NetworkRegistrationInfo{ domain=PS transportType=WWAN registrationState=HOME roamingType=NOT_ROAMING accessNetworkTechnology=LTE rejectCause=0 emergencyEnabled=false availableServices=[DATA] cellIdentity=CellIdentityLte:{ mCi=2****07 mPci=0 mTac=4***2 mEarfcn=6300 mBands=[20] mBandwidth=2147483647 mMcc=624 mMnc=02 mAlphaLong=OrangeCaresAboutYou mAlphaShort=Be Safe mAdditionalPlmns={} mCsgInfo=null} voiceSpecificInfo=null dataSpecificInfo=android.telephony.DataSpecificRegistrationInfo :{ maxDataCalls = 16 isDcNrRestricted = false isNrAvailable = false isEnDcAvailable = false LteVopsSupportInfo :  mVopsSupport = 3 mEmcBearerSupport = 3 } nrState=**** rRplmn=62402 isUsingCarrierAggregation=false}], mNrFrequencyRange=0, mOperatorAlphaLongRaw=OrangeCaresAboutYou, mOperatorAlphaShortRaw=Be Safe, mIsDataRoamingFromRegistration=false, mIsIwlanPreferred=false}
11-28 12:47:16.464  1737  1737 D CarrierTextController: setText : Orange | Orange CM
11-28 12:47:16.464  1737  1737 D FaceWidgetPagesController: onRefreshCarrierInfo()
11-28 12:47:16.465  1737  1737 D FaceWidgetClockRoamManager: isNetworkRoamingState id=5
11-28 12:47:16.465  1737  1737 D FaceWidgetClockRoamManager: isNetworkRoamingState false
11-28 12:47:16.465  1737  1737 D FaceWidgetClockRoamManager: onRefreshCarrierInfo(pre, now): false, false
11-28 12:47:16.465  1737  1737 D FaceWidgetClockPage: onRefreshCarrierInfo : isChanged false mIsRoaming false
11-28 12:47:16.468  9573  9573 D CellBroadcastReceiver: onReceive Intent { act=android.intent.action.SERVICE_STATE flg=0x1000010 cmp=com.google.android.cellbroadcastreceiver/com.android.cellbroadcastreceiver.CellBroadcastReceiver (has extras) }
11-28 12:47:16.469  9573  9573 D CellBroadcastReceiver: onServiceStateChanged, ss: 0
11-28 12:47:16.469  9573  9573 D CellBroadcastReceiver: networkOperator: 62402
11-28 12:47:16.469  9573  9573 D CellBroadcastReceiver: update supported roaming operator as 
11-28 12:47:16.474  1341  1980 D SLocation: CellLocationManager - onCellLocationChanged 5 / 0
11-28 12:47:16.477  1737  1862 D MobileStatusTracker(0/5): onDisplayInfoChanged: telephonyDisplayInfo=TelephonyDisplayInfo {network=LTE, override=NONE}
11-28 12:47:16.479  1737  1862 D MobileSignalController(0/5): notifyListener: enabled=true, connected=true, dataConnected=false, networkType=LTE (4G), emergencyOnly=false, roaming=false, isDefault=false, dataActivity=, level=1, ca=false, mmWave=false, disabledDataIcon=false, simCard=ETC
11-28 12:47:16.481  1711  1711 I Telephony: TelecomAccountRegistry$AccountEntry: isRttCurrentlySupported -- regular acct,, hasVoiceAvailability: false, isRttSupported: false, alwaysAllowWhileRoaming: false, isRoaming: false, isOnWfc: false
11-28 12:47:16.482  1711  1711 I Telephony: TelecomAccountRegistry$AccountEntry: isRttCurrentlySupported -- regular acct,, hasVoiceAvailability: false, isRttSupported: false, alwaysAllowWhileRoaming: false, isRoaming: false, isOnWfc: false
11-28 12:47:16.483  1711  1711 V PhoneGlobals: handleServiceStateChanged
11-28 12:47:16.483  1711  1711 D NotificationMgr: updateNetworkSelection, Use Samsung codes instead of AOSP codes
11-28 12:47:16.483  1711  1711 V PhoneGlobals: subId=5, mDefaultDataSubId=-1, ss roaming=false
11-28 12:47:16.488  1737  1862 D MobileStatusTracker(0/5): onDataActivity: direction=0
11-28 12:47:16.497  1341  1980 D SLocation: SGeofenceCellManager - cellList : 2
11-28 12:47:16.497  1341  1980 D SLocation: DelayGeofence - Event_6 - delay will wake-up after 60000
11-28 12:47:16.581  1737  1862 D MobileStatusTracker(1/4): onSignalStrengthsChanged level=2, vendorLevel=2
11-28 12:47:16.585  1737  1862 D MobileSignalController(1/4): notifyListener: enabled=true, connected=true, dataConnected=false, networkType=LTE (4G), emergencyOnly=false, roaming=false, isDefault=false, dataActivity=inout, level=2, ca=false, mmWave=false, disabledDataIcon=false, simCard=ETC
11-28 12:47:16.585  1737  1862 D NetworkController: SignalStrength from intent slotId=1
11-28 12:47:16.626  1011  1106 I Light   : light data = 3.000000 .
11-28 12:47:16.639  1341  1532 D InputReader: Btn_touch(1): value=1 when=337798.058199
11-28 12:47:16.639  1341  1532 I InputReader: Touch event's action is 0x0 (id=5, t=0) [pCnt=1, s=0.42758 ] when=337798.058199
11-28 12:47:16.640  1341  1531 I InputDispatcher: Delivering touch to (1737): action: 0x4, f=0x0, d=0, 'ab6e286', t=1 
11-28 12:47:16.640  1341  1531 I InputDispatcher: Delivering touch to (17364): action: 0x0, f=0x0, d=0, 'a1c0718', t=1 
11-28 12:47:16.641  1341  1368 I GestureDetector: obtain mCurrentDownEvent. id: 483152785 caller: com.android.server.wm.SystemGesturesPointerEventListener.onPointerEvent:203 com.android.server.wm.PointerEventDispatcher.onInputEvent:53 android.view.InputEventReceiver.dispatchInputEvent:285 
11-28 12:47:16.641 17364 17364 I ViewRootImpl@4a720a7[MainActivity]: ViewPostIme pointer 0
11-28 12:47:16.641  1341  1368 I GestureDetector: obtain mCurrentDownEvent. id: 483152785 caller: com.android.server.wm.SystemPerformancePointerEventListener.onPointerEvent:89 com.android.server.wm.PointerEventDispatcher.onInputEvent:53 android.view.InputEventReceiver.dispatchInputEvent:285 
11-28 12:47:16.641  1341  1531 D PowerManagerService: UserActivityStateListenerState: 1
11-28 12:47:16.648  1341  1368 I GestureDetector: obtain mCurrentMotionEventRaw. action: 2 id: 312275618
11-28 12:47:16.648  1341  1368 I GestureDetector: obtain mCurrentMotionEventRaw. action: 2 id: 312275618
11-28 12:47:16.667 17364 17384 E IMGMapper: set:488 set: Unset optional value from type SMPTE2086
11-28 12:47:16.667 17364 17384 E IMGMapper: set:488 set: Unset optional value from type CTA861_3
11-28 12:47:16.672   766   766 I BufferQueueProducer: [com.excell44.educam.debug/com.excell44.educam.MainActivity$_17364#19263](this:0xb400007e9bbb6838,id:-1,api:0,p:-1,c:766) queueBuffer: fps=6.71 dur=2384.08 max=1542.88 min=15.76
11-28 12:47:16.697  1341  1532 D InputReader: Btn_touch(1): value=0 when=337798.116549
11-28 12:47:16.697  1341  1532 I InputReader: Touch event's action is 0x1 (id=5, t=0) [pCnt=1, s=] when=337798.116549
11-28 12:47:16.697  1341  1531 I InputDispatcher: Delivering touch to (17364): action: 0x1, f=0x0, d=0, 'a1c0718', t=1 
11-28 12:47:16.698 17364 17364 I ViewRootImpl@4a720a7[MainActivity]: ViewPostIme pointer 1
11-28 12:47:16.746 17364 17384 E IMGMapper: set:488 set: Unset optional value from type SMPTE2086
11-28 12:47:16.746 17364 17384 E IMGMapper: set:488 set: Unset optional value from type CTA861_3
11-28 12:47:16.763 17364 17384 E IMGMapper: set:488 set: Unset optional value from type SMPTE2086
11-28 12:47:16.763 17364 17384 E IMGMapper: set:488 set: Unset optional value from type CTA861_3
11-28 12:47:16.780 17364 17384 E IMGMapper: set:488 set: Unset optional value from type SMPTE2086
11-28 12:47:16.780 17364 17384 E IMGMapper: set:488 set: Unset optional value from type CTA861_3
11-28 12:47:16.798 17364 17384 E IMGMapper: set:488 set: Unset optional value from type SMPTE2086
11-28 12:47:16.798 17364 17384 E IMGMapper: set:488 set: Unset optional value from type CTA861_3
11-28 12:47:16.815 17364 17384 E IMGMapper: set:488 set: Unset optional value from type SMPTE2086
11-28 12:47:16.815 17364 17384 E IMGMapper: set:488 set: Unset optional value from type CTA861_3
11-28 12:47:16.826  1011  1106 I Light   : light data = 2.000000 .
11-28 12:47:16.831 17364 17384 E IMGMapper: set:488 set: Unset optional value from type SMPTE2086
11-28 12:47:16.831 17364 17384 E IMGMapper: set:488 set: Unset optional value from type CTA861_3
11-28 12:47:16.848 17364 17384 E IMGMapper: set:488 set: Unset optional value from type SMPTE2086
11-28 12:47:16.848 17364 17384 E IMGMapper: set:488 set: Unset optional value from type CTA861_3
11-28 12:47:16.864 17364 17384 E IMGMapper: set:488 set: Unset optional value from type SMPTE2086
11-28 12:47:16.865 17364 17384 E IMGMapper: set:488 set: Unset optional value from type CTA861_3
11-28 12:47:16.881 17364 17384 E IMGMapper: set:488 set: Unset optional value from type SMPTE2086
11-28 12:47:16.881 17364 17384 E IMGMapper: set:488 set: Unset optional value from type CTA861_3
11-28 12:47:16.898 17364 17384 E IMGMapper: set:488 set: Unset optional value from type SMPTE2086
11-28 12:47:16.898 17364 17384 E IMGMapper: set:488 set: Unset optional value from type CTA861_3
11-28 12:47:16.914 17364 17384 E IMGMapper: set:488 set: Unset optional value from type SMPTE2086
11-28 12:47:16.914 17364 17384 E IMGMapper: set:488 set: Unset optional value from type CTA861_3
11-28 12:47:16.931 17364 17384 E IMGMapper: set:488 set: Unset optional value from type SMPTE2086
11-28 12:47:16.931 17364 17384 E IMGMapper: set:488 set: Unset optional value from type CTA861_3
11-28 12:47:16.941  1341  1368 I GestureDetector: handleMessage TAP
11-28 12:47:16.941  1341  1341 I GestureDetector: handleMessage TAP
11-28 12:47:16.948 17364 17384 E IMGMapper: set:488 set: Unset optional value from type SMPTE2086
11-28 12:47:16.948 17364 17384 E IMGMapper: set:488 set: Unset optional value from type CTA861_3
11-28 12:47:16.964 17364 17384 E IMGMapper: set:488 set: Unset optional value from type SMPTE2086
11-28 12:47:16.965 17364 17384 E IMGMapper: set:488 set: Unset optional value from type CTA861_3
11-28 12:47:17.026  1011  1106 I Light   : light data = 4.000000 .
11-28 12:47:17.027  1091 25234 D AALLightSensor: oldLux=11 [SA:3 LA:4] newLux=11 (oriLux: 4)
11-28 12:47:17.031  1011  1106 I Accelerometer: acc data x = 1.434000, y = 0.696000, z = 9.567000 .
11-28 12:47:17.201 17364 17384 E IMGMapper: set:488 set: Unset optional value from type SMPTE2086
11-28 12:47:17.201 17364 17384 E IMGMapper: set:488 set: Unset optional value from type CTA861_3
11-28 12:47:17.209   738   839 I hwcomposer: [HWCDisplay] [Display_0 (type:1)] fps:15.310580,dur:1110.34,max:559.69,min:15.60  
11-28 12:47:17.226  1011  1106 I Light   : light data = 7.000000 .
11-28 12:47:17.281 17364 17384 E IMGMapper: set:488 set: Unset optional value from type SMPTE2086
11-28 12:47:17.281 17364 17384 E IMGMapper: set:488 set: Unset optional value from type CTA861_3
11-28 12:47:17.299 17364 17384 E IMGMapper: set:488 set: Unset optional value from type SMPTE2086
11-28 12:47:17.299 17364 17384 E IMGMapper: set:488 set: Unset optional value from type CTA861_3
11-28 12:47:17.314 17364 17384 E IMGMapper: set:488 set: Unset optional value from type SMPTE2086
11-28 12:47:17.314 17364 17384 E IMGMapper: set:488 set: Unset optional value from type CTA861_3
11-28 12:47:17.322 17364 17384 E IMGMapper: set:488 set: Unset optional value from type SMPTE2086
11-28 12:47:17.322 17364 17384 E IMGMapper: set:488 set: Unset optional value from type CTA861_3
11-28 12:47:17.339 17364 17384 E IMGMapper: set:488 set: Unset optional value from type SMPTE2086
11-28 12:47:17.340 17364 17384 E IMGMapper: set:488 set: Unset optional value from type CTA861_3
11-28 12:47:17.352 17364 17384 E IMGMapper: set:488 set: Unset optional value from type SMPTE2086
11-28 12:47:17.352 17364 17384 E IMGMapper: set:488 set: Unset optional value from type CTA861_3
11-28 12:47:17.370 17364 17384 E IMGMapper: set:488 set: Unset optional value from type SMPTE2086
11-28 12:47:17.370 17364 17384 E IMGMapper: set:488 set: Unset optional value from type CTA861_3
11-28 12:47:17.383 17364 17384 E IMGMapper: set:488 set: Unset optional value from type SMPTE2086
11-28 12:47:17.383 17364 17384 E IMGMapper: set:488 set: Unset optional value from type CTA861_3
11-28 12:47:17.402 17364 17384 E IMGMapper: set:488 set: Unset optional value from type SMPTE2086
11-28 12:47:17.402 17364 17384 E IMGMapper: set:488 set: Unset optional value from type CTA861_3
11-28 12:47:17.417 17364 17384 E IMGMapper: set:488 set: Unset optional value from type SMPTE2086
11-28 12:47:17.417 17364 17384 E IMGMapper: set:488 set: Unset optional value from type CTA861_3
11-28 12:47:17.426  1011  1106 I Light   : light data = 11.000000 .
11-28 12:47:17.433 17364 17384 E IMGMapper: set:488 set: Unset optional value from type SMPTE2086
11-28 12:47:17.433 17364 17384 E IMGMapper: set:488 set: Unset optional value from type CTA861_3
11-28 12:47:17.443 21370 21370 I RCS-ImsCommonModel: [D] setNetworkValue needToUiUpdate : true
11-28 12:47:17.443 21370 21370 I RCS-ImsCommonModel: [D] refreshNetworkCache ServiceCarrier : , opStyle : , needToUiUpdate : true
11-28 12:47:17.446  2011  2857 I ImsServiceStub<0>: isServiceAvailable: VoImsFeature : (mmtel-video) is not supported
11-28 12:47:17.448 17364 17384 E IMGMapper: set:488 set: Unset optional value from type SMPTE2086
11-28 12:47:17.448 17364 17384 E IMGMapper: set:488 set: Unset optional value from type CTA861_3
11-28 12:47:17.448  2011  2857 I ImsServiceSwitchEur[0]:  isRcsEnabled: false mDefaultSms false mUpsmEnabled false mEmergencyEnabled false
11-28 12:47:17.448  2011  2857 I ImsServiceStub<0>: isServiceAvailable: presence, rat: -1, profileFind:false, Enabled:false
11-28 12:47:17.450  2011  2857 I ImsServiceSwitchEur[0]:  isRcsEnabled: false mDefaultSms false mUpsmEnabled false mEmergencyEnabled false
11-28 12:47:17.450  2011  2857 I ImsServiceStub<0>: isServiceAvailable: options, rat: -1, profileFind:false, Enabled:false
11-28 12:47:17.453  2011  2857 I ImsServiceSwitchEur[0]:  isRcsEnabled: false mDefaultSms false mUpsmEnabled false mEmergencyEnabled false
11-28 12:47:17.453  2011  2857 I ImsServiceStub<0>: isServiceAvailable: im, rat: -1, profileFind:false, Enabled:false
11-28 12:47:17.458  2011  2857 I ImsServiceSwitchEur[0]:  isRcsEnabled: false mDefaultSms false mUpsmEnabled false mEmergencyEnabled false
11-28 12:47:17.458  2011  2857 I ImsServiceStub<0>: isServiceAvailable: im, rat: -1, profileFind:false, Enabled:false
11-28 12:47:17.462  2011  2857 I ImsServiceSwitchEur[0]:  isRcsEnabled: false mDefaultSms false mUpsmEnabled false mEmergencyEnabled false
11-28 12:47:17.462  2011  2857 I ImsServiceStub<0>: isServiceAvailable: ft, rat: -1, profileFind:false, Enabled:false
11-28 12:47:17.465  2011  2857 I ImsServiceSwitchEur[0]:  isRcsEnabled: false mDefaultSms false mUpsmEnabled false mEmergencyEnabled false
11-28 12:47:17.465  2011  2857 I ImsServiceStub<0>: isServiceAvailable: slm, rat: -1, profileFind:false, Enabled:false
11-28 12:47:17.467  2011 16755 I ImsServiceSwitchEur[0]:  isRcsEnabled: false mDefaultSms false mUpsmEnabled false mEmergencyEnabled false
11-28 12:47:17.467  2011 16755 I ImsServiceStub<0>: isServiceAvailable: ft_http, rat: -1, profileFind:false, Enabled:false
11-28 12:47:17.474 21370 21370 I RCS-ImsCommonModel: [D] isLvcAvailable : false, isEabAvailable : false, isImAvailable : false, isRcsMsgAvailable : false, isLvcDmEnabled : true
11-28 12:47:17.474 21370 21370 I RCS-ImsCommonModel: [D] refresh additional network cache
11-28 12:47:17.476 21370 21370 I RCS-ImsCommonModel: [D] Sim1 voLTE registration : false, network type : UNKNOWN
11-28 12:47:17.479 21370 21370 I RCS-ImsCommonModel: [D] no ims registration
11-28 12:47:17.479 21370 21370 I RCS-ImsCommonModel: [D] isEpdgOrWifi : false
11-28 12:47:17.482 21370 21370 I RCS-ImsCommonModel: [D] getImsRegistered : false
11-28 12:47:17.484 21370 21370 I RCS-ImsCommonModel: [D] getRcsRegistered : false
11-28 12:47:17.486 21370 21370 I RCS-ImsCommonModel: [D] (mIsSim1VoLteAvailable : false), (mIsImsRegistered : false), (mIsSim1VoWiFiEnabled : false), (mRcsSim1Registered :false), (mIsSim1RcsUpSupported :false), [[[refreshUi]]] end : false
11-28 12:47:17.486 21370 21370 I RCS-ImsUiManager: [D] onImsNetworkValueChanged
11-28 12:47:17.486 21370 21370 I RCS-ImsCommonModel: [D] mImsSim1ServiceFeatureSet is ready : mSim1ImsInitialized
11-28 12:47:17.514  1341 17411 E BinderTransaction: Binder proc file not exist.
11-28 12:47:17.559  1341  1373 E Watchdog: !@Sync: 11230 heap: 94 / 108 FD: 949 [2025-11-28 12:47:17.558]
11-28 12:47:17.560 17364 17384 E IMGMapper: set:488 set: Unset optional value from type SMPTE2086
11-28 12:47:17.560 17364 17384 E IMGMapper: set:488 set: Unset optional value from type CTA861_3
11-28 12:47:17.611 17364 17384 E IMGMapper: set:488 set: Unset optional value from type SMPTE2086
11-28 12:47:17.611 17364 17384 E IMGMapper: set:488 set: Unset optional value from type CTA861_3
11-28 12:47:17.626  1011  1106 I Light   : light data = 10.000000 .
11-28 12:47:17.826  1011  1106 I Light   : light data = 10.000000 .
11-28 12:47:17.832  1011  1106 I Accelerometer: acc data x = 1.434000, y = 0.676000, z = 9.586000 .
11-28 12:47:18.018 21370 21370 I RCS-ImsUiManager: [D] refreshUi ImsOpStyle : , isSupportDuoVideoCall : true
11-28 12:47:18.018 21370 21370 I RCS-ImsUiVideoCallCommon: [D] checkImsVtCallEnabled(0)
11-28 12:47:18.018 21370 21370 I RCS-ImsUiVideoCallCommon: [D] DM_ITEM_VIDEO_ENABLED(SIM1) is not available
11-28 12:47:18.018 21370 21370 I RCS-ImsUiVideoCallCommon: [D] ImsContactsConstants.VT_STATE.NOT_SUPPORT
11-28 12:47:18.018 21370 21370 I RCS-ImsUiVideoCallCommon: [D] Sim slot ID : 0, VtCallState : 0
11-28 12:47:18.018 21370 21370 I TelephonyDataSource: [D] isMultiSimModel - getActiveModemCount() : 2
11-28 12:47:18.018 21370 21370 I TelephonyDataSource: [D] CscFeatureUtil.isSupportEsim() :false, FloatingFeatureUtil.isSupportEmbeddedSim() : false, slotSwitch : 
11-28 12:47:18.019 21370 21370 I SimModel: [D] isMultiSimModel : true
11-28 12:47:18.019 21370 21370 I RCS-ImsUiVideoCallCommon: [D] checkImsVtCallEnabled(1)
11-28 12:47:18.019 21370 21370 I RCS-ImsCommonMultiSimModel: [D] getImsSim2ServiceFeatureSet
11-28 12:47:18.019 21370 21370 I RCS-ImsUiVideoCallCommon: [D] DM_ITEM_VIDEO_ENABLED(SIM2) is not available
11-28 12:47:18.019 21370 21370 I RCS-ImsUiVideoCallCommon: [D] ImsContactsConstants.VT_STATE.NOT_SUPPORT
11-28 12:47:18.019 21370 21370 I RCS-ImsUiVideoCallCommon: [D] Sim slot ID : 1, VtCallState : 0
11-28 12:47:18.019 21370 21370 I RCS-ImsUiManager: [D] updateUi : 101
11-28 12:47:18.019 21370 21370 I RCS-ImsUiManager: [D] updateImsDefaultConfig(0) : vt_call_enabled
11-28 12:47:18.021  2011  2857 I ImsServiceStub<0>: isServiceAvailable: VoImsFeature : (mmtel-video) is not supported
11-28 12:47:18.022 21370 21370 I RCS-ImsCommonMultiSimModel: [D] isVideoCallEnabled(0) : false
11-28 12:47:18.026  1011  1106 I Light   : light data = 10.000000 .
11-28 12:47:18.092   770   784 D ccci_mdinit: (1):monitor_time_update_thread round:50677 ########
11-28 12:47:18.098   529   529 D io_stats: !@ 179,0 r 7382655 151863211 w 4348061 33885436 d 102600 20291976 f 0 0 iot 11960112 0 th 0 0 0 pt 0 inp 0 0 337799.517
11-28 12:47:18.227  1011  1106 I Light   : light data = 11.000000 .
11-28 12:47:18.425  1011  1106 I Light   : light data = 13.000000 .
11-28 12:47:18.503  1737  1862 D MobileStatusTracker(1/4): onSignalStrengthsChanged level=2, vendorLevel=2
11-28 12:47:18.506  1737  1862 D MobileSignalController(1/4): notifyListener: enabled=true, connected=true, dataConnected=false, networkType=LTE (4G), emergencyOnly=false, roaming=false, isDefault=false, dataActivity=inout, level=2, ca=false, mmWave=false, disabledDataIcon=false, simCard=ETC
11-28 12:47:18.507  1737  1862 D NetworkController: SignalStrength from intent slotId=1
11-28 12:47:18.627  1011  1106 I Light   : light data = 13.000000 .
11-28 12:47:18.633  1011  1106 I Accelerometer: acc data x = 1.395000, y = 0.676000, z = 9.605000 .
11-28 12:47:18.719  1341  1532 D InputReader: Btn_touch(1): value=1 when=337800.138195
11-28 12:47:18.719  1341  1532 I InputReader: Touch event's action is 0x0 (id=5, t=0) [pCnt=1, s=0.42759 ] when=337800.138195
11-28 12:47:18.720  1341  1531 I InputDispatcher: Delivering touch to (1737): action: 0x4, f=0x0, d=0, 'ab6e286', t=1 
11-28 12:47:18.720  1341  1531 I InputDispatcher: Delivering touch to (17364): action: 0x0, f=0x0, d=0, 'a1c0718', t=1 
11-28 12:47:18.721  1341  1368 I GestureDetector: obtain mCurrentDownEvent. id: 91779122 caller: com.android.server.wm.SystemGesturesPointerEventListener.onPointerEvent:203 com.android.server.wm.PointerEventDispatcher.onInputEvent:53 android.view.InputEventReceiver.dispatchInputEvent:285 
11-28 12:47:18.721 17364 17364 I ViewRootImpl@4a720a7[MainActivity]: ViewPostIme pointer 0
11-28 12:47:18.721  1341  1368 I GestureDetector: obtain mCurrentDownEvent. id: 91779122 caller: com.android.server.wm.SystemPerformancePointerEventListener.onPointerEvent:89 com.android.server.wm.PointerEventDispatcher.onInputEvent:53 android.view.InputEventReceiver.dispatchInputEvent:285 
11-28 12:47:18.728  1341  1368 I GestureDetector: obtain mCurrentMotionEventRaw. action: 2 id: 166259474
11-28 12:47:18.728  1341  1368 I GestureDetector: obtain mCurrentMotionEventRaw. action: 2 id: 166259474
11-28 12:47:18.729  1341  1598 W DeviceStorageMonitorService: updateBroadcasts(/data) oldLevel:0, newLevel:0, seq:1
11-28 12:47:18.729  1341  1598 D DeviceStorageMonitorService: Available File Node Number is [12836272]
11-28 12:47:18.729  1341  1598 W DeviceStorageMonitorService: updateBroadcasts_filenode(/data) fn_oldLevel:0, fn_newLevel:0, seq:1
11-28 12:47:18.793  1341  1532 D InputReader: Btn_touch(1): value=0 when=337800.213003
11-28 12:47:18.793  1341  1532 I InputReader: Touch event's action is 0x1 (id=5, t=0) [pCnt=1, s=] when=337800.213003
11-28 12:47:18.794  1341  1531 I InputDispatcher: Delivering touch to (17364): action: 0x1, f=0x0, d=0, 'a1c0718', t=1 
11-28 12:47:18.794 17364 17364 I ViewRootImpl@4a720a7[MainActivity]: ViewPostIme pointer 1
11-28 12:47:18.800 18811 18811 I wpa_supplicant: Heartbeat 2497
11-28 12:47:18.820 17364 17384 E IMGMapper: set:488 set: Unset optional value from type SMPTE2086
11-28 12:47:18.820 17364 17384 E IMGMapper: set:488 set: Unset optional value from type CTA861_3
11-28 12:47:18.826  1011  1106 I Light   : light data = 13.000000 .
11-28 12:47:18.836   766   766 I BufferQueueProducer: [com.excell44.educam.debug/com.excell44.educam.MainActivity$_17364#19263](this:0xb400007e9bbb6838,id:-1,api:0,p:-1,c:766) queueBuffer: fps=13.87 dur=2163.21 max=1213.19 min=16.10
11-28 12:47:18.837   738   839 I hwcomposer: [HWCDisplay] [Display_0 (type:1)] fps:9.212374,dur:1628.24,max:1213.02,min:16.15  
11-28 12:47:18.851 17364 17384 E IMGMapper: set:488 set: Unset optional value from type SMPTE2086
11-28 12:47:18.851 17364 17384 E IMGMapper: set:488 set: Unset optional value from type CTA861_3
11-28 12:47:18.864 17364 17384 E IMGMapper: set:488 set: Unset optional value from type SMPTE2086
11-28 12:47:18.864 17364 17384 E IMGMapper: set:488 set: Unset optional value from type CTA861_3
11-28 12:47:18.876 17364 17384 E IMGMapper: set:488 set: Unset optional value from type SMPTE2086
11-28 12:47:18.876 17364 17384 E IMGMapper: set:488 set: Unset optional value from type CTA861_3
11-28 12:47:18.892 17364 17384 E IMGMapper: set:488 set: Unset optional value from type SMPTE2086
11-28 12:47:18.892 17364 17384 E IMGMapper: set:488 set: Unset optional value from type CTA861_3
11-28 12:47:18.911 17364 17384 E IMGMapper: set:488 set: Unset optional value from type SMPTE2086
11-28 12:47:18.911 17364 17384 E IMGMapper: set:488 set: Unset optional value from type CTA861_3
11-28 12:47:18.927 17364 17384 E IMGMapper: set:488 set: Unset optional value from type SMPTE2086
11-28 12:47:18.927 17364 17384 E IMGMapper: set:488 set: Unset optional value from type CTA861_3
11-28 12:47:18.944 17364 17384 E IMGMapper: set:488 set: Unset optional value from type SMPTE2086
11-28 12:47:18.944 17364 17384 E IMGMapper: set:488 set: Unset optional value from type CTA861_3
11-28 12:47:18.962 17364 17384 E IMGMapper: set:488 set: Unset optional value from type SMPTE2086
11-28 12:47:18.962 17364 17384 E IMGMapper: set:488 set: Unset optional value from type CTA861_3
11-28 12:47:18.978 17364 17384 E IMGMapper: set:488 set: Unset optional value from type SMPTE2086
11-28 12:47:18.978 17364 17384 E IMGMapper: set:488 set: Unset optional value from type CTA861_3
11-28 12:47:18.995 17364 17384 E IMGMapper: set:488 set: Unset optional value from type SMPTE2086
11-28 12:47:18.995 17364 17384 E IMGMapper: set:488 set: Unset optional value from type CTA861_3
11-28 12:47:19.011 17364 17384 E IMGMapper: set:488 set: Unset optional value from type SMPTE2086
11-28 12:47:19.012 17364 17384 E IMGMapper: set:488 set: Unset optional value from type CTA861_3
11-28 12:47:19.019 21370 21370 I RCS-ImsUiManager: [D] refreshImsUi mImsUiListener : com.samsung.android.dialer.main.view.a@2e4ae29
11-28 12:47:19.020 21370 21370 I RCS-DialtactsActivity: [D] mImsUiListener - refresh Ims Ui : 101
11-28 12:47:19.020 21370 21370 I RCS-DialpadPresenter: [D] mImsUiListener - refresh Ims Ui : 101
11-28 12:47:19.020 21370 21370 I TelephonyDataSource: [D] getDefaultDataSubscriptionId : 4
11-28 12:47:19.021  1341  1368 I GestureDetector: handleMessage TAP
11-28 12:47:19.022  1341  1341 I GestureDetector: handleMessage TAP
11-28 12:47:19.024 21370 21370 I TelephonyDataSource: [D] getSlotId(4) : 1
11-28 12:47:19.024 21370 21370 I RCS-CallPlusWithSimModel: [D] current default data slot id : 1
11-28 12:47:19.024 21370 21370 I TelephonyDataSource: [D] getDefaultDataSubscriptionId : 4
11-28 12:47:19.026  1011  1106 I Light   : light data = 13.000000 .
11-28 12:47:19.029 17364 17384 E IMGMapper: set:488 set: Unset optional value from type SMPTE2086
11-28 12:47:19.029 21370 21370 I TelephonyDataSource: [D] getSlotId(4) : 1
11-28 12:47:19.029 21370 21370 I RCS-CallPlusWithSimModel: [D] current default data slot id : 1
11-28 12:47:19.029 17364 17384 E IMGMapper: set:488 set: Unset optional value from type CTA861_3
11-28 12:47:19.034 21370 21370 I TelephonyDataSource: [D] isSimInserted(1) : true
11-28 12:47:19.034 21370 21370 I RCS-CallPlusWithSimModel: [D] isEnableCrane : false
11-28 12:47:19.034 21370 21370 I DialPadSearchImpl: [D] mSearchItemList : 0mFirstSearchItem :null
11-28 12:47:19.034 21370 21370 I DialpadButtonImpl: [D] initButtonView
11-28 12:47:19.034 21370 17413 I TelephonyDataSource: [D] getDefaultDataSubscriptionId : 4
11-28 12:47:19.034 21370 21370 I TelephonyDataSource: [D] isMultiSimModel - getActiveModemCount() : 2
11-28 12:47:19.034 21370 21370 I TelephonyDataSource: [D] CscFeatureUtil.isSupportEsim() :false, FloatingFeatureUtil.isSupportEmbeddedSim() : false, slotSwitch : 
11-28 12:47:19.034 21370 21370 I SimModel: [D] isMultiSimModel : true
11-28 12:47:19.035 21370 21370 I SimModel: [D] isEnabledSim(0) : true
11-28 12:47:19.035 21370 21370 I SimModel: [D] isEnabledSim(1) : true
11-28 12:47:19.036 21370 21370 I SimModel: [D] CompleteActiveSubscriptionInfoList : 2
11-28 12:47:19.036 21370 21370 I SimModel: [D] uuid1 : null
11-28 12:47:19.036 21370 21370 I SimModel: [D] opportunistic1 : false
11-28 12:47:19.037 21370 21370 I SimModel: [D] uuid2 : null
11-28 12:47:19.037 21370 21370 I SimModel: [D] opportunistic2 : false
11-28 12:47:19.037 21370 21370 I SimModel: [D] countInsertedSim : 2 isVirtualSims : [false, false]
11-28 12:47:19.037 21370 21370 I SimModel: [D] isMultiSimInserted : true
11-28 12:47:19.037 21370 21370 I TelephonyDataSource: [D] isMultiSimModel - getActiveModemCount() : 2
11-28 12:47:19.037 21370 21370 I TelephonyDataSource: [D] CscFeatureUtil.isSupportEsim() :false, FloatingFeatureUtil.isSupportEmbeddedSim() : false, slotSwitch : 
11-28 12:47:19.037 21370 21370 I SimModel: [D] isMultiSimModel : true
11-28 12:47:19.037 21370 17413 I TelephonyDataSource: [D] getSlotId(4) : 1
11-28 12:47:19.037 21370 21370 I SimModel: [D] isEnabledSim(0) : true
11-28 12:47:19.037 21370 17413 I RCS-CallPlusWithSimModel: [D] current default data slot id : 1
11-28 12:47:19.038 21370 17413 I RCS-CallPlusDataSource: [D] uri : content://com.samsung.rcs.autoconfigurationprovider/root/application/1/services/composerauth#simslot1
11-28 12:47:19.038 21370 21370 I SimModel: [D] isEnabledSim(1) : true
11-28 12:47:19.039 21370 21370 I SimModel: [D] CompleteActiveSubscriptionInfoList : 2
11-28 12:47:19.039 21370 21370 I SimModel: [D] uuid1 : null
11-28 12:47:19.039 21370 21370 I SimModel: [D] opportunistic1 : false
11-28 12:47:19.039 21370 21370 I SimModel: [D] uuid2 : null
11-28 12:47:19.039 21370 21370 I SimModel: [D] opportunistic2 : false
11-28 12:47:19.039 21370 21370 I SimModel: [D] countInsertedSim : 2 isVirtualSims : [false, false]
11-28 12:47:19.039 21370 21370 I SimModel: [D] isMultiSimInserted : true
11-28 12:47:19.040  2011  2857 I ConfigProvider: query uri:xxxxx
11-28 12:47:19.042  1341  3028 I Telecom:SamsungTelecomServiceImpl: getPhoneAccount - PhoneAccountHandle : ComponentInfo{com.android.phone/com.android.services.telephony.TelephonyConnectionService}, 5, UserHandle{0} / callingPid : 21370 / processName : sts
11-28 12:47:19.043 21370 21370 I SimModel: [D] isPreferredSimAlwaysAsk phoneAccount : [[X] PhoneAccount: ComponentInfo{com.android.phone/com.android.services.telephony.TelephonyConnectionService}, 5, UserHandle{0} Capabilities: CallProvider MultiUser PlaceEmerg SimSub  Audio Routes: BESW Schemes: tel voicemail  Extras: Bundle[mParcelledData.dataSize=696] GroupId: ***]
11-28 12:47:19.043 21370 21370 I TelephonyDataSource: [D] isMultiSimModel - getActiveModemCount() : 2
11-28 12:47:19.043 21370 21370 I TelephonyDataSource: [D] CscFeatureUtil.isSupportEsim() :false, FloatingFeatureUtil.isSupportEmbeddedSim() : false, slotSwitch : 
11-28 12:47:19.043 21370 21370 I SimModel: [D] isMultiSimModel : true
11-28 12:47:19.043 21370 21370 I SimModel: [D] isEnabledSim(0) : true
11-28 12:47:19.043 21370 21370 I SimModel: [D] isEnabledSim(1) : true
11-28 12:47:19.045 21370 21370 I SimModel: [D] CompleteActiveSubscriptionInfoList : 2
11-28 12:47:19.045 21370 21370 I SimModel: [D] uuid1 : null
11-28 12:47:19.045 17364 17384 E IMGMapper: set:488 set: Unset optional value from type SMPTE2086
11-28 12:47:19.045 21370 21370 I SimModel: [D] opportunistic1 : false
11-28 12:47:19.045 21370 21370 I SimModel: [D] uuid2 : null
11-28 12:47:19.045 21370 21370 I SimModel: [D] opportunistic2 : false
11-28 12:47:19.045 17364 17384 E IMGMapper: set:488 set: Unset optional value from type CTA861_3
11-28 12:47:19.045 21370 21370 I SimModel: [D] countInsertedSim : 2 isVirtualSims : [false, false]
11-28 12:47:19.045 21370 21370 I SimModel: [D] isMultiSimInserted : true
11-28 12:47:19.046  2011  2857 I ConfigProvider: queryStorage path content://com.samsung.rcs.autoconfigurationprovider/root/application/1/services/composerauth#simslot1
11-28 12:47:19.047  1341  3017 I Telecom:SamsungTelecomServiceImpl: getPhoneAccount - PhoneAccountHandle : ComponentInfo{com.android.phone/com.android.services.telephony.TelephonyConnectionService}, 5, UserHandle{0} / callingPid : 21370 / processName : sts
11-28 12:47:19.048 21370 21370 I SimModel: [D] isPreferredSimAlwaysAsk phoneAccount : [[X] PhoneAccount: ComponentInfo{com.android.phone/com.android.services.telephony.TelephonyConnectionService}, 5, UserHandle{0} Capabilities: CallProvider MultiUser PlaceEmerg SimSub  Audio Routes: BESW Schemes: tel voicemail  Extras: Bundle[mParcelledData.dataSize=696] GroupId: ***]
11-28 12:47:19.049 21370 21370 I TelephonyDataSource: [D] getDefaultVoiceSubscriptionId : 5
11-28 12:47:19.049 21370 17413 E CursorWindow: Failed to read row 0, column 0 from a window with 1 rows, 0 columns
11-28 12:47:19.050 21370 17413 I RCS-CallPlusDataSource: [D] Can't read crane info from configuration.
11-28 12:47:19.050 21370 17413 I RCS-CallPlusDataSource: [D] getCraneConfigurationStatus slotId : 1 value : 2
11-28 12:47:19.051 21370 21370 I TelephonyDataSource: [D] getSlotId(5) : 0
11-28 12:47:19.051 21370 21370 I RCS-ImsCommonModel: [D] isSimMobility : false
11-28 12:47:19.051 21370 21370 I RCS-ImsCommonMultiSimModel: [D] isSimMobility(0) : false
11-28 12:47:19.053  2011  2857 I ImsServiceStub<0>: isServiceAvailable: VoImsFeature : (mmtel-video) is not supported
11-28 12:47:19.053 21370 21370 I RCS-ImsCommonMultiSimModel: [D] isVideoCallEnabled(0) : false
11-28 12:47:19.053 21370 21370 I RCS-ImsUiVideoCallCommon: [D] isDialerVideoButtonAvailable(0) : false
11-28 12:47:19.053 21370 21370 I DialpadButtonHelper: [D] isVideoCallAvailable : false
11-28 12:47:19.053 21370 21370 I RCS-ImsUiManager: [D] getDialerVideoCallIcon slotId : -1
11-28 12:47:19.054 21370 21370 I TelephonyDataSource: [D] getDefaultVoiceSubscriptionId : 5
11-28 12:47:19.057 21370 21370 I TelephonyDataSource: [D] getSlotId(5) : 0
11-28 12:47:19.058 21370 21370 I TelephonyDataSource: [D] isMultiSimModel - getActiveModemCount() : 2
11-28 12:47:19.058 21370 21370 I TelephonyDataSource: [D] CscFeatureUtil.isSupportEsim() :false, FloatingFeatureUtil.isSupportEmbeddedSim() : false, slotSwitch : 
11-28 12:47:19.058 21370 21370 I SimModel: [D] isMultiSimModel : true
11-28 12:47:19.058 21370 21370 I SimModel: [D] isEnabledSim(0) : true
11-28 12:47:19.058 21370 21370 I SimModel: [D] isEnabledSim(1) : true
11-28 12:47:19.060 21370 21370 I SimModel: [D] CompleteActiveSubscriptionInfoList : 2
11-28 12:47:19.060 21370 21370 I SimModel: [D] uuid1 : null
11-28 12:47:19.060 21370 21370 I SimModel: [D] opportunistic1 : false
11-28 12:47:19.060 21370 21370 I SimModel: [D] uuid2 : null
11-28 12:47:19.060 21370 21370 I SimModel: [D] opportunistic2 : false
11-28 12:47:19.060 21370 21370 I SimModel: [D] countInsertedSim : 2 isVirtualSims : [false, false]
11-28 12:47:19.060 21370 21370 I SimModel: [D] isMultiSimInserted : true
11-28 12:47:19.061 17364 17384 E IMGMapper: set:488 set: Unset optional value from type SMPTE2086
11-28 12:47:19.061 17364 17384 E IMGMapper: set:488 set: Unset optional value from type CTA861_3
11-28 12:47:19.062  1341  3016 I Telecom:SamsungTelecomServiceImpl: getPhoneAccount - PhoneAccountHandle : ComponentInfo{com.android.phone/com.android.services.telephony.TelephonyConnectionService}, 5, UserHandle{0} / callingPid : 21370 / processName : sts
11-28 12:47:19.063 21370 21370 I SimModel: [D] isPreferredSimAlwaysAsk phoneAccount : [[X] PhoneAccount: ComponentInfo{com.android.phone/com.android.services.telephony.TelephonyConnectionService}, 5, UserHandle{0} Capabilities: CallProvider MultiUser PlaceEmerg SimSub  Audio Routes: BESW Schemes: tel voicemail  Extras: Bundle[mParcelledData.dataSize=696] GroupId: ***]
11-28 12:47:19.063 21370 21370 I RCS-ImsCommonModel: [D] isSimMobility : false
11-28 12:47:19.063 21370 21370 I RCS-ImsCommonMultiSimModel: [D] isSimMobility(0) : false
11-28 12:47:19.063 21370 21370 I RCS-ImsUiVideoCallCommon: [D] isVtCallEnabled(0), (imsOpstyle : )
11-28 12:47:19.063 21370 21370 I RCS-ImsUiVideoCallCommon: [D] isVtCallEnabled(SIM1) NOT_SUPPORT
11-28 12:47:19.063 21370 21370 I OpenCommunicationModel: [D] getVideoCallType() isViLteEnabled : false, videoMethod : 
11-28 12:47:19.063 21370 21370 I RCS-DuoUiVideoCall: [D] getDialerDuoIcon type : 4
11-28 12:47:19.068 21370 21370 I AppIconSolution: start to load, pkg=com.google.android.apps.tachyon, bg=96-96, dr=144-144, forDefault=false, density=0
11-28 12:47:19.071 21370 21370 I AppIconSolution: getIconScale, pkg=com.google.android.apps.tachyon, size=144, iconScale=IconScale[alpha=1, scale=0.79999995, isCrop=false]
11-28 12:47:19.071 21370 21370 I AppIconSolution: fromTheme2, pkg=com.google.android.apps.tachyon, bg=96-96, dr=144-144, tarScale=0.79999995, relScale=0.54084504, mask=false, isCropInTheme = false, isNight = false
11-28 12:47:19.072 21370 21370 I RCS-DuoModel: [D] duo version : 169
11-28 12:47:19.074 21370 21370 I TelephonyDataSource: [D] isMultiSimModel - getActiveModemCount() : 2
11-28 12:47:19.074 21370 21370 I TelephonyDataSource: [D] CscFeatureUtil.isSupportEsim() :false, FloatingFeatureUtil.isSupportEmbeddedSim() : false, slotSwitch : 
11-28 12:47:19.074 21370 21370 I SimModel: [D] isMultiSimModel : true
11-28 12:47:19.074 21370 21370 I SimModel: [D] isEnabledSim(0) : true
11-28 12:47:19.075 21370 21370 I SimModel: [D] isEnabledSim(1) : true
11-28 12:47:19.077 21370 21370 I SimModel: [D] CompleteActiveSubscriptionInfoList : 2
11-28 12:47:19.077 21370 21370 I SimModel: [D] uuid1 : null
11-28 12:47:19.077 21370 21370 I SimModel: [D] opportunistic1 : false
11-28 12:47:19.077 21370 21370 I SimModel: [D] uuid2 : null
11-28 12:47:19.077 21370 21370 I SimModel: [D] opportunistic2 : false
11-28 12:47:19.077 21370 21370 I SimModel: [D] countInsertedSim : 2 isVirtualSims : [false, false]
11-28 12:47:19.077 21370 21370 I SimModel: [D] isMultiSimInserted : true
11-28 12:47:19.078 17364 17384 E IMGMapper: set:488 set: Unset optional value from type SMPTE2086
11-28 12:47:19.078 17364 17384 E IMGMapper: set:488 set: Unset optional value from type CTA861_3
11-28 12:47:19.079  1341  3016 I Telecom:SamsungTelecomServiceImpl: getPhoneAccount - PhoneAccountHandle : ComponentInfo{com.android.phone/com.android.services.telephony.TelephonyConnectionService}, 5, UserHandle{0} / callingPid : 21370 / processName : sts
11-28 12:47:19.080 21370 21370 I SimModel: [D] isPreferredSimAlwaysAsk phoneAccount : [[X] PhoneAccount: ComponentInfo{com.android.phone/com.android.services.telephony.TelephonyConnectionService}, 5, UserHandle{0} Capabilities: CallProvider MultiUser PlaceEmerg SimSub  Audio Routes: BESW Schemes: tel voicemail  Extras: Bundle[mParcelledData.dataSize=696] GroupId: ***]
11-28 12:47:19.081 21370 21370 I TelephonyDataSource: [D] getDefaultVoiceSubscriptionId : 5
11-28 12:47:19.083 21370 21370 I TelephonyDataSource: [D] getSlotId(5) : 0
11-28 12:47:19.083 21370 21370 I RCS-ImsUiCallCommon: [D] getDialerVoiceCallIcon forceSetVoWifi : false, slotId : 0
11-28 12:47:19.083 21370 21370 I TelephonyDataSource: [D] isMultiSimModel - getActiveModemCount() : 2
11-28 12:47:19.083 21370 21370 I TelephonyDataSource: [D] CscFeatureUtil.isSupportEsim() :false, FloatingFeatureUtil.isSupportEmbeddedSim() : false, slotSwitch : 
11-28 12:47:19.083 21370 21370 I SimModel: [D] isMultiSimModel : true
11-28 12:47:19.083 21370 21370 I SimModel: [D] isEnabledSim(0) : true
11-28 12:47:19.083 21370 21370 I SimModel: [D] isEnabledSim(1) : true
11-28 12:47:19.085 21370 21370 I SimModel: [D] CompleteActiveSubscriptionInfoList : 2
11-28 12:47:19.085 21370 21370 I SimModel: [D] uuid1 : null
11-28 12:47:19.085 21370 21370 I SimModel: [D] opportunistic1 : false
11-28 12:47:19.085 21370 21370 I SimModel: [D] uuid2 : null
11-28 12:47:19.085 21370 21370 I SimModel: [D] opportunistic2 : false
11-28 12:47:19.085 21370 21370 I SimModel: [D] countInsertedSim : 2 isVirtualSims : [false, false]
11-28 12:47:19.085 21370 21370 I SimModel: [D] isMultiSimInserted : true
11-28 12:47:19.088  1341  3016 I Telecom:SamsungTelecomServiceImpl: getPhoneAccount - PhoneAccountHandle : ComponentInfo{com.android.phone/com.android.services.telephony.TelephonyConnectionService}, 5, UserHandle{0} / callingPid : 21370 / processName : sts
11-28 12:47:19.089 21370 21370 I SimModel: [D] isPreferredSimAlwaysAsk phoneAccount : [[X] PhoneAccount: ComponentInfo{com.android.phone/com.android.services.telephony.TelephonyConnectionService}, 5, UserHandle{0} Capabilities: CallProvider MultiUser PlaceEmerg SimSub  Audio Routes: BESW Schemes: tel voicemail  Extras: Bundle[mParcelledData.dataSize=696] GroupId: ***]
11-28 12:47:19.089 21370 21370 I RCS-ImsCommonModel: [D] isVowifiEnabled for sim1 : false
11-28 12:47:19.089 21370 21370 I RCS-ImsCommonMultiSimModel: [D] isVowifiEnabled(0) : false
11-28 12:47:19.089 21370 21370 I DialpadButtonHelper: [D] layoutType : 0
11-28 12:47:19.090 21370 21370 I RCS-CallLogExpandImpl: [D] mImsUiListener - refresh Ims Ui : 101
11-28 12:47:19.091 21370 21370 I ContactImsEventListener: [D] mImsUiListener - refresh Ims Ui : 101
11-28 12:47:19.094 17364 17384 E IMGMapper: set:488 set: Unset optional value from type SMPTE2086
11-28 12:47:19.094 17364 17384 E IMGMapper: set:488 set: Unset optional value from type CTA861_3
11-28 12:47:19.111 17364 17384 E IMGMapper: set:488 set: Unset optional value from type SMPTE2086
11-28 12:47:19.111 17364 17384 E IMGMapper: set:488 set: Unset optional value from type CTA861_3
11-28 12:47:19.128 17364 17384 E IMGMapper: set:488 set: Unset optional value from type SMPTE2086
11-28 12:47:19.128 17364 17384 E IMGMapper: set:488 set: Unset optional value from type CTA861_3
11-28 12:47:19.134  1737  1862 D MobileStatusTracker(0/5): onSignalStrengthsChanged level=2, vendorLevel=1
11-28 12:47:19.136  1737  1862 D MobileSignalController(0/5): notifyListener: enabled=true, connected=true, dataConnected=false, networkType=LTE (4G), emergencyOnly=false, roaming=false, isDefault=false, dataActivity=, level=1, ca=false, mmWave=false, disabledDataIcon=false, simCard=ETC
11-28 12:47:19.137  1737  1862 D NetworkController: SignalStrength from intent slotId=0
11-28 12:47:19.144 17364 17384 E IMGMapper: set:488 set: Unset optional value from type SMPTE2086
11-28 12:47:19.144 17364 17384 E IMGMapper: set:488 set: Unset optional value from type CTA861_3
