--------- beginning of main
11-29 14:03:17.423   167   753 D gralloc_gmin: gralloc_alloc: Creating ashmem region of size 2363392
11-29 14:03:17.427  1083  1984 W NetworkScheduler: Error inserting period=2000 preferred_charging_state=1 preferred_network_type=1 target_class=com.google.android.gms.measurement.PackageMeasurementTaskService required_network_type=0 runtime=1764396197411 required_idleness_state=0 source=16 service_kind=0 target_package=com.google.android.gms persistence_level=1 source_version=220920000 last_runtime=0 user_id=0 job_id=-1 requires_charging=0 tag=Measurement.PackageMeasurementTaskService.UPLOAD_TASK_TAG flex_time=0 task_type=0 retry_strategy={"maximum_backoff_seconds":{"3600":0},"initial_backoff_seconds":{"30":0},"retry_policy":{"0":0}}, error message: UNIQUE constraint failed: pending_ops.tag, pending_ops.target_class, pending_ops.target_package, pending_ops.user_id (code 2067 SQLITE_CONSTRAINT_UNIQUE) [CONTEXT service_id=218 ]
11-29 14:03:17.437   167   243 D gralloc_gmin: gralloc_alloc: Creating ashmem region of size 2363392
11-29 14:03:17.446   565  2555 D         : HostConnection::get() New Host Connection established 0x7fabc6ed7980, tid 2555
11-29 14:03:17.484  1396  1396 D OpenGLRenderer: Skia GL Pipeline
11-29 14:03:17.638  1396 15256 I cr_tabmodel: Starting to fetch tab list for tab_state0
11-29 14:03:17.639  1396 15254 I cr_tabmodel: Starting to fetch tab list for tab_state1
11-29 14:03:17.639  1396 15254 I cr_tabmodel: State file does not exist.
11-29 14:03:17.639  1396 15254 I cr_tabmodel: Starting to fetch tab list for tab_state_browser_actions
11-29 14:03:17.639  1396 15254 I cr_tabmodel: State file does not exist.
11-29 14:03:17.640  1396 15256 I cr_tabmodel: Finished fetching tab list.
11-29 14:03:17.670  1396 15275 W cr_ChildProcLH: Create a new ChildConnectionAllocator with package name = com.android.chrome, sandboxed = true
11-29 14:03:17.695 15276 15276 I Zygote  : seccomp disabled by setenforce 0
11-29 14:03:17.697 15276 15276 W dboxed_process: Unexpected CPU variant for X86 using defaults: x86
11-29 14:03:17.704 15276 15276 E dboxed_process: Not starting debugger since process cannot load the jdwp agent.
--------- beginning of system
11-29 14:03:17.705   415   431 I ActivityManager: Start proc 15276:com.android.chrome:sandboxed_process0/u0i2 for webview_service com.android.chrome/org.chromium.content.app.SandboxedProcessService0
11-29 14:03:17.759   144   226 E TrafficController: Failed to set the counterSet: Bad file descriptor, fd: -1
11-29 14:03:17.768  1396 15274 D         : HostConnection::get() New Host Connection established 0xd3eceac0, tid 15274
11-29 14:03:17.778   415   979 I ConfigStore: android::hardware::configstore::V1_0::ISurfaceFlingerConfigs::hasWideColorDisplay retrieved: 0
11-29 14:03:17.778   415   979 I ConfigStore: android::hardware::configstore::V1_0::ISurfaceFlingerConfigs::hasHDRDisplay retrieved: 0
11-29 14:03:17.779   415   979 I OpenGLRenderer: Initialized EGL, version 1.4
11-29 14:03:17.779   415   979 D OpenGLRenderer: Swap behavior 1
11-29 14:03:17.780   415   979 E EGL_adreno: CreateContext rcMajorVersion:3, minorVersion:2
11-29 14:03:17.802 15276 15276 I cr_ChildProcessService: Creating new ChildProcessService pid=15276
11-29 14:03:17.808   415   979 D EGL_adreno: eglCreateContext: 0x7fab9e056960: maj 3 min 2 rcv 3
11-29 14:03:17.808   415   979 E EGL_adreno: [getAttribValue] Bad attribute idx
11-29 14:03:17.808   415   979 D EGL_adreno: eglGetConfigAttrib: bad attrib 0x3339
11-29 14:03:17.816  1396 15274 W         : Process pipe failed
11-29 14:03:17.819  1396 15274 I ConfigStore: android::hardware::configstore::V1_0::ISurfaceFlingerConfigs::hasWideColorDisplay retrieved: 0
11-29 14:03:17.820  1396 15274 I ConfigStore: android::hardware::configstore::V1_0::ISurfaceFlingerConfigs::hasHDRDisplay retrieved: 0
11-29 14:03:17.820  1396 15274 I OpenGLRenderer: Initialized EGL, version 1.4
11-29 14:03:17.820  1396 15274 D OpenGLRenderer: Swap behavior 1
11-29 14:03:17.820  1396 15274 E EGL_adreno: CreateContext rcMajorVersion:3, minorVersion:2
11-29 14:03:17.839  1396 15274 D EGL_adreno: eglCreateContext: 0xd3d74be0: maj 3 min 2 rcv 3
11-29 14:03:17.839  1396 15274 E EGL_adreno: [getAttribValue] Bad attribute idx
11-29 14:03:17.839  1396 15274 D EGL_adreno: eglGetConfigAttrib: bad attrib 0x3339
11-29 14:03:17.874  1396 15274 E EGL_adreno: [getAttribValue] Bad attribute idx
11-29 14:03:17.874  1396 15274 D EGL_adreno: eglGetConfigAttrib: bad attrib 0x3339
11-29 14:03:17.875   167   882 D gralloc_gmin: gralloc_alloc: Creating ashmem region of size 2363392
11-29 14:03:17.885  1396 15274 D vndksupport: Loading /vendor/lib/hw/android.hardware.graphics.mapper@2.0-impl.so from current namespace instead of sphal namespace.
11-29 14:03:17.887  1396 15274 D vndksupport: Loading /vendor/lib/hw/gralloc.gmin.so from current namespace instead of sphal namespace.
11-29 14:03:17.896  1396 15274 E EGL_adreno: tid 15274: eglSurfaceAttrib(1640): error 0x3009 (EGL_BAD_MATCH)
11-29 14:03:17.896  1396 15274 W OpenGLRenderer: Failed to set EGL_SWAP_BEHAVIOR on surface 0xd3d74b20, error=EGL_BAD_MATCH
11-29 14:03:17.992  1083  1988 W NetworkScheduler: Error inserting period=3620000 preferred_charging_state=1 preferred_network_type=1 target_class=com.google.android.gms.measurement.PackageMeasurementTaskService required_network_type=0 runtime=1764396197987 required_idleness_state=0 source=16 service_kind=0 target_package=com.google.android.gms persistence_level=1 source_version=220920000 last_runtime=0 user_id=0 job_id=-1 requires_charging=0 tag=Measurement.PackageMeasurementTaskService.UPLOAD_TASK_TAG flex_time=1809000 task_type=0 retry_strategy={"maximum_backoff_seconds":{"3600":0},"initial_backoff_seconds":{"30":0},"retry_policy":{"0":0}}, error message: UNIQUE constraint failed: pending_ops.tag, pending_ops.target_class, pending_ops.target_package, pending_ops.user_id (code 2067 SQLITE_CONSTRAINT_UNIQUE) [CONTEXT service_id=218 ]
11-29 14:03:18.231   167   243 D gralloc_gmin: gralloc_alloc: Creating ashmem region of size 2363392
11-29 14:03:18.254   415   437 I ActivityManager: Displayed com.android.chrome/org.chromium.chrome.browser.ChromeTabbedActivity: +849ms (total +1s27ms)
11-29 14:03:18.262   167   882 D gralloc_gmin: gralloc_alloc: Creating ashmem region of size 2363392
11-29 14:03:18.333  1396  1396 I cr_ContextualSearch: Tap suppression enabled: false
11-29 14:03:18.334  1396  1396 I cr_ContextualSearch: Consructing ContextualSearchRankerLoggerImpl, enabled: true
11-29 14:03:18.352   167   243 W SurfaceFlinger: Attempting to set client state on removed layer: Splash Screen com.android.chrome#0
11-29 14:03:18.352   167   243 W SurfaceFlinger: Attempting to destroy on removed layer: Splash Screen com.android.chrome#0
11-29 14:03:18.393 15302 15302 I Zygote  : seccomp disabled by setenforce 0
11-29 14:03:18.397 15302 15302 W ileged_process: Unexpected CPU variant for X86 using defaults: x86
11-29 14:03:18.400   415   431 I ActivityManager: Start proc 15302:com.android.chrome:privileged_process0/u0a52 for service com.android.chrome/org.chromium.content.app.PrivilegedProcessService0
11-29 14:03:18.403 15302 15302 E ileged_process: Not starting debugger since process cannot load the jdwp agent.
11-29 14:03:18.451 15302 15302 I ileged_process: The ClassLoaderContext is a special shared library.
11-29 14:03:18.456 15302 15302 W ileged_process: JIT profile information will not be recorded: profile file does not exits.
11-29 14:03:18.475 15302 15302 I cr_ChildProcessService: Creating new ChildProcessService pid=15302
11-29 14:03:18.537 15276 15291 I cr_LibraryLoader: Time to load native libraries: 0 ms (timestamps 2749-2749)
11-29 14:03:18.545 15276 15291 I chromium: [INFO:library_loader_hooks.cc(36)] Chromium logging enabled: level = 0, default verbosity = 0
11-29 14:03:18.549  1043  1043 D BoundBrokerSvc: onBind: Intent { act=com.google.android.gms.safetynet.service.START pkg=com.google.android.gms }
11-29 14:03:18.549 15276 15291 I cr_LibraryLoader: Expected native library version number "68.0.3440.70", actual native library version number "68.0.3440.70"
11-29 14:03:18.549  1043  1043 D BoundBrokerSvc: Loading bound service for intent: Intent { act=com.google.android.gms.safetynet.service.START pkg=com.google.android.gms }
11-29 14:03:18.577 15302 15316 I cr_LibraryLoader: Time to load native libraries: 7 ms (timestamps 2786-2793)
11-29 14:03:18.579 15302 15316 I chromium: [INFO:library_loader_hooks.cc(36)] Chromium logging enabled: level = 0, default verbosity = 0
11-29 14:03:18.579 15302 15316 I cr_LibraryLoader: Expected native library version number "68.0.3440.70", actual native library version number "68.0.3440.70"
11-29 14:03:18.600 15302 15316 D         : HostConnection::get() New Host Connection established 0xececfdc0, tid 15316
11-29 14:03:18.680  1083  1083 D BoundBrokerSvc: onBind: Intent { act=com.google.android.gms.phenotype.service.START pkg=com.google.android.gms }
11-29 14:03:18.680  1083  1083 D BoundBrokerSvc: Loading bound service for intent: Intent { act=com.google.android.gms.phenotype.service.START pkg=com.google.android.gms }
11-29 14:03:18.692 15302 15316 W         : Process pipe failed
11-29 14:03:18.701  1396 15254 I cr_tabmodel: Starting to fetch tab list for tab_state1
11-29 14:03:18.701 15302 15316 I ConfigStore: android::hardware::configstore::V1_0::ISurfaceFlingerConfigs::hasWideColorDisplay retrieved: 0
11-29 14:03:18.701  1396 15254 I cr_tabmodel: State file does not exist.
11-29 14:03:18.701 15302 15316 I ConfigStore: android::hardware::configstore::V1_0::ISurfaceFlingerConfigs::hasHDRDisplay retrieved: 0
11-29 14:03:18.702  1396 15257 I cr_tabmodel: Starting to fetch tab list for tab_state_browser_actions
11-29 14:03:18.702  1396 15257 I cr_tabmodel: State file does not exist.
11-29 14:03:18.703 15302 15316 E EGL_adreno: [getAttribValue] Bad attribute idx
11-29 14:03:18.704 15302 15316 D EGL_adreno: eglGetConfigAttrib: bad attrib 0x3339
11-29 14:03:18.718 15302 15316 E EGL_adreno: CreateContext rcMajorVersion:3, minorVersion:2
11-29 14:03:18.740 15302 15316 D EGL_adreno: eglCreateContext: 0xf337a4a0: maj 3 min 2 rcv 3
11-29 14:03:18.795  1396  1396 V NFC     : this device does not have NFC support
11-29 14:03:18.804   144   226 E TrafficController: Failed to delete the counterSet: Bad file descriptor
11-29 14:03:18.867  1083  1332 E baeh    : Phenotype API error. Event # curw@66fb30a8, EventCode: 7 [CONTEXT service_id=51 ]
11-29 14:03:18.867  1083  1332 E baeh    : badk: 29505: No config packages for log source, or config package not registered
11-29 14:03:18.867  1083  1332 E baeh    : 	at bafb.c(:com.google.android.gms@220920023@22.09.20 (040800-434869283):4)
11-29 14:03:18.867  1083  1332 E baeh    : 	at baex.g(:com.google.android.gms@220920023@22.09.20 (040800-434869283):0)
11-29 14:03:18.867  1083  1332 E baeh    : 	at baeh.e(:com.google.android.gms@220920023@22.09.20 (040800-434869283):4)
11-29 14:03:18.867  1083  1332 E baeh    : 	at baeh.f(:com.google.android.gms@220920023@22.09.20 (040800-434869283):2)
11-29 14:03:18.867  1083  1332 E baeh    : 	at agsd.eo(:com.google.android.gms@220920023@22.09.20 (040800-434869283):1)
11-29 14:03:18.867  1083  1332 E baeh    : 	at agsp.run(:com.google.android.gms@220920023@22.09.20 (040800-434869283):5)
11-29 14:03:18.867  1083  1332 E baeh    : 	at ccjp.run(:com.google.android.gms@220920023@22.09.20 (040800-434869283):2)
11-29 14:03:18.867  1083  1332 E baeh    : 	at xss.c(:com.google.android.gms@220920023@22.09.20 (040800-434869283):6)
11-29 14:03:18.867  1083  1332 E baeh    : 	at xss.run(:com.google.android.gms@220920023@22.09.20 (040800-434869283):7)
11-29 14:03:18.867  1083  1332 E baeh    : 	at java.util.concurrent.ThreadPoolExecutor.runWorker(ThreadPoolExecutor.java:1167)
11-29 14:03:18.867  1083  1332 E baeh    : 	at java.util.concurrent.ThreadPoolExecutor$Worker.run(ThreadPoolExecutor.java:641)
11-29 14:03:18.867  1083  1332 E baeh    : 	at xxx.run(:com.google.android.gms@220920023@22.09.20 (040800-434869283):0)
11-29 14:03:18.867  1083  1332 E baeh    : 	at java.lang.Thread.run(Thread.java:764)
11-29 14:03:18.876  1083  1332 W AsyncOperation: operation=GetExperimentTokensOperationCall, opStatusCode=29505 [CONTEXT service_id=51 ]
11-29 14:03:18.876  1083  1332 W AsyncOperation: OperationException[Status{statusCode=No config packages for log source, or config package not registered, resolution=null}]
11-29 14:03:18.876  1083  1332 W AsyncOperation: 	at baeh.e(:com.google.android.gms@220920023@22.09.20 (040800-434869283):6)
11-29 14:03:18.876  1083  1332 W AsyncOperation: 	at baeh.f(:com.google.android.gms@220920023@22.09.20 (040800-434869283):2)
11-29 14:03:18.876  1083  1332 W AsyncOperation: 	at agsd.eo(:com.google.android.gms@220920023@22.09.20 (040800-434869283):1)
11-29 14:03:18.876  1083  1332 W AsyncOperation: 	at agsp.run(:com.google.android.gms@220920023@22.09.20 (040800-434869283):5)
11-29 14:03:18.876  1083  1332 W AsyncOperation: 	at ccjp.run(:com.google.android.gms@220920023@22.09.20 (040800-434869283):2)
11-29 14:03:18.876  1083  1332 W AsyncOperation: 	at xss.c(:com.google.android.gms@220920023@22.09.20 (040800-434869283):6)
11-29 14:03:18.876  1083  1332 W AsyncOperation: 	at xss.run(:com.google.android.gms@220920023@22.09.20 (040800-434869283):7)
11-29 14:03:18.876  1083  1332 W AsyncOperation: 	at java.util.concurrent.ThreadPoolExecutor.runWorker(ThreadPoolExecutor.java:1167)
11-29 14:03:18.876  1083  1332 W AsyncOperation: 	at java.util.concurrent.ThreadPoolExecutor$Worker.run(ThreadPoolExecutor.java:641)
11-29 14:03:18.876  1083  1332 W AsyncOperation: 	at xxx.run(:com.google.android.gms@220920023@22.09.20 (040800-434869283):0)
11-29 14:03:18.876  1083  1332 W AsyncOperation: 	at java.lang.Thread.run(Thread.java:764)
11-29 14:03:18.879 15302 15316 W VideoCapabilities: Unrecognized profile 4 for video/hevc
11-29 14:03:18.902 15302 15316 I VideoCapabilities: Unsupported profile 4 for video/mp4v-es
11-29 14:03:18.910 15302 15316 W cr_MediaCodecUtil: HW encoder for video/avc is not available on this device.
11-29 14:03:18.920 15302 15316 E EGL_adreno: [getAttribValue] Bad attribute idx
11-29 14:03:18.920 15302 15316 D EGL_adreno: eglGetConfigAttrib: bad attrib 0x3339
11-29 14:03:18.938 15302 15316 E EGL_adreno: CreateContext rcMajorVersion:3, minorVersion:0
11-29 14:03:18.951 15302 15316 D EGL_adreno: eglCreateContext: 0xf337bc40: maj 3 min 0 rcv 3
11-29 14:03:19.022 15302 15316 D OpenGLRenderer: Skia GL Pipeline
11-29 14:03:19.027 15302 15316 E EGL_adreno: [getAttribValue] Bad attribute idx
11-29 14:03:19.028 15302 15316 D EGL_adreno: eglGetConfigAttrib: bad attrib 0x3339
11-29 14:03:19.029   167   753 D gralloc_gmin: gralloc_alloc: Creating ashmem region of size 2293760
11-29 14:03:19.045 15302 15316 D vndksupport: Loading /vendor/lib/hw/android.hardware.graphics.mapper@2.0-impl.so from current namespace instead of sphal namespace.
11-29 14:03:19.046 15302 15316 D vndksupport: Loading /vendor/lib/hw/gralloc.gmin.so from current namespace instead of sphal namespace.
11-29 14:03:19.245  1396 15275 I cr_BindingManager: Moderate binding enabled: maxSize=20
11-29 14:03:19.282  1043 15348 I DynamiteModule: Considering local module com.google.android.gms.cronet_dynamite:0 and remote module com.google.android.gms.cronet_dynamite:1411
11-29 14:03:19.282  1043 15348 I DynamiteModule: Selected remote version of com.google.android.gms.cronet_dynamite, version >= 1411
11-29 14:03:19.288  1043 15348 W gle.android.gm: Unsupported class loader
11-29 14:03:19.291  1396 15352 E chromium: [ERROR:devtools_http_handler.cc(292)] Cannot start http server for devtools. Stop devtools.
11-29 14:03:19.338  1043 15348 W gle.android.gm: Skipping duplicate class check due to unsupported classloader
11-29 14:03:19.363 14778 15247 I chatty  : uid=10091(com.excell44.educam.debug) expire 3 lines
11-29 14:03:19.457  1083  1083 D BoundBrokerSvc: onBind: Intent { act=com.google.android.gms.instantapps.START pkg=com.google.android.gms }
11-29 14:03:19.457  1083  1083 D BoundBrokerSvc: Loading bound service for intent: Intent { act=com.google.android.gms.instantapps.START pkg=com.google.android.gms }
11-29 14:03:19.540   415  2611 D ConnectivityService: requestNetwork for uid/pid:10041/1043 NetworkRequest [ TRACK_DEFAULT id=23, [ Capabilities: INTERNET&NOT_RESTRICTED&TRUSTED Unwanted:  Uid: 10041] ]
11-29 14:03:19.543   415   522 D WIFI_UT : got request NetworkRequest [ TRACK_DEFAULT id=23, [ Capabilities: INTERNET&NOT_RESTRICTED&TRUSTED Unwanted:  Uid: 10041] ] with score 60
11-29 14:03:19.543   415   522 D WIFI    : got request NetworkRequest [ TRACK_DEFAULT id=23, [ Capabilities: INTERNET&NOT_RESTRICTED&TRUSTED Unwanted:  Uid: 10041] ] with score 60
11-29 14:03:19.549   688   688 D PhoneSwitcherNetworkRequstListener: got request NetworkRequest [ TRACK_DEFAULT id=23, [ Capabilities: INTERNET&NOT_RESTRICTED&TRUSTED Unwanted:  Uid: 10041] ] with score 60
11-29 14:03:19.574  1083  1332 W AsyncOperation: operation=GetLaunchDataOperation, opStatusCode=19500 [CONTEXT service_id=121 ]
11-29 14:03:19.574  1083  1332 W AsyncOperation: OperationException[Status{statusCode=Not an instant app, resolution=null}]
11-29 14:03:19.574  1083  1332 W AsyncOperation: 	at akxu.f(:com.google.android.gms@220920023@22.09.20 (040800-434869283):18)
11-29 14:03:19.574  1083  1332 W AsyncOperation: 	at agsd.eo(:com.google.android.gms@220920023@22.09.20 (040800-434869283):1)
11-29 14:03:19.574  1083  1332 W AsyncOperation: 	at agsp.run(:com.google.android.gms@220920023@22.09.20 (040800-434869283):5)
11-29 14:03:19.574  1083  1332 W AsyncOperation: 	at ccjp.run(:com.google.android.gms@220920023@22.09.20 (040800-434869283):2)
11-29 14:03:19.574  1083  1332 W AsyncOperation: 	at xss.c(:com.google.android.gms@220920023@22.09.20 (040800-434869283):6)
11-29 14:03:19.574  1083  1332 W AsyncOperation: 	at xss.run(:com.google.android.gms@220920023@22.09.20 (040800-434869283):7)
11-29 14:03:19.574  1083  1332 W AsyncOperation: 	at java.util.concurrent.ThreadPoolExecutor.runWorker(ThreadPoolExecutor.java:1167)
11-29 14:03:19.574  1083  1332 W AsyncOperation: 	at java.util.concurrent.ThreadPoolExecutor$Worker.run(ThreadPoolExecutor.java:641)
11-29 14:03:19.574  1083  1332 W AsyncOperation: 	at xxx.run(:com.google.android.gms@220920023@22.09.20 (040800-434869283):0)
11-29 14:03:19.574  1083  1332 W AsyncOperation: 	at java.lang.Thread.run(Thread.java:764)
11-29 14:03:19.633  1043 15348 I cr_CronetLibraryLoader: Cronet version: 99.0.4844.35, arch: x86_64
11-29 14:03:20.041   167   882 D gralloc_gmin: gralloc_alloc: Creating ashmem region of size 2293760
11-29 14:03:20.071   167   882 D gralloc_gmin: gralloc_alloc: Creating ashmem region of size 2293760
11-29 14:03:20.898  1574  1695 I PlayCommon: [73] adgc.k(22): Preparing logs for uploading
11-29 14:03:20.899  1574  1695 I PlayCommon: [73] adgc.k(135): Connecting to server for timestamp: https://play.googleapis.com/play/log/timestamp
11-29 14:03:20.920  1574  1695 E PlayCommon: [73] adgc.k(136): Failed to connect to server for server timestamp: java.net.UnknownHostException: Unable to resolve host "play.googleapis.com": No address associated with hostname
11-29 14:03:20.923  1574  1695 W PlayCommon: [73] adgc.m(1): No account for auth token provided
11-29 14:03:20.924  1574  1695 I PlayCommon: [73] adgc.k(169): Connecting to server: https://play.googleapis.com/play/log?format=raw&proto_v2=true
11-29 14:03:20.925  1574  1695 E PlayCommon: [73] adgc.k(175): Failed to connect to server for log upload.
11-29 14:03:23.188  1396  1396 I cr_ChromeTabbedActivity: Back pressed: Minimized and closed tab
11-29 14:03:23.189  1396  1396 I cr_ChromeTabbedActivity: sendToBackground(): org.chromium.chrome.browser.tab.Tab@86013db
11-29 14:03:23.199   415  5357 I ActivityManager: moveTaskToBack: TaskRecord{34de2e6 #88 A=com.android.chrome U=0 StackId=13 sz=1}
11-29 14:03:23.218  1396  1396 W cr_Autocomplete: stopping autocomplete.
11-29 14:03:23.275   144   226 E TrafficController: Failed to set the counterSet: Bad file descriptor, fd: -1
11-29 14:03:23.279 14778 14830 I chatty  : uid=10091(com.excell44.educam.debug) expire 2 lines
11-29 14:03:23.290   167   243 D gralloc_gmin: gralloc_alloc: Creating ashmem region of size 2363392
11-29 14:03:23.305   167   243 D gralloc_gmin: gralloc_alloc: Creating ashmem region of size 2363392
11-29 14:03:23.314   167   243 D gralloc_gmin: gralloc_alloc: Creating ashmem region of size 2363392
11-29 14:03:23.332 14778 14850 I chatty  : uid=10091(com.excell44.educam.debug) expire 10 lines
11-29 14:03:23.373   167   753 D gralloc_gmin: gralloc_alloc: Creating ashmem region of size 2363392
11-29 14:03:23.411   565   636 I ndroid.systemu: Waiting for a blocking GC ProfileSaver
11-29 14:03:23.435   565   636 I ndroid.systemu: WaitForGcToComplete blocked ProfileSaver on ProfileSaver for 24.143ms
11-29 14:03:23.688   144   226 E TrafficController: Failed to delete the counterSet: Bad file descriptor
11-29 14:03:23.688   144   226 E TrafficController: Failed to delete the counterSet: Bad file descriptor
11-29 14:03:23.718   415   979 I ConfigStore: android::hardware::configstore::V1_0::ISurfaceFlingerConfigs::hasWideColorDisplay retrieved: 0
11-29 14:03:23.718   415   979 I ConfigStore: android::hardware::configstore::V1_0::ISurfaceFlingerConfigs::hasHDRDisplay retrieved: 0
11-29 14:03:23.718   415   979 I OpenGLRenderer: Initialized EGL, version 1.4
11-29 14:03:23.719   415   979 D OpenGLRenderer: Swap behavior 1
11-29 14:03:23.720   415   979 E EGL_adreno: CreateContext rcMajorVersion:3, minorVersion:2
11-29 14:03:23.733   415   979 D EGL_adreno: eglCreateContext: 0x7fab9e056960: maj 3 min 2 rcv 3
11-29 14:03:23.733   415   979 E EGL_adreno: [getAttribValue] Bad attribute idx
11-29 14:03:23.733   415   979 D EGL_adreno: eglGetConfigAttrib: bad attrib 0x3339
11-29 14:03:23.764  1396 15275 I cr_BindingManager: onTrimMemory: level=20, size=0
11-29 14:03:23.821   415   431 I ActivityManager: Start proc 15386:com.google.android.partnersetup/u0a45 for service com.google.android.partnersetup/.InstalledAppJobService
11-29 14:03:23.823 15386 15386 I Zygote  : seccomp disabled by setenforce 0
11-29 14:03:23.826 15386 15386 W id.partnersetu: Unexpected CPU variant for X86 using defaults: x86_64
11-29 14:03:23.840 15386 15386 E id.partnersetu: Not starting debugger since process cannot load the jdwp agent.
11-29 14:03:23.860   415  5357 I ActivityManager: Process com.android.chrome:sandboxed_process0 (pid 15276) has died: cch  CACC
11-29 14:03:23.860   415  5357 W ActivityManager: Scheduling restart of crashed service com.android.chrome/org.chromium.content.app.SandboxedProcessService0 in 1000ms
11-29 14:03:23.860   415   432 W libprocessgroup: Failed to open process cgroup uid 99002 pid 15276: No such file or directory
11-29 14:03:23.860   415   432 E libprocessgroup: Error encountered killing process cgroup uid 99002 pid 15276: No such file or directory
11-29 14:03:23.862   621   621 I Zygote  : Process 15276 exited cleanly (0)
11-29 14:03:23.862   415   433 E KernelUidCpuTimeReader: Failed to read uid_cputime: /proc/uid_cputime/show_uid_stat (No such file or directory)
11-29 14:03:23.862   415   433 E KernelCpuSpeedReader: Failed to read cpu-freq: /sys/devices/system/cpu/cpu0/cpufreq/stats/time_in_state (No such file or directory)
11-29 14:03:23.863   415   433 E KernelWakelockReader: neither /proc/wakelocks nor /d/wakeup_sources exists
11-29 14:03:23.863   415   433 W BatteryStatsImpl: Couldn't get kernel wake lock stats
11-29 14:03:23.872   415   429 W BroadcastQueue: Background execution not allowed: receiving Intent { act=android.intent.action.DROPBOX_ENTRY_ADDED flg=0x10 (has extras) } to com.google.android.gms/.stats.service.DropBoxEntryAddedReceiver
11-29 14:03:23.880   415 13475 I MediaFocusControl: abandonAudioFocus() from uid/pid 10052/1396 clientId=android.media.AudioManager@3c9a9cborg.chromium.content.browser.AudioFocusDelegate@c9b55a8
11-29 14:03:23.913  1396 15275 W cr_ChildProcessConn: onServiceDisconnected (crash or killed by oom): pid=15276
11-29 14:03:23.918  1083  1988 I NetworkScheduler.Stats: Task com.google.android.gms/com.google.android.gms.auth.account.be.legacy.AuthCronService started execution. cause:4 exec_start_elapsed_seconds: 3638 [CONTEXT service_id=218 ]
11-29 14:03:23.923  1083  1988 I NetworkScheduler.Stats: Task com.google.android.gms/com.google.android.gms.auth.account.be.legacy.AuthCronService finished executing. cause:4 result: 1 elapsed_millis: 54 uptime_millis: 54 exec_start_elapsed_seconds: 3638 [CONTEXT service_id=218 ]
11-29 14:03:23.959 15386 15386 I id.partnersetu: The ClassLoaderContext is a special shared library.
11-29 14:03:24.623   415 14741 D WificondControl: Scan result ready event
11-29 14:03:26.153   415 14741 I ActivityManager: START u0 {act=android.intent.action.VIEW dat=https://wa.me/... flg=0x10000000 cmp=com.android.chrome/com.google.android.apps.chrome.IntentDispatcher} from uid 10091
11-29 14:03:26.171  1396  1396 W ActivityThread: handleWindowVisibility: no activity for token android.os.BinderProxy@5694866
11-29 14:03:26.182   144   226 E TrafficController: Failed to set the counterSet: Bad file descriptor, fd: -1
11-29 14:03:26.191  1396  1396 I cr_InstantAppsHandler: Package manager handles intents on O+, not handling in Chrome
11-29 14:03:26.202   415  1082 I ActivityManager: START u0 {act=android.intent.action.VIEW dat=https://wa.me/... flg=0x14002000 cmp=com.android.chrome/org.chromium.chrome.browser.ChromeTabbedActivity (has extras)} from uid 10052
11-29 14:03:26.255   415   431 I ActivityManager: Start proc 15427:com.android.chrome:sandboxed_process1/u0i3 for webview_service com.android.chrome/org.chromium.content.app.SandboxedProcessService1
11-29 14:03:26.257 15427 15427 I Zygote  : seccomp disabled by setenforce 0
11-29 14:03:26.260 15427 15427 W dboxed_process: Unexpected CPU variant for X86 using defaults: x86
11-29 14:03:26.265 15427 15427 E dboxed_process: Not starting debugger since process cannot load the jdwp agent.
11-29 14:03:26.285   144   226 E TrafficController: Failed to set the counterSet: Bad file descriptor, fd: -1
11-29 14:03:26.310  1396 15274 E EGL_adreno: [getAttribValue] Bad attribute idx
11-29 14:03:26.310  1396 15274 D EGL_adreno: eglGetConfigAttrib: bad attrib 0x3339
11-29 14:03:26.313   167   882 D gralloc_gmin: gralloc_alloc: Creating ashmem region of size 2363392
11-29 14:03:26.340  1396 15274 E EGL_adreno: tid 15274: eglSurfaceAttrib(1640): error 0x3009 (EGL_BAD_MATCH)
11-29 14:03:26.340  1396 15274 W OpenGLRenderer: Failed to set EGL_SWAP_BEHAVIOR on surface 0xd3d74b20, error=EGL_BAD_MATCH
11-29 14:03:26.373 15427 15427 I cr_ChildProcessService: Creating new ChildProcessService pid=15427
11-29 14:03:26.385 15302 15316 E EGL_adreno: [getAttribValue] Bad attribute idx
11-29 14:03:26.385 15302 15316 D EGL_adreno: eglGetConfigAttrib: bad attrib 0x3339
11-29 14:03:26.385   167   753 D gralloc_gmin: gralloc_alloc: Creating ashmem region of size 2293760
11-29 14:03:26.410 15302 15316 E EGL_adreno: CreateContext rcMajorVersion:3, minorVersion:0
11-29 14:03:26.434 15302 15316 D EGL_adreno: eglCreateContext: 0xf337ae60: maj 3 min 0 rcv 3
11-29 14:03:26.450  1083  1327 W NetworkScheduler: Error inserting period=4000 preferred_charging_state=1 preferred_network_type=1 target_class=com.google.android.gms.measurement.PackageMeasurementTaskService required_network_type=0 runtime=1764396206421 required_idleness_state=0 source=16 service_kind=0 target_package=com.google.android.gms persistence_level=1 source_version=220920000 last_runtime=0 user_id=0 job_id=-1 requires_charging=0 tag=Measurement.PackageMeasurementTaskService.UPLOAD_TASK_TAG flex_time=1000 task_type=0 retry_strategy={"maximum_backoff_seconds":{"3600":0},"initial_backoff_seconds":{"30":0},"retry_policy":{"0":0}}, error message: UNIQUE constraint failed: pending_ops.tag, pending_ops.target_class, pending_ops.target_package, pending_ops.user_id (code 2067 SQLITE_CONSTRAINT_UNIQUE) [CONTEXT service_id=218 ]
11-29 14:03:26.532   167   753 D gralloc_gmin: gralloc_alloc: Creating ashmem region of size 2363392
11-29 14:03:26.558   167   882 D gralloc_gmin: gralloc_alloc: Creating ashmem region of size 2363392
11-29 14:03:26.589 15427 15442 I cr_LibraryLoader: Time to load native libraries: 0 ms (timestamps 803-803)
11-29 14:03:26.591 15427 15442 I chromium: [INFO:library_loader_hooks.cc(36)] Chromium logging enabled: level = 0, default verbosity = 0
11-29 14:03:26.592 15427 15442 I cr_LibraryLoader: Expected native library version number "68.0.3440.70", actual native library version number "68.0.3440.70"
11-29 14:03:26.932  1083  1332 W AsyncOperation: operation=GetLaunchDataOperation, opStatusCode=19500 [CONTEXT service_id=121 ]
11-29 14:03:26.932  1083  1332 W AsyncOperation: OperationException[Status{statusCode=Not an instant app, resolution=null}]
11-29 14:03:26.932  1083  1332 W AsyncOperation: 	at akxu.f(:com.google.android.gms@220920023@22.09.20 (040800-434869283):18)
11-29 14:03:26.932  1083  1332 W AsyncOperation: 	at agsd.eo(:com.google.android.gms@220920023@22.09.20 (040800-434869283):1)
11-29 14:03:26.932  1083  1332 W AsyncOperation: 	at agsp.run(:com.google.android.gms@220920023@22.09.20 (040800-434869283):5)
11-29 14:03:26.932  1083  1332 W AsyncOperation: 	at ccjp.run(:com.google.android.gms@220920023@22.09.20 (040800-434869283):2)
11-29 14:03:26.932  1083  1332 W AsyncOperation: 	at xss.c(:com.google.android.gms@220920023@22.09.20 (040800-434869283):6)
11-29 14:03:26.932  1083  1332 W AsyncOperation: 	at xss.run(:com.google.android.gms@220920023@22.09.20 (040800-434869283):7)
11-29 14:03:26.932  1083  1332 W AsyncOperation: 	at java.util.concurrent.ThreadPoolExecutor.runWorker(ThreadPoolExecutor.java:1167)
11-29 14:03:26.932  1083  1332 W AsyncOperation: 	at java.util.concurrent.ThreadPoolExecutor$Worker.run(ThreadPoolExecutor.java:641)
11-29 14:03:26.932  1083  1332 W AsyncOperation: 	at xxx.run(:com.google.android.gms@220920023@22.09.20 (040800-434869283):0)
11-29 14:03:26.932  1083  1332 W AsyncOperation: 	at java.lang.Thread.run(Thread.java:764)
11-29 14:03:27.382   167   753 D gralloc_gmin: gralloc_alloc: Creating ashmem region of size 2293760
11-29 14:03:27.404   167   753 D gralloc_gmin: gralloc_alloc: Creating ashmem region of size 2293760
11-29 14:03:27.414   167   882 D gralloc_gmin: gralloc_alloc: Creating ashmem region of size 2363392
11-29 14:03:27.709   167   243 W SurfaceFlinger: Attempting to set client state on removed layer: Surface(name=AppWindowToken{34ffb6d token=Token{e97e784 ActivityRecord{6502997 u0 com.android.chrome/org.chromium.chrome.browser.ChromeTabbedActivity t88}}})/@0xfd52795 - animation-leash#0
11-29 14:03:27.709   167   243 W SurfaceFlinger: Attempting to destroy on removed layer: Surface(name=AppWindowToken{34ffb6d token=Token{e97e784 ActivityRecord{6502997 u0 com.android.chrome/org.chromium.chrome.browser.ChromeTabbedActivity t88}}})/@0xfd52795 - animation-leash#0
11-29 14:03:27.715   144   226 E TrafficController: Failed to delete the counterSet: Bad file descriptor
11-29 14:03:27.716   167   882 W SurfaceFlinger: Attempting to destroy on removed layer: AppWindowToken{79dfd5d token=Token{395fb34 ActivityRecord{4d07e07 u0 com.android.chrome/com.google.android.apps.chrome.IntentDispatcher t89}}}#0
11-29 14:03:28.109  1083  1988 W NetworkScheduler: Error inserting period=3620000 preferred_charging_state=1 preferred_network_type=1 target_class=com.google.android.gms.measurement.PackageMeasurementTaskService required_network_type=0 runtime=1764396208107 required_idleness_state=0 source=16 service_kind=0 target_package=com.google.android.gms persistence_level=1 source_version=220920000 last_runtime=0 user_id=0 job_id=-1 requires_charging=0 tag=Measurement.PackageMeasurementTaskService.UPLOAD_TASK_TAG flex_time=1809000 task_type=0 retry_strategy={"maximum_backoff_seconds":{"3600":0},"initial_backoff_seconds":{"30":0},"retry_policy":{"0":0}}, error message: UNIQUE constraint failed: pending_ops.tag, pending_ops.target_class, pending_ops.target_package, pending_ops.user_id (code 2067 SQLITE_CONSTRAINT_UNIQUE) [CONTEXT service_id=218 ]
11-29 14:03:30.473  1396  1396 I cr_ChromeTabbedActivity: Back pressed: Minimized and closed tab
11-29 14:03:30.473  1396  1396 I cr_ChromeTabbedActivity: sendToBackground(): org.chromium.chrome.browser.tab.Tab@a505cb4
11-29 14:03:30.473   415 14741 I ActivityManager: moveTaskToBack: TaskRecord{34de2e6 #88 A=com.android.chrome U=0 StackId=13 sz=1}
11-29 14:03:30.482  1396  1396 W cr_Autocomplete: stopping autocomplete.
11-29 14:03:30.499   144   226 E TrafficController: Failed to set the counterSet: Bad file descriptor, fd: -1
11-29 14:03:30.518   167   753 D gralloc_gmin: gralloc_alloc: Creating ashmem region of size 2363392
11-29 14:03:30.527   167   753 D gralloc_gmin: gralloc_alloc: Creating ashmem region of size 2363392
11-29 14:03:30.535   167   753 D gralloc_gmin: gralloc_alloc: Creating ashmem region of size 2363392
11-29 14:03:30.601   167   410 D gralloc_gmin: gralloc_alloc: Creating ashmem region of size 2363392
11-29 14:03:30.911   144   226 E TrafficController: Failed to delete the counterSet: Bad file descriptor
11-29 14:03:30.913   144   226 E TrafficController: Failed to delete the counterSet: Bad file descriptor
11-29 14:03:30.974  1396 15275 I cr_BindingManager: onTrimMemory: level=20, size=1
11-29 14:03:31.039   415  2611 I MediaFocusControl: abandonAudioFocus() from uid/pid 10052/1396 clientId=android.media.AudioManager@3c9a9cborg.chromium.content.browser.AudioFocusDelegate@9cde323
11-29 14:03:31.058   415  2611 I ActivityManager: Process com.android.chrome:sandboxed_process1 (pid 15427) has died: prev LAST
11-29 14:03:31.058   415   432 W libprocessgroup: Failed to open process cgroup uid 99003 pid 15427: No such file or directory
11-29 14:03:31.058   415   432 E libprocessgroup: Error encountered killing process cgroup uid 99003 pid 15427: No such file or directory
11-29 14:03:31.059   621   621 I Zygote  : Process 15427 exited cleanly (0)
11-29 14:03:31.059   415  2611 W ActivityManager: Scheduling restart of crashed service com.android.chrome/org.chromium.content.app.SandboxedProcessService1 in 1000ms
11-29 14:03:31.060   415   433 E KernelCpuSpeedReader: Failed to read cpu-freq: /sys/devices/system/cpu/cpu0/cpufreq/stats/time_in_state (No such file or directory)
11-29 14:03:31.062   415   433 E KernelWakelockReader: neither /proc/wakelocks nor /d/wakeup_sources exists
11-29 14:03:31.062   415   433 W BatteryStatsImpl: Couldn't get kernel wake lock stats
11-29 14:03:31.062  1396 15275 W cr_ChildProcessConn: onServiceDisconnected (crash or killed by oom): pid=15427
11-29 14:03:31.069  1396 15275 W cr_ChildProcessConn: The connection is not bound for 15427
11-29 14:03:31.072   415   429 W BroadcastQueue: Background execution not allowed: receiving Intent { act=android.intent.action.DROPBOX_ENTRY_ADDED flg=0x10 (has extras) } to com.google.android.gms/.stats.service.DropBoxEntryAddedReceiver
11-29 14:03:36.018  1083  1083 D BoundBrokerSvc: onUnbind: Intent { act=com.google.android.gms.instantapps.START pkg=com.google.android.gms }
11-29 14:03:36.935   144   202 E Netd    : Failed to dump IPv4 sockets struct tcp_info: No such file or directory
11-29 14:03:36.935   144   202 E TcpSocketMonitor: Failed to poll TCP socket info: No such file or directory
11-29 14:03:40.520  1043  1043 D BoundBrokerSvc: onUnbind: Intent { act=com.google.android.gms.measurement.START pkg=com.google.android.gms }
11-29 14:03:40.548   144   228 W IptablesRestoreController: iptables-restore process 15519 terminated status=256
11-29 14:03:40.548   144   228 E IptablesRestoreController: iptables error:
11-29 14:03:40.548   144   228 E IptablesRestoreController: ------- COMMAND -------
11-29 14:03:40.548   144   228 E IptablesRestoreController: *filter
11-29 14:03:40.548   144   228 E IptablesRestoreController: -I bw_happy_box -m owner --uid-owner 10041 --jump RETURN
11-29 14:03:40.548   144   228 E IptablesRestoreController: COMMIT
11-29 14:03:40.548   144   228 E IptablesRestoreController: 
11-29 14:03:40.548   144   228 E IptablesRestoreController: -------  ERROR -------
11-29 14:03:40.548   144   228 E IptablesRestoreController: iptables-restore: line 3 failed
11-29 14:03:40.548   144   228 E IptablesRestoreController: ----------------------
11-29 14:03:40.562   144   228 W IptablesRestoreController: iptables-restore process 15523 terminated status=256
11-29 14:03:40.562   144   228 E IptablesRestoreController: iptables error:
11-29 14:03:40.562   144   228 E IptablesRestoreController: ------- COMMAND -------
11-29 14:03:40.562   144   228 E IptablesRestoreController: *filter
11-29 14:03:40.562   144   228 E IptablesRestoreController: -I bw_happy_box -m owner --uid-owner 10041 --jump RETURN
11-29 14:03:40.562   144   228 E IptablesRestoreController: COMMIT
11-29 14:03:40.562   144   228 E IptablesRestoreController: 
11-29 14:03:40.562   144   228 E IptablesRestoreController: -------  ERROR -------
11-29 14:03:40.562   144   228 E IptablesRestoreController: ip6tables-restore: line 3 failed
11-29 14:03:40.562   144   228 E IptablesRestoreController: ----------------------
11-29 14:03:40.563   144   226 E TrafficController: Failed to delete the counterSet: Bad file descriptor
11-29 14:03:40.985  1396 15275 I cr_BindingManager: Release moderate connections: 0
11-29 14:03:42.349   415  2276 I ActivityManager: START u0 {act=android.intent.action.VIEW dat=https://wa.me/... flg=0x10000000 cmp=com.android.chrome/com.google.android.apps.chrome.IntentDispatcher} from uid 10091
11-29 14:03:42.378  1396  1396 W ActivityThread: handleWindowVisibility: no activity for token android.os.BinderProxy@6174dd9
11-29 14:03:42.378 14778 14834 I chatty  : uid=10091(com.excell44.educam.debug) expire 1 line
11-29 14:03:42.390   144   226 E TrafficController: Failed to set the counterSet: Bad file descriptor, fd: -1
11-29 14:03:42.403   144   228 W IptablesRestoreController: iptables-restore process 15537 terminated status=256
11-29 14:03:42.403   144   228 E IptablesRestoreController: iptables error:
11-29 14:03:42.403   144   228 E IptablesRestoreController: ------- COMMAND -------
11-29 14:03:42.403   144   228 E IptablesRestoreController: *filter
11-29 14:03:42.403   144   228 E IptablesRestoreController: -I bw_happy_box -m owner --uid-owner 10041 --jump RETURN
11-29 14:03:42.403   144   228 E IptablesRestoreController: COMMIT
11-29 14:03:42.403   144   228 E IptablesRestoreController: 
11-29 14:03:42.403   144   228 E IptablesRestoreController: -------  ERROR -------
11-29 14:03:42.403   144   228 E IptablesRestoreController: iptables-restore: line 3 failed
11-29 14:03:42.403   144   228 E IptablesRestoreController: ----------------------
11-29 14:03:42.415   144   228 W IptablesRestoreController: iptables-restore process 15541 terminated status=256
11-29 14:03:42.416   144   226 E TrafficController: Failed to set the counterSet: Bad file descriptor, fd: -1
11-29 14:03:42.420  1396  1396 I cr_InstantAppsHandler: Package manager handles intents on O+, not handling in Chrome
11-29 14:03:42.423  1083  1083 D BoundBrokerSvc: onBind: Intent { act=com.google.android.gms.instantapps.START pkg=com.google.android.gms }
11-29 14:03:42.423  1083  1083 D BoundBrokerSvc: Loading bound service for intent: Intent { act=com.google.android.gms.instantapps.START pkg=com.google.android.gms }
11-29 14:03:42.426   415  2276 I ActivityManager: START u0 {act=android.intent.action.VIEW dat=https://wa.me/... flg=0x14002000 cmp=com.android.chrome/org.chromium.chrome.browser.ChromeTabbedActivity (has extras)} from uid 10052
11-29 14:03:42.451  1043  1043 D BoundBrokerSvc: onBind: Intent { act=com.google.android.gms.measurement.START pkg=com.google.android.gms }
11-29 14:03:42.451  1043  1043 D BoundBrokerSvc: Loading bound service for intent: Intent { act=com.google.android.gms.measurement.START pkg=com.google.android.gms }
11-29 14:03:42.478 15548 15548 I Zygote  : seccomp disabled by setenforce 0
11-29 14:03:42.485   415   431 I ActivityManager: Start proc 15548:com.android.chrome:sandboxed_process2/u0i4 for webview_service com.android.chrome/org.chromium.content.app.SandboxedProcessService2
11-29 14:03:42.486 15548 15548 W dboxed_process: Unexpected CPU variant for X86 using defaults: x86
11-29 14:03:42.497 15548 15548 E dboxed_process: Not starting debugger since process cannot load the jdwp agent.
11-29 14:03:42.519   144   226 E TrafficController: Failed to set the counterSet: Bad file descriptor, fd: -1
11-29 14:03:42.536  1396 15274 E EGL_adreno: [getAttribValue] Bad attribute idx
11-29 14:03:42.536  1396 15274 D EGL_adreno: eglGetConfigAttrib: bad attrib 0x3339
11-29 14:03:42.537   167   410 D gralloc_gmin: gralloc_alloc: Creating ashmem region of size 2363392
11-29 14:03:42.547 15548 15548 I cr_ChildProcessService: Creating new ChildProcessService pid=15548
11-29 14:03:42.576 15302 15316 E EGL_adreno: [getAttribValue] Bad attribute idx
11-29 14:03:42.576 15302 15316 D EGL_adreno: eglGetConfigAttrib: bad attrib 0x3339
11-29 14:03:42.577   167   410 D gralloc_gmin: gralloc_alloc: Creating ashmem region of size 2293760
11-29 14:03:42.578  1396 15274 E EGL_adreno: tid 15274: eglSurfaceAttrib(1640): error 0x3009 (EGL_BAD_MATCH)
11-29 14:03:42.578  1396 15274 W OpenGLRenderer: Failed to set EGL_SWAP_BEHAVIOR on surface 0xd3d74b20, error=EGL_BAD_MATCH
11-29 14:03:42.603 15302 15316 E EGL_adreno: CreateContext rcMajorVersion:3, minorVersion:0
11-29 14:03:42.607  1083  1988 W NetworkScheduler: Error inserting period=2000 preferred_charging_state=1 preferred_network_type=1 target_class=com.google.android.gms.measurement.PackageMeasurementTaskService required_network_type=0 runtime=1764396222603 required_idleness_state=0 source=16 service_kind=0 target_package=com.google.android.gms persistence_level=1 source_version=220920000 last_runtime=0 user_id=0 job_id=-1 requires_charging=0 tag=Measurement.PackageMeasurementTaskService.UPLOAD_TASK_TAG flex_time=0 task_type=0 retry_strategy={"maximum_backoff_seconds":{"3600":0},"initial_backoff_seconds":{"30":0},"retry_policy":{"0":0}}, error message: UNIQUE constraint failed: pending_ops.tag, pending_ops.target_class, pending_ops.target_package, pending_ops.user_id (code 2067 SQLITE_CONSTRAINT_UNIQUE) [CONTEXT service_id=218 ]
11-29 14:03:42.615 15302 15316 D EGL_adreno: eglCreateContext: 0xf33e5a20: maj 3 min 0 rcv 3
11-29 14:03:42.698   167   410 D gralloc_gmin: gralloc_alloc: Creating ashmem region of size 2363392
11-29 14:03:42.724   167   410 D gralloc_gmin: gralloc_alloc: Creating ashmem region of size 2363392
11-29 14:03:42.754 15548 15562 I cr_LibraryLoader: Time to load native libraries: 0 ms (timestamps 6961-6961)
11-29 14:03:42.755 15548 15562 I chromium: [INFO:library_loader_hooks.cc(36)] Chromium logging enabled: level = 0, default verbosity = 0
11-29 14:03:42.756 15548 15562 I cr_LibraryLoader: Expected native library version number "68.0.3440.70", actual native library version number "68.0.3440.70"
11-29 14:03:43.116  1083  1332 W AsyncOperation: operation=GetLaunchDataOperation, opStatusCode=19500 [CONTEXT service_id=121 ]
11-29 14:03:43.116  1083  1332 W AsyncOperation: OperationException[Status{statusCode=Not an instant app, resolution=null}]
11-29 14:03:43.116  1083  1332 W AsyncOperation: 	at akxu.f(:com.google.android.gms@220920023@22.09.20 (040800-434869283):18)
11-29 14:03:43.116  1083  1332 W AsyncOperation: 	at agsd.eo(:com.google.android.gms@220920023@22.09.20 (040800-434869283):1)
11-29 14:03:43.116  1083  1332 W AsyncOperation: 	at agsp.run(:com.google.android.gms@220920023@22.09.20 (040800-434869283):5)
11-29 14:03:43.116  1083  1332 W AsyncOperation: 	at ccjp.run(:com.google.android.gms@220920023@22.09.20 (040800-434869283):2)
11-29 14:03:43.116  1083  1332 W AsyncOperation: 	at xss.c(:com.google.android.gms@220920023@22.09.20 (040800-434869283):6)
11-29 14:03:43.116  1083  1332 W AsyncOperation: 	at xss.run(:com.google.android.gms@220920023@22.09.20 (040800-434869283):7)
11-29 14:03:43.116  1083  1332 W AsyncOperation: 	at java.util.concurrent.ThreadPoolExecutor.runWorker(ThreadPoolExecutor.java:1167)
11-29 14:03:43.116  1083  1332 W AsyncOperation: 	at java.util.concurrent.ThreadPoolExecutor$Worker.run(ThreadPoolExecutor.java:641)
11-29 14:03:43.116  1083  1332 W AsyncOperation: 	at xxx.run(:com.google.android.gms@220920023@22.09.20 (040800-434869283):0)
11-29 14:03:43.116  1083  1332 W AsyncOperation: 	at java.lang.Thread.run(Thread.java:764)
11-29 14:03:43.221  1083  1988 W NetworkScheduler: Error inserting period=3620000 preferred_charging_state=1 preferred_network_type=1 target_class=com.google.android.gms.measurement.PackageMeasurementTaskService required_network_type=0 runtime=1764396223216 required_idleness_state=0 source=16 service_kind=0 target_package=com.google.android.gms persistence_level=1 source_version=220920000 last_runtime=0 user_id=0 job_id=-1 requires_charging=0 tag=Measurement.PackageMeasurementTaskService.UPLOAD_TASK_TAG flex_time=1809000 task_type=0 retry_strategy={"maximum_backoff_seconds":{"3600":0},"initial_backoff_seconds":{"30":0},"retry_policy":{"0":0}}, error message: UNIQUE constraint failed: pending_ops.tag, pending_ops.target_class, pending_ops.target_package, pending_ops.user_id (code 2067 SQLITE_CONSTRAINT_UNIQUE) [CONTEXT service_id=218 ]
11-29 14:03:43.596   167   410 D gralloc_gmin: gralloc_alloc: Creating ashmem region of size 2293760
11-29 14:03:43.616   167   753 D gralloc_gmin: gralloc_alloc: Creating ashmem region of size 2293760
11-29 14:03:43.625   167   243 D gralloc_gmin: gralloc_alloc: Creating ashmem region of size 2363392
11-29 14:03:43.667   565   968 D         : HostConnection::get() New Host Connection established 0x7fabc0a54700, tid 968
11-29 14:03:43.933   144   226 E TrafficController: Failed to delete the counterSet: Bad file descriptor
11-29 14:03:45.651  1396  1396 I cr_ChromeTabbedActivity: Back pressed: Minimized and closed tab
11-29 14:03:45.651  1396  1396 I cr_ChromeTabbedActivity: sendToBackground(): org.chromium.chrome.browser.tab.Tab@f91fb7b
11-29 14:03:45.652   415  1088 I ActivityManager: moveTaskToBack: TaskRecord{34de2e6 #88 A=com.android.chrome U=0 StackId=13 sz=1}
11-29 14:03:45.668  1396  1396 W cr_Autocomplete: stopping autocomplete.
11-29 14:03:45.695   144   226 E TrafficController: Failed to set the counterSet: Bad file descriptor, fd: -1
11-29 14:03:45.715   167   410 D gralloc_gmin: gralloc_alloc: Creating ashmem region of size 2363392
11-29 14:03:45.724   167   410 D gralloc_gmin: gralloc_alloc: Creating ashmem region of size 2363392
11-29 14:03:45.733   167   410 D gralloc_gmin: gralloc_alloc: Creating ashmem region of size 2363392
11-29 14:03:45.797   167   410 D gralloc_gmin: gralloc_alloc: Creating ashmem region of size 2363392
11-29 14:03:45.997  1083  1083 D BoundBrokerSvc: onUnbind: Intent { act=com.google.android.gms.phenotype.service.START pkg=com.google.android.gms }
11-29 14:03:46.109   144   226 E TrafficController: Failed to delete the counterSet: Bad file descriptor
11-29 14:03:46.110   144   226 E TrafficController: Failed to delete the counterSet: Bad file descriptor
11-29 14:03:46.178  1396 15275 I cr_BindingManager: onTrimMemory: level=20, size=1
11-29 14:03:46.217   415  8811 I MediaFocusControl: abandonAudioFocus() from uid/pid 10052/1396 clientId=android.media.AudioManager@3c9a9cborg.chromium.content.browser.AudioFocusDelegate@8f849d6
11-29 14:03:46.224   621   621 I Zygote  : Process 15548 exited cleanly (0)
11-29 14:03:46.230   415  2276 I ActivityManager: Process com.android.chrome:sandboxed_process2 (pid 15548) has died: prev LAST
11-29 14:03:46.230   415  2276 W ActivityManager: Scheduling restart of crashed service com.android.chrome/org.chromium.content.app.SandboxedProcessService2 in 1000ms
11-29 14:03:46.230   415   432 W libprocessgroup: Failed to open process cgroup uid 99004 pid 15548: No such file or directory
11-29 14:03:46.230   415   432 E libprocessgroup: Error encountered killing process cgroup uid 99004 pid 15548: No such file or directory
11-29 14:03:46.231   415   433 E KernelUidCpuTimeReader: Failed to read uid_cputime: /proc/uid_cputime/show_uid_stat (No such file or directory)
11-29 14:03:46.231   415   433 E KernelCpuSpeedReader: Failed to read cpu-freq: /sys/devices/system/cpu/cpu0/cpufreq/stats/time_in_state (No such file or directory)
11-29 14:03:46.232   415   433 E KernelWakelockReader: neither /proc/wakelocks nor /d/wakeup_sources exists
11-29 14:03:46.232   415   433 W BatteryStatsImpl: Couldn't get kernel wake lock stats
11-29 14:03:46.244   415   429 W BroadcastQueue: Background execution not allowed: receiving Intent { act=android.intent.action.DROPBOX_ENTRY_ADDED flg=0x10 (has extras) } to com.google.android.gms/.stats.service.DropBoxEntryAddedReceiver
11-29 14:03:46.263  1396 15275 W cr_ChildProcessConn: onServiceDisconnected (crash or killed by oom): pid=15548
11-29 14:03:46.266  1396 15275 W cr_ChildProcessConn: The connection is not bound for 15548
11-29 14:03:51.230  1083  1083 D BoundBrokerSvc: onUnbind: Intent { act=com.google.android.gms.instantapps.START pkg=com.google.android.gms }
11-29 14:03:53.982  1083  1327 I NetworkScheduler.Stats: Task com.google.android.gms/com.google.android.gms.auth.account.be.legacy.AuthCronService started execution. cause:4 exec_start_elapsed_seconds: 3668 [CONTEXT service_id=218 ]
11-29 14:03:54.041  1083  1327 I NetworkScheduler.Stats: Task com.google.android.gms/com.google.android.gms.auth.account.be.legacy.AuthCronService finished executing. cause:4 result: 1 elapsed_millis: 79 uptime_millis: 79 exec_start_elapsed_seconds: 3668 [CONTEXT service_id=218 ]
