--------- beginning of main
11-29 13:04:40.722   948  3037 W System.err: 	at okhttp3.internal.http.RealInterceptorChain.proceed(SourceFile:10)
11-29 13:04:40.722   948  3037 W System.err: 	at okhttp3.internal.http.RealInterceptorChain.proceed(SourceFile:1)
11-29 13:04:40.722   948  3037 W System.err: 	at okhttp3.RealCall.getResponseWithInterceptorChain(Unknown Source:120)
11-29 13:04:40.722   948  3037 W System.err: 	at okhttp3.RealCall.getResponseWithInterceptorChainP(Unknown Source:0)
11-29 13:04:40.723   948  3037 W System.err: 	at okhttp3.OkHttpOkHttp3Extension.okhttp3RealCall_getResponseWithInterceptorChain(OkHttpSourceFile:27)
11-29 13:04:40.724   948  3037 W System.err: 	at okhttp3.RealCall.execute(Unknown Source:28)
11-29 13:04:40.724   948  3037 W System.err: 	at retrofit2.OkHttpCall.execute(Unknown Source:20)
11-29 13:04:40.724   948  3037 W System.err: 	at retrofit2.DefaultCallAdapterFactory$ExecutorCallbackCall.execute(Unknown Source:2)
11-29 13:04:40.724   948  3037 W System.err: 	at p4.d.h(Unknown Source:22)
11-29 13:04:40.724   948  3037 W System.err: 	at com.microvirt.launcher.search.XYSearch.v(Unknown Source:0)
11-29 13:04:40.724   948  3037 W System.err: 	at com.microvirt.launcher.search.XYSearch.d(Unknown Source:0)
11-29 13:04:40.724   948  3037 W System.err: 	at u4.k.run(Unknown Source:2)
11-29 13:04:40.724   948  3037 W System.err: 	at java.lang.Thread.run(Thread.java:764)
11-29 13:04:40.726   948  3037 W System.err: Caused by: android.system.GaiException: android_getaddrinfo failed: EAI_NODATA (No address associated with hostname)
11-29 13:04:40.726   948  3037 W System.err: 	at libcore.io.Linux.android_getaddrinfo(Native Method)
11-29 13:04:40.726   948  3037 W System.err: 	at libcore.io.BlockGuardOs.android_getaddrinfo(BlockGuardOs.java:172)
11-29 13:04:40.726   948  3037 W System.err: 	at java.net.Inet6AddressImpl.lookupHostByName(Inet6AddressImpl.java:137)
11-29 13:04:40.726   948  3037 W System.err: 	... 37 more
11-29 13:04:40.737   565   993 E ndroid.systemu: No package ID ff found for ID 0xffffffff.
11-29 13:04:40.750   565   993 E IconLoader: Could not find icon drawable from resource
11-29 13:04:40.750   565   993 E IconLoader: android.content.res.Resources$NotFoundException: Resource ID #0xffffffff
11-29 13:04:40.750   565   993 E IconLoader: 	at android.content.res.ResourcesImpl.getValueForDensity(ResourcesImpl.java:225)
11-29 13:04:40.750   565   993 E IconLoader: 	at android.content.res.Resources.getDrawableForDensity(Resources.java:887)
11-29 13:04:40.750   565   993 E IconLoader: 	at android.content.res.Resources.getDrawable(Resources.java:827)
11-29 13:04:40.750   565   993 E IconLoader: 	at com.android.systemui.shared.recents.model.IconLoader.createNewIconForTask(IconLoader.java:118)
11-29 13:04:40.750   565   993 E IconLoader: 	at com.android.systemui.shared.recents.model.IconLoader.getAndInvalidateIfModified(IconLoader.java:94)
11-29 13:04:40.750   565   993 E IconLoader: 	at com.android.systemui.shared.recents.model.RecentsTaskLoader.getAndUpdateActivityIcon(RecentsTaskLoader.java:325)
11-29 13:04:40.750   565   993 E IconLoader: 	at com.android.systemui.shared.recents.model.RecentsTaskLoadPlan.executePlan(RecentsTaskLoadPlan.java:188)
11-29 13:04:40.750   565   993 E IconLoader: 	at com.android.systemui.shared.recents.model.RecentsTaskLoader.loadTasks(RecentsTaskLoader.java:173)
11-29 13:04:40.750   565   993 E IconLoader: 	at com.android.systemui.recents.RecentsImpl$TaskStackListenerImpl.onTaskStackChangedBackground(RecentsImpl.java:184)
11-29 13:04:40.750   565   993 E IconLoader: 	at com.android.systemui.shared.system.TaskStackChangeListeners.onTaskStackChanged(TaskStackChangeListeners.java:80)
11-29 13:04:40.750   565   993 E IconLoader: 	at android.app.ITaskStackListener$Stub.onTransact(ITaskStackListener.java:50)
11-29 13:04:40.750   565   993 E IconLoader: 	at android.os.Binder.execTransact(Binder.java:731)
11-29 13:04:40.751   565   993 W ziparchive: Unable to open '/data/app/com.excell44.educam.debug-OxzmzqMr7k0kFv2F8FaF2g==/base.apk': No such file or directory
11-29 13:04:40.751   565   993 E ndroid.systemu: Failed to open APK '/data/app/com.excell44.educam.debug-OxzmzqMr7k0kFv2F8FaF2g==/base.apk' I/O error
11-29 13:04:40.751   565   993 E ResourcesManager: failed to add asset path /data/app/com.excell44.educam.debug-OxzmzqMr7k0kFv2F8FaF2g==/base.apk
11-29 13:04:40.751   565   993 W PackageManager: Failure retrieving resources for com.excell44.educam.debug
11-29 13:04:40.782  1043  1043 D BoundBrokerSvc: onUnbind: Intent { act=com.google.android.gms.safetynet.service.START pkg=com.google.android.gms }
11-29 13:04:40.811   415   445 I system_server: Explicit concurrent copying GC freed 64323(3MB) AllocSpace objects, 52(1936KB) LOS objects, 42% free, 7MB/13MB, paused 107us total 183.614ms
11-29 13:04:40.821   176   479 E         : Couldn't opendir /data/app/vmdl413510280.tmp: No such file or directory
11-29 13:04:40.821   176   479 E installd: Failed to delete /data/app/vmdl413510280.tmp: No such file or directory
11-29 13:04:40.825   948  1273 E EGL_adreno: [getAttribValue] Bad attribute idx
11-29 13:04:40.825   948  1273 D EGL_adreno: eglGetConfigAttrib: bad attrib 0x3339
11-29 13:04:40.834   415   422 W System  : A resource failed to call close. 
11-29 13:04:40.839   167   243 I chatty  : uid=1000(system) Binder:167_1 expire 1 line
--------- beginning of system
11-29 13:04:40.844   415   445 I ActivityManager: Force stopping com.excell44.educam.debug appid=10090 user=0: pkg removed
11-29 13:04:40.860   415   445 I ActivityManager: Force stopping com.excell44.educam.debug appid=10090 user=0: pkg removed
11-29 13:04:40.880   948  1273 E EGL_adreno: tid 1273: eglSurfaceAttrib(1640): error 0x3009 (EGL_BAD_MATCH)
11-29 13:04:40.880   948  1273 W OpenGLRenderer: Failed to set EGL_SWAP_BEHAVIOR on surface 0xd381ca20, error=EGL_BAD_MATCH
11-29 13:04:40.898   415  1350 W ActivityManager: Unable to start service Intent { act=com.microvirt.download.IDownloadAidlInterface pkg=com.microvirt.market } U=0: not found
11-29 13:04:40.932  1574  1574 I Finsky  : [2] pbn.i(0): PackageMonitorReceiverImpl - Received: android.intent.action.PACKAGE_REMOVED, [anPZr5I9CVwlYGllnw0Ie739tXV945Nb5IAUWc5hFzs]
11-29 13:04:40.933  1574  1574 I Finsky  : [2] pcc.n(8): Invalidating cached PackageState for com.excell44.educam.debug
11-29 13:04:40.940   415   511 I InputReader: Reconfiguring input devices.  changes=0x00000010
11-29 13:04:40.975  1043  1056 I gle.android.gm: Background concurrent copying GC freed 12670(746KB) AllocSpace objects, 4(208KB) LOS objects, 50% free, 6MB/12MB, paused 39us total 115.577ms
11-29 13:04:40.978   902   913 I microvirt.tool: Background concurrent copying GC freed 7807(1029KB) AllocSpace objects, 12(240KB) LOS objects, 57% free, 1137KB/2MB, paused 116us total 105.335ms
11-29 13:04:40.989   688   688 E PhoneInterfaceManager: [PhoneIntfMgr] getCarrierPackageNamesForIntent: No UICC
11-29 13:04:40.990   688   688 D CarrierSvcBindHelper: No carrier app for: 0
11-29 13:04:40.991   688   688 E PhoneInterfaceManager: [PhoneIntfMgr] getCarrierPackageNamesForIntent: No UICC
11-29 13:04:40.991   688   688 D CarrierSvcBindHelper: No carrier app for: 0
11-29 13:04:40.992  1574  2568 I Finsky  : [146] jhq.run(19): Wrote row to frosting DB: 159
11-29 13:04:40.999   415   511 I InputReader: Reconfiguring input devices.  changes=0x00000010
11-29 13:04:41.008   415   511 I InputReader: Reconfiguring input devices.  changes=0x00000010
11-29 13:04:41.024   415  2611 W BroadcastQueue: Background execution not allowed: receiving Intent { act=android.intent.action.PACKAGE_REMOVED dat=package:com.excell44.educam.debug flg=0x4000010 (has extras) } to com.android.vending/com.google.android.finsky.packagemanager.impl.PackageMonitorReceiverImpl$RegisteredReceiver
11-29 13:04:41.030   688   688 E VvmPkgInstalledRcvr: cannot create TelephonyManager from ComponentInfo{com.android.phone/com.android.services.telephony.TelephonyConnectionService}, ***, UserHandle{0}
11-29 13:04:41.032   415   415 W system_server: Unknown chunk type '200'.
11-29 13:04:41.032   415   429 W BroadcastQueue: Background execution not allowed: receiving Intent { act=android.intent.action.PACKAGE_REMOVED dat=package:com.excell44.educam.debug flg=0x4000010 (has extras) } to com.android.vending/com.google.android.finsky.instantapps.appmanagement.InstantAppRemoveMonitor
11-29 13:04:41.032   415   429 W BroadcastQueue: Background execution not allowed: receiving Intent { act=android.intent.action.PACKAGE_REMOVED dat=package:com.excell44.educam.debug flg=0x4000010 (has extras) } to com.google.android.gms/.games.chimera.GamesSystemBroadcastReceiverProxy
11-29 13:04:41.032   688   688 D CarrierConfigLoader: mHandler: 9 phoneId: 0
11-29 13:04:41.033   415   429 W BroadcastQueue: Background execution not allowed: receiving Intent { act=android.intent.action.PACKAGE_REMOVED dat=package:com.excell44.educam.debug flg=0x4000010 (has extras) } to com.microvirt.launcher2/com.microvirt.launcher.PackageChangedReceiver
11-29 13:04:41.043  1574  1660 I Finsky  : [51] ffu.a(5): AIM: AppInfoManager-Perf > OnDeviceAppInfo > cacheHitCount=0, cacheMissCount=1. Missed  in cache (limit 10) : [com.excell44.educam.debug]
11-29 13:04:41.051   415  2611 W BroadcastQueue: Background execution not allowed: receiving Intent { act=android.intent.action.PACKAGE_ADDED dat=package:com.excell44.educam.debug flg=0x4000010 (has extras) } to com.android.vending/com.google.android.finsky.packagemanager.impl.PackageMonitorReceiverImpl$RegisteredReceiver
11-29 13:04:41.052   415   429 W BroadcastQueue: Background execution not allowed: receiving Intent { act=android.intent.action.PACKAGE_ADDED dat=package:com.excell44.educam.debug flg=0x4000010 (has extras) } to com.google.android.gms/.games.chimera.GamesSystemBroadcastReceiverProxy
11-29 13:04:41.052   415   429 W BroadcastQueue: Background execution not allowed: receiving Intent { act=android.intent.action.PACKAGE_ADDED dat=package:com.excell44.educam.debug flg=0x4000010 (has extras) } to com.google.android.gms/.gass.chimera.PackageChangeBroadcastReceiver
11-29 13:04:41.053   415   429 W BroadcastQueue: Background execution not allowed: receiving Intent { act=android.intent.action.PACKAGE_ADDED dat=package:com.excell44.educam.debug flg=0x4000010 (has extras) } to com.microvirt.launcher2/com.microvirt.launcher.PackageChangedReceiver
11-29 13:04:41.090  1574  2614 I Finsky  : [154] kkj.accept(5): IQ: handled package removed
11-29 13:04:41.113  1574  1574 I Finsky  : [2] pbn.i(0): PackageMonitorReceiverImpl - Received: android.intent.action.PACKAGE_ADDED, [anPZr5I9CVwlYGllnw0Ie739tXV945Nb5IAUWc5hFzs]
11-29 13:04:41.114  1574  1664 I Finsky  : [54] vy.invoke(12): [ContentSync] finished, scheduled=false
11-29 13:04:41.114  1574  1574 I Finsky  : [2] pcc.n(8): Invalidating cached PackageState for com.excell44.educam.debug
11-29 13:04:41.125   415   415 I Telecom : DefaultDialerCache: Refreshing default dialer for user 0: now null: DDC.oR@AB8
11-29 13:04:41.133   415   415 V BackupManagerConstants: getFullBackupIntervalMilliseconds(...) returns 86400000
11-29 13:04:41.170  1574  2568 I Finsky  : [146] jhq.run(19): Wrote row to frosting DB: 160
11-29 13:04:41.171   415   424 I system_server: Background concurrent copying GC freed 1498(385KB) AllocSpace objects, 4(144KB) LOS objects, 42% free, 8MB/14MB, paused 2.079ms total 310.819ms
11-29 13:04:41.182   415   428 W Searchables: No global search activity found
11-29 13:04:41.194  1574  1659 I Finsky  : [50] ffu.a(5): AIM: AppInfoManager-Perf > OnDeviceAppInfo > cacheHitCount=0, cacheMissCount=1. Missed  in cache (limit 10) : [com.excell44.educam.debug]
11-29 13:04:41.197   415  2108 W ActivityManager: Unable to start service Intent { act=com.microvirt.download.IDownloadAidlInterface pkg=com.microvirt.market } U=0: not found
11-29 13:04:41.210  1043  3061 I PackageIntentOperation: Feature flags not enabled, skipping. [CONTEXT service_id=258 ]
11-29 13:04:41.214  1574  1664 I Finsky  : [54] vy.invoke(12): [ContentSync] finished, scheduled=false
11-29 13:04:41.217   415   428 W Searchables: No global search activity found
11-29 13:04:41.218   415   428 W VoiceInteractionManagerService: no available voice recognition services found for user 0
11-29 13:04:41.219   415   428 W LocationProviderProxy-network: com.google.android.gms resolves service com.android.location.service.v3.NetworkLocationProvider, but has wrong signature, ignoring
11-29 13:04:41.219   415   428 W LocationProviderProxy-network: Odd, no component found for service com.android.location.service.v3.NetworkLocationProvider
11-29 13:04:41.219   415   428 W LocationProviderProxy-fused: com.google.android.gms resolves service com.android.location.service.FusedLocationProvider, but has wrong signature, ignoring
11-29 13:04:41.220   415   428 W GeocoderProxy: com.google.android.gms resolves service com.android.location.service.GeocodeProvider, but has wrong signature, ignoring
11-29 13:04:41.220   415   428 W GeocoderProxy: Odd, no component found for service com.android.location.service.GeocodeProvider
11-29 13:04:41.229   948   948 I notify  : ins-com.excell44.educam.debug
11-29 13:04:41.244  1574  1574 I Finsky  : [2] pbn.i(0): PackageMonitorReceiverImpl - Received: android.intent.action.PACKAGE_ADDED, [anPZr5I9CVwlYGllnw0Ie739tXV945Nb5IAUWc5hFzs]
11-29 13:04:41.245  1574  1574 I Finsky  : [2] pcc.n(8): Invalidating cached PackageState for com.excell44.educam.debug
11-29 13:04:41.245  1574  2568 I Finsky  : [146] jhq.run(19): Wrote row to frosting DB: 161
11-29 13:04:41.253   415   428 W GeofenceProxy: com.google.android.gms resolves service com.android.location.service.GeofenceProvider, but has wrong signature, ignoring
11-29 13:04:41.253   415   428 W GeofenceProxy: Odd, no component found for service com.android.location.service.GeofenceProvider
11-29 13:04:41.254   415   428 W ActivityRecognitionProxy: com.google.android.gms resolves service com.android.location.service.ActivityRecognitionProvider, but has wrong signature, ignoring
11-29 13:04:41.254   415   428 W ActivityRecognitionProxy: Odd, no component found for service com.android.location.service.ActivityRecognitionProvider
11-29 13:04:41.268   948  1273 W OpenGLRenderer: Incorrectly called buildLayer on View: j2, destroying layer...
11-29 13:04:41.271  1083  3054 I Fitness : FitCleanupIntentOperation received Intent android.intent.action.PACKAGE_REMOVED [CONTEXT service_id=17 ]
11-29 13:04:41.278  1574  2568 I Finsky  : [146] jhq.run(19): Wrote row to frosting DB: 162
11-29 13:04:41.282  1043  3071 I Auth    : [SupervisedAccountIntentOperation] onHandleIntent(): android.intent.action.PACKAGE_ADDED
11-29 13:04:41.282  1043  3071 I Auth    : [SupervisedAccountIntentOperation] This operation is disabled
11-29 13:04:41.283  1043  3071 I PackageIntentOperation: Feature flags not enabled, skipping. [CONTEXT service_id=258 ]
11-29 13:04:41.312  1574  2568 I Finsky  : [146] jhq.run(19): Wrote row to frosting DB: 163
11-29 13:04:41.323  1574  1574 I Finsky  : [2] pbn.i(0): PackageMonitorReceiverImpl - Deduping intent android.intent.action.PACKAGE_ADDED
11-29 13:04:41.361  1574  1659 I Finsky  : [50] ffp.a(11): AIM: AppInfoManager-Perf > ItemModel > CacheSize=0, cacheHitCount=0, cacheMissCount=1, total appsWithNoServerDataCount=0. Missed  in cache (limit 10) : [com.excell44.educam.debug]
11-29 13:04:41.367  1574  1574 I Finsky  : [2] pbn.i(0): PackageMonitorReceiverImpl - Received: android.intent.action.PACKAGE_ADDED, [anPZr5I9CVwlYGllnw0Ie739tXV945Nb5IAUWc5hFzs]
11-29 13:04:41.368  1574  1574 I Finsky  : [2] pcc.n(8): Invalidating cached PackageState for com.excell44.educam.debug
11-29 13:04:41.382  1043  1043 D BoundBrokerSvc: onBind: Intent { act=com.google.android.gms.common.BIND_SHARED_PREFS pkg=com.google.android.gms }
11-29 13:04:41.382  1043  1043 D BoundBrokerSvc: Loading bound service for intent: Intent { act=com.google.android.gms.common.BIND_SHARED_PREFS pkg=com.google.android.gms }
11-29 13:04:41.393  1574  1659 I Finsky  : [50] ffs.p(2): AIM: AppInfoManager-Perf > ItemModel > ItemStore Called 1 apps cacheOptions = USE_CACHE
11-29 13:04:41.394  1574  1659 I Finsky  : [50] lzt.g(20): ItemStore: Not cached: com.excell44.educam.debug
11-29 13:04:41.399  1083  1332 W ChimeraUtils: Module com.google.android.gms.nearby_en has empty metadata display_name_string_id
11-29 13:04:41.404  1574  1574 I Finsky  : [2] pbn.i(0): PackageMonitorReceiverImpl - Deduping intent android.intent.action.PACKAGE_ADDED
11-29 13:04:41.405   415   908 W BroadcastQueue: Background execution not allowed: receiving Intent { act=android.intent.action.PACKAGE_REPLACED dat=package:com.excell44.educam.debug flg=0x4000010 (has extras) } to com.google.android.gms/.gass.chimera.PackageChangeBroadcastReceiver
11-29 13:04:41.406   415   429 W BroadcastQueue: Background execution not allowed: receiving Intent { act=android.intent.action.PACKAGE_REPLACED dat=package:com.excell44.educam.debug flg=0x4000010 (has extras) } to com.microvirt.launcher2/com.microvirt.launcher.PackageChangedReceiver
11-29 13:04:41.438  1083  1332 W ChimeraUtils: Module com.google.android.gms.nearby_en has empty metadata display_name_string_id
11-29 13:04:41.450  1083  1332 W ChimeraUtils: Module com.google.android.gms.nearby_en has empty metadata display_name_string_id
11-29 13:04:41.469  1574  2568 I Finsky  : [146] jhq.run(19): Wrote row to frosting DB: 164
11-29 13:04:41.479  1574  1657 I Finsky  : [48] ffp.a(11): AIM: AppInfoManager-Perf > ItemModel > CacheSize=0, cacheHitCount=0, cacheMissCount=1, total appsWithNoServerDataCount=0. Missed  in cache (limit 10) : [com.excell44.educam.debug]
11-29 13:04:41.494  1574  1657 I Finsky  : [48] ffs.p(2): AIM: AppInfoManager-Perf > ItemModel > ItemStore Called 1 apps cacheOptions = USE_CACHE
11-29 13:04:41.495  1574  1657 I Finsky  : [48] lzt.g(20): ItemStore: Not cached: com.excell44.educam.debug
11-29 13:04:41.504  1043  1043 D BoundBrokerSvc: onUnbind: Intent { act=com.google.android.gms.common.BIND_SHARED_PREFS pkg=com.google.android.gms }
11-29 13:04:41.514   167   410 I chatty  : uid=1000(system) Binder:167_3 expire 4 lines
11-29 13:04:41.531  1574  1680 E Finsky  : [63] gpr.a(51): Unexpected android-id = 0
11-29 13:04:41.532  1574  1659 I Finsky  : [50] ffp.a(80): AIM: ItemModel fetch - unauth(1), auth()
11-29 13:04:41.541  1574  1680 E Finsky  : [63] gpr.a(51): Unexpected android-id = 0
11-29 13:04:41.541  1574  1680 E Finsky  : [63] hat.h(4): [DC] Android id should not be null
11-29 13:04:41.548  1574  1678 E Finsky  : [61] gpr.a(51): Unexpected android-id = 0
11-29 13:04:41.549  1574  1678 E Finsky  : [61] gpr.a(51): Unexpected android-id = 0
11-29 13:04:41.549  1574  1678 E Finsky  : [61] hat.h(4): [DC] Android id should not be null
11-29 13:04:41.561  1574  1657 I Finsky  : [48] ffp.a(80): AIM: ItemModel fetch - unauth(1), auth()
11-29 13:04:41.565   565   565 W StaticLayout: maxLineHeight should not be -1.  maxLines:1 lineCount:1
11-29 13:04:41.566   565   565 W StaticLayout: maxLineHeight should not be -1.  maxLines:1 lineCount:1
11-29 13:04:41.630  1574  1661 E Finsky  : [52] lzr.a(13): ItemStore: getItems RPC failed.
11-29 13:04:41.657  1574  1660 E Finsky  : [51] lzr.a(13): ItemStore: getItems RPC failed.
11-29 13:04:41.704  1001  2940 E EGL_adreno: [getAttribValue] Bad attribute idx
11-29 13:04:41.704  1001  2940 D EGL_adreno: eglGetConfigAttrib: bad attrib 0x3339
11-29 13:04:41.763  1001  2940 E EGL_adreno: tid 2940: eglSurfaceAttrib(1640): error 0x3009 (EGL_BAD_MATCH)
11-29 13:04:41.763  1001  2940 W OpenGLRenderer: Failed to set EGL_SWAP_BEHAVIOR on surface 0x7fabbd6adc00, error=EGL_BAD_MATCH
11-29 13:04:41.823   948   957 W System  : A resource failed to call close. 
11-29 13:04:42.128   565   565 W StaticLayout: maxLineHeight should not be -1.  maxLines:1 lineCount:1
11-29 13:04:42.128   565   565 W StaticLayout: maxLineHeight should not be -1.  maxLines:1 lineCount:1
11-29 13:04:42.520  1043  2718 I Icing   : Indexing com.google.android.gms-apps from com.google.android.gms
11-29 13:04:42.551  1043  2718 I Icing   : Indexing done com.google.android.gms-apps
11-29 13:04:42.654  1043  2718 I Icing   : Indexing com.google.android.gms-internal.3p:MobileApplication from com.google.android.gms
11-29 13:04:42.684  1043  2718 I Icing   : Indexing com.google.android.gms-apps from com.google.android.gms
11-29 13:04:42.688  1043  2718 I Icing   : Indexing done com.google.android.gms-apps
11-29 13:04:42.701  1043  2718 I Icing   : Indexing done com.google.android.gms-internal.3p:MobileApplication
11-29 13:04:42.705  1043  2718 I Icing   : Indexing com.google.android.gms-internal.3p:MobileApplication from com.google.android.gms
11-29 13:04:42.710  1043  2718 I Icing   : Indexing done com.google.android.gms-internal.3p:MobileApplication
11-29 13:04:42.763  1083  1083 D BoundBrokerSvc: onUnbind: Intent { act=com.google.android.gms.phenotype.service.START cmp=com.google.android.gms/.chimera.PersistentApiService }
11-29 13:04:43.672   415   895 V BackupManagerConstants: getFullBackupRequiredNetworkType(...) returns 2
11-29 13:04:43.673   415   895 V BackupManagerConstants: getFullBackupRequireCharging(...) returns true
11-29 13:04:44.861   415   425 I ActivityManager: START u0 {act=android.intent.action.MAIN cat=[android.intent.category.LAUNCHER] flg=0x10000000 pkg=com.excell44.educam.debug cmp=com.excell44.educam.debug/com.excell44.educam.MainActivity} from uid 10008
11-29 13:04:44.892   948   948 D FirebaseSessions: App backgrounded on com.microvirt.launcher2
11-29 13:04:44.919  3103  3103 I Zygote  : seccomp disabled by setenforce 0
11-29 13:04:44.920  3103  3103 I 44.educam.debu: Late-enabling -Xcheck:jni
11-29 13:04:44.929   167   882 I chatty  : uid=1000(system) Binder:167_5 expire 2 lines
11-29 13:04:44.935   415   431 I ActivityManager: Start proc 3103:com.excell44.educam.debug/u0a90 for activity com.excell44.educam.debug/com.excell44.educam.MainActivity
11-29 13:04:44.941   167   243 I chatty  : uid=1000(system) Binder:167_1 expire 1 line
11-29 13:04:44.963  3103  3103 W 44.educam.debu: Unexpected CPU variant for X86 using defaults: x86
11-29 13:04:45.066   415  2276 W ActivityManager: Slow operation: 57ms so far, now at attachApplicationLocked: after mServices.attachApplicationLocked
11-29 13:04:45.087   144   226 E TrafficController: Failed to set the counterSet: Bad file descriptor, fd: -1
11-29 13:04:45.169   167   882 I chatty  : uid=1000(system) Binder:167_5 expire 1 line
11-29 13:04:45.318   167   753 I chatty  : uid=1000(system) Binder:167_4 expire 4 lines
11-29 13:04:46.754  1574  1574 I Finsky  : [2] rof.onStartJob(4): SCH: job service start with id 9437.
11-29 13:04:46.779  1574  1664 I Finsky  : [54] rmt.a(92): SCH: Satisfied jobs for 9437 are: 12-1
11-29 13:04:46.784  1574  2886 I Finsky  : [155] rej.accept(27): SCH: Job 12-1 starting
11-29 13:04:46.787  1574  1574 I Finsky  : [2] ContentSyncJob.v(3): [ContentSync] job started
11-29 13:04:46.895  1574  2898 I Finsky  : [157] fnn.i(1): Completed 0 account content syncs with 0 successful.
11-29 13:04:46.895  1574  1574 I Finsky  : [2] ContentSyncJob.a(1): [ContentSync] Installation state replication succeeded.
11-29 13:04:46.896  1574  1574 I Finsky  : [2] rmm.r(4): SCH: jobFinished: 12-1. TimeElapsed: 111ms.
11-29 13:04:46.920  1574  1657 I Finsky  : [48] rgm.accept(45): SCH: Scheduling phonesky job Id: 1-1337, CT: 1764392604105, Constraints: [{ L: 16200000, D: 23355652, C: 1, I: 1, N: 1 }]
11-29 13:04:46.939  1574  1659 I Finsky  : [50] rei.apply(84): SCH: Scheduling 1 system job(s)
11-29 13:04:46.940  1574  1659 I Finsky  : [50] rei.apply(90): SCH: Scheduling system job Id: 9442, L: 16117166, D: 23272818, C: false, I: false, N: 1
11-29 13:04:46.950  1574  2886 I Finsky  : [155] rof.a(16): SCH: job service finished with id 9437.
11-29 13:04:47.092   948  2495 I FA      : Application backgrounded at: timestamp_millis: 1764392685089
11-29 13:04:47.742  1083  1083 D BoundBrokerSvc: onUnbind: Intent { act=com.google.android.gms.icing.LIGHTWEIGHT_INDEX_SERVICE cmp=com.google.android.gms/.chimera.PersistentApiService }
11-29 13:04:47.804  1043  1043 D BoundBrokerSvc: onUnbind: Intent { act=com.google.android.gms.feedback.internal.IFeedbackService cmp=com.google.android.gms/.chimera.GmsBoundBrokerService }
11-29 13:04:49.648  3103  3103 D SessionsDependencies: Dependency to CRASHLYTICS added.
11-29 13:04:49.686  3103  3103 I FirebaseApp: Device unlocked: initializing all Firebase APIs for app [DEFAULT]
11-29 13:04:49.691  3103  3103 W 44.educam.debu: Accessing hidden method Landroid/content/Context;->getOpPackageName()Ljava/lang/String; (light greylist, linking)
11-29 13:04:49.755  3103  3138 W 44.educam.debu: Unsupported class loader
11-29 13:04:49.779  3103  3138 I DynamiteModule: Considering local module com.google.android.gms.measurement.dynamite:117 and remote module com.google.android.gms.measurement.dynamite:67
11-29 13:04:49.779  3103  3138 I DynamiteModule: Selected local version of com.google.android.gms.measurement.dynamite
11-29 13:04:49.865  3103  3103 D FirebaseSessions: Initializing Firebase Sessions SDK.
11-29 13:04:49.890  3103  3103 I FirebaseCrashlytics: Initializing Firebase Crashlytics 19.0.3 for com.excell44.educam.debug
11-29 13:04:49.993  3103  3103 D SessionsDependencies: Subscriber CRASHLYTICS registered.
11-29 13:04:50.026  3103  3103 E FirebaseCrashlytics: .
11-29 13:04:50.026  3103  3103 E FirebaseCrashlytics: .     |  | 
11-29 13:04:50.026  3103  3103 E FirebaseCrashlytics: .     |  |
11-29 13:04:50.026  3103  3103 E FirebaseCrashlytics: .     |  |
11-29 13:04:50.026  3103  3103 E FirebaseCrashlytics: .   \ |  | /
11-29 13:04:50.026  3103  3103 E FirebaseCrashlytics: .    \    /
11-29 13:04:50.026  3103  3103 E FirebaseCrashlytics: .     \  /
11-29 13:04:50.026  3103  3103 E FirebaseCrashlytics: .      \/
11-29 13:04:50.026  3103  3103 E FirebaseCrashlytics: .
11-29 13:04:50.026  3103  3103 E FirebaseCrashlytics: The Crashlytics build ID is missing. This occurs when the Crashlytics Gradle plugin is missing from your app's build configuration. Please review the Firebase Crashlytics onboarding instructions at https://firebase.google.com/docs/crashlytics/get-started?platform=android#add-plugin
11-29 13:04:50.026  3103  3103 E FirebaseCrashlytics: .
11-29 13:04:50.027  3103  3103 E FirebaseCrashlytics: .      /\
11-29 13:04:50.027  3103  3103 E FirebaseCrashlytics: .     /  \
11-29 13:04:50.027  3103  3103 E FirebaseCrashlytics: .    /    \
11-29 13:04:50.027  3103  3103 E FirebaseCrashlytics: .   / |  | \
11-29 13:04:50.027  3103  3103 E FirebaseCrashlytics: .     |  |
11-29 13:04:50.027  3103  3103 I chatty  : uid=10090(com.excell44.educam.debug) identical 1 line
11-29 13:04:50.027  3103  3103 E FirebaseCrashlytics: .     |  |
11-29 13:04:50.028  3103  3103 E FirebaseCrashlytics: .
11-29 13:04:50.032  3103  3103 D AndroidRuntime: Shutting down VM
11-29 13:04:50.033  3103  3141 I FA      : App measurement initialized, version: 97001
11-29 13:04:50.033  3103  3141 I FA      : To enable debug logging run: adb shell setprop log.tag.FA VERBOSE
11-29 13:04:50.034  3103  3141 I FA      : To enable faster debug mode event logging run:
11-29 13:04:50.034  3103  3141 I FA      :   adb shell setprop debug.firebase.analytics.app com.excell44.educam.debug
--------- beginning of crash
11-29 13:04:50.047  3103  3103 E AndroidRuntime: FATAL EXCEPTION: main
11-29 13:04:50.047  3103  3103 E AndroidRuntime: Process: com.excell44.educam.debug, PID: 3103
11-29 13:04:50.047  3103  3103 E AndroidRuntime: java.lang.RuntimeException: Unable to get provider com.google.firebase.provider.FirebaseInitProvider: java.lang.IllegalStateException: The Crashlytics build ID is missing. This occurs when the Crashlytics Gradle plugin is missing from your app's build configuration. Please review the Firebase Crashlytics onboarding instructions at https://firebase.google.com/docs/crashlytics/get-started?platform=android#add-plugin
11-29 13:04:50.047  3103  3103 E AndroidRuntime: 	at android.app.ActivityThread.installProvider(ActivityThread.java:6396)
11-29 13:04:50.047  3103  3103 E AndroidRuntime: 	at android.app.ActivityThread.installContentProviders(ActivityThread.java:5938)
11-29 13:04:50.047  3103  3103 E AndroidRuntime: 	at android.app.ActivityThread.handleBindApplication(ActivityThread.java:5853)
11-29 13:04:50.047  3103  3103 E AndroidRuntime: 	at android.app.ActivityThread.access$1100(ActivityThread.java:199)
11-29 13:04:50.047  3103  3103 E AndroidRuntime: 	at android.app.ActivityThread$H.handleMessage(ActivityThread.java:1650)
11-29 13:04:50.047  3103  3103 E AndroidRuntime: 	at android.os.Handler.dispatchMessage(Handler.java:106)
11-29 13:04:50.047  3103  3103 E AndroidRuntime: 	at android.os.Looper.loop(Looper.java:193)
11-29 13:04:50.047  3103  3103 E AndroidRuntime: 	at android.app.ActivityThread.main(ActivityThread.java:6669)
11-29 13:04:50.047  3103  3103 E AndroidRuntime: 	at java.lang.reflect.Method.invoke(Native Method)
11-29 13:04:50.047  3103  3103 E AndroidRuntime: 	at com.android.internal.os.RuntimeInit$MethodAndArgsCaller.run(RuntimeInit.java:493)
11-29 13:04:50.047  3103  3103 E AndroidRuntime: 	at com.android.internal.os.ZygoteInit.main(ZygoteInit.java:858)
11-29 13:04:50.047  3103  3103 E AndroidRuntime: Caused by: java.lang.IllegalStateException: The Crashlytics build ID is missing. This occurs when the Crashlytics Gradle plugin is missing from your app's build configuration. Please review the Firebase Crashlytics onboarding instructions at https://firebase.google.com/docs/crashlytics/get-started?platform=android#add-plugin
11-29 13:04:50.047  3103  3103 E AndroidRuntime: 	at com.google.firebase.crashlytics.internal.common.CrashlyticsCore.onPreExecute(CrashlyticsCore.java:145)
11-29 13:04:50.047  3103  3103 E AndroidRuntime: 	at com.google.firebase.crashlytics.FirebaseCrashlytics.init(FirebaseCrashlytics.java:179)
11-29 13:04:50.047  3103  3103 E AndroidRuntime: 	at com.google.firebase.crashlytics.CrashlyticsRegistrar.buildCrashlytics(CrashlyticsRegistrar.java:72)
11-29 13:04:50.047  3103  3103 E AndroidRuntime: 	at com.google.firebase.crashlytics.CrashlyticsRegistrar.$r8$lambda$XFR966Xtld0zGICMasGRYAhWin4(Unknown Source:0)
11-29 13:04:50.047  3103  3103 E AndroidRuntime: 	at com.google.firebase.crashlytics.CrashlyticsRegistrar$$ExternalSyntheticLambda0.create(D8$$SyntheticClass:0)
11-29 13:04:50.047  3103  3103 E AndroidRuntime: 	at com.google.firebase.tracing.ComponentMonitor.lambda$processRegistrar$0(ComponentMonitor.java:38)
11-29 13:04:50.047  3103  3103 E AndroidRuntime: 	at com.google.firebase.tracing.ComponentMonitor$$ExternalSyntheticLambda0.create(D8$$SyntheticClass:0)
11-29 13:04:50.047  3103  3103 E AndroidRuntime: 	at com.google.firebase.components.ComponentRuntime.lambda$discoverComponents$0$com-google-firebase-components-ComponentRuntime(ComponentRuntime.java:160)
11-29 13:04:50.047  3103  3103 E AndroidRuntime: 	at com.google.firebase.components.ComponentRuntime$$ExternalSyntheticLambda2.get(D8$$SyntheticClass:0)
11-29 13:04:50.047  3103  3103 E AndroidRuntime: 	at com.google.firebase.components.Lazy.get(Lazy.java:53)
11-29 13:04:50.047  3103  3103 E AndroidRuntime: 	at com.google.firebase.components.ComponentRuntime.doInitializeEagerComponents(ComponentRuntime.java:322)
11-29 13:04:50.047  3103  3103 E AndroidRuntime: 	at com.google.firebase.components.ComponentRuntime.initializeEagerComponents(ComponentRuntime.java:312)
11-29 13:04:50.047  3103  3103 E AndroidRuntime: 	at com.google.firebase.FirebaseApp.initializeAllApis(FirebaseApp.java:607)
11-29 13:04:50.047  3103  3103 E AndroidRuntime: 	at com.google.firebase.FirebaseApp.initializeApp(FirebaseApp.java:300)
11-29 13:04:50.047  3103  3103 E AndroidRuntime: 	at com.google.firebase.FirebaseApp.initializeApp(FirebaseApp.java:264)
11-29 13:04:50.047  3103  3103 E AndroidRuntime: 	at com.google.firebase.FirebaseApp.initializeApp(FirebaseApp.java:249)
11-29 13:04:50.047  3103  3103 E AndroidRuntime: 	at com.google.firebase.provider.FirebaseInitProvider.onCreate(FirebaseInitProvider.java:69)
11-29 13:04:50.047  3103  3103 E AndroidRuntime: 	at android.content.ContentProvider.attachInfo(ContentProvider.java:1919)
11-29 13:04:50.047  3103  3103 E AndroidRuntime: 	at android.content.ContentProvider.attachInfo(ContentProvider.java:1894)
11-29 13:04:50.047  3103  3103 E AndroidRuntime: 	at com.google.firebase.provider.FirebaseInitProvider.attachInfo(FirebaseInitProvider.java:61)
11-29 13:04:50.047  3103  3103 E AndroidRuntime: 	at android.app.ActivityThread.installProvider(ActivityThread.java:6391)
11-29 13:04:50.047  3103  3103 E AndroidRuntime: 	... 10 more
11-29 13:04:50.078   415  2108 W ActivityManager:   Force finishing activity com.excell44.educam.debug/com.excell44.educam.MainActivity
11-29 13:04:50.087   415   429 W BroadcastQueue: Background execution not allowed: receiving Intent { act=android.intent.action.DROPBOX_ENTRY_ADDED flg=0x10 (has extras) } to com.google.android.gms/.stats.service.DropBoxEntryAddedReceiver
11-29 13:04:50.089  3103  3103 I Process : Sending signal. PID: 3103 SIG: 9
11-29 13:04:50.137   902   902 E xytools : crash_event: EduCam, com.excell44.educam.debug, 1.0, crashTypecrash
11-29 13:04:50.174   415   432 W libprocessgroup: kill(-3103, 9) failed: No such process
11-29 13:04:50.175   146   146 I Zygote  : Process 3103 exited due to signal (9)
11-29 13:04:50.175   415   432 I libprocessgroup: Successfully killed process cgroup uid 10090 pid 3103 in 0ms
11-29 13:04:50.181   415   473 I ActivityManager: Process com.excell44.educam.debug (pid 3103) has died: vis  +99TOP 
11-29 13:04:50.185   415   473 D         : HostConnection::get() New Host Connection established 0x7faba40859a0, tid 473
11-29 13:04:50.191   902   902 D NetworkSecurityConfig: No Network Security Config specified, using platform default
11-29 13:04:50.213   415   467 W WindowManager: Failed looking up window callers=com.android.server.wm.WindowManagerService.windowForClientLocked:5512 com.android.server.wm.WindowManagerService.removeWindow:1643 com.android.server.wm.Session.remove:226 
11-29 13:04:50.234   144   226 E TrafficController: Failed to delete the counterSet: Bad file descriptor
11-29 13:04:50.237   948   948 D FirebaseSessions: App foregrounded on com.microvirt.launcher2
11-29 13:04:50.242   948  1273 E EGL_adreno: [getAttribValue] Bad attribute idx
11-29 13:04:50.242   948  1273 D EGL_adreno: eglGetConfigAttrib: bad attrib 0x3339
11-29 13:04:50.242   948   948 I onReceive: mBindOnResumeCallbacks:0
11-29 13:04:50.281   948  1273 E EGL_adreno: tid 1273: eglSurfaceAttrib(1640): error 0x3009 (EGL_BAD_MATCH)
11-29 13:04:50.281   948  1273 W OpenGLRenderer: Failed to set EGL_SWAP_BEHAVIOR on surface 0xed187580, error=EGL_BAD_MATCH
11-29 13:04:50.305   948  3171 W System.err: java.net.UnknownHostException: Unable to resolve host "www.microvirt.com": No address associated with hostname
11-29 13:04:50.305   948  3171 W System.err: 	at java.net.Inet6AddressImpl.lookupHostByName(Inet6AddressImpl.java:157)
11-29 13:04:50.305   948  3171 W System.err: 	at java.net.Inet6AddressImpl.lookupAllHostAddr(Inet6AddressImpl.java:105)
11-29 13:04:50.305   948  3171 W System.err: 	at java.net.InetAddress.getAllByName(InetAddress.java:1154)
11-29 13:04:50.305   948  3171 W System.err: 	at okhttp3.Dns.lambda$static$0(Unknown Source:2)
11-29 13:04:50.305   948  3171 W System.err: 	at okhttp3.Dns.a(Unknown Source:0)
11-29 13:04:50.305   948  3171 W System.err: 	at okhttp3.c.lookup(Unknown Source:0)
11-29 13:04:50.305   948  3171 W System.err: 	at okhttp3.internal.connection.RouteSelector.resetNextInetSocketAddress(Unknown Source:129)
11-29 13:04:50.305   948  3171 W System.err: 	at okhttp3.internal.connection.RouteSelector.nextProxy(Unknown Source:20)
11-29 13:04:50.305   948  3171 W System.err: 	at okhttp3.internal.connection.RouteSelector.next(Unknown Source:17)
11-29 13:04:50.305   948  3171 W System.err: 	at okhttp3.internal.connection.ExchangeFinder.findConnection(Unknown Source:129)
11-29 13:04:50.305   948  3171 W System.err: 	at okhttp3.internal.connection.ExchangeFinder.findHealthyConnection(Unknown Source:0)
11-29 13:04:50.305   948  3171 W System.err: 	at okhttp3.internal.connection.ExchangeFinder.find(Unknown Source:22)
11-29 13:04:50.305   948  3171 W System.err: 	at okhttp3.internal.connection.Transmitter.newExchange(Unknown Source:16)
11-29 13:04:50.305   948  3171 W System.err: 	at okhttp3.internal.connection.ConnectInterceptor.intercept(Unknown Source:23)
11-29 13:04:50.305   948  3171 W System.err: 	at okhttp3.internal.http.RealInterceptorChain.proceed(SourceFile:10)
11-29 13:04:50.305   948  3171 W System.err: 	at okhttp3.internal.http.RealInterceptorChain.proceed(SourceFile:1)
11-29 13:04:50.305   948  3171 W System.err: 	at okhttp3.internal.cache.CacheInterceptor.intercept(Unknown Source:132)
11-29 13:04:50.305   948  3171 W System.err: 	at okhttp3.internal.http.RealInterceptorChain.proceed(SourceFile:10)
11-29 13:04:50.305   948  3171 W System.err: 	at okhttp3.internal.http.RealInterceptorChain.proceed(SourceFile:1)
11-29 13:04:50.305   948  3171 W System.err: 	at okhttp3.internal.http.BridgeInterceptor.intercept(Unknown Source:161)
11-29 13:04:50.306   948  3171 W System.err: 	at okhttp3.internal.http.RealInterceptorChain.proceed(SourceFile:10)
11-29 13:04:50.306   948  3171 W System.err: 	at okhttp3.internal.http.RetryAndFollowUpInterceptor.intercept(Unknown Source:23)
11-29 13:04:50.306   948  3171 W System.err: 	at okhttp3.internal.http.RealInterceptorChain.proceed(SourceFile:10)
11-29 13:04:50.306   948  3171 W System.err: 	at okhttp3.internal.http.RealInterceptorChain.proceed(SourceFile:1)
11-29 13:04:50.306   948  3171 W System.err: 	at p4.c$a.intercept(Unknown Source:99)
11-29 13:04:50.306   948  3171 W System.err: 	at okhttp3.internal.http.RealInterceptorChain.proceed(SourceFile:10)
11-29 13:04:50.306   948  3171 W System.err: 	at okhttp3.internal.http.RealInterceptorChain.proceed(SourceFile:1)
11-29 13:04:50.306   948  3171 W System.err: 	at okhttp3.RealCall.getResponseWithInterceptorChain(Unknown Source:120)
11-29 13:04:50.306   948  3171 W System.err: 	at okhttp3.RealCall.getResponseWithInterceptorChainP(Unknown Source:0)
11-29 13:04:50.306   948  3171 W System.err: 	at okhttp3.OkHttpOkHttp3Extension.okhttp3RealCall_getResponseWithInterceptorChain(OkHttpSourceFile:27)
11-29 13:04:50.306   948  3171 W System.err: 	at okhttp3.RealCall.execute(Unknown Source:28)
11-29 13:04:50.306   948  3171 W System.err: 	at retrofit2.OkHttpCall.execute(Unknown Source:20)
11-29 13:04:50.306   948  3171 W System.err: 	at retrofit2.DefaultCallAdapterFactory$ExecutorCallbackCall.execute(Unknown Source:2)
11-29 13:04:50.306   948  3171 W System.err: 	at p4.d.h(Unknown Source:22)
11-29 13:04:50.306   948  3171 W System.err: 	at com.microvirt.launcher.search.XYSearch.v(Unknown Source:0)
11-29 13:04:50.306   948  3171 W System.err: 	at com.microvirt.launcher.search.XYSearch.d(Unknown Source:0)
11-29 13:04:50.306   948  3171 W System.err: 	at u4.k.run(Unknown Source:2)
11-29 13:04:50.306   948  3171 W System.err: 	at java.lang.Thread.run(Thread.java:764)
11-29 13:04:50.306   948  3171 W System.err: Caused by: android.system.GaiException: android_getaddrinfo failed: EAI_NODATA (No address associated with hostname)
11-29 13:04:50.306   948  3171 W System.err: 	at libcore.io.Linux.android_getaddrinfo(Native Method)
11-29 13:04:50.306   948  3171 W System.err: 	at libcore.io.BlockGuardOs.android_getaddrinfo(BlockGuardOs.java:172)
11-29 13:04:50.306   948  3171 W System.err: 	at java.net.Inet6AddressImpl.lookupHostByName(Inet6AddressImpl.java:137)
11-29 13:04:50.306   948  3171 W System.err: 	... 37 more
11-29 13:04:50.350   167   410 I chatty  : uid=1000(system) Binder:167_3 expire 3 lines
11-29 13:04:50.351   948  1273 E EGL_adreno: [getAttribValue] Bad attribute idx
11-29 13:04:50.351   948  1273 D EGL_adreno: eglGetConfigAttrib: bad attrib 0x3339
11-29 13:04:50.379   948  1273 E EGL_adreno: tid 1273: eglSurfaceAttrib(1640): error 0x3009 (EGL_BAD_MATCH)
11-29 13:04:50.379   948  1273 W OpenGLRenderer: Failed to set EGL_SWAP_BEHAVIOR on surface 0xd190cca0, error=EGL_BAD_MATCH
11-29 13:04:50.614   565   565 W StaticLayout: maxLineHeight should not be -1.  maxLines:1 lineCount:1
11-29 13:04:50.614   565   565 W StaticLayout: maxLineHeight should not be -1.  maxLines:1 lineCount:1
11-29 13:04:50.782   948  1273 W OpenGLRenderer: Incorrectly called buildLayer on View: j2, destroying layer...
11-29 13:04:50.789   167   753 I chatty  : uid=1000(system) Binder:167_4 expire 1 line
11-29 13:04:56.228   415   473 I ActivityManager: START u0 {act=android.intent.action.MAIN cat=[android.intent.category.LAUNCHER] flg=0x10200000 cmp=com.excell44.educam.debug/com.excell44.educam.MainActivity bnds=[446,136][551,360]} from uid 10016
11-29 13:04:56.243   948   948 W Settings: Setting android_id has moved from android.provider.Settings.System to android.provider.Settings.Secure, returning read-only value.
11-29 13:04:56.259   167   410 D gralloc_gmin: gralloc_alloc: Creating ashmem region of size 2363392
11-29 13:04:56.335   948   948 D FirebaseSessions: App backgrounded on com.microvirt.launcher2
11-29 13:04:56.359  3203  3203 I Zygote  : seccomp disabled by setenforce 0
11-29 13:04:56.361  3203  3203 I 44.educam.debu: Late-enabling -Xcheck:jni
11-29 13:04:56.368   415   431 I ActivityManager: Start proc 3203:com.excell44.educam.debug/u0a90 for activity com.excell44.educam.debug/com.excell44.educam.MainActivity
11-29 13:04:56.416  3203  3203 W 44.educam.debu: Unexpected CPU variant for X86 using defaults: x86
11-29 13:04:56.451   144   226 E TrafficController: Failed to set the counterSet: Bad file descriptor, fd: -1
11-29 13:04:56.453   565   587 W ziparchive: Unable to open '/data/app/com.excell44.educam.debug-OxzmzqMr7k0kFv2F8FaF2g==/base.apk': No such file or directory
11-29 13:04:56.453   565   587 E ndroid.systemu: Failed to open APK '/data/app/com.excell44.educam.debug-OxzmzqMr7k0kFv2F8FaF2g==/base.apk' I/O error
11-29 13:04:56.453   565   587 E ResourcesManager: failed to add asset path /data/app/com.excell44.educam.debug-OxzmzqMr7k0kFv2F8FaF2g==/base.apk
11-29 13:04:56.453   565   587 W PackageManager: Failure retrieving resources for com.excell44.educam.debug
11-29 13:04:56.453   565   587 W ziparchive: Unable to open '/data/app/com.excell44.educam.debug-OxzmzqMr7k0kFv2F8FaF2g==/base.apk': No such file or directory
11-29 13:04:56.453   565   587 E ndroid.systemu: Failed to open APK '/data/app/com.excell44.educam.debug-OxzmzqMr7k0kFv2F8FaF2g==/base.apk' I/O error
11-29 13:04:56.453   565   587 E ResourcesManager: failed to add asset path /data/app/com.excell44.educam.debug-OxzmzqMr7k0kFv2F8FaF2g==/base.apk
11-29 13:04:56.453   565   587 W PackageManager: Failure retrieving resources for com.excell44.educam.debug
11-29 13:04:56.454   565   587 W ziparchive: Unable to open '/data/app/com.excell44.educam.debug-OxzmzqMr7k0kFv2F8FaF2g==/base.apk': No such file or directory
11-29 13:04:56.454   565   587 E ndroid.systemu: Failed to open APK '/data/app/com.excell44.educam.debug-OxzmzqMr7k0kFv2F8FaF2g==/base.apk' I/O error
11-29 13:04:56.454   565   587 E ResourcesManager: failed to add asset path /data/app/com.excell44.educam.debug-OxzmzqMr7k0kFv2F8FaF2g==/base.apk
11-29 13:04:56.454   565   587 W PackageManager: Failure retrieving resources for com.excell44.educam.debug
11-29 13:04:56.454   565   587 W ziparchive: Unable to open '/data/app/com.excell44.educam.debug-OxzmzqMr7k0kFv2F8FaF2g==/base.apk': No such file or directory
11-29 13:04:56.454   565   587 E ndroid.systemu: Failed to open APK '/data/app/com.excell44.educam.debug-OxzmzqMr7k0kFv2F8FaF2g==/base.apk' I/O error
11-29 13:04:56.454   565   587 E ResourcesManager: failed to add asset path /data/app/com.excell44.educam.debug-OxzmzqMr7k0kFv2F8FaF2g==/base.apk
11-29 13:04:56.454   565   587 W PackageManager: Failure retrieving resources for com.excell44.educam.debug
11-29 13:04:56.454   565   587 W ziparchive: Unable to open '/data/app/com.excell44.educam.debug-OxzmzqMr7k0kFv2F8FaF2g==/base.apk': No such file or directory
11-29 13:04:56.454   565   587 E ndroid.systemu: Failed to open APK '/data/app/com.excell44.educam.debug-OxzmzqMr7k0kFv2F8FaF2g==/base.apk' I/O error
11-29 13:04:56.454   565   587 E ResourcesManager: failed to add asset path /data/app/com.excell44.educam.debug-OxzmzqMr7k0kFv2F8FaF2g==/base.apk
11-29 13:04:56.454   565   587 W PackageManager: Failure retrieving resources for com.excell44.educam.debug
11-29 13:04:56.520  1083  2896 I NetworkScheduler.Stats: Task com.google.android.gms/com.google.android.gms.measurement.PackageMeasurementTaskService started execution. cause:7 exec_start_elapsed_seconds: 130 [CONTEXT service_id=218 ]
11-29 13:04:56.631  1043  2946 W FA-SVC  : Interrupted in onRunTask while uploading
11-29 13:04:56.941   167   410 W SurfaceFlinger: Attempting to destroy on removed layer: 8702bec Sys2038:com.microvirt.launcher2/com.microvirt.launcher.Launcher#0
11-29 13:04:58.393   948  2495 I FA      : Application backgrounded at: timestamp_millis: 1764392696392
11-29 13:05:00.727  3203  3203 D SessionsDependencies: Dependency to CRASHLYTICS added.
11-29 13:05:00.758  3203  3203 I FirebaseApp: Device unlocked: initializing all Firebase APIs for app [DEFAULT]
11-29 13:05:00.763  3203  3203 W 44.educam.debu: Accessing hidden method Landroid/content/Context;->getOpPackageName()Ljava/lang/String; (light greylist, linking)
11-29 13:05:00.808  3203  3241 W 44.educam.debu: Unsupported class loader
11-29 13:05:00.827  3203  3241 I DynamiteModule: Considering local module com.google.android.gms.measurement.dynamite:117 and remote module com.google.android.gms.measurement.dynamite:67
11-29 13:05:00.827  3203  3241 I DynamiteModule: Selected local version of com.google.android.gms.measurement.dynamite
11-29 13:05:00.942  3203  3203 D FirebaseSessions: Initializing Firebase Sessions SDK.
11-29 13:05:00.954  3203  3244 W SharedPreferencesImpl: Cannot read /data/user/0/com.excell44.educam.debug/shared_prefs/com.google.android.gms.measurement.prefs.xml
11-29 13:05:00.954  3203  3244 W SharedPreferencesImpl: org.xmlpull.v1.XmlPullParserException: Unexpected end of document
11-29 13:05:00.954  3203  3244 W SharedPreferencesImpl: 	at com.android.internal.util.XmlUtils.readValueXml(XmlUtils.java:1408)
11-29 13:05:00.954  3203  3244 W SharedPreferencesImpl: 	at com.android.internal.util.XmlUtils.readMapXml(XmlUtils.java:740)
11-29 13:05:00.954  3203  3244 W SharedPreferencesImpl: 	at android.app.SharedPreferencesImpl.loadFromDisk(SharedPreferencesImpl.java:153)
11-29 13:05:00.954  3203  3244 W SharedPreferencesImpl: 	at android.app.SharedPreferencesImpl.access$000(SharedPreferencesImpl.java:54)
11-29 13:05:00.954  3203  3244 W SharedPreferencesImpl: 	at android.app.SharedPreferencesImpl$1.run(SharedPreferencesImpl.java:122)
11-29 13:05:00.964  3203  3203 I FirebaseCrashlytics: Initializing Firebase Crashlytics 19.0.3 for com.excell44.educam.debug
11-29 13:05:01.027  3203  3243 I FA      : App measurement initialized, version: 97001
11-29 13:05:01.027  3203  3243 I FA      : To enable debug logging run: adb shell setprop log.tag.FA VERBOSE
11-29 13:05:01.030  3203  3243 I FA      : To enable faster debug mode event logging run:
11-29 13:05:01.030  3203  3243 I FA      :   adb shell setprop debug.firebase.analytics.app com.excell44.educam.debug
11-29 13:05:01.035  3203  3203 D SessionsDependencies: Subscriber CRASHLYTICS registered.
11-29 13:05:01.067  3203  3203 E FirebaseCrashlytics: .
11-29 13:05:01.067  3203  3203 E FirebaseCrashlytics: .     |  | 
11-29 13:05:01.067  3203  3203 E FirebaseCrashlytics: .     |  |
11-29 13:05:01.067  3203  3203 E FirebaseCrashlytics: .     |  |
11-29 13:05:01.067  3203  3203 E FirebaseCrashlytics: .   \ |  | /
11-29 13:05:01.067  3203  3203 E FirebaseCrashlytics: .    \    /
11-29 13:05:01.067  3203  3203 E FirebaseCrashlytics: .     \  /
11-29 13:05:01.067  3203  3203 E FirebaseCrashlytics: .      \/
11-29 13:05:01.067  3203  3203 E FirebaseCrashlytics: .
11-29 13:05:01.067  3203  3203 E FirebaseCrashlytics: The Crashlytics build ID is missing. This occurs when the Crashlytics Gradle plugin is missing from your app's build configuration. Please review the Firebase Crashlytics onboarding instructions at https://firebase.google.com/docs/crashlytics/get-started?platform=android#add-plugin
11-29 13:05:01.067  3203  3203 E FirebaseCrashlytics: .
11-29 13:05:01.067  3203  3203 E FirebaseCrashlytics: .      /\
11-29 13:05:01.067  3203  3203 E FirebaseCrashlytics: .     /  \
11-29 13:05:01.067  3203  3203 E FirebaseCrashlytics: .    /    \
11-29 13:05:01.067  3203  3203 E FirebaseCrashlytics: .   / |  | \
11-29 13:05:01.067  3203  3203 E FirebaseCrashlytics: .     |  |
11-29 13:05:01.067  3203  3203 I chatty  : uid=10090(com.excell44.educam.debug) identical 1 line
11-29 13:05:01.067  3203  3203 E FirebaseCrashlytics: .     |  |
11-29 13:05:01.067  3203  3203 E FirebaseCrashlytics: .
11-29 13:05:01.068  3203  3203 D AndroidRuntime: Shutting down VM
11-29 13:05:01.081  3203  3203 E AndroidRuntime: FATAL EXCEPTION: main
11-29 13:05:01.081  3203  3203 E AndroidRuntime: Process: com.excell44.educam.debug, PID: 3203
11-29 13:05:01.081  3203  3203 E AndroidRuntime: java.lang.RuntimeException: Unable to get provider com.google.firebase.provider.FirebaseInitProvider: java.lang.IllegalStateException: The Crashlytics build ID is missing. This occurs when the Crashlytics Gradle plugin is missing from your app's build configuration. Please review the Firebase Crashlytics onboarding instructions at https://firebase.google.com/docs/crashlytics/get-started?platform=android#add-plugin
