11-28 12:44:10.355  1737  1737 D KeyguardUpdateMonitor: setUnlockingKeyguard( true -> false ), caller : com.android.keyguard.KeyguardSecUpdateMonitorImpl.onKeyguardVisibilityChanged:3238 
11-28 12:44:10.355  1737  1737 D KeyguardUpdateMonitor: sendKeyguardStateUpdated(false, false, false, false)
11-28 12:44:10.356  1737  1737 D KeyguardViewMediator: keyguardGone
11-28 12:44:10.356  1737  1737 D KeyguardVisible: keyguardGoingAway false
11-28 12:44:10.356  8930 10713 I TouchInteractionService: onSystemUiStateChanged, stateFlags : 2 |navbar_hidden|
11-28 12:44:10.356  1737  1737 V SettingsHelper: *** unregister listener for com.android.systemui.keyguard.KeyguardViewMediatorHelperImpl$$ExternalSyntheticLambda1@a25ca6
11-28 12:44:10.357  1737  1737 D KeyguardSurface: setKeyguardSurfaceAppearAmount amount=0.01
11-28 12:44:10.357  2478  2606 D BtGatt.GattService: onScannerRegistered() - UUID=d67bce13-417c-47e3-b13f-87d0e01610f9, scannerId=2, status=0
11-28 12:44:10.358  1737  1737 I FaceWidgetDashboardManager: dismissFaceWidgetFullScreen
11-28 12:44:10.358  1737  1737 D FaceWidgetDashBoard: close() - 1(returned) : showing is false
11-28 12:44:10.360  8930  8930 I RecentsAnimationDeviceState: setSystemUiFlags, stateFlags : 2
11-28 12:44:10.361  8930  8930 I TouchInteractionService: onSystemUiFlagsChanged, lastSysUIFlags : 66
11-28 12:44:10.361 14731 14751 E IMGMapper: set:488 set: Unset optional value from type SMPTE2086
11-28 12:44:10.361 14731 14751 E IMGMapper: set:488 set: Unset optional value from type CTA861_3
11-28 12:44:10.361  1737  1737 D KeyguardViewMediator: handleMessage 12 / elapsed time: 57ms
11-28 12:44:10.361 14731 14751 I BLASTBufferQueue: [ViewRootImpl@4a720a7[MainActivity]#1](f:0,a:0) onFrameAvailable the first frame is available
11-28 12:44:10.361  1737  1737 D KeyguardWallpaperController: mIsKeyguardShowing=false, mOccluded=false
11-28 12:44:10.361  1737  1737 D KeyguardWallpaperController: mIsKeyguardShowing=false, mOccluded=false
11-28 12:44:10.361 23825 24063 D BluetoothLeScanner: onScannerRegistered() - status=0 scannerId=2 mScannerId=0
11-28 12:44:10.362  1737  1737 D SamsungLightBarControlHelper: updateStatus(BLACK icon) NumStacks:1, StatusBarMode:MODE_TRANSPARENT, lightBarBounds:[Rect(0, 0 - 720, 1600)], StatusBarState:SHADE, packageName:com.android.systemui, isWhiteKeyguardStatusBarBySettings:false
11-28 12:44:10.362  1737  2008 D KeyguardUnlock: onAnimationStart 1
11-28 12:44:10.363 14731 14751 I BLASTBufferQueue: [ViewRootImpl@4a720a7[MainActivity]#1](f:0,a:1) acquireNextBufferLocked size=720x1600 mFrameNumber=1 applyTransaction=true mTimestamp=337611780347274(auto) mPendingTransactions.size=0 graphicBufferId=63269163237385 transform=0
11-28 12:44:10.363  2478 22876 I BluetoothAdapter: STATE_BLE_ON
11-28 12:44:10.363 14731 14751 I ViewRootImpl@4a720a7[MainActivity]: Received frameCommittedCallback lastAttemptedDrawFrameNum=1 didProduceBuffer=true
11-28 12:44:10.364  1737  1737 D PluginInstanceManager: startListening
11-28 12:44:10.364  2478 22876 I BluetoothAdapter: bleAppCnt is = 1
11-28 12:44:10.364 14731 14731 I ViewRootImpl@4a720a7[MainActivity]: onSyncComplete
11-28 12:44:10.364  1737  1925 D PluginInstanceManager: queryAll com.android.systemui.action.PLUGIN_NOTIFICATION_MENU_ROW
11-28 12:44:10.365  1737  1925 D PluginInstanceManager: Found 0 plugins
11-28 12:44:10.365 14731 14731 I ViewRootImpl@4a720a7[MainActivity]: setupSync seqId=0 mSyncId=1 fn=1 caller=android.view.ViewRootImpl$$ExternalSyntheticLambda11.accept:6 android.window.SurfaceSyncer.lambda$setupSync$1$android-window-SurfaceSyncer:128 android.window.SurfaceSyncer$$ExternalSyntheticLambda1.accept:8 android.window.SurfaceSyncer$SyncSet.checkIfSyncIsComplete:382 android.window.SurfaceSyncer$SyncSet.markSyncReady:359 android.window.SurfaceSyncer.markSyncReady:151 android.view.ViewRootImpl.performTraversals:4503 
11-28 12:44:10.365 14731 14731 I ViewRootImpl@4a720a7[MainActivity]: reportDrawFinished seqId=0 mSyncId=-1 fn=1 mSurfaceChangedTransaction=0xb400007da341b800
11-28 12:44:10.369  1737  2533 I ViewRootImpl@a308e6[NotificationShade]: Resizing android.view.ViewRootImpl@c06cd72: frame = [0,0][720,1600] reportDraw = false forceLayout = false syncSeqId = 2
11-28 12:44:10.369 14731 14741 I ViewRootImpl@4a720a7[MainActivity]: Resizing android.view.ViewRootImpl@b356c0: frame = [0,0][720,1600] reportDraw = true forceLayout = false syncSeqId = 0
11-28 12:44:10.369  2478 22876 D ActivityAttributionService: notifyActivityAttributionInfo UID=1002 packageName=com.android.bluetooth deviceAddress=no_active_device_address
11-28 12:44:10.369  2478  2672 I BluetoothAdapter: STATE_BLE_ON
11-28 12:44:10.369  1737 13493 I ViewRootImpl@f0704d0[NavigationBar0]: Resizing android.view.ViewRootImpl@2813c85: frame = [0,1504][720,1600] reportDraw = false forceLayout = false syncSeqId = 0
11-28 12:44:10.370 23825  9640 I NearbySharing: Started scanning for FastInitiation with mode: SCAN_MODE_BALANCED
11-28 12:44:10.371 14731 14731 D InsetsController: onStateChanged: InsetsState: {mDisplayFrame=Rect(0, 0 - 720, 1600), mDisplayCutout=DisplayCutout{insets=Rect(0, 45 - 0, 0) waterfall=Insets{left=0, top=0, right=0, bottom=0} boundingRect={Bounds=[Rect(0, 0 - 0, 0), Rect(272, 0 - 448, 45), Rect(0, 0 - 0, 0), Rect(0, 0 - 0, 0)]} cutoutPathParserInfo={CutoutPathParserInfo{displayWidth=720 displayHeight=1600 physicalDisplayWidth=720 physicalDisplayHeight=1600 density={1.875} cutoutSpec={M 0,0 H -46.93333333333333 V 24 H 46.93333333333333 V 0 H 0 Z @dp} rotation={0} scale={1.0} physicalPixelDisplaySizeRatio={1.0}}}}, mRoundedCorners=RoundedCorners{[RoundedCorner{position=TopLeft, radius=64, center=Point(64, 64)}, RoundedCorner{position=TopRight, radius=64, center=Point(656, 64)}, RoundedCorner{position=BottomRight, radius=64, center=Point(656, 1536)}, RoundedCorner{position=BottomLeft, radius=64, center=Point(64, 1536)}]}  mRoundedCornerFrame=Rect(0, 0 - 720, 1600), mPrivacyIndicatorBounds=PrivacyIndicatorBounds {static bounds=Rect(632, 0 - 720, 48) rotation=0}, mSources= { InsetsSource: {mType=ITYPE_STATUS_BAR, mFrame=[0,0][720,48], mVisible=true, mInsetsRoundedCornerFrame=false}, InsetsSource: {mType=ITYPE_NAVIGATION_BAR, mFrame=[0,1504][720,1600], mVisible=true, mInsetsRoundedCornerFrame=false}, InsetsSource: {mType=ITYPE_LEFT_GESTURES, mFrame=[0,0][0,1600], mVisible=true, mInsetsRoundedCornerFrame=false}, InsetsSource: {mType=ITYPE_RIGHT_GESTURES, mFrame=[720,0][720,1600], mVisible=true, mInsetsRoundedCornerFrame=false}, InsetsSource: {mType=ITYPE_TOP_MANDATORY_GESTURES, mFrame=[0,0][720,69], mVisible=true, mInsetsRoundedCornerFrame=false}, InsetsSource: {mType=ITYPE_BOTTOM_MANDATORY_GESTURES, mFrame=[0,1504][720,1600], mVisible=true, mInsetsRoundedCornerFrame=false}, InsetsSource: {mType=ITYPE_LEFT_DISPLAY_CUTOUT, mFrame=[0,0][-100000,1600], mVisible=true, mInsetsRoundedCornerFrame=false}, InsetsSource: {mType=ITYPE_TOP_DISPLAY_CUTOUT, mFrame=[0,0][720,45], mVisible=true, mInsetsRoundedCornerFrame=false}, InsetsSource: {mType=ITYPE_RIGHT_DISPLAY_CUTOUT, mFrame=[100000,0][720,1600], mVisible=true, mInsetsRoundedCornerFrame=false}, InsetsSource: {mType=ITYPE_BOTTOM_DISPLAY_CUTOUT, mFrame=[0,100000][720,1600], mVisible=true, mInsetsRoundedCornerFrame=false}, InsetsSource: {mType=ITYPE_TOP_TAPPABLE_ELEMENT, mFrame=[0,0][720,48], mVisible=true, mInsetsRoundedCornerFrame=false}, InsetsSource: {mType=ITYPE_BOTTOM_TAPPABLE_ELEMENT, mFrame=[0,1504][720,1600], mVisible=true, mInsetsRoundedCornerFrame=false}, InsetsSource: {mType=ITYPE_IME, mFrame=[0,0][0,0], mVisibleFrame=[0,916][720,1600], mVisible=false, mInsetsRoundedCornerFrame=false} } host=com.excell44.educam.debug/com.excell44.educam.MainActivity from=android.view.ViewRootImpl$ViewRootHandler.handleMessageImpl:6727
11-28 12:44:10.372 14731 14731 I ViewRootImpl@4a720a7[MainActivity]: handleResized, msg = 5 frames=ClientWindowFrames{frame=[0,0][720,1600] display=[0,0][720,1600] parentFrame=[0,0][0,0] parentClippedByDisplayCutout=false} forceNextWindowRelayout=false displayId=0 resizeMode=-1 frameChanged=false displayFrameChanged=false configChanged=false displayChanged=false
11-28 12:44:10.372  1737 13489 I ViewRootImpl@f704ebe[StatusBar]: Resizing android.view.ViewRootImpl@5e98ca: frame = [0,0][720,48] reportDraw = false forceLayout = false syncSeqId = 0
11-28 12:44:10.372 14731 14731 I ViewRootImpl@4a720a7[MainActivity]: handleResized mSyncSeqId = 0
11-28 12:44:10.372  1341  3022 D WindowManager: finishDrawingWindow: Window{5b0207e u0 com.excell44.educam.debug/com.excell44.educam.MainActivity} mDrawState=DRAW_PENDING seqId=0
11-28 12:44:10.373 14731 14731 I ViewRootImpl@4a720a7[MainActivity]: reportNextDraw android.view.ViewRootImpl.handleResized:2450 android.view.ViewRootImpl.-$$Nest$mhandleResized:0 android.view.ViewRootImpl$ViewRootHandler.handleMessageImpl:6728 android.view.ViewRootImpl$ViewRootHandler.handleMessage:6697 android.os.Handler.dispatchMessage:106 
11-28 12:44:10.373  2478  2672 I BluetoothAdapter: appoCount is = 1 G/S = 1/0
11-28 12:44:10.374   766   766 D BufferStateLayer: com.excell44.educam.debug/com.excell44.educam.MainActivity$_14731#19012 setBuffer frameId=1, bufferId=63269163237385 fenceId=623, w= 720, h=1600
11-28 12:44:10.379  1737  1737 I ViewRootImpl@a308e6[NotificationShade]: performTraversals params={(0,0)(fillxfill) gr=TOP CENTER_VERTICAL sim={adjust=resize} layoutInDisplayCutoutMode=always ty=NOTIFICATION_SHADE fmt=TRANSLUCENT
11-28 12:44:10.379  1737  1737 I ViewRootImpl@a308e6[NotificationShade]:   fl=81840048
11-28 12:44:10.379  1737  1737 I ViewRootImpl@a308e6[NotificationShade]:   pfl=1a000000
11-28 12:44:10.379  1737  1737 I ViewRootImpl@a308e6[NotificationShade]:   vsysui=2000
11-28 12:44:10.379  1737  1737 I ViewRootImpl@a308e6[NotificationShade]:   apr=LIGHT_STATUS_BARS
11-28 12:44:10.379  1737  1737 I ViewRootImpl@a308e6[NotificationShade]:   bhv=SHOW_TRANSIENT_BARS_BY_SWIPE naviIconColor=0
11-28 12:44:10.379  1737  1737 I ViewRootImpl@a308e6[NotificationShade]:   sfl=40000}
11-28 12:44:10.380  1737  1862 D Tile.WifiTile: handleUpdateState isTransient=false transientEnabling =false cb.isTransient=false state.state = 2 mStateBeforeClick.value =false enabled =true
11-28 12:44:10.380   766   766 D SurfaceFlinger: Display 0 HWC layers:
11-28 12:44:10.380   766   766 D SurfaceFlinger:      DEVICE | 0xb400007e779051c0 | 0000 | RGBA_8888    |  120.0  267.0  600.0 1333.0 |    0    0  720 1600 | SnapshotStartingWindow for taskId=350$_1737#19011
11-28 12:44:10.380   766   766 D SurfaceFlinger:      DEVICE | 0xb400007e7ae88200 | 0100 | RGBA_8888    |    0.0    0.0  720.0   48.0 |    0    0  720   48 | StatusBar$_1737#83
11-28 12:44:10.380   766   766 D SurfaceFlinger:      DEVICE | 0xb400007e77905540 | 0100 | RGBA_8888    |    0.0    0.0  720.0 1600.0 |    0    0  720 1600 | NotificationShade$_1737#19005
11-28 12:44:10.380   766   766 D SurfaceFlinger: 
11-28 12:44:10.380  1737  1737 I ViewRootImpl@a308e6[NotificationShade]: performTraversals mFirst=false windowShouldResize=false viewVisibilityChanged=false mForceNextWindowRelayout=false params={(0,0)(fillxfill) gr=TOP CENTER_VERTICAL sim={adjust=resize} layoutInDisplayCutoutMode=always ty=NOTIFICATION_SHADE fmt=TRANSLUCENT
11-28 12:44:10.380  1737  1737 I ViewRootImpl@a308e6[NotificationShade]:   fl=81840048
11-28 12:44:10.380  1737  1737 I ViewRootImpl@a308e6[NotificationShade]:   pfl=1a000000
11-28 12:44:10.380  1737  1737 I ViewRootImpl@a308e6[NotificationShade]:   vsysui=2000
11-28 12:44:10.380  1737  1737 I ViewRootImpl@a308e6[NotificationShade]:   apr=LIGHT_STATUS_BARS
11-28 12:44:10.380  1737  1737 I ViewRootImpl@a308e6[NotificationShade]:   bhv=SHOW_TRANSIENT_BARS_BY_SWIPE naviIconColor=0
11-28 12:44:10.380  1737  1737 I ViewRootImpl@a308e6[NotificationShade]:   sfl=40000}
11-28 12:44:10.380  1341  1371 V WindowManager: Finish starting ActivityRecord{7aeff7 u0 com.excell44.educam.debug/com.excell44.educam.MainActivity} t350}: first real window is shown, no animation
11-28 12:44:10.381  1341  1371 V WindowManager: Schedule remove starting ActivityRecord{7aeff7 u0 com.excell44.educam.debug/com.excell44.educam.MainActivity} t350} startingWindow=null startingView=null Callers=com.android.server.wm.ActivityRecord.removeStartingWindow:3231 com.android.server.wm.ActivityRecord.onFirstWindowDrawn:7457 com.android.server.wm.WindowState.performShowLocked:5493 com.android.server.wm.WindowStateAnimator.commitFinishDrawingLocked:351 com.android.server.wm.DisplayContent.lambda$new$8:1184 
11-28 12:44:10.381  1341  1371 V WindowManager: Removing startingView=com.android.server.wm.StartingSurfaceController$StartingSurface@297a9ad
11-28 12:44:10.381  1737  1862 D Tile.BluetoothTile:  handleUpdateState enabled = false connected = false connecting = false changedState =false bluetoothState = 10 enabledChanging = false state = BooleanState[spec=Bluetooth,icon=ResourceIcon[resId=0x7f0809bd],iconSupplier=null,label=Bluetooth,secondaryLabel=null,contentDescription=Bluetooth,Désactivé,stateDescription=null,dualLabelContentDescription=null,expandedAccessibilityClassName=null,disabledByPolicy=false,dualTarget=true,isTransient=false,state=1,slash="null",sideViewCustomDrawable=null,tileClassName=null,value=false,forceExpandIcon=false]
11-28 12:44:10.381  1341  1371 V WindowManager: performShowLocked: mDrawState=HAS_DRAWN in Window{5b0207e u0 com.excell44.educam.debug/com.excell44.educam.MainActivity}
11-28 12:44:10.385  2478  2672 I BluetoothAdapter: STATE_BLE_ON
11-28 12:44:10.386  1341  1527 V WindowManager: Relayout Window{724ac9e u0 NotificationShade}: viewVisibility=0 req=720x1600 d0
11-28 12:44:10.386  2478  2674 E BtGatt.GattService: [GSIM LOG]: gsimLogHandler, msg: MESSAGE_SCAN_START, appName: com.google.uid.shared, scannerId: 2, reportDelayMillis=0
11-28 12:44:10.386  2478  2672 I BluetoothAdapter: appoCount is = 1 G/S = 1/0
11-28 12:44:10.386  2478  2672 I BluetoothAdapter: STATE_BLE_ON
11-28 12:44:10.387  2478  2672 I BluetoothAdapter: appoCount is = 1 G/S = 1/0
11-28 12:44:10.387  2478  2672 I bt_stack: [INFO:le_scanning_manager.cc(269)] ScanFilterEnable in shim layer
11-28 12:44:10.390   766   766 I Layer   : Layer [com.excell44.educam.debug/com.excell44.educam.MainActivity$_14731#19012] hidden!! flag(0)
11-28 12:44:10.392  1341  1370 D PowerManagerService: [api] setUserActivityTimeoutOverrideFromWindowManagerInternal: timeoutMillis: -1
11-28 12:44:10.392  1341  1370 D PowerManagerService: getScreenOffTimeoutLocked: 3000 -> 60000
11-28 12:44:10.395  1341  1527 V WindowManager: Changing focus from Window{724ac9e u0 NotificationShade} to Window{5b0207e u0 com.excell44.educam.debug/com.excell44.educam.MainActivity} displayId=0 Callers=com.android.server.wm.RootWindowContainer.updateFocusedWindowLocked:595 com.android.server.wm.WindowManagerService.updateFocusedWindowLocked:6803 com.android.server.wm.WindowManagerService.relayoutWindow:2813 com.android.server.wm.Session.relayout:274 
11-28 12:44:10.396  1341  1527 D MARsPolicyManager: onPackageResumedFG pkgName = com.excell44.educam.debug, userId = 0
11-28 12:44:10.396   766   766 D SurfaceFlinger: Display 0 HWC layers:
11-28 12:44:10.396   766   766 D SurfaceFlinger:      DEVICE | 0xb400007e77905d20 | 0102 | RGBA_8888    |  120.0  267.0  600.0 1333.0 |    0    0  720 1600 | com.excell44.educam.debug/com.excell44.educam.MainActivity$_14731#19012
11-28 12:44:10.396   766   766 D SurfaceFlinger:      DEVICE | 0xb400007e779051c0 | 0000 | RGBA_8888    |  120.0  267.0  600.0 1333.0 |    0    0  720 1600 | SnapshotStartingWindow for taskId=350$_1737#19011
11-28 12:44:10.396   766   766 D SurfaceFlinger:      DEVICE | 0xb400007e7ae88200 | 0100 | RGBA_8888    |    0.0    0.0  720.0   48.0 |    0    0  720   48 | StatusBar$_1737#83
11-28 12:44:10.396   766   766 D SurfaceFlinger:      DEVICE | 0xb400007e77905540 | 0100 | RGBA_8888    |    0.0    0.0  720.0 1600.0 |    0    0  720 1600 | NotificationShade$_1737#19005
11-28 12:44:10.396   766   766 D SurfaceFlinger: 
11-28 12:44:10.396  1341  1527 I WindowManager: Cancelling animation restarting=true, leash=Surface(name=Surface(name=528b8b0 StatusBar)/@0x97829b3 - animation-leash of insets_animation)/@0xf94704f
11-28 12:44:10.396  1341  1527 I WindowManager: Reparenting to original parent: Surface(name=WindowToken{e4213f3 type=2000 android.os.BinderProxy@654f12d})/@0x8507b70, destroy=false, surface=Surface(name=528b8b0 StatusBar)/@0x97829b3
11-28 12:44:10.396  1341  1527 I WindowManager: Reparenting to leash, surface=Surface(name=528b8b0 StatusBar)/@0x97829b3, leashParent=Surface(name=WindowToken{e4213f3 type=2000 android.os.BinderProxy@654f12d})/@0x8507b70
11-28 12:44:10.397   766   851 I SurfaceFlinger: id=19014 createSurf flag=24000, Surface(name=528b8b0 StatusBar)/@0x97829b3 - animation-leash of insets_animation#19014
11-28 12:44:10.398 14731 14731 I ViewRootImpl@4a720a7[MainActivity]: Setup new sync id=2
11-28 12:44:10.398  2478  2672 I bt_stack: [INFO:le_scanning_manager.cc(240)] ScanFilterAdd in shim layer
11-28 12:44:10.398  1341  1527 D WindowManager: makeSurface duration=1 leash=Surface(name=Surface(name=528b8b0 StatusBar)/@0x97829b3 - animation-leash of insets_animation)/@0x79137ee
11-28 12:44:10.398 14731 14731 I ViewRootImpl@4a720a7[MainActivity]: Setting syncFrameCallback
11-28 12:44:10.398  1341  1370 D PowerManagerService: [api] setScreenDimDurationOverrideFromWindowManagerInternal: timeoutMillis: -1
11-28 12:44:10.398 14731 14731 I ViewRootImpl@4a720a7[MainActivity]: registerCallbacksForSync syncBuffer=false
11-28 12:44:10.398  1341  1527 I WindowManager: Cancelling animation restarting=true, leash=Surface(name=Surface(name=ab6e286 NavigationBar0)/@0x400176e - animation-leash of insets_animation)/@0x34bace5
11-28 12:44:10.398  1341  1527 I WindowManager: Reparenting to original parent: Surface(name=WindowToken{f660761 type=2019 android.os.BinderProxy@4e54f6b})/@0x841ae0f, destroy=false, surface=Surface(name=ab6e286 NavigationBar0)/@0x400176e
11-28 12:44:10.398  1341  1527 I WindowManager: Reparenting to leash, surface=Surface(name=ab6e286 NavigationBar0)/@0x400176e, leashParent=Surface(name=WindowToken{f660761 type=2019 android.os.BinderProxy@4e54f6b})/@0x841ae0f
11-28 12:44:10.399  2478  2672 D BtGatt.ScanManager: configureFilterParamter() : onFoundTimeout | onLostTimeout | onFoundCount | numOfTrackingEntries | scanFilterRssiThreshold | trackableScanFilterRssiThreshold | matchMode
11-28 12:44:10.399  2478  2672 D BtGatt.ScanManager: configureFilterParamter() : __________500__|________10000__|___________1__|___________________0__|___________________-128__|____________________________-128__|________1_
11-28 12:44:10.399   766   851 I SurfaceFlinger: id=19015 createSurf flag=24000, Surface(name=ab6e286 NavigationBar0)/@0x400176e - animation-leash of insets_animation#19015
11-28 12:44:10.399 12256 12256 I [WEATHER]WidgetReceiver: {[5DB6561CB2978A8BC001D0A00DA8A976A3119C81DA08A8A193BEA0AC308B010CFC0A0C5662F4CD0A15578E357F295835049AF7835082C911F991B3871014F8349088C826A62D4EBE50C650FB9DB990AE81DD740D6BE55B041CFD507B2B7C60A6]}
11-28 12:44:10.399  1341  1527 D WindowManager: makeSurface duration=1 leash=Surface(name=Surface(name=ab6e286 NavigationBar0)/@0x400176e - animation-leash of insets_animation)/@0x2e86508
11-28 12:44:10.400 14731 14756 I ViewRootImpl@4a720a7[MainActivity]: Received frameDrawingCallback syncResult=0 frameNum=2.
11-28 12:44:10.400 14731 14756 I ViewRootImpl@4a720a7[MainActivity]: Setting up sync and frameCommitCallback
11-28 12:44:10.401  1341  1527 D WindowManager: updateSystemBarAttributes: displayId=0, win=Window{5b0207e u0 com.excell44.educam.debug/com.excell44.educam.MainActivity}, navColorWin=Window{99cc073 u0 SnapshotStartingWindow for taskId=350}, focusedCanBeNavColorWin=false, behavior=1, appearance=24, statusBarAppearanceRegions=[AppearanceRegion{LIGHT_STATUS_BARS bounds=[0,0][720,1600]}], requestedVisibilities=, from=com.android.server.wm.DisplayPolicy.focusChangedLw:3245 com.android.server.wm.DisplayContent.updateFocusedWindowLocked:4618 com.android.server.wm.RootWindowContainer.updateFocusedWindowLocked:595 
11-28 12:44:10.401  1341  1527 D StatusBarManagerService: notifyRequestedSystemKey recent=false home=false
11-28 12:44:10.401 12256 12256 I [WEATHER]AppWidgetInfoManagerImpl: {[F572C5B223C40817649D855D4C3F4838]}
11-28 12:44:10.402  1011  1106 I Accelerometer: acc data x = 1.338000, y = 0.676000, z = 9.548000 .
11-28 12:44:10.402  1737  1862 D Tile.RotationLockTile:  handleUpdateState: false orientation = true
11-28 12:44:10.403 12256 12256 I [WEATHER]AppWidgetInfoManagerImpl: {[6D3616718BC03DDCA1E27711BFE9A21F]}
11-28 12:44:10.403  1737  1862 D NetworkController: IsPowerOffServiceState is false: 0
11-28 12:44:10.403  1341  1371 D ActivityTaskManager: mStartingWindow and mStartingData is null for token=ActivityRecord{7aeff7 u0 com.excell44.educam.debug/com.excell44.educam.MainActivity} t350}
11-28 12:44:10.403  1737  1862 D Tile.AirplaneModeTile:  handleUpdateState: airplane mode is disabled : enter mSetting.getValue() == 0 mIsWiFiOnlyDevice false isNoSimState false !isPowerOffServiceState true
11-28 12:44:10.403  1737  1862 D Tile.AirplaneModeTile:  handleUpdateState:  value = false, state = 1
11-28 12:44:10.404 12256 12256 I [WEATHER]AppWidgetInfoManagerImpl: {[A7755AE75EEA0FA420083BD38019A8562B1F048CAFD5AEFE32BD27A9C35E9BA5]}
11-28 12:44:10.405 12256 12256 I [WEATHER]AppWidgetInfoManagerImpl: {[2EAA8950D73FF6D7342ACA6EEA15FD4F]}
11-28 12:44:10.405  1341  1527 V WindowManager: Relayout hash=724ac9e, pid=1737, syncId=-1: mAttrs={(0,0)(fillxfill) gr=TOP CENTER_VERTICAL sim={adjust=resize} layoutInDisplayCutoutMode=always ty=NOTIFICATION_SHADE fmt=TRANSLUCENT
11-28 12:44:10.405  1341  1527 V WindowManager:   fl=81840048
11-28 12:44:10.405  1341  1527 V WindowManager:   pfl=1a000000
11-28 12:44:10.405  1341  1527 V WindowManager:   vsysui=2000
11-28 12:44:10.405  1341  1527 V WindowManager:   apr=LIGHT_STATUS_BARS
11-28 12:44:10.405  1341  1527 V WindowManager:   bhv=SHOW_TRANSIENT_BARS_BY_SWIPE naviIconColor=0
11-28 12:44:10.405  1341  1527 V WindowManager:   sfl=40000}
11-28 12:44:10.406  2478  2672 I bt_stack: [INFO:le_scanning_manager.cc(198)] ScanFilterParamSetup in shim layer
11-28 12:44:10.407  1737  1737 D InsetsController: onStateChanged: InsetsState: {mDisplayFrame=Rect(0, 0 - 720, 1600), mDisplayCutout=DisplayCutout{insets=Rect(0, 45 - 0, 0) waterfall=Insets{left=0, top=0, right=0, bottom=0} boundingRect={Bounds=[Rect(0, 0 - 0, 0), Rect(272, 0 - 448, 45), Rect(0, 0 - 0, 0), Rect(0, 0 - 0, 0)]} cutoutPathParserInfo={CutoutPathParserInfo{displayWidth=720 displayHeight=1600 physicalDisplayWidth=720 physicalDisplayHeight=1600 density={1.875} cutoutSpec={M 0,0 H -46.93333333333333 V 24 H 46.93333333333333 V 0 H 0 Z @dp} rotation={0} scale={1.0} physicalPixelDisplaySizeRatio={1.0}}}}, mRoundedCorners=RoundedCorners{[RoundedCorner{position=TopLeft, radius=64, center=Point(64, 64)}, RoundedCorner{position=TopRight, radius=64, center=Point(656, 64)}, RoundedCorner{position=BottomRight, radius=64, center=Point(656, 1536)}, RoundedCorner{position=BottomLeft, radius=64, center=Point(64, 1536)}]}  mRoundedCornerFrame=Rect(0, 0 - 0, 0), mPrivacyIndicatorBounds=PrivacyIndicatorBounds {static bounds=Rect(632, 0 - 720, 48) rotation=0}, mSources= { InsetsSource: {mType=ITYPE_NAVIGATION_BAR, mFrame=[0,1504][720,1600], mVisible=true, mInsetsRoundedCornerFrame=false}, InsetsSource: {mType=ITYPE_LEFT_GESTURES, mFrame=[0,0][0,1600], mVisible=true, mInsetsRoundedCornerFrame=false}, InsetsSource: {mType=ITYPE_RIGHT_GESTURES, mFrame=[720,0][720,1600], mVisible=true, mInsetsRoundedCornerFrame=false}, InsetsSource: {mType=ITYPE_TOP_MANDATORY_GESTURES, mFrame=[0,0][720,69], mVisible=true, mInsetsRoundedCornerFrame=false}, InsetsSource: {mType=ITYPE_BOTTOM_MANDATORY_GESTURES, mFrame=[0,1504][720,1600], mVisible=true, mInsetsRoundedCornerFrame=false}, InsetsSource: {mType=ITYPE_LEFT_DISPLAY_CUTOUT, mFrame=[0,0][-100000,1600], mVisible=true, mInsetsRoundedCornerFrame=false}, InsetsSource: {mType=ITYPE_TOP_DISPLAY_CUTOUT, mFrame=[0,0][720,45], mVisible=true, mInsetsRoundedCornerFrame=false}, InsetsSource: {mType=ITYPE_RIGHT_DISPLAY_CUTOUT, mFrame=[100000,0][720,1600], mVisible=true, mInsetsRoundedCornerFrame=false}, InsetsSource: {mType=ITYPE_BOTTOM_DISPLAY_CUTOUT, mFrame=[0,100000][720,1600], mVisible=true, mInsetsRoundedCornerFrame=false}, InsetsSource: {mType=ITYPE_BOTTOM_TAPPABLE_ELEMENT, mFrame=[0,1504][720,1600], mVisible=true, mInsetsRoundedCornerFrame=false} } host=NotificationShade from=android.view.ViewRootImpl.relayoutWindow:9802
11-28 12:44:10.407   766   766 I Layer   : id=19006 removeFromCurrentState Surface(name=528b8b0 StatusBar)/@0x97829b3 - animation-leash of insets_animation#19006 (137)
11-28 12:44:10.407  1737  1737 D InsetsController: cancelAnimation of types: 2, animType: 0, host: NotificationShade, from:android.view.InsetsController.notifyControlRevoked:1410 android.view.InsetsSourceConsumer.setControl:158 android.view.InsetsController.onControlsChanged:950 
11-28 12:44:10.407   766   766 I Layer   : id=19007 removeFromCurrentState Surface(name=ab6e286 NavigationBar0)/@0x400176e - animation-leash of insets_animation#19007 (137)
11-28 12:44:10.408  1737  1862 D MobileStatusTracker(1/4): onSignalStrengthsChanged level=2, vendorLevel=1
11-28 12:44:10.409  1737  1737 I ViewRootImpl@a308e6[NotificationShade]: updateBlastSurfaceIfNeeded mBlastBufferQueue=0xb400007d2ec0c400 isSameSurfaceControl=true
11-28 12:44:10.409   766  1004 I SurfaceFlinger: id=19006 Removed Surface(name=528b8b0 StatusBar)/@0x97829b3 - animation-leash of insets_animation#19006 (137)
11-28 12:44:10.409  1737  1737 I BLASTBufferQueue: update, w= 720 h= 1600 mName = ViewRootImpl@a308e6[NotificationShade] mNativeObject= 0xb400007d2ec0c400 sc.mNativeObject= 0xb400007d0b970420 format= -3 caller= android.view.ViewRootImpl.updateBlastSurfaceIfNeeded:2898 android.view.ViewRootImpl.relayoutWindow:9847 android.view.ViewRootImpl.performTraversals:3884 android.view.ViewRootImpl.doTraversal:3116 android.view.ViewRootImpl$TraversalRunnable.run:10885 android.view.Choreographer$CallbackRecord.run:1301 
11-28 12:44:10.410  1737  1737 I ViewRootImpl@a308e6[NotificationShade]: Relayout returned: old=(0,0,720,1600) new=(0,0,720,1600) req=(720,1600)0 dur=29 res=0x0 s={true 0xb400007d0bd05800} ch=false seqId=2
11-28 12:44:10.410  2478  2672 I bt_stack: [INFO:le_scanning_manager.cc(240)] ScanFilterAdd in shim layer
11-28 12:44:10.411  1737  1862 D MobileSignalController(1/4): notifyListener: enabled=true, connected=true, dataConnected=false, networkType=LTE (4G), emergencyOnly=false, roaming=false, isDefault=false, dataActivity=inout, level=1, ca=false, mmWave=false, disabledDataIcon=false, simCard=ETC
11-28 12:44:10.411  1341  1341 D AccessibilityManagerService: currentTargets : [] targetsFromSetting : []
11-28 12:44:10.411  1341  1341 D AccessibilityManagerService: componentId : null userState.getTargetAssignedToAccessibilityButton() : null
11-28 12:44:10.412  1341  1341 D AccessibilityManagerService: readAccessibilityDirectAccessSettingLocked currentTargets : [] targetsFromSetting : []
11-28 12:44:10.412  1737  1737 I FaceWidgetPositionAlgorithm: getClockContainerHeight() supplier = 216, bottom margin = 48, real height = 584
11-28 12:44:10.412  1737  1737 I FaceWidgetPositionAlgorithm: getMediaContainerHeight() height = 0 container Visibility = 8, isValid = false, mIsDozing = false, fraction = 1.0, source = 0, target = 0
11-28 12:44:10.412  1737  1737 I FaceWidgetPositionAlgorithm: getMediaContainerHeight() supplier = 0
11-28 12:44:10.412  1341  1544 D SGM:FgCheckThread: onLooperPrepared(), msg: MSG_USER_PRESENT
11-28 12:44:10.412  1341  1544 D SGM:FgCheckThread: handleUserPresent()
11-28 12:44:10.412  1341  1341 I MdnieScenarioControlService: action  :  android.intent.action.USER_PRESENT
11-28 12:44:10.412  2478  2672 D BtGatt.ScanManager: configureFilterParamter() : onFoundTimeout | onLostTimeout | onFoundCount | numOfTrackingEntries | scanFilterRssiThreshold | trackableScanFilterRssiThreshold | matchMode
11-28 12:44:10.412  2478  2672 D BtGatt.ScanManager: configureFilterParamter() : __________500__|________10000__|___________1__|___________________0__|___________________-128__|____________________________-128__|________1_
11-28 12:44:10.413  1341  1544 D SGM:FgCheckThread:   handleUserPresent(). resume signal is needed for com.excell44.educam.debug
11-28 12:44:10.413  2478  2672 I bt_stack: [INFO:le_scanning_manager.cc(198)] ScanFilterParamSetup in shim layer
11-28 12:44:10.414   766   766 D SurfaceFlinger: Display 0 HWC layers:
11-28 12:44:10.414   766   766 D SurfaceFlinger:      DEVICE | 0xb400007e77905d20 | 0102 | RGBA_8888    |  105.0  234.0  615.0 1366.0 |    0    0  720 1600 | com.excell44.educam.debug/com.excell44.educam.MainActivity$_14731#19012
11-28 12:44:10.414   766   766 D SurfaceFlinger:      DEVICE | 0xb400007e779051c0 | 0000 | RGBA_8888    |  105.0  234.0  615.0 1366.0 |    0    0  720 1600 | SnapshotStartingWindow for taskId=350$_1737#19011
11-28 12:44:10.414   766   766 D SurfaceFlinger:      DEVICE | 0xb400007e7ae88200 | 0100 | RGBA_8888    |    0.0    0.0  720.0   48.0 |    0    0  720   48 | StatusBar$_1737#83
11-28 12:44:10.414   766   766 D SurfaceFlinger:      DEVICE | 0xb400007e77905540 | 0100 | RGBA_8888    |    0.0    0.0  720.0 1600.0 |    0    0  720 1600 | NotificationShade$_1737#19005
11-28 12:44:10.414   766   766 D SurfaceFlinger:      DEVICE | 0xb400007e9ba7cd60 | 0100 | RGBA_8888    |    0.0    0.0  720.0   96.0 |    0 1504  720 1600 | NavigationBar0$_1737#78
11-28 12:44:10.414   766   766 D SurfaceFlinger: 
11-28 12:44:10.414  1737  1737 D SecQSFragmentAnimator_QSCinema: [qsExpansionPosition:0] qsExpanded:false, qsFullyExpanded:false, qsExpansionPosition:-0,26, qsExpandImmediate:false, qsCollapsingWhilePanelClosing:false &&&  panelExpansionFraction:0, panelExpansionDragDownPxAmount:0 ***   panelExpanded:false, panelExpanding:false %%%   barState:0, overScrolling:false, userId:-1, isRunningPanelOnHeightAnimation:false
11-28 12:44:10.414  1737  1737 V QsExpandAnimator: setQsExpansionPosition 0.0
11-28 12:44:10.414  1737  1862 D Tile.WifiTile: handleUpdateState isTransient=false transientEnabling =false cb.isTransient=false state.state = 2 mStateBeforeClick.value =false enabled =true
11-28 12:44:10.416  1737  1862 D Tile.BluetoothTile:  handleUpdateState enabled = false connected = false connecting = false changedState =false bluetoothState = 10 enabledChanging = false state = BooleanState[spec=Bluetooth,icon=ResourceIcon[resId=0x7f0809bd],iconSupplier=null,label=Bluetooth,secondaryLabel=null,contentDescription=Bluetooth,Désactivé,stateDescription=null,dualLabelContentDescription=null,expandedAccessibilityClassName=null,disabledByPolicy=false,dualTarget=true,isTransient=false,state=1,slash="null",sideViewCustomDrawable=null,tileClassName=null,value=false,forceExpandIcon=false]
11-28 12:44:10.418 14731 14751 E IMGMapper: set:488 set: Unset optional value from type SMPTE2086
11-28 12:44:10.418 14731 14751 E IMGMapper: set:488 set: Unset optional value from type CTA861_3
11-28 12:44:10.419  1341  1341 D MdnieScenarioControlService:  packageName : com.excell44.educam.debug    className : com.excell44.educam.MainActivity
11-28 12:44:10.419  1341  1341 I AdaptiveDisplaySolutionService: action  :  android.intent.action.USER_PRESENT
11-28 12:44:10.420 14731 14751 I ViewRootImpl@4a720a7[MainActivity]: Received frameCommittedCallback lastAttemptedDrawFrameNum=2 didProduceBuffer=true
11-28 12:44:10.420 14731 14731 I ViewRootImpl@4a720a7[MainActivity]: onSyncComplete
11-28 12:44:10.421 14731 14731 I ViewRootImpl@4a720a7[MainActivity]: setupSync seqId=0 mSyncId=2 fn=2 caller=android.view.ViewRootImpl$$ExternalSyntheticLambda11.accept:6 android.window.SurfaceSyncer.lambda$setupSync$1$android-window-SurfaceSyncer:128 android.window.SurfaceSyncer$$ExternalSyntheticLambda1.accept:8 android.window.SurfaceSyncer$SyncSet.checkIfSyncIsComplete:382 android.window.SurfaceSyncer$SyncSet.markSyncReady:359 android.window.SurfaceSyncer.markSyncReady:151 android.view.ViewRootImpl.performTraversals:4503 
11-28 12:44:10.422 14731 14731 I ViewRootImpl@4a720a7[MainActivity]: reportDrawFinished seqId=0 mSyncId=-1 fn=2 mSurfaceChangedTransaction=0xb400007da341b800
11-28 12:44:10.423   766   766 D SurfaceFlinger: [input] inputWindowCommands.focusRequests size is 1
11-28 12:44:10.424   766   766 I SurfaceFlinger: id=19007 Removed Surface(name=ab6e286 NavigationBar0)/@0x400176e - animation-leash of insets_animation#19007 (137)
11-28 12:44:10.424   741   741 E IMGMemtrackHAL: GetGLMemtrackRecords: Subtracting per-pid stats from global stats would wrap. Clamping global stats to zero.
11-28 12:44:10.424   766   766 I Layer   : id=19007 Destroyed Surface(name=ab6e286 NavigationBar0)/@0x400176e - animation-leash of insets_animation#19007
11-28 12:44:10.424   766   766 I Layer   : id=19006 Destroyed Surface(name=528b8b0 StatusBar)/@0x97829b3 - animation-leash of insets_animation#19006
11-28 12:44:10.425  1737  1883 I ViewRootImpl@a308e6[NotificationShade]: mWNT: t=0xb400007d9e719300 mBlastBufferQueue=0xb400007d2ec0c400 fn= 236 caller= android.view.SyncRtSurfaceTransactionApplier.applyTransaction:96 android.view.SyncRtSurfaceTransactionApplier.lambda$scheduleApply$0$android-view-SyncRtSurfaceTransactionApplier:69 android.view.SyncRtSurfaceTransactionApplier$$ExternalSyntheticLambda0.onFrameDraw:4 
11-28 12:44:10.426   766   963 D SurfaceFlinger: [input] setFocusedWindow: 5b0207e com.excell44.educam.debug/com.excell44.educam.MainActivity
11-28 12:44:10.426  1737  1795 E IMGMapper: set:488 set: Unset optional value from type SMPTE2086
11-28 12:44:10.426  1737  1795 E IMGMapper: set:488 set: Unset optional value from type CTA861_3
11-28 12:44:10.427  1341  3022 D InputDispatcher: Focus left window (0): 724ac9e NotificationShade
11-28 12:44:10.427  1341  3022 D InputDispatcher: Focus entered window (0): 5b0207e com.excell44.educam.debug/com.excell44.educam.MainActivity
11-28 12:44:10.428  1011  1106 I Light   : light data = 14.000000 .
11-28 12:44:10.431  8930 10713 I TouchInteractionService: onActiveNavBarRegionChanges, region : SkRegion((0,1504,258,1600)(259,1504,460,1600)(461,1504,640,1600))
11-28 12:44:10.434  1341  1984 V MdnieScenarioControlService: setUIMode from UI function(3)
11-28 12:44:10.435  1737  1862 D Tile.RotationLockTile:  handleUpdateState: false orientation = true
11-28 12:44:10.436  1737  1795 E IMGMapper: set:488 set: Unset optional value from type SMPTE2086
11-28 12:44:10.436  1737  1795 E IMGMapper: set:488 set: Unset optional value from type CTA861_3
11-28 12:44:10.436  1737  1862 D NetworkController: IsPowerOffServiceState is false: 0
11-28 12:44:10.436  1737  1862 D Tile.AirplaneModeTile:  handleUpdateState: airplane mode is disabled : enter mSetting.getValue() == 0 mIsWiFiOnlyDevice false isNoSimState false !isPowerOffServiceState true
11-28 12:44:10.436  1737  1862 D Tile.AirplaneModeTile:  handleUpdateState:  value = false, state = 1
11-28 12:44:10.436  1341  3026 D WindowManager: finishDrawingWindow: Window{5b0207e u0 com.excell44.educam.debug/com.excell44.educam.MainActivity} mDrawState=HAS_DRAWN seqId=0
11-28 12:44:10.437 14731 14731 I ViewRootImpl@4a720a7[MainActivity]: MSG_WINDOW_FOCUS_CHANGED 1 0
11-28 12:44:10.437 14731 14731 I ViewRootImpl@4a720a7[MainActivity]: mThreadedRenderer.initializeIfNeeded()#2 mSurface={isValid=true 0xb400007da328a800}
11-28 12:44:10.438   741   741 D IMGMemtrackHAL: hal_get_memory: memtrack cache rebuild was required
11-28 12:44:10.439 14731 14731 D InputMethodManager: startInputInner - Id : 0
11-28 12:44:10.439 14731 14731 I InputMethodManager: startInputInner - mService.startInputOrWindowGainedFocus
11-28 12:44:10.440   766   766 I BufferQueueProducer: [NavigationBar0$_1737#78](this:0xb400007e9bb3a838,id:-1,api:0,p:-1,c:766) queueBuffer: fps=2.66 dur=1129.31 max=948.36 min=68.06
11-28 12:44:10.441   741   741 D IMGMemtrackHAL: hal_get_memory: memtrack cache rebuild was required
11-28 12:44:10.441  1737  1737 I FaceWidgetViewModel: onReceive : android.intent.action.USER_PRESENT
11-28 12:44:10.441  1737  1737 I FaceWidgetViewModel: Go to the clock page due to unlocking
11-28 12:44:10.443  1341  2976 V InputMethodManagerService: hideCurrentInputLocked : canceled, shouldHideSoftInput=false, mInputShown=false, mImeWindowVis=0
11-28 12:44:10.443  1737  1795 E IMGMapper: set:488 set: Unset optional value from type SMPTE2086
11-28 12:44:10.443  1737  1795 E IMGMapper: set:488 set: Unset optional value from type CTA861_3
11-28 12:44:10.445  1341  2976 I InputMethodBindingController: setCurrentMethodNotVisible: mVisibleBound=false, mHasConnection=true, caller = com.android.server.inputmethod.InputMethodManagerService.hideCurrentInputLocked:4339 com.android.server.inputmethod.InputMethodManagerService.startInputOrWindowGainedFocusInternalLocked:4766 com.android.server.inputmethod.InputMethodManagerService.startInputOrWindowGainedFocusInternal:4423 com.android.server.inputmethod.InputMethodManagerService.startInputOrWindowGainedFocus:4362 com.android.internal.view.IInputMethodManager$Stub.onTransact:518 com.android.server.inputmethod.InputMethodManagerService.onTransact:2285 android.os.Binder.execTransactInternal:1316 android.os.Binder.execTransact:1280 <bottom of call stack> <bottom of call stack> 
11-28 12:44:10.445  1341  2976 D InputMethodManagerService: mDesktopModeManager null!
11-28 12:44:10.446  1341  2976 V InputMethodManagerService: getDisplayIdOfInputMethodWindowToBeAdded: displayId=0
11-28 12:44:10.446  1341  2976 D InputMethodManagerService: isImeSwitcherDisabledPackage : false
11-28 12:44:10.446  1341  2976 D InputMethodManagerService: shouldShowImeSwitcherLocked : checking vis : 3
11-28 12:44:10.446  1737  1862 D Tile.MobileDataTile: handleUpdateState : state false
11-28 12:44:10.446  1737  1862 I Tile.HotspotTile: handleUpdateState
11-28 12:44:10.446   741   741 D IMGMemtrackHAL: hal_get_memory: memtrack cache rebuild was required
11-28 12:44:10.447  1341  2976 D InputMethodManagerService: checkDisplayOfStartInputAndUpdateKeyboard: displayId=0, mFocusedDisplayId=0
11-28 12:44:10.447  1341  2976 D InputTransport: Input channel constructed: 'ClientS', fd=895
11-28 12:44:10.447  1341  2976 D InputTransport: Input channel destroyed: 'ClientS', fd=895
11-28 12:44:10.448  9366  9366 I HBD     : HoneyBoardService [IMI] onStartInput - caller pid : 14731 , caller uid : 10399 
11-28 12:44:10.449  9366  9366 I HBD     : j updateConfigs 
11-28 12:44:10.449  9366  9366 I HBD     : j isEnabledNightMode : false 
11-28 12:44:10.449  9366  9366 I HBD     : a IC have been binding, RemoteInputConnection{idHash=#8ff1d43} 
11-28 12:44:10.449  1737  1737 I DymLock|DynamicLockManager: notifyAction action[UNLOCKED] arg[false]
11-28 12:44:10.449  9366  9366 I HBD     : h [EditorInputType]setPrivateImeOptionsToTable privateImeOptions ( null )
11-28 12:44:10.449  9366  9366 I HBD     : b incognitoMode : false 
11-28 12:44:10.449  9366  9366 I HBD     : b needOff = true , isForceOff = false, isNullInputClass : true 
11-28 12:44:10.450  9366  9366 I HBD     : h getDefaultInputRange : UNKNOWN 
11-28 12:44:10.450  9366  9366 I HBD     : h getDefaultInputRange : UNKNOWN 
11-28 12:44:10.450  9366  9366 I HBD     : h getDefaultInputRange : UNKNOWN 
11-28 12:44:10.450  1737  1737 I DymLock|BaseAnimator: setTouchIgnored() true
11-28 12:44:10.450  1737  1737 I DymLock|BaseAnimator: onUnlocked
11-28 12:44:10.450 23825  9640 I NearbySharing: Fast Initiation Scanning has started
11-28 12:44:10.450  1737  1737 D PluginLockDelegateSysUi: setViewMode : 0
11-28 12:44:10.450  1737  1737 D PluginLockMediatorImpl: onViewModeChanged mode: 0, mStateListenerList.size(): 13
11-28 12:44:10.451  1737  1737 D KeyguardTouchDymLockInjector: onViewModeChanged mViewMode[0], newMode[0]
11-28 12:44:10.451  1737  1737 D KeyguardSecIndicationController: onViewModeChanged mode: 0
11-28 12:44:10.451  1737  1737 D LockIconViewController: onViewModeChanged mode: 0
11-28 12:44:10.451  1737  1737 D PanelView: onViewModeChanged : 0
11-28 12:44:10.451  1737  1737 D PanelView: setViewMode, newMode:0, oldMode:0
11-28 12:44:10.451  1737  1737 D KeyguardSecBottomAreaView: onViewModeChanged() ShortcutInvisible: false
11-28 12:44:10.451  1737  1737 D LockScreenNotiIconCoordinator: onViewModeChanged, mode: 0
11-28 12:44:10.451  1737  1737 D PluginLockStarManager: onViewModeChanged : 0
11-28 12:44:10.451  1737  1737 D FaceWidgetViewModel: updateLockStarViewMode
11-28 12:44:10.451  1737  1737 D FaceWidgetViewModel: shouldContainerVisible() reason = (view mode) false - keyguard is not visible (false, false)
11-28 12:44:10.451 23825  9640 I NearbySharing: Dismissing HUN as there's no device nearby.
11-28 12:44:10.451  1737  1737 D NotificationShadeWindowController: onViewModeChanged mode : 0
11-28 12:44:10.451  1737  1737 I DymLock|DynamicLockContainer: onUnlocked()
11-28 12:44:10.452  1737 15954 I DymLock|NotifyActions: notifyActions() screen[0], action[unlocked]
11-28 12:44:10.452  1737  1737 D FaceWidgetContainerObserver: onChanged() FaceWidgetContainerLiveData{mIsContainerVisible=false, mClipLayoutVisibility=0, mRotation=0, mIsOwnerVisible=8, mOwnerInfoGravity=17, mAdditionalInfoGravity=17, mClockSideStartPadding=48, mClockSideEndPadding=48, mMusicSideStartPadding=20, mMusicSideEndPadding=20, mInfoSideStartPadding=48, mInfoSideEndPadding=48, mClipLayoutWidth = -1, mIsUpdateOwnerInfoText=true, mAdditionalInfoRemoteView=null, mHasCMAS=false, mIsAdditionalViewGoingToSleep=false, mConfig=CustomConfiguration{fontScale=1.5, screenLayout=268435810, orientation=1, screenWidthDp=360, screenHeightDp=728, smallestScreenWidthDp=360, densityDpi=320, uiMode=17, isRTL=false, mConfiguration={1.5 624mcc2mnc [fr_FR] ldltr sw360dp w360dp h728dp 320dpi nrml long port finger -keyb/v/h -nav/h winConfig={ mBounds=Rect(0, 0 - 720, 1600) mAppBounds=Rect(0, 45 - 720, 1504) mMaxBounds=Rect(0, 0 - 720, 1600) mDisplayRotation=ROTATION_0 mWindowingMode=fullscreen mDisplayWindowingMode=fullscreen mActivityType=undefined mAlwaysOnTop=undefined mRotation=ROTATION_0 mPopOver=undefined mStageConfig=undefined mFreeformTaskPinningState=undefined mFreeformStashState=undefined} as.16 s.323 fontWeightAdjustment=300 ff=0 bf=1 bts=1 themeSeq=1 nightDim=-1}}}
11-28 12:44:10.453  9366  9366 I HBD     : b needOff = true , isForceOff = false, isNullInputClass : true 
11-28 12:44:10.453  9366  9366 I HBD     : b update cached prediction status : false 
11-28 12:44:10.453  1737  1737 D FaceWidgetContainer: setVisibility 8, callers = c8.a.z:51 i8.c.L:18 com.samsung.android.app.facewidget.FaceWidgetContainer.setVisibility:22 com.samsung.android.app.facewidget.e.d:16 com.samsung.android.app.facewidget.e.a:28 
11-28 12:44:10.453  9366  9366 I HBD     : h getDefaultInputRange : UNKNOWN 
11-28 12:44:10.453  9366  9366 I HBD     : a currentState : 0 
11-28 12:44:10.453  1737  1737 D FaceWidgetPagesController: onGravityChanged()
11-28 12:44:10.454  1737  1737 D FaceWidgetClockPage: setClockGravity() gravity = 49
11-28 12:44:10.454  9366  9366 I HBD     : a [UpdatePolicy] [post] a: 0 cl: 1441799 kit: [0/2] vt: 0 ir: 1 
11-28 12:44:10.454  9366  9366 I HBD     : a [NRIC] resetNoResponseState 
11-28 12:44:10.454  9366  9366 I HBD     : b needOff = true , isForceOff = false, isNullInputClass : true 
11-28 12:44:10.454  9366  9366 I HBD     : b update cached prediction status : false 
11-28 12:44:10.455  1737  1737 V Navbar.Store: handleEvent(0) OnNavBarWindowStateShowing(noArguments=true) [Module] NavigationBar
11-28 12:44:10.455  8930 10713 I TouchInteractionService: onSystemUiStateChanged, stateFlags : 0 |
11-28 12:44:10.455  8930  8930 I RecentsAnimationDeviceState: setSystemUiFlags, stateFlags : 0
11-28 12:44:10.455  8930  8930 I TouchInteractionService: onSystemUiFlagsChanged, lastSysUIFlags : 2
11-28 12:44:10.456  9366  9366 I HBD     : HoneyBoardService [PF_OP][onStartInput]  8 ms 
11-28 12:44:10.456  1737  1737 D FaceWidgetMusicPage: mMusicPageTransparencyDataObserver = FaceWidgetMusicPageTransparencyData mMusicPageTransparency = 0.68 mUseLightModeColor = 1 IsUpdatePageColorOnly = true
11-28 12:44:10.457   741   741 E IMGMemtrackHAL: GetGLMemtrackRecords: Subtracting per-pid stats from global stats would wrap. Clamping global stats to zero.
11-28 12:44:10.457  1737  1737 D NavigationBar: onSystemBarAttributesChanged() -  displayId:0, appearance:24, packageName: com.android.systemui (APPEARANCE_LIGHT_STATUS_BARS APPEARANCE_LIGHT_NAVIGATION_BARS ), navbarColorManagedByIme:false
11-28 12:44:10.458  1737  1737 D SamsungLightBarControlHelper: updateNavigation(Black button) isLightBar:false, hasLightBarNavigationBarFlag:true, packageName:com.android.systemui, DirectReplying:false, NavBarColorManagerdByIme:false, ForceDarkForScrim:false, QsCustomizing:false, PanelHasWhiteBg:true
11-28 12:44:10.459  1737  1737 D InsetsController: onStateChanged: InsetsState: {mDisplayFrame=Rect(0, 0 - 720, 1600), mDisplayCutout=DisplayCutout{insets=Rect(0, 45 - 0, 0) waterfall=Insets{left=0, top=0, right=0, bottom=0} boundingRect={Bounds=[Rect(0, 0 - 0, 0), Rect(272, 0 - 448, 45), Rect(0, 0 - 0, 0), Rect(0, 0 - 0, 0)]} cutoutPathParserInfo={CutoutPathParserInfo{displayWidth=720 displayHeight=1600 physicalDisplayWidth=720 physicalDisplayHeight=1600 density={1.875} cutoutSpec={M 0,0 H -46.93333333333333 V 24 H 46.93333333333333 V 0 H 0 Z @dp} rotation={0} scale={1.0} physicalPixelDisplaySizeRatio={1.0}}}}, mRoundedCorners=RoundedCorners{[RoundedCorner{position=TopLeft, radius=64, center=Point(64, 64)}, RoundedCorner{position=TopRight, radius=64, center=Point(656, 64)}, RoundedCorner{position=BottomRight, radius=64, center=Point(656, 1536)}, RoundedCorner{position=BottomLeft, radius=64, center=Point(64, 1536)}]}  mRoundedCornerFrame=Rect(0, 0 - 0, 0), mPrivacyIndicatorBounds=PrivacyIndicatorBounds {static bounds=Rect(632, 0 - 720, 48) rotation=0}, mSources= { InsetsSource: {mType=ITYPE_NAVIGATION_BAR, mFrame=[0,1504][720,1600], mVisible=true, mInsetsRoundedCornerFrame=false}, InsetsSource: {mType=ITYPE_LEFT_GESTURES, mFrame=[0,0][0,1600], mVisible=true, mInsetsRoundedCornerFrame=false}, InsetsSource: {mType=ITYPE_RIGHT_GESTURES, mFrame=[720,0][720,1600], mVisible=true, mInsetsRoundedCornerFrame=false}, InsetsSource: {mType=ITYPE_TOP_MANDATORY_GESTURES, mFrame=[0,0][720,69], mVisible=true, mInsetsRoundedCornerFrame=false}, InsetsSource: {mType=ITYPE_BOTTOM_MANDATORY_GESTURES, mFrame=[0,1504][720,1600], mVisible=true, mInsetsRoundedCornerFrame=false}, InsetsSource: {mType=ITYPE_LEFT_DISPLAY_CUTOUT, mFrame=[0,0][-100000,1600], mVisible=true, mInsetsRoundedCornerFrame=false}, InsetsSource: {mType=ITYPE_TOP_DISPLAY_CUTOUT, mFrame=[0,0][720,45], mVisible=true, mInsetsRoundedCornerFrame=false}, InsetsSource: {mType=ITYPE_RIGHT_DISPLAY_CUTOUT, mFrame=[100000,0][720,1600], mVisible=true, mInsetsRoundedCornerFrame=false}, InsetsSource: {mType=ITYPE_BOTTOM_DISPLAY_CUTOUT, mFrame=[0,100000][720,1600], mVisible=true, mInsetsRoundedCornerFrame=false}, InsetsSource: {mType=ITYPE_BOTTOM_TAPPABLE_ELEMENT, mFrame=[0,1504][720,1600], mVisible=true, mInsetsRoundedCornerFrame=false} } host=NotificationShade from=android.view.ViewRootImpl$ViewRootHandler.handleMessageImpl:6727
11-28 12:44:10.460  1737  1737 I ViewRootImpl@a308e6[NotificationShade]: handleResized, msg = 4 frames=ClientWindowFrames{frame=[0,0][720,1600] display=[0,0][720,1600] parentFrame=[0,0][0,0] parentClippedByDisplayCutout=false} forceNextWindowRelayout=false displayId=0 resizeMode=-1 frameChanged=false displayFrameChanged=false configChanged=false displayChanged=false
11-28 12:44:10.460  1737  1737 I ViewRootImpl@f0704d0[NavigationBar0]: handleResized, msg = 4 frames=ClientWindowFrames{frame=[0,1504][720,1600] display=[0,0][720,1600] parentFrame=[0,0][0,0] parentClippedByDisplayCutout=false} forceNextWindowRelayout=false displayId=0 resizeMode=-1 frameChanged=false displayFrameChanged=false configChanged=false displayChanged=false
11-28 12:44:10.460  1737  1737 V KeyguardUpdateMonitor: *** unregister callback for com.android.keyguard.KeyguardCarrierTextViewController$1@c1effed
11-28 12:44:10.463 14731 14751 E IMGMapper: set:488 set: Unset optional value from type SMPTE2086
11-28 12:44:10.463 14731 14751 E IMGMapper: set:488 set: Unset optional value from type CTA861_3
11-28 12:44:10.467  1737  1737 V KeyguardUpdateMonitor: *** unregister callback for com.android.keyguard.KeyguardSecurityContainerController$5@85d79b1
11-28 12:44:10.467  1737  1737 V KeyguardUpdateMonitor: *** unregister callback for com.android.keyguard.KeyguardSecSecurityContainerController$2@ac6ee96
11-28 12:44:10.467  1737  1737 V KeyguardUpdateMonitor: *** unregister callback for com.android.keyguard.biometrics.KeyguardBiometricViewController$keyguardUpdateMonitorCallback$1@1697a17
11-28 12:44:10.467  1737  1737 V SettingsHelper: *** unregister listener for com.android.keyguard.biometrics.KeyguardBiometricViewController$settingsListener$1@1e62e04
11-28 12:44:10.468  1737  1737 V KeyguardUpdateMonitor: *** unregister callback for com.android.keyguard.KeyguardHostViewController$1@97b5e22
11-28 12:44:10.468  1737  1737 D NetworkController.WifiSignalController: notifyListener: visible=true, connected=true, inetCondition=1, isDefault=true, wifiTestReported=true, receivedInetCondition=-1, hideDuringMobileSwitching=false
11-28 12:44:10.469  1737  1737 D MobileSignalController(1/4): notifyListener: enabled=true, connected=true, dataConnected=false, networkType=LTE (4G), emergencyOnly=false, roaming=false, isDefault=false, dataActivity=inout, level=1, ca=false, mmWave=false, disabledDataIcon=false, simCard=ETC
