11-28 12:46:03.342  1737  1737 V Navbar.Store: handleEvent(0) OnUpdateSysUiStateFlag(noArguments=true) [Module] SamsungNavigationBarView
11-28 12:46:03.342  1737  1737 V Navbar.Store: --[Band]GESTURE_PACK_UPDATE_SYSTEMUI_STATE_FLAG
11-28 12:46:03.342  1737  1737 V Navbar.Store: --[Band] (afterAction) GESTURE_PACK_UPDATE_SYSTEMUI_STATE_FLAG
11-28 12:46:03.342  1737  1737 V Navbar.Store: handleEvent(0) OnNavBarIconHintChanged(iconHint=7) [Module] NavigationBar
11-28 12:46:03.342  1737  1737 V Navbar.Store: --[Band]SETUPWIZARD_PACK_SET_NAVBAR_ICON_HINT
11-28 12:46:03.342 23825 17063 W LogErrorOperation: onLogError callback failed.
11-28 12:46:03.342  1737  1737 V Navbar.Store: --[Band]VIS_PACK_REEVAULATE_NAVBAR
11-28 12:46:03.342  1737  1737 V Navbar.Store: ----apply(0) ReevaluateNavBar
11-28 12:46:03.343  8930  8999 I TouchInteractionService: onSystemUiStateChanged, stateFlags : 1441792 |allow_gesture|ime_visible|ime_switcher_showing|
11-28 12:46:03.344  8930  8930 I RecentsAnimationDeviceState: setSystemUiFlags, stateFlags : 1441792
11-28 12:46:03.344  8930  8930 I TouchInteractionService: onSystemUiFlagsChanged, lastSysUIFlags : 131072
11-28 12:46:03.348  8930  8999 I TouchInteractionService: onActiveNavBarRegionChanges, region : SkRegion((0,1504,258,1508)(259,1504,460,1508)(461,1504,640,1508)(0,1508,258,1600)(259,1508,460,1600)(461,1508,640,1600)(641,1508,722,1600))
11-28 12:46:03.349  1737  1737 V Navbar.Store: ----NavBarStates canUseNavBarBackgroundFrame: false
11-28 12:46:03.353   766   766 D SurfaceFlinger: Display 0 HWC layers:
11-28 12:46:03.353   766   766 D SurfaceFlinger:      DEVICE | 0xb400007e7b466120 | 0102 | RGBA_8888    |    0.0    0.0  720.0 1600.0 |    0    0  720 1600 | com.excell44.educam.debug/com.excell44.educam.MainActivity$_16873#19167
11-28 12:46:03.353   766   766 D SurfaceFlinger:      DEVICE | 0xb400007e75646000 | 0100 | RGBA_8888    |    0.0    0.0  720.0  897.0 |    0  703  720 1600 | InputMethod$_9366#19172
11-28 12:46:03.353   766   766 D SurfaceFlinger:      DEVICE | 0xb400007e7ae88200 | 0100 | RGBA_8888    |    0.0    0.0  720.0   48.0 |    0    0  720   48 | StatusBar$_1737#83
11-28 12:46:03.353   766   766 D SurfaceFlinger:      DEVICE | 0xb400007e779059a0 | 0100 | RGBA_8888    |    0.0    0.0  720.0   96.0 |    0 1504  720 1600 | NavigationBar0$_1737#78
11-28 12:46:03.353   766   766 D SurfaceFlinger: 
11-28 12:46:03.360  1737  1795 E IMGMapper: set:488 set: Unset optional value from type SMPTE2086
11-28 12:46:03.360  1737  1795 E IMGMapper: set:488 set: Unset optional value from type CTA861_3
11-28 12:46:03.363   766   766 I BufferQueueProducer: [NavigationBar0$_1737#78](this:0xb400007e9bb3a838,id:-1,api:0,p:-1,c:766) queueBuffer: fps=0.07 dur=13380.47 max=13380.47 min=13380.47
11-28 12:46:03.364 17130 17130 D nativeloader: Configuring clns-shared-4 for other apk /system/framework/org.apache.http.legacy.jar. target_sdk_version=33, uses_libraries=ALL, library_path=/system/system_ext/priv-app/GoogleServicesFramework/lib/arm64:/system/system_ext/priv-app/GoogleServicesFramework/GoogleServicesFramework.apk!/lib/arm64-v8a:/system/lib64:/system/system_ext/lib64, permitted_path=/data:/mnt/expand:/data/user/0/com.google.android.gsf:/system/system_ext/priv-app/GoogleServicesFramework:/system/lib64:/system/system_ext/lib64
11-28 12:46:03.364 17130 17130 D nativeloader: Extending system_exposed_libraries: libexifa.camera.samsung.so:libjpega.camera.samsung.so:libOpenCv.camera.samsung.so:libImageScreener.camera.samsung.so:libHpr_RecGAE_cvFeature_v1.0.camera.samsung.so:libHprFace_GAE_api.camera.samsung.so:libHprFace_GAE_jni.camera.samsung.so:libObjectAndSceneClassification_2.5_OD.camera.samsung.so:libQREngine.camera.samsung.so:libInteractiveSegmentation.camera.samsung.so:libsmart_cropping.camera.samsung.so:libFacePreProcessing_jni.camera.samsung.so:libhumantracking_util.camera.samsung.so:libhumantracking_util.camera.samsung.so:libsecjpeginterface.camera.samsung.so:libMyFilterPlugin.camera.samsung.so:libMyFilterPlugin.camera.samsung.so:libsurfaceutil.camera.samsung.so:libsecimaging_pdk.camera.samsung.so:libsecimaging.camera.samsung.so:libsce_v1.crypto.samsung.so:lib_vnd_client.dk.samsung.so:lib_native_client.dk.samsung.so:lib_nativeJni.dk.samsung.so:lib.engmodejni.samsung.so:libSFEffect.fonteffect.samsung.so:libknox_remotedesktopclient.knox.samsung.so:libheifcapture_jni.media.s
11-28 12:46:03.368  1737  1795 E IMGMapper: set:488 set: Unset optional value from type SMPTE2086
11-28 12:46:03.369  1737  1795 E IMGMapper: set:488 set: Unset optional value from type CTA861_3
11-28 12:46:03.374 16873 16908 I ViewRootImpl@4a720a7[MainActivity]: mWNT: t=0xb400007da8d71700 mBlastBufferQueue=0xb400007d9e50f080 fn= 833 caller= android.view.SyncRtSurfaceTransactionApplier.applyTransaction:96 android.view.SyncRtSurfaceTransactionApplier.lambda$scheduleApply$0$android-view-SyncRtSurfaceTransactionApplier:69 android.view.SyncRtSurfaceTransactionApplier$$ExternalSyntheticLambda0.onFrameDraw:4 
11-28 12:46:03.377 16873 16898 E IMGMapper: set:488 set: Unset optional value from type SMPTE2086
11-28 12:46:03.377 16873 16898 E IMGMapper: set:488 set: Unset optional value from type CTA861_3
11-28 12:46:03.382 17130 17130 D nativeloader: Configuring clns-shared-5 for other apk /system/system_ext/priv-app/GoogleServicesFramework/GoogleServicesFramework.apk. target_sdk_version=33, uses_libraries=, library_path=/system/system_ext/priv-app/GoogleServicesFramework/lib/arm64:/system/system_ext/priv-app/GoogleServicesFramework/GoogleServicesFramework.apk!/lib/arm64-v8a:/system/lib64:/system/system_ext/lib64, permitted_path=/data:/mnt/expand:/data/user/0/com.google.android.gsf:/system/system_ext/priv-app/GoogleServicesFramework:/system/lib64:/system/system_ext/lib64
11-28 12:46:03.404 17130 17130 D nativeloader: Load libframework-connectivity-jni.so using APEX ns com_android_tethering for caller /apex/com.android.tethering/javalib/framework-connectivity.jar: ok
11-28 12:46:03.411 17130 17130 V GraphicsEnvironment: ANGLE Developer option for 'com.google.android.gsf' set to: 'default'
11-28 12:46:03.412 17130 17130 V GraphicsEnvironment: ANGLE GameManagerService for com.google.android.gsf: false
11-28 12:46:03.413  9366  9366 I ViewRootImpl@bbe7c12[InputMethod]: handleResized, msg = 4 frames=ClientWindowFrames{frame=[0,48][720,1600] display=[0,48][720,1600] parentFrame=[0,0][0,0] parentClippedByDisplayCutout=false} forceNextWindowRelayout=false displayId=0 resizeMode=-1 frameChanged=false displayFrameChanged=false configChanged=false displayChanged=false
11-28 12:46:03.413 17130 17130 V GraphicsEnvironment: Neither updatable production driver nor prerelease driver is supported.
11-28 12:46:03.417 16873 16907 I ViewRootImpl@4a720a7[MainActivity]: mWNT: t=0xb400007da8d71e00 mBlastBufferQueue=0xb400007d9e50f080 fn= 834 caller= android.view.SyncRtSurfaceTransactionApplier.applyTransaction:96 android.view.SyncRtSurfaceTransactionApplier.lambda$scheduleApply$0$android-view-SyncRtSurfaceTransactionApplier:69 android.view.SyncRtSurfaceTransactionApplier$$ExternalSyntheticLambda0.onFrameDraw:4 
11-28 12:46:03.421 17130 17130 D NetworkSecurityConfig: No Network Security Config specified, using platform default
11-28 12:46:03.422 16873 16898 E IMGMapper: set:488 set: Unset optional value from type SMPTE2086
11-28 12:46:03.423 16873 16898 E IMGMapper: set:488 set: Unset optional value from type CTA861_3
11-28 12:46:03.426  1011  1106 I Light   : light data = 13.000000 .
11-28 12:46:03.427  9366  9704 E IMGMapper: set:488 set: Unset optional value from type SMPTE2086
11-28 12:46:03.428 17130 17130 D NetworkSecurityConfig: No Network Security Config specified, using platform default
11-28 12:46:03.428  9366  9704 E IMGMapper: set:488 set: Unset optional value from type CTA861_3
11-28 12:46:03.443  9366  9704 E IMGMapper: set:488 set: Unset optional value from type SMPTE2086
11-28 12:46:03.443  9366  9704 E IMGMapper: set:488 set: Unset optional value from type CTA861_3
11-28 12:46:03.443  9366  9728 I HBD     : b [SKE_KPM] load kpm : /data/user/0/com.samsung.android.honeyboard/app_KeyPressModel/model_0_2_-1997075872.im
11-28 12:46:03.462  9366  9704 E IMGMapper: set:488 set: Unset optional value from type SMPTE2086
11-28 12:46:03.463  9366  9704 E IMGMapper: set:488 set: Unset optional value from type CTA861_3
11-28 12:46:03.467 16873 16908 I ViewRootImpl@4a720a7[MainActivity]: mWNT: t=0xb400007d9e7a3800 mBlastBufferQueue=0xb400007d9e50f080 fn= 835 caller= android.view.SyncRtSurfaceTransactionApplier.applyTransaction:96 android.view.SyncRtSurfaceTransactionApplier.lambda$scheduleApply$0$android-view-SyncRtSurfaceTransactionApplier:69 android.view.SyncRtSurfaceTransactionApplier$$ExternalSyntheticLambda0.onFrameDraw:4 
11-28 12:46:03.470 16873 16898 E IMGMapper: set:488 set: Unset optional value from type SMPTE2086
11-28 12:46:03.470 16873 16898 E IMGMapper: set:488 set: Unset optional value from type CTA861_3
11-28 12:46:03.482 17130 17130 I GservicesProvider: Gservices pushing to system: true; secure/global: true
11-28 12:46:03.489  1341  1357 I GenerationRegistry: mBackingStore.isClosed() : false
11-28 12:46:03.492  1341  2974 I GenerationRegistry: mBackingStore.isClosed() : false
11-28 12:46:03.494  1341  1357 W ActivityManager: Unable to start service Intent { act=com.google.android.gms.gservices.START pkg=com.google.android.gms } U=0: not found
11-28 12:46:03.495  1341  1357 W ActivityManager: Unbind failed: could not find connection for android.os.BinderProxy@5c62377
11-28 12:46:03.495 17130 17147 E GmsClient: unable to connect to service: com.google.android.gms.gservices.START on com.google.android.gms
11-28 12:46:03.509 16873 16907 I ViewRootImpl@4a720a7[MainActivity]: mWNT: t=0xb400007da8d70d00 mBlastBufferQueue=0xb400007d9e50f080 fn= 836 caller= android.view.SyncRtSurfaceTransactionApplier.applyTransaction:96 android.view.SyncRtSurfaceTransactionApplier.lambda$scheduleApply$0$android-view-SyncRtSurfaceTransactionApplier:69 android.view.SyncRtSurfaceTransactionApplier$$ExternalSyntheticLambda0.onFrameDraw:4 
11-28 12:46:03.511 16873 16898 E IMGMapper: set:488 set: Unset optional value from type SMPTE2086
11-28 12:46:03.512 16873 16898 E IMGMapper: set:488 set: Unset optional value from type CTA861_3
11-28 12:46:03.533   738   839 I hwcomposer: [HWCDisplay] [Display_0 (type:1)] fps:20.058538,dur:1046.94,max:212.83,min:13.25  
11-28 12:46:03.550 16873 16908 I ViewRootImpl@4a720a7[MainActivity]: mWNT: t=0xb400007d9e7a3700 mBlastBufferQueue=0xb400007d9e50f080 fn= 837 caller= android.view.SyncRtSurfaceTransactionApplier.applyTransaction:96 android.view.SyncRtSurfaceTransactionApplier.lambda$scheduleApply$0$android-view-SyncRtSurfaceTransactionApplier:69 android.view.SyncRtSurfaceTransactionApplier$$ExternalSyntheticLambda0.onFrameDraw:4 
11-28 12:46:03.553 16873 16898 E IMGMapper: set:488 set: Unset optional value from type SMPTE2086
11-28 12:46:03.553 16873 16898 E IMGMapper: set:488 set: Unset optional value from type CTA861_3
11-28 12:46:03.587 16873 16907 I ViewRootImpl@4a720a7[MainActivity]: mWNT: t=0xb400007da8d72b00 mBlastBufferQueue=0xb400007d9e50f080 fn= 838 caller= android.view.SyncRtSurfaceTransactionApplier.applyTransaction:96 android.view.SyncRtSurfaceTransactionApplier.lambda$scheduleApply$0$android-view-SyncRtSurfaceTransactionApplier:69 android.view.SyncRtSurfaceTransactionApplier$$ExternalSyntheticLambda0.onFrameDraw:4 
11-28 12:46:03.590 16873 16873 D InsetsController: cancelAnimation of types: 8, animType: 0, host: com.excell44.educam.debug/com.excell44.educam.MainActivity, from:android.view.InsetsController.notifyFinished:1375 android.view.InsetsAnimationControlImpl.applyChangeInsets:285 android.view.InsetsController.lambda$new$3$android-view-InsetsController:674 
11-28 12:46:03.590 16873 16873 D InsetsSourceConsumer: ensureControlPosition: Point(0, 48) for ITYPE_IME on com.excell44.educam.debug/com.excell44.educam.MainActivity from android.view.InsetsSourceConsumer.notifyAnimationFinished:419
11-28 12:46:03.592 16873 16898 E IMGMapper: set:488 set: Unset optional value from type SMPTE2086
11-28 12:46:03.592 16873 16898 E IMGMapper: set:488 set: Unset optional value from type CTA861_3
11-28 12:46:03.626  1011  1106 I Light   : light data = 13.000000 .
11-28 12:46:03.627  1091 25234 D AALLightSensor: oldLux=11 [SA:12 LA:10] newLux=11 (oriLux: 13)
11-28 12:46:03.631 16873 16908 I ViewRootImpl@4a720a7[MainActivity]: mWNT: t=0xb400007d9e7a3a00 mBlastBufferQueue=0xb400007d9e50f080 fn= 839 caller= android.view.SyncRtSurfaceTransactionApplier.applyTransaction:96 android.view.SyncRtSurfaceTransactionApplier.lambda$scheduleApply$0$android-view-SyncRtSurfaceTransactionApplier:69 android.view.SyncRtSurfaceTransactionApplier$$ExternalSyntheticLambda0.onFrameDraw:4 
11-28 12:46:03.631 16873 16908 I ViewRootImpl@4a720a7[MainActivity]: mWNT: t=0xb400007d9e7a3b00 mBlastBufferQueue=0xb400007d9e50f080 fn= 839 caller= android.view.SyncRtSurfaceTransactionApplier.applyTransaction:96 android.view.SyncRtSurfaceTransactionApplier.lambda$scheduleApply$0$android-view-SyncRtSurfaceTransactionApplier:69 android.view.SyncRtSurfaceTransactionApplier$$ExternalSyntheticLambda0.onFrameDraw:4 
11-28 12:46:03.635 16873 16898 E IMGMapper: set:488 set: Unset optional value from type SMPTE2086
11-28 12:46:03.635 16873 16898 E IMGMapper: set:488 set: Unset optional value from type CTA861_3
11-28 12:46:03.640 16873 16898 E IMGMapper: set:488 set: Unset optional value from type SMPTE2086
11-28 12:46:03.641 16873 16898 E IMGMapper: set:488 set: Unset optional value from type CTA861_3
11-28 12:46:03.727  1737  1862 D MobileStatusTracker(0/5): onSignalStrengthsChanged level=4, vendorLevel=4
11-28 12:46:03.728  1737  1862 D MobileSignalController(0/5): notifyListener: enabled=true, connected=true, dataConnected=false, networkType=EDGE (E), emergencyOnly=false, roaming=false, isDefault=false, dataActivity=, level=4, ca=false, mmWave=false, disabledDataIcon=false, simCard=ETC
11-28 12:46:03.729  1341  2974 D CompatibilityChangeReporter: Compat change id reported: 161145287; UID 10165; state: DISABLED
11-28 12:46:03.733  1737  1862 D NetworkController: SignalStrength from intent slotId=0
11-28 12:46:03.734 16873 16898 E IMGMapper: set:488 set: Unset optional value from type SMPTE2086
11-28 12:46:03.734 16873 16898 E IMGMapper: set:488 set: Unset optional value from type CTA861_3
11-28 12:46:03.744   766   766 I BufferQueueProducer: [com.excell44.educam.debug/com.excell44.educam.MainActivity$_16873#19167](this:0xb400007e77ac8838,id:-1,api:0,p:-1,c:766) queueBuffer: fps=17.20 dur=1046.46 max=232.31 min=16.33
11-28 12:46:03.789 17110 17110 W ProviderHelper: Unknown dynamite feature providerinstaller.dynamite
11-28 12:46:03.790 17110 17110 I DynamiteModule: Considering local module com.google.android.gms.providerinstaller.dynamite:1 and remote module com.google.android.gms.providerinstaller.dynamite:0
11-28 12:46:03.790 17110 17110 I DynamiteModule: Selected local version of com.google.android.gms.providerinstaller.dynamite
11-28 12:46:03.803  1711  1753 I System.out: Broadcasting: Intent { act=com.sec.intent.action.SARDEVICE_CP flg=0x10000000 (has extras) }
11-28 12:46:03.809  1341  1521 D MotionRecognitionService: [SAR]  onReceive : SARDEVICE_CP, callAction = off deviceID = 557063 slot = 1 device_ext = 0
11-28 12:46:03.809  1341  1521 I MotionRecognitionService: [SAR] id : 0 cmd :off
11-28 12:46:03.809  1341  1521 I MotionRecognitionService: [SAR] id : 1 cmd :off
11-28 12:46:03.809  1341  1521 I MotionRecognitionService: [SAR] id : 2 cmd :off
11-28 12:46:03.809  1341  1521 W MotionRecognitionService: DEFAULT
11-28 12:46:03.809  1341  1521 I MotionRecognitionService: [SAR] id : 15 cmd :off
11-28 12:46:03.809  1341  1521 W MotionRecognitionService: DEFAULT
11-28 12:46:03.809  1341  1521 I MotionRecognitionService: [SAR] id : 19 cmd :off
11-28 12:46:03.810  1711  1931 I System.out: Broadcast completed: result=0
11-28 12:46:03.822  1685  1685 I WifiHAL : Get link layer stats
11-28 12:46:03.822 17110 17110 D nativeloader: Load /data/app/~~HHCb4wyYay-pkh--V7mrmQ==/com.google.android.gms-z7Qvggdy8-Y8sEI4MUoQZQ==/base.apk!/lib/arm64-v8a/libconscrypt_gmscore_jni.so using class loader ns clns-8 (caller=/data/app/~~HHCb4wyYay-pkh--V7mrmQ==/com.google.android.gms-z7Qvggdy8-Y8sEI4MUoQZQ==/base.apk): ok
11-28 12:46:03.822  1685  1685 I WifiHAL : GetLinkStatsCommand::create
11-28 12:46:03.822  1685  1685 D android.hardware.wifi@1.0-service-lazy: WifiRequest::create vendor command to iface 38, vendor_id=0x1a11, subcmd=0x1200, res=0
11-28 12:46:03.824 17110 17110 V NativeCrypto: Registering com/google/android/gms/org/conscrypt/NativeCrypto's 328 native methods...
11-28 12:46:03.826  1011  1106 I Light   : light data = 13.000000 .
11-28 12:46:03.826  1685  1685 I android.hardware.wifi@1.0-service-lazy: WifiCommand::requestResponse err=-95
11-28 12:46:03.826  1685  1685 I WifiHAL : wifi_get_link_stats: result=-3
11-28 12:46:03.827  1341  1567 E WifiVendorHal: getWifiLinkLayerStats_1_5_Internal(l.1179) failed {.code = ERROR_NOT_SUPPORTED, .description = }
11-28 12:46:03.831  1341 11139 D SemWifiUsabilityStatsMonitor: onWifiUsabilityStats - seqNum 26279, isSameBssidAndFreq true
11-28 12:46:03.832  1341  1641 I SemWifiLinkQualityMonitor: Link Qos query: inf. ms / 0 Mbps
11-28 12:46:03.832  1737  1737 D NetworkController.WifiSignalController: notifyListener: visible=true, connected=true, inetCondition=1, isDefault=true, wifiTestReported=true, receivedInetCondition=-1, hideDuringMobileSwitching=false
11-28 12:46:03.834  1737  1862 D Tile.WifiTile: handleUpdateState isTransient=false transientEnabling =false cb.isTransient=false state.state = 2 mStateBeforeClick.value =false enabled =true
11-28 12:46:03.853  1737  1795 E IMGMapper: set:488 set: Unset optional value from type SMPTE2086
11-28 12:46:03.853  1737  1795 E IMGMapper: set:488 set: Unset optional value from type CTA861_3
11-28 12:46:03.858 17110 17110 I ProviderInstaller: Installed default security provider GmsCore_OpenSSL
11-28 12:46:03.860   766   766 I BufferQueueProducer: [StatusBar$_1737#83](this:0xb400007e9bb43838,id:-1,api:0,p:-1,c:766) queueBuffer: fps=0.26 dur=3812.84 max=3812.84 min=3812.84
11-28 12:46:03.871 17110 17159 D CompatibilityChangeReporter: Compat change id reported: 183155436; UID 10165; state: ENABLED
11-28 12:46:03.877 17110 17160 I GMS_MM_Logger: (REDACTED) Start time: %s
11-28 12:46:03.879 17110 17160 I GMS_MM_Logger: Started.
11-28 12:46:03.884  1341  1483 D SensorService: [SO] 1.453 0.657 9.662
11-28 12:46:03.907 17110 17166 D CompatibilityChangeReporter: Compat change id reported: 160794467; UID 10165; state: ENABLED
11-28 12:46:03.915 23825 23825 D BoundBrokerSvc: onRebind: Intent { act=com.google.android.gms.libs.gmscorelogger.service.START dat=chimera-action:/... cmp=com.google.android.gms/.chimera.PersistentDirectBootAwareApiService }
11-28 12:46:03.980 17110 17168 I GmsCoreXrpcWrapper: (REDACTED) Returning a channel provider with trafficStatsTag=%d trafficStatsUid=%d
11-28 12:46:04.026  1011  1106 I Light   : light data = 13.000000 .
11-28 12:46:04.042   529   529 D io_stats: !@ 179,0 r 7373994 151793539 w 4347182 33875396 d 102600 20291976 f 0 0 iot 11957280 0 th 0 0 0 pt 0 inp 0 1 337725.461
11-28 12:46:04.094 22488 22515 E LoadedApk: Exception : java.lang.NullPointerException: Attempt to invoke virtual method 'boolean android.os.Looper.isPerfLogEnable()' on a null object reference
11-28 12:46:04.098 23825 17099 E LoadedApk: Exception : java.lang.NullPointerException: Attempt to invoke virtual method 'boolean android.os.Looper.isPerfLogEnable()' on a null object reference
11-28 12:46:04.100 17110 17174 E LoadedApk: Exception : java.lang.NullPointerException: Attempt to invoke virtual method 'boolean android.os.Looper.isPerfLogEnable()' on a null object reference
11-28 12:46:04.102 17110 17175 E LoadedApk: Exception : java.lang.NullPointerException: Attempt to invoke virtual method 'boolean android.os.Looper.isPerfLogEnable()' on a null object reference
11-28 12:46:04.140  1011  1106 I Accelerometer: acc data x = 1.376000, y = 0.734000, z = 9.586000 .
11-28 12:46:04.226  1011  1106 I Light   : light data = 13.000000 .
11-28 12:46:04.232 16873 16898 E IMGMapper: set:488 set: Unset optional value from type SMPTE2086
11-28 12:46:04.232 16873 16898 E IMGMapper: set:488 set: Unset optional value from type CTA861_3
11-28 12:46:04.239 17110 17154 W TracingHelper: No RequestContext found in the trace or trace not available. [CONTEXT service_id=259 ratelimit_count=100000 ]
11-28 12:46:04.284 22488 22515 I SyncManager: (REDACTED) Executing sync(type=%s%s)
11-28 12:46:04.301 22488 22515 I SyncManager: (REDACTED) Executing sync(type=%s) finished in %s
11-28 12:46:04.427  1011  1106 I Light   : light data = 13.000000 .
11-28 12:46:04.490  1341  1532 D InputReader: Btn_touch(1): value=1 when=337725.909126
11-28 12:46:04.490  1341  1532 I InputReader: Touch event's action is 0x0 (id=5, t=0) [pCnt=1, s=0.42695 ] when=337725.909126
11-28 12:46:04.491  1341  1531 I InputDispatcher: Delivering touch to (1737): action: 0x4, f=0x0, d=0, 'ab6e286', t=1 
11-28 12:46:04.492  1341  1531 I InputDispatcher: Delivering touch to (9366): action: 0x0, f=0x0, d=0, 'd79013f', t=1 +(0,-48)
11-28 12:46:04.493  1341  1368 I GestureDetector: obtain mCurrentDownEvent. id: 586625424 caller: com.android.server.wm.SystemGesturesPointerEventListener.onPointerEvent:203 com.android.server.wm.PointerEventDispatcher.onInputEvent:53 android.view.InputEventReceiver.dispatchInputEvent:285 
11-28 12:46:04.493  1341  1368 I GestureDetector: obtain mCurrentDownEvent. id: 586625424 caller: com.android.server.wm.SystemPerformancePointerEventListener.onPointerEvent:89 com.android.server.wm.PointerEventDispatcher.onInputEvent:53 android.view.InputEventReceiver.dispatchInputEvent:285 
11-28 12:46:04.493  9366  9366 I ViewRootImpl@bbe7c12[InputMethod]: ViewPostIme pointer 0
11-28 12:46:04.494  9366  9366 I HBD     : a load TMST TocuhLogic rune : true settingValue : true 
11-28 12:46:04.497  1341  1368 I GestureDetector: obtain mCurrentMotionEventRaw. action: 2 id: 41969663
11-28 12:46:04.497  1341  1368 I GestureDetector: obtain mCurrentMotionEventRaw. action: 2 id: 41969663
11-28 12:46:04.506  9366  9366 I GestureDetector: obtain mCurrentDownEvent. id: 586625424 caller: com.samsung.android.honeyboard.textboard.f0.z.c.a.onTouch:2 com.samsung.android.honeyboard.textboard.f0.z.f.d.n:3 com.samsung.android.honeyboard.textboard.f0.z.f.a.i:15 
11-28 12:46:04.508  9366  9366 I HBD     : c ATL SoundAndVibrationKeyA
11-28 12:46:04.509  9366  9366 I HBD     : a sound is off 
11-28 12:46:04.509  9366  9366 I HBD     : b vib is off 
11-28 12:46:04.510  9366  9366 I HBD     : a [PF_KL] OTE none 0 4 21 16605769 (1, NONE) 
11-28 12:46:04.524  9366  9366 I GestureDetector: obtain mCurrentMotionEventRaw. action: 2 id: 41969663
11-28 12:46:04.537  9366  9704 E IMGMapper: set:488 set: Unset optional value from type SMPTE2086
11-28 12:46:04.537  9366  9704 E IMGMapper: set:488 set: Unset optional value from type CTA861_3
11-28 12:46:04.540   766   766 I BufferQueueProducer: [InputMethod$_9366#19172](this:0xb400007e9bb46838,id:-1,api:0,p:-1,c:766) queueBuffer: fps=3.09 dur=1292.95 max=1061.06 min=16.51
11-28 12:46:04.541   738   839 I hwcomposer: [HWCDisplay] [Display_0 (type:1)] fps:7.932367,dur:1008.53,max:380.14,min:13.93  
11-28 12:46:04.597  1341  1532 D InputReader: Btn_touch(1): value=0 when=337726.016295
11-28 12:46:04.597  1341  1532 I InputReader: Touch event's action is 0x1 (id=5, t=0) [pCnt=1, s=] when=337726.016295
11-28 12:46:04.597  1341  1531 I InputDispatcher: Delivering touch to (9366): action: 0x1, f=0x0, d=0, 'd79013f', t=1 +(0,-48)
11-28 12:46:04.597  9366  9366 I ViewRootImpl@bbe7c12[InputMethod]: ViewPostIme pointer 1
11-28 12:46:04.600  9366  9366 I HBD     : c ATL CharacterKeyA
11-28 12:46:04.604  9366  9366 I HBD     : c IIFO[r:dc2adacba6] 
11-28 12:46:04.606  9366  9366 I HBD     : l0 EBD key S 0 
11-28 12:46:04.607  9366  9366 I HBD     : a [PF_KL] OTE none 1 1 10 9224000 (1, NONE) 
11-28 12:46:04.616  9366  9704 E IMGMapper: set:488 set: Unset optional value from type SMPTE2086
11-28 12:46:04.616  9366  9366 I HBD     : d1 ous -  0 ,  0 ,  1 ,  1 ,  -1 ,  -1
11-28 12:46:04.617  9366  9704 E IMGMapper: set:488 set: Unset optional value from type CTA861_3
11-28 12:46:04.617  9366  9366 I HBD     : l0 EBD cm s 0 
11-28 12:46:04.626  1011  1106 I Light   : light data = 13.000000 .
11-28 12:46:04.632  9366  9704 E IMGMapper: set:488 set: Unset optional value from type SMPTE2086
11-28 12:46:04.632  9366  9704 E IMGMapper: set:488 set: Unset optional value from type CTA861_3
11-28 12:46:04.666  9366  9704 E IMGMapper: set:488 set: Unset optional value from type SMPTE2086
11-28 12:46:04.666  9366  9704 E IMGMapper: set:488 set: Unset optional value from type CTA861_3
11-28 12:46:04.696 16873 16898 E IMGMapper: set:488 set: Unset optional value from type SMPTE2086
11-28 12:46:04.696 16873 16898 E IMGMapper: set:488 set: Unset optional value from type CTA861_3
11-28 12:46:04.714 16873 16898 E IMGMapper: set:488 set: Unset optional value from type SMPTE2086
11-28 12:46:04.714 16873 16898 E IMGMapper: set:488 set: Unset optional value from type CTA861_3
11-28 12:46:04.793  1341  1368 I GestureDetector: handleMessage TAP
11-28 12:46:04.793  1341  1341 I GestureDetector: handleMessage TAP
11-28 12:46:04.826  1011  1106 I Light   : light data = 13.000000 .
11-28 12:46:04.941  1011  1106 I Accelerometer: acc data x = 1.395000, y = 0.734000, z = 9.682000 .
11-28 12:46:04.974 25952 26105 I EPDG -- [EPDGService]: Event received: SERVICE_STOP_CHECK
11-28 12:46:04.976 25952 26105 I EPDG -- SIM0 [Operator]: getSubId(): subID is : 5
11-28 12:46:04.980 25952 26105 I EPDG -- SIM1 [Operator]: getSubId(): subID is : 4
11-28 12:46:04.983 25952 26105 I EPDG -- SIM0 [Operator]: getSubId(): subID is : 5
11-28 12:46:04.990  2011 16755 I EntitlementContentProvider<0>: isVoWiFiEntitlementRequired: false
11-28 12:46:04.992 25952 26105 I EPDG -- SIM0 [EpdgEntitlement]: isEntitlementRequired : false
11-28 12:46:04.994 25952 26105 I EPDG -- SIM1 [Operator]: getSubId(): subID is : 4
11-28 12:46:04.998  2011 16755 I EntitlementContentProvider<1>: isVoWiFiEntitlementRequired: false
11-28 12:46:05.000 25952 26105 I EPDG -- SIM1 [EpdgEntitlement]: isEntitlementRequired : false
11-28 12:46:05.000 25952 26105 I EPDG -- [EPDGService]: scheduleTerminateEvent after : 5 secs.
11-28 12:46:05.026  1011  1106 I Light   : light data = 13.000000 .
11-28 12:46:05.070  1018  1018 I thermal_repeater: socket -1
11-28 12:46:05.119   722 17180 E Netd    : To use pid in case SEC_PRODUCT_FEATURE_KNOX_SUPPORT_NPA is false, to remove build error (unused variable)
11-28 12:46:05.125   722 17183 E Netd    : To use pid in case SEC_PRODUCT_FEATURE_KNOX_SUPPORT_NPA is false, to remove build error (unused variable)
11-28 12:46:05.139  1711  1753 I System.out: Broadcasting: Intent { act=com.sec.intent.action.SARDEVICE_CP flg=0x10000000 (has extras) }
11-28 12:46:05.145  1341  1521 D MotionRecognitionService: [SAR]  onReceive : SARDEVICE_CP, callAction = on deviceID = 557063 slot = 1 device_ext = 0
11-28 12:46:05.148  1341  1521 I MotionRecognitionService: [SAR] id : 0 cmd :on
11-28 12:46:05.148  1341  1521 I MotionRecognitionService: [SAR] id : 1 cmd :on
11-28 12:46:05.148  1341  1521 I MotionRecognitionService: [SAR] id : 2 cmd :on
11-28 12:46:05.149  1341  1521 W MotionRecognitionService: DEFAULT
11-28 12:46:05.149  1341  1521 I MotionRecognitionService: [SAR] id : 15 cmd :on
11-28 12:46:05.149  1341  1521 W MotionRecognitionService: DEFAULT
11-28 12:46:05.149  1341  1521 I MotionRecognitionService: [SAR] id : 19 cmd :on
11-28 12:46:05.151  1711  1931 I System.out: Broadcast completed: result=0
11-28 12:46:05.186  1341  1677 D NetdEventListenerService: DNS Requested by : 191, 10165
11-28 12:46:05.199  1341  1677 D NetdEventListenerService: DNS Requested by : 191, 10165
11-28 12:46:05.213 16873 16898 E IMGMapper: set:488 set: Unset optional value from type SMPTE2086
11-28 12:46:05.213 16873 16898 E IMGMapper: set:488 set: Unset optional value from type CTA861_3
11-28 12:46:05.220   766   766 I BufferQueueProducer: [com.excell44.educam.debug/com.excell44.educam.MainActivity$_16873#19167](this:0xb400007e77ac8838,id:-1,api:0,p:-1,c:766) queueBuffer: fps=2.71 dur=1476.02 max=497.55 min=16.76
11-28 12:46:05.226  1011  1106 I Light   : light data = 13.000000 .
11-28 12:46:05.368  1341  1532 D InputReader: Btn_touch(1): value=1 when=337726.787698
11-28 12:46:05.369  1341  1532 I InputReader: Touch event's action is 0x0 (id=5, t=0) [pCnt=1, s=0.42696 ] when=337726.787698
11-28 12:46:05.370  1341  1531 I InputDispatcher: Delivering touch to (1737): action: 0x4, f=0x0, d=0, 'ab6e286', t=1 
11-28 12:46:05.370  1341  1531 I InputDispatcher: Delivering touch to (16873): action: 0x0, f=0x0, d=0, '6c993e2', t=1 
11-28 12:46:05.371 16873 16873 I ViewRootImpl@4a720a7[MainActivity]: ViewPostIme pointer 0
11-28 12:46:05.371  1341  1368 I GestureDetector: obtain mCurrentDownEvent. id: 850149614 caller: com.android.server.wm.SystemGesturesPointerEventListener.onPointerEvent:203 com.android.server.wm.PointerEventDispatcher.onInputEvent:53 android.view.InputEventReceiver.dispatchInputEvent:285 
11-28 12:46:05.371  1341  1368 I GestureDetector: obtain mCurrentDownEvent. id: 850149614 caller: com.android.server.wm.SystemPerformancePointerEventListener.onPointerEvent:89 com.android.server.wm.PointerEventDispatcher.onInputEvent:53 android.view.InputEventReceiver.dispatchInputEvent:285 
11-28 12:46:05.376  1341  1368 I GestureDetector: obtain mCurrentMotionEventRaw. action: 2 id: 542280083
11-28 12:46:05.376  1341  1368 I GestureDetector: obtain mCurrentMotionEventRaw. action: 2 id: 542280083
11-28 12:46:05.426  1011  1106 I Light   : light data = 13.000000 .
11-28 12:46:05.459  1341  1532 D InputReader: Btn_touch(1): value=0 when=337726.878433
11-28 12:46:05.459  1341  1532 I InputReader: Touch event's action is 0x1 (id=5, t=0) [pCnt=1, s=] when=337726.878433
11-28 12:46:05.459  1341  1531 I InputDispatcher: Delivering touch to (16873): action: 0x1, f=0x0, d=0, '6c993e2', t=1 
11-28 12:46:05.460 16873 16873 I ViewRootImpl@4a720a7[MainActivity]: ViewPostIme pointer 1
11-28 12:46:05.476  1341  1908 W PresentationStatsEventLogger: Shouldn't be logging AutofillPresentationEventReported again for same event
11-28 12:46:05.489  1341  1908 I AppIconSolution: return the original icon because tray option is set to None for com.google.android.gms, isNight = false
11-28 12:46:05.491  9366  9366 I HBD     : HoneyBoardService onInlineSuggestionsResponse 
11-28 12:46:05.492  9366  9366 I HBD     : a cursor is not at first 
11-28 12:46:05.572 16873 16873 D InputMethodManager: startInputInner - Id : 0
11-28 12:46:05.572 16873 16873 I InputMethodManager: startInputInner - mService.startInputOrWindowGainedFocus
11-28 12:46:05.575  1341  1908 V InputMethodManagerService: startInputOrWindowGainedFocusInternalLocked: reason=APP_CALLED_RESTART_INPUT_API clientState=46244a attribute=android.view.inputmethod.EditorInfo@d04c662 startInputFlags=VIEW_HAS_FOCUS|IS_TEXT_EDITOR softInputMode=STATE_UNSPECIFIED|ADJUST_PAN windowFlags=#81810100 sameWindowFocused=true
11-28 12:46:05.575  1341  1908 D InputMethodManagerService: mDesktopModeManager null!
11-28 12:46:05.575  1341  1908 V InputMethodManagerService: getDisplayIdOfInputMethodWindowToBeAdded: displayId=0
11-28 12:46:05.576  1341  1908 D InputMethodManagerService: isImeSwitcherDisabledPackage : false
11-28 12:46:05.576  1341  1908 D InputMethodManagerService: shouldShowImeSwitcherLocked : checking vis : 3
11-28 12:46:05.577  1341  1908 D InputMethodManagerService: checkDisplayOfStartInputAndUpdateKeyboard: displayId=0, mFocusedDisplayId=0
11-28 12:46:05.577  1341  1908 V InputMethodManagerService: Attach new input asks to show input
11-28 12:46:05.577  1341  1908 D InputMethodManagerService: ACCESS_CONTROL_ENABLED = false, ACCESS_CONTROL_KEYBOARD_BLOCK = true
11-28 12:46:05.577  1341  1908 I InputMethodManagerService: Calling com.android.server.inputmethod.IInputMethodInvoker@d21d7f1.showSoftInput(android.os.Binder@82c68b0, 1, null) for reason: ATTACH_NEW_INPUT
11-28 12:46:05.577  1341  1908 D InputTransport: Input channel constructed: 'ClientS', fd=810
11-28 12:46:05.578  1341  1908 D InputTransport: Input channel destroyed: 'ClientS', fd=810
11-28 12:46:05.578  9366  9366 I HBD     : HoneyBoardService onInlineSuggestionsResponse 
11-28 12:46:05.579  9366  9366 I HBD     : HoneyBoardService [IMI] onStartInput - caller pid : 16873 , caller uid : 10400 
11-28 12:46:05.579  9366  9366 I HBD     : j updateConfigs 
11-28 12:46:05.579 16873 16873 D InsetsController: show(ime(), fromIme=false)
11-28 12:46:05.579  9366  9366 I HBD     : j isEnabledNightMode : false 
11-28 12:46:05.579  9366  9366 I HBD     : a IC have been binding, RemoteInputConnection{idHash=#c9df113} 
11-28 12:46:05.579  9366  9366 I HBD     : h [EditorInputType]setPrivateImeOptionsToTable privateImeOptions ( null )
11-28 12:46:05.579  9366  9366 I HBD     : b incognitoMode : false 
11-28 12:46:05.579  9366  9366 I HBD     : h getDefaultInputRange : UNKNOWN 
11-28 12:46:05.580  9366  9366 I HBD     : h getDefaultInputRange : UNKNOWN 
11-28 12:46:05.580  9366  9366 I HBD     : h getDefaultInputRange : UNKNOWN 
11-28 12:46:05.581  9366  9366 I HBD     : b update cached prediction status : false 
11-28 12:46:05.581  9366  9366 I HBD     : h getDefaultInputRange : UNKNOWN 
11-28 12:46:05.581  9366  9366 I HBD     : a currentState : 0 
11-28 12:46:05.585  9366  9366 I HBD     : a [UpdatePolicy] [post] a: 0 cl: 1441799 kit: [1/0] vt: 0 ir: 2 
11-28 12:46:05.585  9366  9366 I HBD     : a [NRIC] resetNoResponseState 
11-28 12:46:05.585  9366  9366 I HBD     : b update cached prediction status : false 
11-28 12:46:05.585  9366  9366 I HBD     : HoneyBoardService [PF_OP][onStartInput]  6 ms 
11-28 12:46:05.586  9366  9366 I HBD     : HoneyBoardService onStartInputView : restarting=true, client=com.excell44.educam.debug, pid=16873 
11-28 12:46:05.586  9366  9366 I HBD     : h [EditorInputType]setPrivateImeOptionsToTable privateImeOptions ( null )
11-28 12:46:05.586  9366  9366 I HBD     : b incognitoMode : false 
11-28 12:46:05.586  9366  9657 I SemDvfsHyPerManager: acquire hyper - SKBD_RE_ENTER_SHOW/9366@1, type = -999
11-28 12:46:05.586  9366  9366 I HBD     : h getDefaultInputRange : UNKNOWN 
11-28 12:46:05.586  9366  9366 I HBD     : h getDefaultInputRange : UNKNOWN 
11-28 12:46:05.586  9366  9366 I HBD     : h getDefaultInputRange : UNKNOWN 
11-28 12:46:05.586  9366  9366 I HBD     : HoneyBoardService onStartInputViewInternal: inputType=0x2, imeOptions=0x2000006, initialSelStart=0, initialSelEnd=0 
11-28 12:46:05.586  9366  9366 I HBD     : f applyThemesPolicy 
11-28 12:46:05.587   747   781 I HYPER-HAL: [RequestManager.cpp]acquire(): Acquired ID : 43875029  [9366 / 1]    HINT : KBD_APP_RE_ENTER_VIEW    list : [TIMEOUT / 400] 
11-28 12:46:05.587   747   781 I mtkpower_client: perf_lock_acq, hdl:0, dur:0, num:2, tid:781
11-28 12:46:05.587  9366  9366 I HBD     : e mUsedOpenTheme = true mIsDexDesktopDisplay : false IsRequiredDarkTypeTheme = false night mode : false mIsEnabledHighContrast = false mIsOpenThemeForHoneyBoardInstalled = true mIsWallpaperThemeInstalled = false mIsThemeParkTheme = false
11-28 12:46:05.587  9366  9366 I HBD     : a theme : HomeThemeLastUsed  
11-28 12:46:05.587  9366  9366 I HBD     : f update KeyboardTheme themeIndex : 0x 80000000  theme :  Home Theme <open theme>
11-28 12:46:05.587  9366  9366 I HBD     : a set Theme convertedIndex : 1 
11-28 12:46:05.588  9366  9366 I HBD     : a onThemeChanged: currTheme = 1, nextTheme = 1 
11-28 12:46:05.588  9366  9366 I HBD     : d onUpdate: mThemeStyle = 1 
11-28 12:46:05.588  9366  9366 I HBD     : b updatePredictionStatus : 1, editorOpt 
11-28 12:46:05.588   747   781 I mtkpower_client: ret_hdl:52255
11-28 12:46:05.588  9366  9366 I HBD     : b updateForEditorClass isPredictionOn = false 
11-28 12:46:05.588   750   798 I libPowerHal: [perfLockAcq] idx:1 hdl:52255 hint:-1 pid:747 duration:0 lock_user:vendor.samsung. => ret_hdl:52255
11-28 12:46:05.588  9366  9366 I HBD     : l0 EBD ssu s 0 
11-28 12:46:05.589   750   798 I libPowerHal: vendor.samsung.: cpu_ctrl set cpu freq: 2301000 -1 -1 -1
11-28 12:46:05.603  1737  1862 D MobileStatusTracker(0/5): onSignalStrengthsChanged level=4, vendorLevel=4
11-28 12:46:05.605  1737  1862 D MobileSignalController(0/5): notifyListener: enabled=true, connected=true, dataConnected=false, networkType=EDGE (E), emergencyOnly=false, roaming=false, isDefault=false, dataActivity=, level=4, ca=false, mmWave=false, disabledDataIcon=false, simCard=ETC
11-28 12:46:05.605  1737  1862 D NetworkController: SignalStrength from intent slotId=0
11-28 12:46:05.613 22488 22539 I cn_CronetUrlRequestContext: destroyNativeStreamLocked org.chromium.net.impl.CronetBidirectionalStream@486be8b
11-28 12:46:05.614 16873 16898 E IMGMapper: set:488 set: Unset optional value from type SMPTE2086
11-28 12:46:05.615 16873 16898 E IMGMapper: set:488 set: Unset optional value from type CTA861_3
11-28 12:46:05.619   738   839 I hwcomposer: [HWCDisplay] [Display_0 (type:1)] fps:6.495624,dur:1077.65,max:498.97,min:16.64  
11-28 12:46:05.626  1011  1106 I Light   : light data = 13.000000 .
11-28 12:46:05.629 23825 23983 I cn_CronetUrlRequestContext: destroyNativeStreamLocked org.chromium.net.impl.CronetBidirectionalStream@3626c82
11-28 12:46:05.642 22488 22515 E LoadedApk: Exception : java.lang.NullPointerException: Attempt to invoke virtual method 'boolean android.os.Looper.isPerfLogEnable()' on a null object reference
11-28 12:46:05.644 23825 17099 E LoadedApk: Exception : java.lang.NullPointerException: Attempt to invoke virtual method 'boolean android.os.Looper.isPerfLogEnable()' on a null object reference
11-28 12:46:05.648 17110 17176 E LoadedApk: Exception : java.lang.NullPointerException: Attempt to invoke virtual method 'boolean android.os.Looper.isPerfLogEnable()' on a null object reference
11-28 12:46:05.649 23825 17099 E LoadedApk: Exception : java.lang.NullPointerException: Attempt to invoke virtual method 'boolean android.os.Looper.isPerfLogEnable()' on a null object reference
11-28 12:46:05.667 16873 16873 I IMM_LC  : showSoftInput(View,I)
11-28 12:46:05.667 16873 16873 I IMM_LC  : ssi() - flag : 0 view : com.excell44.educam.debug reason = SHOW_SOFT_INPUT
11-28 12:46:05.667 16873 16873 I IMM_LC  : ssi() view is not EditText
11-28 12:46:05.668  1341  1357 V InputMethodManagerService: Client requesting input be shown, flags : 0
11-28 12:46:05.668  1341  1357 D InputMethodManagerService: ACCESS_CONTROL_ENABLED = false, ACCESS_CONTROL_KEYBOARD_BLOCK = true
11-28 12:46:05.668  1341  1357 I InputMethodManagerService: Calling com.android.server.inputmethod.IInputMethodInvoker@d21d7f1.showSoftInput(android.os.Binder@d675fdc, 1, null) for reason: SHOW_SOFT_INPUT
11-28 12:46:05.670  9366  9366 I HBD     : a [PF_KL][HBIC] getCursorCapsMode t, 82 
11-28 12:46:05.670 16873 16898 E IMGMapper: set:488 set: Unset optional value from type SMPTE2086
11-28 12:46:05.670 16873 16898 E IMGMapper: set:488 set: Unset optional value from type CTA861_3
11-28 12:46:05.670  1341  1341 I GestureDetector: handleMessage TAP
11-28 12:46:05.671  1341  1368 I GestureDetector: handleMessage TAP
11-28 12:46:05.672  9366  9366 I HBD     : a [UpdatePolicy] [post] a: 1 cl: 1441799 kit: [1/0] vt: 0 ir: 2 
11-28 12:46:05.672  1341  1908 D SettingsProvider: isChangeAllowed() : name = enabled_input_methods
11-28 12:46:05.672  1341  1908 D SettingsProvider: edmUri: content://com.sec.knox.provider/RestrictionPolicy3
11-28 12:46:05.672  1341  1908 D SettingsProvider: projectionArgs: isSettingsChangesAllowed
11-28 12:46:05.672  1341  1908 D SettingsProvider: selectionArgs: false
11-28 12:46:05.672  1341  1908 D SettingsProvider: selectionArgs: 10139
11-28 12:46:05.673  1341  1908 D SecContentProvider: query(), uri = 17 selection = isSettingsChangesAllowed
11-28 12:46:05.673  1341  1908 D SecContentProvider: called from android.uid.honeyboard:10139
11-28 12:46:05.673  1341  1908 D RestrictionPolicy: isSettingsChangesAllowedAsUser, userId 0 : true
11-28 12:46:05.673  1341  1908 D SettingsProvider: ret = 1
11-28 12:46:05.673  9366  9366 I HBD     : b update cached prediction status : false 
11-28 12:46:05.674  1341  1908 D SettingsProvider: isChangeAllowed() : name = default_input_method
11-28 12:46:05.674  1341  1908 D SettingsProvider: edmUri: content://com.sec.knox.provider/RestrictionPolicy3
11-28 12:46:05.674  1341  1908 D SettingsProvider: projectionArgs: isSettingsChangesAllowed
11-28 12:46:05.674  1341  1908 D SettingsProvider: selectionArgs: false
11-28 12:46:05.674  1341  1908 D SettingsProvider: selectionArgs: 10139
11-28 12:46:05.674  1341  1908 D SecContentProvider: query(), uri = 17 selection = isSettingsChangesAllowed
11-28 12:46:05.675  1341  1908 D SecContentProvider: called from android.uid.honeyboard:10139
11-28 12:46:05.675  1341  1908 D RestrictionPolicy: isSettingsChangesAllowedAsUser, userId 0 : true
11-28 12:46:05.675  1341  1908 D SettingsProvider: ret = 1
11-28 12:46:05.676  9366  3351 I HBD     : n updated Sub Types. French 
11-28 12:46:05.677  9366 17186 I HBD     : b InputMethodSubtype is set as local:fr_FR 
11-28 12:46:05.677  1341  1341 I InputMethodManagerService: subtype state: oldSubtype = android.view.inputmethod.InputMethodSubtype@160007 newSubtype = android.view.inputmethod.InputMethodSubtype@160007 force = false
11-28 12:46:05.730  9366  9366 I HBD     : b updateConfig: [LanguageItem] French / [KeyboardViewTypeItem] 0 / [KeyboardInputTypeItem] mainType(1), subType(0)* / [CurrentLanguageInputTypeItem] mainType(0), subType(2) / [KeyboardInputRangeItem] 2* / [SelectedLanguageItem] 1 / [TextOrNullInputClassItem] false* / [NumberOnlyInputTypeItem] true* / [NumberInputClassItem] true* / [DigitEditorItem] true* / [NumberKeyFirstLineItem] true /  
11-28 12:46:05.730  9366  9366 I HBD     : b updateConfig: [SimpleRowStyleItem] true / [SpaceRowStylePeriodItem] true / [SpaceRowStyleEmailURLPeriodItem] true / [SpaceRowStyleEmailURLDotComItem] true / [SpaceRowStyleEmailURLPeriodItem] true / [SpaceRowStyleEmailURLDotComItem] true / [SpaceRowStyleJapaneseArrowItem] true / [SpaceRowStyleJapanesePeriodItem] true / [TouchAndHoldSpaceBarTypeItem] cursor_control / [UseToolBarItem] true / [VoiceInputTypeItem] 0x1 /  
11-28 12:46:05.731  9366  9366 I HBD     : b updateConfig: [DensityItem] 2.0 / [DisplayWidthItem] 0x720 / [DisplayHeightItem] 0x1459 / [MainTextLabelItem] 1 / [LanguageSwitchingUsingKeyItem] true / [VoiceEnabledItem] false* /  
11-28 12:46:05.731  9366  9366 I HBD     : c updateKeyboardViewHolder: MAKE NEW E: false CC: true UC: true 
11-28 12:46:05.736 16873 16898 E IMGMapper: set:488 set: Unset optional value from type SMPTE2086
11-28 12:46:05.736 16873 16898 E IMGMapper: set:488 set: Unset optional value from type CTA861_3
11-28 12:46:05.738  9366  9366 I HBD     : d [NormalPresenterLocator] processLocateKeyboard: isUseCached(false), isUseKeysCafe(false) 
11-28 12:46:05.742  1011  1106 I Accelerometer: acc data x = 1.434000, y = 0.772000, z = 9.643000 .
11-28 12:46:05.779  9366  9366 I HBD     : d [PF_OP][updateKeyboardViewHolder]  48 ms 
11-28 12:46:05.779  9366  9366 I HBD     : b update cached prediction status : false 
11-28 12:46:05.780  9366  9366 I HBD     : ::BnR:: d HONEY_SUPPORT_DATA_MIGRATION_FROM_SKBD : true, isMigrateNotNeeded : true, isFinishMigPreferences : false, isPasswordInputType : falseisUserUnlocked : true 
11-28 12:46:05.780  9366  9366 I HBD     : b updateMultiTapTimeValue 
11-28 12:46:05.780  9366  9366 I HBD     : b getMultiTapTimeoutValue 
11-28 12:46:05.780  9366  9366 I HBD     : b getSingleVowelMultiTapTimeoutValue 
11-28 12:46:05.782  1341  1908 D SecContentProvider: query(), uri = 15 selection = isClipboardShareAllowedAsUser
11-28 12:46:05.782  1341  1908 D SecContentProvider: called from android.uid.honeyboard:10139
11-28 12:46:05.783  1341  1908 D RestrictionPolicy: isClipboardShareAllowed : true
11-28 12:46:05.785  9366  9366 I HBD     : a [PF_OP][onStartInputViewActivate]  1 ms 
11-28 12:46:05.787  9366  9366 I HBD     : HoneyBoardService [PF_OP][onStartInputView]  201 ms 
11-28 12:46:05.787  9366  9366 I InputMethod: showSoftInput(), flags : 1
11-28 12:46:05.788  1341  1908 I InputMethodManagerService: isAccessoryKeyboard 0
11-28 12:46:05.788  9366  9366 I HBD     : HoneyBoardService onEvaluateInputViewShown: true 
11-28 12:46:05.789  1341  1908 I InputMethodManagerService: isAccessoryKeyboard 0
11-28 12:46:05.789  9366  9366 I HBD     : HoneyBoardService onEvaluateInputViewShown: true 
11-28 12:46:05.789  9366  9366 I InputMethodService: startViews: mShowInputRequested=true, mInputViewStarted=true, mCandidatesViewStarted= false
11-28 12:46:05.791  9366  9366 I HBD     : HoneyBoardService onWindowShown 
11-28 12:46:05.791  9366  9366 I HBD     : HoneyBoardService [PF_OP][onWindowShown]  0 ms 
11-28 12:46:05.791  9366  9366 I MSHandlerLifeCycle: check: return. pkg=com.samsung.android.honeyboard isActivity=false callers=com.android.internal.policy.DecorView.setVisibility:4411 android.app.Dialog.show:454 android.inputmethodservice.SoftInputWindow.show:208 android.inputmethodservice.InputMethodService.showWindow:3071 android.inputmethodservice.InputMethodService$InputMethodImpl.showSoftInput:1035 
11-28 12:46:05.791  9366  9366 I MSHandlerLifeCycle: removeMultiSplitHandler: no exist. decor=DecorView@bf541e3[InputMethod]
11-28 12:46:05.792  1341  1908 D InputMethodManagerService: notifyUserActivity: canceled, displayId=0
11-28 12:46:05.796  1341  1908 D InputMethodManagerService: isImeSwitcherDisabledPackage : false
11-28 12:46:05.796  1341  1908 D InputMethodManagerService: shouldShowImeSwitcherLocked : checking vis : 3
11-28 12:46:05.797  1341  1908 I InputMethodManagerService: setImeWindowStatus: vis=3, backDisposition=0
11-28 12:46:05.814 16873 16898 E IMGMapper: set:488 set: Unset optional value from type SMPTE2086
11-28 12:46:05.814 16873 16898 E IMGMapper: set:488 set: Unset optional value from type CTA861_3
11-28 12:46:05.826  1011  1106 I Light   : light data = 13.000000 .
11-28 12:46:05.834  9366  9366 I HBD     : d [PresenterContainerImpl] onFirstOnLayoutChanged: set touch listeners 
11-28 12:46:05.835  9366  9366 I HBD     : d [PresenterContainerImpl] OnLayoutChangeListener: ViewInfo = pos(0, 0), size(540, 500), posOnScreen(0, 956), offset(0, 0), L 
11-28 12:46:05.835  9366  9366 I HBD     : a [BoardScrapCreator] create: keyboardCount(1) 
11-28 12:46:05.835  9366  9366 I HBD     : i2 updateChangedBoard - [LC:false][TC:true][RC:true][RB:false] 
11-28 12:46:05.836  9366  9366 I HBD     : b update cached prediction status : false 
11-28 12:46:05.836  9366  9366 I HBD     : f updateCurrentEngine,  1441799 ,  SWIFTKEY
11-28 12:46:05.836  9366  9366 I HBD     : a [SKE_TAM] Changed false
11-28 12:46:05.836  9366  9366 I HBD     : a [SKE_TAM] custom = false , useEngine = true
11-28 12:46:05.836  9366  9366 I HBD     : a [SKE_TAM] Changed false
11-28 12:46:05.837  9366  9366 I HBD     : a refresh(), mParameterMode,  0
11-28 12:46:05.837  9366  9366 I HBD     : a [PF_EN] updateChangedBoard() 1 
11-28 12:46:05.838  9366  9366 I HBD     : l0 EBD bc S 0 
11-28 12:46:05.838  9366  9366 I HBD     : c TMST - update statistics 
11-28 12:46:05.838  9366  9366 I HBD     : d [PF_OP][OnLayoutChangeListener]  4 ms 
11-28 12:46:05.840  1711  1753 I System.out: Broadcasting: Intent { act=com.sec.intent.action.SARDEVICE_CP flg=0x10000000 (has extras) }
11-28 12:46:05.844  1341  1521 D MotionRecognitionService: [SAR]  onReceive : SARDEVICE_CP, callAction = off deviceID = 557063 slot = 1 device_ext = 0
11-28 12:46:05.844  1341  1521 I MotionRecognitionService: [SAR] id : 0 cmd :off
11-28 12:46:05.844  1341  1521 I MotionRecognitionService: [SAR] id : 1 cmd :off
11-28 12:46:05.844  1341  1521 I MotionRecognitionService: [SAR] id : 2 cmd :off
11-28 12:46:05.844  1341  1521 W MotionRecognitionService: DEFAULT
11-28 12:46:05.844  1341  1521 I MotionRecognitionService: [SAR] id : 15 cmd :off
11-28 12:46:05.844  1341  1521 W MotionRecognitionService: DEFAULT
11-28 12:46:05.844  1341  1521 I MotionRecognitionService: [SAR] id : 19 cmd :off
11-28 12:46:05.845  1711  2359 I System.out: Broadcast completed: result=0
11-28 12:46:05.849  9366  9366 I HBD     : HoneyBoardService onInlineSuggestionsResponse 
11-28 12:46:05.850  9366  9366 I HBD     : a totalSuggestionsCount : 1 
11-28 12:46:05.851   766   851 D SurfaceFlinger: [SF client] NEW(0xb400007e756467e0) for (9366:com.samsung.android.honeyboard)
11-28 12:46:05.852  9366  9366 I SurfaceView@36a0fbf: onWindowVisibilityChanged(0) true android.view.SurfaceView{36a0fbf V.E...... ......I. 0,0-0,0} of ViewRootImpl@bbe7c12[InputMethod]
11-28 12:46:05.854  9366  9366 I InputMethod: showSoftInput(), flags : 1
11-28 12:46:05.854  1341  1908 I InputMethodManagerService: isAccessoryKeyboard 0
11-28 12:46:05.854  9366  9366 I HBD     : HoneyBoardService onEvaluateInputViewShown: true 
11-28 12:46:05.855  1341  1908 I InputMethodManagerService: isAccessoryKeyboard 0
11-28 12:46:05.855  9366  9366 I HBD     : HoneyBoardService onEvaluateInputViewShown: true 
11-28 12:46:05.855  9366  9366 I InputMethodService: startViews: mShowInputRequested=true, mInputViewStarted=true, mCandidatesViewStarted= false
11-28 12:46:05.856 26004 26004 V InlinePresentationRendererServiceImpl: onRenderSuggestion: width=-2, height=-2
11-28 12:46:05.856  9366  9704 E IMGMapper: set:488 set: Unset optional value from type SMPTE2086
11-28 12:46:05.856  9366  9704 E IMGMapper: set:488 set: Unset optional value from type CTA861_3
11-28 12:46:05.857  9366  9366 I HBD     : HoneyBoardService onWindowShown 
