11-28 12:45:01.187  1341  3004 V WindowManager: Changing focus from null to Window{ac86357 u0 com.google.android.packageinstaller/com.android.packageinstaller.InstallStaging} displayId=0 Callers=com.android.server.wm.RootWindowContainer.updateFocusedWindowLocked:595 com.android.server.wm.WindowManagerService.updateFocusedWindowLocked:6803 com.android.server.wm.WindowManagerService.relayoutWindow:2813 com.android.server.wm.Session.relayout:274 
11-28 12:45:01.187  1341  3004 I WindowManager: Cancelling animation restarting=true, leash=Surface(name=Surface(name=ab6e286 NavigationBar0)/@0x400176e - animation-leash of insets_animation)/@0x7436320
11-28 12:45:01.187  1341  3004 I WindowManager: Reparenting to original parent: Surface(name=WindowToken{f660761 type=2019 android.os.BinderProxy@4e54f6b})/@0x841ae0f, destroy=false, surface=Surface(name=ab6e286 NavigationBar0)/@0x400176e
11-28 12:45:01.188  1341  3004 I WindowManager: Reparenting to leash, surface=Surface(name=ab6e286 NavigationBar0)/@0x400176e, leashParent=Surface(name=WindowToken{f660761 type=2019 android.os.BinderProxy@4e54f6b})/@0x841ae0f
11-28 12:45:01.188   766   853 I SurfaceFlinger: id=19107 createSurf flag=24000, Surface(name=ab6e286 NavigationBar0)/@0x400176e - animation-leash of insets_animation#19107
11-28 12:45:01.189  1341  3004 D WindowManager: makeSurface duration=1 leash=Surface(name=Surface(name=ab6e286 NavigationBar0)/@0x400176e - animation-leash of insets_animation)/@0xd05ddf3
11-28 12:45:01.190  1341  3004 D WindowManager: updateSystemBarAttributes: displayId=0, win=Window{ac86357 u0 com.google.android.packageinstaller/com.android.packageinstaller.InstallStaging}, navColorWin=Window{8211cc6 u0 android/com.android.internal.app.ResolverActivity}, focusedCanBeNavColorWin=false, behavior=1, appearance=0, statusBarAppearanceRegions=[AppearanceRegion{ bounds=[0,0][720,1600]}], requestedVisibilities=, from=com.android.server.wm.DisplayPolicy.focusChangedLw:3245 com.android.server.wm.DisplayContent.updateFocusedWindowLocked:4618 com.android.server.wm.RootWindowContainer.updateFocusedWindowLocked:595 
11-28 12:45:01.190  8930 15097 I TouchInteractionService: onSystemUiStateChanged, stateFlags : 131072 |allow_gesture|
11-28 12:45:01.190  1341  3004 D StatusBarManagerService: notifyRequestedSystemKey recent=false home=false
11-28 12:45:01.190  8930  8930 I RecentsAnimationDeviceState: setSystemUiFlags, stateFlags : 131072
11-28 12:45:01.190  8930  8930 I TouchInteractionService: onSystemUiFlagsChanged, lastSysUIFlags : 0
11-28 12:45:01.192  1341  3004 V WindowManager: Relayout hash=ac86357, pid=13659, syncId=-1: mAttrs={(0,0)(wrapxwrap) sim={adjust=pan forwardNavigation} ty=BASE_APPLICATION fmt=TRANSLUCENT wanim=0x10302f7 surfaceInsets=Rect(5, 5 - 5, 5)
11-28 12:45:01.192  1341  3004 V WindowManager:   fl=1820002
11-28 12:45:01.192  1341  3004 V WindowManager:   pfl=42000000
11-28 12:45:01.192  1341  3004 V WindowManager:   apr=LIGHT_NAVIGATION_BARS
11-28 12:45:01.192  1341  3004 V WindowManager:   bhv=DEFAULT
11-28 12:45:01.192  1341  3004 V WindowManager:   fitTypes=STATUS_BARS NAVIGATION_BARS CAPTION_BAR
11-28 12:45:01.192  1341  3004 V WindowManager:  dimAmount=0.18 naviIconColor=0
11-28 12:45:01.192  1341  3004 V WindowManager:   sfl=100000}
11-28 12:45:01.193 13659 13659 I ViewRootImpl@ac0b5e3[InstallStaging]: updateBlastSurfaceIfNeeded mBlastBufferQueue=null isSameSurfaceControl=false
11-28 12:45:01.193 13659 13659 D BufferQueueConsumer: [](id:355b00000008,api:0,p:-1,c:13659) connect: controlledByApp=false
11-28 12:45:01.194 13659 13659 I BLASTBufferQueue: new BLASTBufferQueue, mName= ViewRootImpl@ac0b5e3[InstallStaging] mNativeObject= 0xb400007d9e71d480 sc.mNativeObject= 0xb400007d440d63c0 caller= android.view.ViewRootImpl.updateBlastSurfaceIfNeeded:2909 android.view.ViewRootImpl.relayoutWindow:9847 android.view.ViewRootImpl.performTraversals:3884 android.view.ViewRootImpl.doTraversal:3116 android.view.ViewRootImpl$TraversalRunnable.run:10885 android.view.Choreographer$CallbackRecord.run:1301 android.view.Choreographer$CallbackRecord.run:1309 android.view.Choreographer.doCallbacks:923 android.view.Choreographer.doFrame:852 android.view.Choreographer$FrameDisplayEventReceiver.run:1283 
11-28 12:45:01.194 13659 13659 I BLASTBufferQueue: update, w= 730 h= 558 mName = ViewRootImpl@ac0b5e3[InstallStaging] mNativeObject= 0xb400007d9e71d480 sc.mNativeObject= 0xb400007d440d63c0 format= -3 caller= android.graphics.BLASTBufferQueue.<init>:84 android.view.ViewRootImpl.updateBlastSurfaceIfNeeded:2909 android.view.ViewRootImpl.relayoutWindow:9847 android.view.ViewRootImpl.performTraversals:3884 android.view.ViewRootImpl.doTraversal:3116 android.view.ViewRootImpl$TraversalRunnable.run:10885 
11-28 12:45:01.195 13659 13659 I ViewRootImpl@ac0b5e3[InstallStaging]: Relayout returned: old=(0,48,720,1504) new=(0,502,720,1050) req=(720,548)0 dur=13 res=0x3 s={true 0xb400007d40efe800} ch=true seqId=0
11-28 12:45:01.196  1341  1984 D MdnieScenarioControlService:  packageName : com.google.android.packageinstaller    className : com.android.packageinstaller.InstallStaging
11-28 12:45:01.196 13659 13659 I ViewRootImpl@ac0b5e3[InstallStaging]: mThreadedRenderer.initialize() mSurface={isValid=true 0xb400007d40efe800} hwInitialized=true
11-28 12:45:01.197 13659 13673 D OpenGLRenderer: eglCreateWindowSurface
11-28 12:45:01.197  1341  1984 V MdnieScenarioControlService: setUIMode from UI function(3)
11-28 12:45:01.200 13659 13659 D ScrollView:  onsize change changed 
11-28 12:45:01.201   766   766 I Layer   : id=19096 removeFromCurrentState Surface(name=ab6e286 NavigationBar0)/@0x400176e - animation-leash of insets_animation#19096 (134)
11-28 12:45:01.201   766   766 I Layer   : id=68 removeFromCurrentState ab6e286 NavigationBar0#68 (134)
11-28 12:45:01.201   766   766 I Layer   : id=78 removeFromCurrentState NavigationBar0$_1737#78 (134)
11-28 12:45:01.201   766   766 I Layer   : id=68 addToCurrentState ab6e286 NavigationBar0#68 (134)
11-28 12:45:01.201   766   766 I Layer   : id=78 addToCurrentState NavigationBar0$_1737#78 (134)
11-28 12:45:01.201 13659 13659 I ViewRootImpl@ac0b5e3[InstallStaging]: reportNextDraw android.view.ViewRootImpl.performTraversals:4438 android.view.ViewRootImpl.doTraversal:3116 android.view.ViewRootImpl$TraversalRunnable.run:10885 android.view.Choreographer$CallbackRecord.run:1301 android.view.Choreographer$CallbackRecord.run:1309 
11-28 12:45:01.201   766   766 I SurfaceFlinger: id=19096 Removed Surface(name=ab6e286 NavigationBar0)/@0x400176e - animation-leash of insets_animation#19096 (134)
11-28 12:45:01.201 13659 13659 I ViewRootImpl@ac0b5e3[InstallStaging]: Setup new sync id=0
11-28 12:45:01.201 13659 13659 I ViewRootImpl@ac0b5e3[InstallStaging]: Setting syncFrameCallback
11-28 12:45:01.202 13659 13659 I ViewRootImpl@ac0b5e3[InstallStaging]: registerCallbacksForSync syncBuffer=false
11-28 12:45:01.202   766   766 I Layer   : id=19096 Destroyed Surface(name=ab6e286 NavigationBar0)/@0x400176e - animation-leash of insets_animation#19096
11-28 12:45:01.204  8930 15097 I RecentModel: onTaskStackChangedBackground
11-28 12:45:01.211 13659 13679 I ViewRootImpl@ac0b5e3[InstallStaging]: Received frameDrawingCallback syncResult=0 frameNum=1.
11-28 12:45:01.211 13659 13679 I ViewRootImpl@ac0b5e3[InstallStaging]: Setting up sync and frameCommitCallback
11-28 12:45:01.211  1737  1862 D MobileStatusTracker(0/5): onSignalStrengthsChanged level=2, vendorLevel=1
11-28 12:45:01.212  1737  1862 D MobileSignalController(0/5): notifyListener: enabled=true, connected=true, dataConnected=false, networkType=LTE (4G), emergencyOnly=false, roaming=false, isDefault=false, dataActivity=, level=1, ca=false, mmWave=false, disabledDataIcon=false, simCard=ETC
11-28 12:45:01.212  1737  1862 D NetworkController: SignalStrength from intent slotId=0
11-28 12:45:01.214  1737  1862 D MobileStatusTracker(1/4): onSignalStrengthsChanged level=2, vendorLevel=1
11-28 12:45:01.215  1737  1862 D MobileSignalController(1/4): notifyListener: enabled=true, connected=true, dataConnected=false, networkType=LTE (4G), emergencyOnly=false, roaming=false, isDefault=false, dataActivity=inout, level=1, ca=false, mmWave=false, disabledDataIcon=false, simCard=ETC
11-28 12:45:01.215  1737  1862 D NetworkController: SignalStrength from intent slotId=1
11-28 12:45:01.217   766   766 D SurfaceFlinger: [input] inputWindowCommands.focusRequests size is 1
11-28 12:45:01.218   766   963 D SurfaceFlinger: [input] setFocusedWindow: ac86357 com.google.android.packageinstaller/com.android.packageinstaller.InstallStaging
11-28 12:45:01.218  1341  1357 D InputDispatcher: Focus request (0): ac86357 com.google.android.packageinstaller/com.android.packageinstaller.InstallStaging but waiting because NO_WINDOW
11-28 12:45:01.225 13659 13673 E IMGMapper: set:488 set: Unset optional value from type SMPTE2086
11-28 12:45:01.225 13659 13673 E IMGMapper: set:488 set: Unset optional value from type CTA861_3
11-28 12:45:01.226 13659 13673 I BLASTBufferQueue: [ViewRootImpl@ac0b5e3[InstallStaging]#8](f:0,a:0) onFrameAvailable the first frame is available
11-28 12:45:01.226  1011  1106 I Light   : light data = 13.000000 .
11-28 12:45:01.226 13659 13673 I BLASTBufferQueue: [ViewRootImpl@ac0b5e3[InstallStaging]#8](f:0,a:1) acquireNextBufferLocked size=730x558 mFrameNumber=1 applyTransaction=true mTimestamp=337662644993047(auto) mPendingTransactions.size=0 graphicBufferId=58664958296110 transform=0
11-28 12:45:01.227 13659 13673 I ViewRootImpl@ac0b5e3[InstallStaging]: Received frameCommittedCallback lastAttemptedDrawFrameNum=1 didProduceBuffer=true
11-28 12:45:01.228 13659 13673 D OpenGLRenderer: CFMS:: SetUp Pid : 13659    Tid : 13673
11-28 12:45:01.229 13659 13673 W Parcel  : Expecting binder but got null!
11-28 12:45:01.229 13659 13659 I ViewRootImpl@ac0b5e3[InstallStaging]: onSyncComplete
11-28 12:45:01.229 13659 13659 I ViewRootImpl@ac0b5e3[InstallStaging]: setupSync seqId=0 mSyncId=0 fn=1 caller=android.view.ViewRootImpl$$ExternalSyntheticLambda11.accept:6 android.window.SurfaceSyncer.lambda$setupSync$1$android-window-SurfaceSyncer:128 android.window.SurfaceSyncer$$ExternalSyntheticLambda1.accept:8 android.window.SurfaceSyncer$SyncSet.checkIfSyncIsComplete:382 android.window.SurfaceSyncer$SyncSet.markSyncReady:359 android.window.SurfaceSyncer.markSyncReady:151 android.view.ViewRootImpl.performTraversals:4503 
11-28 12:45:01.230 13659 13659 I ViewRootImpl@ac0b5e3[InstallStaging]: reportDrawFinished seqId=0 mSyncId=-1 fn=1 mSurfaceChangedTransaction=0xb400007d43eb8b00
11-28 12:45:01.230  1341  3004 D WindowManager: finishDrawingWindow: Window{ac86357 u0 com.google.android.packageinstaller/com.android.packageinstaller.InstallStaging} mDrawState=DRAW_PENDING seqId=0
11-28 12:45:01.234   766   766 D BufferStateLayer: com.google.android.packageinstaller/com.android.packageinstaller.InstallStaging$_13659#19106 setBuffer frameId=1, bufferId=58664958296110 fenceId=538, w= 730, h=558
11-28 12:45:01.235  1341  1371 D WindowManager: Loading animation for app transition. transit=TRANSIT_OLD_ACTIVITY_OPEN enter=false frame=Rect(0, 0 - 720, 1600) insets=Rect(0, 0 - 0, 96) surfaceInsets=Rect(80, 80 - 80, 80)
11-28 12:45:01.237  1341  1371 I WindowManager: Reparenting to leash, surface=Surface(name=ActivityRecord{d76e441 u0 android/com.android.internal.app.ResolverActivity} t313})/@0xd14bd7f, leashParent=Surface(name=Task=313)/@0xbcbe7f8
11-28 12:45:01.237   766  1004 I SurfaceFlinger: id=19108 createSurf flag=24000, Surface(name=ActivityRecord{d76e441 u0 android/com.android.internal.app.ResolverActivity} t313})/@0xd14bd7f - animation-leash of app_transition#19108
11-28 12:45:01.238  1341  1371 D WindowManager: makeSurface duration=2 leash=Surface(name=Surface(name=ActivityRecord{d76e441 u0 android/com.android.internal.app.ResolverActivity} t313})/@0xd14bd7f - animation-leash of app_transition)/@0xacf88ae
11-28 12:45:01.239 13659 13673 E IMGMapper: set:488 set: Unset optional value from type SMPTE2086
11-28 12:45:01.239 13659 13673 E IMGMapper: set:488 set: Unset optional value from type CTA861_3
11-28 12:45:01.239   766   853 I SurfaceFlinger: id=19109 createSurf flag=80004, Surface(name=ActivityRecord{d76e441 u0 android/com.android.internal.app.ResolverActivity} t313})/@0xd14bd7f - animation-bounds#19109
11-28 12:45:01.240  1341  1371 D WindowManager: Loading animation for app transition. transit=TRANSIT_OLD_ACTIVITY_OPEN enter=true frame=Rect(0, 48 - 720, 1504) insets=Rect(0, 0 - 0, 0) surfaceInsets=Rect(5, 5 - 5, 5)
11-28 12:45:01.242  1341  1371 I WindowManager: Reparenting to leash, surface=Surface(name=ActivityRecord{3c1a5ac u0 com.google.android.packageinstaller/com.android.packageinstaller.InstallStaging} t313})/@0x11592e5, leashParent=Surface(name=Task=313)/@0xbcbe7f8
11-28 12:45:01.242   766  1004 I SurfaceFlinger: id=19110 createSurf flag=24004, Surface(name=ActivityRecord{3c1a5ac u0 com.google.android.packageinstaller/com.android.packageinstaller.InstallStaging} t313})/@0x11592e5 - animation-leash of app_transition#19110
11-28 12:45:01.243  1341  1371 D WindowManager: makeSurface duration=1 leash=Surface(name=Surface(name=ActivityRecord{3c1a5ac u0 com.google.android.packageinstaller/com.android.packageinstaller.InstallStaging} t313})/@0x11592e5 - animation-leash of app_transition)/@0xb0f81ba
11-28 12:45:01.244   766   851 I SurfaceFlinger: id=19111 createSurf flag=80004, Surface(name=ActivityRecord{3c1a5ac u0 com.google.android.packageinstaller/com.android.packageinstaller.InstallStaging} t313})/@0x11592e5 - animation-bounds#19111
11-28 12:45:01.245  1341  1371 D ActivityTaskManager: mStartingWindow and mStartingData is null for token=ActivityRecord{3c1a5ac u0 com.google.android.packageinstaller/com.android.packageinstaller.InstallStaging} t313}
11-28 12:45:01.245  1341  1371 V WindowManager: performShowLocked: mDrawState=HAS_DRAWN in Window{ac86357 u0 com.google.android.packageinstaller/com.android.packageinstaller.InstallStaging}
11-28 12:45:01.248  1341  1371 I WindowManager: Cancelling animation restarting=true, leash=Surface(name=Surface(name=528b8b0 StatusBar)/@0x97829b3 - animation-leash of insets_animation)/@0xe823f52
11-28 12:45:01.248  1341  1371 I WindowManager: Reparenting to original parent: Surface(name=WindowToken{e4213f3 type=2000 android.os.BinderProxy@654f12d})/@0x8507b70, destroy=false, surface=Surface(name=528b8b0 StatusBar)/@0x97829b3
11-28 12:45:01.248  1341  1371 I WindowManager: Reparenting to leash, surface=Surface(name=528b8b0 StatusBar)/@0x97829b3, leashParent=Surface(name=WindowToken{e4213f3 type=2000 android.os.BinderProxy@654f12d})/@0x8507b70
11-28 12:45:01.249   766  1004 I SurfaceFlinger: id=19112 createSurf flag=24004, Surface(name=528b8b0 StatusBar)/@0x97829b3 - animation-leash of insets_animation#19112
11-28 12:45:01.250  1341  1371 D WindowManager: makeSurface duration=1 leash=Surface(name=Surface(name=528b8b0 StatusBar)/@0x97829b3 - animation-leash of insets_animation)/@0xcf62fc8
11-28 12:45:01.251 13659 13673 E IMGMapper: set:488 set: Unset optional value from type SMPTE2086
11-28 12:45:01.251 13659 13673 E IMGMapper: set:488 set: Unset optional value from type CTA861_3
11-28 12:45:01.252  1341  1371 D WindowManager: updateSystemBarAttributes: displayId=0, win=Window{ac86357 u0 com.google.android.packageinstaller/com.android.packageinstaller.InstallStaging}, navColorWin=Window{140a5a5 u0 com.sec.android.app.myfiles/com.sec.android.app.myfiles.external.ui.MainActivity}, focusedCanBeNavColorWin=false, behavior=1, appearance=16, statusBarAppearanceRegions=[AppearanceRegion{LIGHT_STATUS_BARS bounds=[0,0][720,1600]}], requestedVisibilities=, from=com.android.server.wm.DisplayPolicy.finishPostLayoutPolicyLw:2527 com.android.server.wm.DisplayContent.applySurfaceChangesTransaction:5699 com.android.server.wm.RootWindowContainer.applySurfaceChangesTransaction:1234 
11-28 12:45:01.252  1737  1737 D SamsungLightBarControlHelper: onStatusBarAppearanceChanged() -  sbModeChanged:false, statusBarMode:MODE_TRANSPARENT, barState:SHADE, isKeyguardShowing:false, navbarColorManagedByIme:false, stackAppearancesChanged:true, (AppearanceRegion{LIGHT_STATUS_BARS bounds=[0,0][720,1600]}, ), packageName:com.google.android.packageinstaller
11-28 12:45:01.252  1737  1737 D NavigationBar: onSystemBarAttributesChanged() -  displayId:0, appearance:16, packageName: com.google.android.packageinstaller (APPEARANCE_LIGHT_NAVIGATION_BARS ), navbarColorManagedByIme:false
11-28 12:45:01.253  1737  1737 D SamsungLightBarControlHelper: updateNavigation(Black button) isLightBar:false, hasLightBarNavigationBarFlag:true, packageName:com.google.android.packageinstaller, DirectReplying:false, NavBarColorManagerdByIme:false, ForceDarkForScrim:false, QsCustomizing:false, PanelHasWhiteBg:true
11-28 12:45:01.253   766   851 I SurfaceFlinger: id=19113 createSurf flag=80000, c3ee75f ActivityRecordInputSink com.google.android.packageinstaller/com.android.packageinstaller.InstallStaging#19113
11-28 12:45:01.253  1341  1367 D [secipm]: mSecIpmManager report to nap
11-28 12:45:01.253  1341  1367 I PkgPredictorService-SecIpmManagerServiceImpl: reportToNAP uid:10055 com.google.android.packageinstaller/com.android.packageinstaller.InstallStaging thisTime:257
11-28 12:45:01.254  1737  1737 D SamsungLightBarControlHelper: updateStatus(BLACK icon) NumStacks:1, StatusBarMode:MODE_TRANSPARENT, lightBarBounds:[Rect(0, 0 - 720, 1600)], StatusBarState:SHADE, packageName:com.google.android.packageinstaller, isWhiteKeyguardStatusBarBySettings:false
11-28 12:45:01.255  1341  1367 I ActivityTaskManager: Displayed com.google.android.packageinstaller/com.android.packageinstaller.InstallStaging: +257ms
11-28 12:45:01.255  1341  1367 I Pageboost: Launch time gathered : pid 13659 com.google.android.packageinstaller 257
11-28 12:45:01.255  2536  2536 E pageboostd: Received HALT command code 2
11-28 12:45:01.257  1341  1371 D InsetsSourceProvider: updateVisibility: serverVisible=true, clientVisible=true, source=InsetsSource: {mType=ITYPE_STATUS_BAR, mFrame=[0,0][720,48], mVisible=true, mInsetsRoundedCornerFrame=false}, controlTarget=Window{ac86357 u0 com.google.android.packageinstaller/com.android.packageinstaller.InstallStaging}, from=com.android.server.wm.InsetsSourceProvider.setClientVisible:536 com.android.server.wm.InsetsSourceProvider.updateClientVisibility:518 com.android.server.wm.InsetsStateController.onInsetsModified:250 com.android.server.wm.InsetsStateController.lambda$notifyPendingInsetsControlChanged$5:414 com.android.server.wm.InsetsStateController.$r8$lambda$ni7v3ZO6TRbLZqXOFahDjPeXTS0:0 com.android.server.wm.InsetsStateController$$ExternalSyntheticLambda4.run:2 com.android.server.wm.WindowAnimator.executeAfterPrepareSurfacesRunnables:345 com.android.server.wm.RootWindowContainer.performSurfacePlacementNoTrace:1020 com.android.server.wm.RootWindowContainer.performSurfacePlacement:950 com.android.server.wm.WindowSurfacePlacer.performSurfacePlacementLoop:185 
11-28 12:45:01.258 13659 13659 D InsetsController: controlAnimationUnchecked: Added types=1 animType=0 host=com.google.android.packageinstaller/com.android.packageinstaller.InstallStaging from=android.view.InsetsController.applyAnimation:1576 android.view.InsetsController.applyAnimation:1557 android.view.InsetsController.onControlsChanged:992 
11-28 12:45:01.259   750   776 I mtkpower@impl: [setMode] type:5, enabled:0
11-28 12:45:01.259  1341  3004 I SemDvfsHyPerManager: acquire hyper - AMS_RESUME_TAIL/1341@14, type = -999
11-28 12:45:01.259  1341  3004 I SemDvfsHyPerManager: acquire hyper - AMS_ACT_LAZY/1341@15, type = -999
11-28 12:45:01.259  1341  3004 D ActivityManagerPerformance: AMP_acquire() TAIL
11-28 12:45:01.259  1341  3004 D ActivityManagerPerformance: AMP_release() APP_SWITCH
11-28 12:45:01.259   747   781 I HYPER-HAL: [RequestManager.cpp]acquire(): Acquired ID : 918704  [1341 / 14]    HINT : AMS_RESUME_TAIL    list : 
11-28 12:45:01.260   747   781 I mtkpower_client: perf_lock_rel, hdl:52175, tid:781
11-28 12:45:01.260 13659 13673 E IMGMapper: set:488 set: Unset optional value from type SMPTE2086
11-28 12:45:01.260 13659 13673 E IMGMapper: set:488 set: Unset optional value from type CTA861_3
11-28 12:45:01.261   747   781 I mtkpower_client: perf_lock_acq, hdl:0, dur:0, num:2, tid:781
11-28 12:45:01.261   750   798 I libPowerHal: [perfLockRel] hdl:52175, idx:1
11-28 12:45:01.261   750   798 I libPowerHal: vendor.samsung.: cpu_ctrl set cpu freq: 2301000 -1 -1 -1
11-28 12:45:01.262   747   781 I mtkpower_client: ret_hdl:52178
11-28 12:45:01.262   747   781 I mtkpower_client: perf_lock_rel, hdl:52174, tid:781
11-28 12:45:01.262   750   798 I libPowerHal: [perfLockAcq] idx:5 hdl:52178 hint:-1 pid:747 duration:0 lock_user:vendor.samsung. => ret_hdl:52178
11-28 12:45:01.263   750   798 I libPowerHal: vendor.samsung.: cpu_ctrl set cpu freq: 2301000 -1 1800000 -1
11-28 12:45:01.263   747   781 I mtkpower_client: perf_lock_acq, hdl:0, dur:0, num:2, tid:781
11-28 12:45:01.263   750   798 I libPowerHal: [perfLockRel] hdl:52174, idx:2
11-28 12:45:01.264  1341  1371 D ActivityTaskManager: mStartingWindow and mStartingData is null for token=ActivityRecord{3c1a5ac u0 com.google.android.packageinstaller/com.android.packageinstaller.InstallStaging} t313}
11-28 12:45:01.264   747   781 I mtkpower_client: ret_hdl:52179
11-28 12:45:01.264   747   781 I mtkpower_client: perf_lock_rel, hdl:52176, tid:781
11-28 12:45:01.264   750   798 I libPowerHal: cmdSetting - unknown cmd:1c3c000, scmd:(null) ,param_1:0
11-28 12:45:01.264   750   798 I libPowerHal: [perfLockAcq] idx:1 hdl:52179 hint:-1 pid:747 duration:0 lock_user:vendor.samsung. => ret_hdl:52179
11-28 12:45:01.265   747   781 I mtkpower_client: perf_lock_acq, hdl:0, dur:0, num:2, tid:781
11-28 12:45:01.265   750   798 I libPowerHal: [perfLockRel] hdl:52176, idx:3
11-28 12:45:01.265   750   798 I libPowerHal: [PD] vendor.samsung. update cmd:1000000, param:-1
11-28 12:45:01.266   750   798 I libPowerHal: [PD] vendor.samsung. update cmd:1000000 param:-1
11-28 12:45:01.266   747   781 I mtkpower_client: ret_hdl:52180
11-28 12:45:01.266   747   781 I mtkpower_client: perf_lock_rel, hdl:52177, tid:781
11-28 12:45:01.266   750   798 I libPowerHal: [perfLockAcq] idx:2 hdl:52180 hint:-1 pid:747 duration:0 lock_user:vendor.samsung. => ret_hdl:52180
11-28 12:45:01.266   750   798 I libPowerHal: [PE] vendor.samsung. update cmd:1000000, param:0
11-28 12:45:01.266   750   798 I libPowerHal: [PE] vendor.samsung. update cmd:1000000 param:0
11-28 12:45:01.267   747   781 I mtkpower_client: perf_lock_acq, hdl:0, dur:0, num:2, tid:781
11-28 12:45:01.267   750   798 I libPowerHal: [perfLockRel] hdl:52177, idx:4
11-28 12:45:01.267   750   798 I libPowerHal: vendor.samsung.: cpu_ctrl set cpu freq: -1 -1 1800000 -1
11-28 12:45:01.268   747   781 I mtkpower_client: ret_hdl:52181
11-28 12:45:01.268  1341  1370 D WindowManager: updateSystemBarAttributes: displayId=0, win=Window{ac86357 u0 com.google.android.packageinstaller/com.android.packageinstaller.InstallStaging}, navColorWin=Window{ac86357 u0 com.google.android.packageinstaller/com.android.packageinstaller.InstallStaging}, focusedCanBeNavColorWin=false, behavior=1, appearance=0, statusBarAppearanceRegions=[AppearanceRegion{ bounds=[0,0][720,1600]}], requestedVisibilities=, from=com.android.server.wm.DisplayPolicy.finishPostLayoutPolicyLw:2527 com.android.server.wm.DisplayContent.applySurfaceChangesTransaction:5699 com.android.server.wm.RootWindowContainer.applySurfaceChangesTransaction:1234 
11-28 12:45:01.268   766   766 I Layer   : Layer [com.google.android.packageinstaller/com.android.packageinstaller.InstallStaging$_13659#19106] hidden!! flag(0)
11-28 12:45:01.268   750   798 I libPowerHal: [perfLockAcq] idx:3 hdl:52181 hint:-1 pid:747 duration:0 lock_user:vendor.samsung. => ret_hdl:52181
11-28 12:45:01.268   766   766 I Layer   : id=19095 removeFromCurrentState Surface(name=528b8b0 StatusBar)/@0x97829b3 - animation-leash of insets_animation#19095 (139)
11-28 12:45:01.268   750   798 I libPowerHal: vendor.samsung.: cpu_ctrl set cpu freq: 2301000 -1 1800000 -1
11-28 12:45:01.268   747   781 I mtkpower_client: perf_lock_rel, hdl:52179, tid:781
11-28 12:45:01.268   766   766 I SurfaceFlinger: id=19095 Removed Surface(name=528b8b0 StatusBar)/@0x97829b3 - animation-leash of insets_animation#19095 (139)
11-28 12:45:01.269   747   781 I mtkpower_client: perf_lock_acq, hdl:0, dur:0, num:2, tid:781
11-28 12:45:01.269   766   766 I Layer   : id=19095 Destroyed Surface(name=528b8b0 StatusBar)/@0x97829b3 - animation-leash of insets_animation#19095
11-28 12:45:01.269   747   781 I mtkpower_client: ret_hdl:52182
11-28 12:45:01.269   747   781 I mtkpower_client: perf_lock_rel, hdl:52173, tid:781
11-28 12:45:01.270   747   781 I mtkpower_client: perf_lock_acq, hdl:0, dur:0, num:2, tid:781
11-28 12:45:01.270  1737  1737 I ViewRootImpl@a308e6[NotificationShade]: performTraversals mFirst=false windowShouldResize=false viewVisibilityChanged=false mForceNextWindowRelayout=false params={(0,0)(fillxfill) gr=TOP CENTER_VERTICAL sim={adjust=resize} layoutInDisplayCutoutMode=always ty=NOTIFICATION_SHADE fmt=TRANSLUCENT
11-28 12:45:01.270  1737  1737 I ViewRootImpl@a308e6[NotificationShade]:   fl=81840048
11-28 12:45:01.270  1737  1737 I ViewRootImpl@a308e6[NotificationShade]:   pfl=1b000000
11-28 12:45:01.270  1737  1737 I ViewRootImpl@a308e6[NotificationShade]:   vsysui=2000
11-28 12:45:01.270  1737  1737 I ViewRootImpl@a308e6[NotificationShade]:   apr=LIGHT_STATUS_BARS
11-28 12:45:01.270  1737  1737 I ViewRootImpl@a308e6[NotificationShade]:   bhv=SHOW_TRANSIENT_BARS_BY_SWIPE naviIconColor=0
11-28 12:45:01.270  1737  1737 I ViewRootImpl@a308e6[NotificationShade]:   sfl=40000}
11-28 12:45:01.270   747   781 I mtkpower_client: ret_hdl:52183
11-28 12:45:01.270   750   798 I libPowerHal: [perfLockRel] hdl:52179, idx:1
11-28 12:45:01.271 31686 31694 I ViewRootImpl@7321af1[MainActivity]: Resizing android.view.ViewRootImpl@8bfca62: frame = [0,0][720,1600] reportDraw = false forceLayout = false syncSeqId = 0
11-28 12:45:01.271 13659 13695 I ViewRootImpl@ac0b5e3[InstallStaging]: Resizing android.view.ViewRootImpl@580c60c: frame = [0,502][720,1050] reportDraw = false forceLayout = false syncSeqId = 0
11-28 12:45:01.271   750   798 I libPowerHal: cmdSetting - unknown cmd:1c3c000, scmd:(null) ,param_1:0
11-28 12:45:01.271   750   798 I libPowerHal: [perfLockAcq] idx:4 hdl:52182 hint:-1 pid:747 duration:0 lock_user:vendor.samsung. => ret_hdl:52182
11-28 12:45:01.272  1737 13489 I ViewRootImpl@f0704d0[NavigationBar0]: Resizing android.view.ViewRootImpl@2813c85: frame = [0,1504][720,1600] reportDraw = false forceLayout = false syncSeqId = 0
11-28 12:45:01.272   750   798 I libPowerHal: [perfLockRel] hdl:52173, idx:6
11-28 12:45:01.272   750   798 I libPowerHal: [PD] vendor.samsung. update cmd:1410000 param:0
11-28 12:45:01.272 31686 31686 I ViewRootImpl@7321af1[MainActivity]: handleResized, msg = 4 frames=ClientWindowFrames{frame=[0,0][720,1600] display=[0,0][720,1600] parentFrame=[0,0][0,0] parentClippedByDisplayCutout=false} forceNextWindowRelayout=false displayId=0 resizeMode=-1 frameChanged=false displayFrameChanged=false configChanged=false displayChanged=false
11-28 12:45:01.272 13659 13659 D InsetsController: onStateChanged: InsetsState: {mDisplayFrame=Rect(0, 0 - 720, 1600), mDisplayCutout=DisplayCutout{insets=Rect(0, 45 - 0, 0) waterfall=Insets{left=0, top=0, right=0, bottom=0} boundingRect={Bounds=[Rect(0, 0 - 0, 0), Rect(272, 0 - 448, 45), Rect(0, 0 - 0, 0), Rect(0, 0 - 0, 0)]} cutoutPathParserInfo={CutoutPathParserInfo{displayWidth=720 displayHeight=1600 physicalDisplayWidth=720 physicalDisplayHeight=1600 density={1.875} cutoutSpec={M 0,0 H -46.93333333333333 V 24 H 46.93333333333333 V 0 H 0 Z @dp} rotation={0} scale={1.0} physicalPixelDisplaySizeRatio={1.0}}}}, mRoundedCorners=RoundedCorners{[RoundedCorner{position=TopLeft, radius=64, center=Point(64, 64)}, RoundedCorner{position=TopRight, radius=64, center=Point(656, 64)}, RoundedCorner{position=BottomRight, radius=64, center=Point(656, 1536)}, RoundedCorner{position=BottomLeft, radius=64, center=Point(64, 1536)}]}  mRoundedCornerFrame=Rect(0, 0 - 720, 1600), mPrivacyIndicatorBounds=PrivacyIndicatorBounds {static bounds=Rect(632, 0 - 720, 48) rotation=0}, mSources= { InsetsSource: {mType=ITYPE_STATUS_BAR, mFrame=[0,0][720,48], mVisible=true, mInsetsRoundedCornerFrame=false}, InsetsSource: {mType=ITYPE_NAVIGATION_BAR, mFrame=[0,1504][720,1600], mVisible=true, mInsetsRoundedCornerFrame=false}, InsetsSource: {mType=ITYPE_LEFT_GESTURES, mFrame=[0,0][0,1600], mVisible=true, mInsetsRoundedCornerFrame=false}, InsetsSource: {mType=ITYPE_RIGHT_GESTURES, mFrame=[720,0][720,1600], mVisible=true, mInsetsRoundedCornerFrame=false}, InsetsSource: {mType=ITYPE_TOP_MANDATORY_GESTURES, mFrame=[0,0][720,69], mVisible=true, mInsetsRoundedCornerFrame=false}, InsetsSource: {mType=ITYPE_BOTTOM_MANDATORY_GESTURES, mFrame=[0,1504][720,1600], mVisible=true, mInsetsRoundedCornerFrame=false}, InsetsSource: {mType=ITYPE_LEFT_DISPLAY_CUTOUT, mFrame=[0,0][-100000,1600], mVisible=true, mInsetsRoundedCornerFrame=false}, InsetsSource: {mType=ITYPE_TOP_DISPLAY_CUTOUT, mFrame=[0,0][720,45], mVisible=true, mInsetsRoundedCornerFrame=false}, InsetsSource: {mType=ITYPE_RIGHT_DISPLAY_CUTOUT, mFrame=[100000,0][720,1600], mVisible=true, mInsetsRoundedCornerFrame=false}, InsetsSource: {mType=ITYPE_BOTTOM_DISPLAY_CUTOUT, mFrame=[0,100000][720,1600], mVisible=true, mInsetsRoundedCornerFrame=false}, InsetsSource: {mType=ITYPE_TOP_TAPPABLE_ELEMENT, mFrame=[0,0][720,48], mVisible=true, mInsetsRoundedCornerFrame=false}, InsetsSource: {mType=ITYPE_BOTTOM_TAPPABLE_ELEMENT, mFrame=[0,1504][720,1600], mVisible=true, mInsetsRoundedCornerFrame=false} } host=com.google.android.packageinstaller/com.android.packageinstaller.InstallStaging from=android.view.ViewRootImpl$ViewRootHandler.handleMessageImpl:6727
11-28 12:45:01.273  1341  1357 V WindowManager: Relayout Window{724ac9e u0 NotificationShade}: viewVisibility=4 req=720x1600 d0
11-28 12:45:01.273 13659 13659 I ViewRootImpl@ac0b5e3[InstallStaging]: handleResized, msg = 4 frames=ClientWindowFrames{frame=[0,502][720,1050] display=[0,48][720,1504] parentFrame=[0,0][0,0] parentClippedByDisplayCutout=false} forceNextWindowRelayout=false displayId=0 resizeMode=-1 frameChanged=false displayFrameChanged=false configChanged=false displayChanged=false
11-28 12:45:01.273  1737  2671 I ViewRootImpl@f704ebe[StatusBar]: Resizing android.view.ViewRootImpl@5e98ca: frame = [0,0][720,48] reportDraw = false forceLayout = false syncSeqId = 0
11-28 12:45:01.273   766   766 D SurfaceFlinger: Display 0 HWC layers:
11-28 12:45:01.273   766   766 D SurfaceFlinger:      DEVICE | 0xb400007e75647ea0 | 0102 | RGBA_8888    |    0.0    0.0  720.0 1600.0 |    0    0  720 1600 | com.sec.android.app.myfiles/com.sec.[...]xternal.ui.MainActivity$_31686#19071
11-28 12:45:01.273   766   766 D SurfaceFlinger:      DEVICE | 0xb400007e77909440 | 0100 | RGBA_8888    |   80.0   80.0  800.0 1680.0 |    0    0  720 1600 | android/com.android.internal.app.ResolverActivity$_16626#19094
11-28 12:45:01.273   766   766 D SurfaceFlinger:  SOLID_COLOR |              | 0000 |  Unknown  |    0.0    0.0    0.0    0.0 |    0    0  720 1600 | Dim Layer for - Task=313#19100
11-28 12:45:01.273   766   766 D SurfaceFlinger:      DEVICE | 0xb400007e779059a0 | 0100 | RGBA_8888    |    0.0    0.0  720.0   96.0 |    0 1504  720 1600 | NavigationBar0$_1737#78
11-28 12:45:01.273   766   766 D SurfaceFlinger: 
11-28 12:45:01.274   747   781 I mtkpower_client: perf_lock_rel, hdl:52178, tid:781
11-28 12:45:01.276   750   798 I libPowerHal: [perfLockAcq] idx:7 hdl:52183 hint:-1 pid:747 duration:0 lock_user:vendor.samsung. => ret_hdl:52183
11-28 12:45:01.276   750   798 I libPowerHal: [PE] vendor.samsung. update cmd:1410000, param:1
11-28 12:45:01.277   747   781 I mtkpower_client: perf_lock_acq, hdl:0, dur:0, num:2, tid:781
11-28 12:45:01.277   750   798 I libPowerHal: [perfLockRel] hdl:52178, idx:5
11-28 12:45:01.277   750   798 I libPowerHal: vendor.samsung.: cpu_ctrl set cpu freq: 2301000 -1 -1 -1
11-28 12:45:01.278   747   781 I mtkpower_client: ret_hdl:52184
11-28 12:45:01.278   747   781 I mtkpower_client: perf_lock_rel, hdl:52180, tid:781
11-28 12:45:01.278   750   798 I libPowerHal: [perfLockAcq] idx:1 hdl:52184 hint:-1 pid:747 duration:0 lock_user:vendor.samsung. => ret_hdl:52184
11-28 12:45:01.278   750   798 I libPowerHal: vendor.samsung.: cpu_ctrl set cpu freq: 2301000 -1 1800000 -1
11-28 12:45:01.278 13659 13673 E IMGMapper: set:488 set: Unset optional value from type SMPTE2086
11-28 12:45:01.278 13659 13673 E IMGMapper: set:488 set: Unset optional value from type CTA861_3
11-28 12:45:01.279  1341  1357 V WindowManager: Relayout hash=724ac9e, pid=1737, syncId=-1: mAttrs={(0,0)(fillxfill) gr=TOP CENTER_VERTICAL sim={adjust=resize} layoutInDisplayCutoutMode=always ty=NOTIFICATION_SHADE fmt=TRANSLUCENT
11-28 12:45:01.279  1341  1357 V WindowManager:   fl=81840048
11-28 12:45:01.279  1341  1357 V WindowManager:   pfl=1b000000
11-28 12:45:01.279  1341  1357 V WindowManager:   vsysui=2000
11-28 12:45:01.279  1341  1357 V WindowManager:   apr=LIGHT_STATUS_BARS
11-28 12:45:01.279  1341  1357 V WindowManager:   bhv=SHOW_TRANSIENT_BARS_BY_SWIPE naviIconColor=0
11-28 12:45:01.279  1341  1357 V WindowManager:   sfl=40000}
11-28 12:45:01.279   750   798 I libPowerHal: [perfLockRel] hdl:52180, idx:2
11-28 12:45:01.279   747   781 I mtkpower_client: perf_lock_acq, hdl:0, dur:0, num:2, tid:781
11-28 12:45:01.279   750   798 I libPowerHal: [PD] vendor.samsung. update cmd:1000000, param:-1
11-28 12:45:01.279   750   798 I libPowerHal: [PD] vendor.samsung. update cmd:1000000 param:-1
11-28 12:45:01.280   747   781 I mtkpower_client: ret_hdl:52185
11-28 12:45:01.280   750   798 I libPowerHal: [perfLockAcq] idx:2 hdl:52185 hint:-1 pid:747 duration:0 lock_user:vendor.samsung. => ret_hdl:52185
11-28 12:45:01.280   747   781 I mtkpower_client: perf_lock_rel, hdl:52181, tid:781
11-28 12:45:01.280   750   798 I libPowerHal: [PE] vendor.samsung. update cmd:1000000, param:0
11-28 12:45:01.280   750   798 I libPowerHal: [PE] vendor.samsung. update cmd:1000000 param:0
11-28 12:45:01.280  1737  1737 I ViewRootImpl@a308e6[NotificationShade]: Relayout returned: old=(0,0,720,1600) new=(0,0,720,1600) req=(720,1600)4 dur=10 res=0x0 s={false 0x0} ch=false seqId=2
11-28 12:45:01.281   747   781 I mtkpower_client: perf_lock_acq, hdl:0, dur:0, num:2, tid:781
11-28 12:45:01.281   750   798 I libPowerHal: [perfLockRel] hdl:52181, idx:3
11-28 12:45:01.281   750   798 I libPowerHal: vendor.samsung.: cpu_ctrl set cpu freq: -1 -1 1800000 -1
11-28 12:45:01.281   747   781 I mtkpower_client: ret_hdl:52186
11-28 12:45:01.282   747   781 I HYPER-HAL: [RequestManager.cpp]releaseLocked(): Released ID : 933686
11-28 12:45:01.282   750   798 I libPowerHal: [perfLockAcq] idx:3 hdl:52186 hint:-1 pid:747 duration:0 lock_user:vendor.samsung. => ret_hdl:52186
11-28 12:45:01.282   750   798 I libPowerHal: vendor.samsung.: cpu_ctrl set cpu freq: 2301000 -1 1800000 -1
11-28 12:45:01.284   766   766 I Layer   : id=19103 removeFromCurrentState ActivityRecord{ae7626 u0 com.google.android.packageinstaller/com.android.packageinstaller.InstallStart} t313}#19103 (138)
11-28 12:45:01.284   766   766 I SurfaceFlinger: id=19103 Removed ActivityRecord{ae7626 u0 com.google.android.packageinstaller/com.android.packageinstaller.InstallStart} t313}#19103 (138)
11-28 12:45:01.285   766   766 I Layer   : id=19103 Destroyed ActivityRecord{ae7626 u0 com.google.android.packageinstaller/com.android.packageinstaller.InstallStart} t313}#19103
11-28 12:45:01.287  1737  1737 I FaceWidgetPositionAlgorithm: getClockContainerHeight() supplier = 216, bottom margin = 0, real height = 584
11-28 12:45:01.287  1737  1737 I FaceWidgetPositionAlgorithm: getClockContainerHeight() supplier = 216, bottom margin = 48, real height = 584
11-28 12:45:01.288  1737  1737 I FaceWidgetPositionAlgorithm: getMediaContainerHeight() height = 0 container Visibility = 8, isValid = false, mIsDozing = false, fraction = 1.0, source = 0, target = 0
11-28 12:45:01.288  1737  1737 I FaceWidgetPositionAlgorithm: getMediaContainerHeight() supplier = 0
11-28 12:45:01.288  1341  1357 D InputDispatcher: Focus entered window (0): ac86357 com.google.android.packageinstaller/com.android.packageinstaller.InstallStaging
11-28 12:45:01.289 13659 13659 I ViewRootImpl@ac0b5e3[InstallStaging]: MSG_WINDOW_FOCUS_CHANGED 1 0
11-28 12:45:01.289 13659 13659 I ViewRootImpl@ac0b5e3[InstallStaging]: mThreadedRenderer.initializeIfNeeded()#2 mSurface={isValid=true 0xb400007d40efe800}
11-28 12:45:01.291   766   766 D SurfaceFlinger: Display 0 HWC layers:
11-28 12:45:01.291   766   766 D SurfaceFlinger:      DEVICE | 0xb400007e75647ea0 | 0102 | RGBA_8888    |    0.0    0.0  720.0 1600.0 |    0    0  720 1600 | com.sec.android.app.myfiles/com.sec.[...]xternal.ui.MainActivity$_31686#19071
11-28 12:45:01.291   766   766 D SurfaceFlinger:      DEVICE | 0xb400007e77909440 | 0100 | RGBA_8888    |   80.0   80.0  800.0 1680.0 |    0    0  720 1600 | android/com.android.internal.app.ResolverActivity$_16626#19094
11-28 12:45:01.291   766   766 D SurfaceFlinger:  SOLID_COLOR |              | 0000 |  Unknown  |    0.0    0.0    0.0    0.0 |    0    0  720 1600 | Dim Layer for - Task=313#19100
11-28 12:45:01.291   766   766 D SurfaceFlinger:      DEVICE | 0xb400007e779066c0 | 0100 | RGBA_8888    |    5.0    0.0  725.0  558.0 |    0  802  720 1360 | com.google.android.packageinstaller/[...]nstaller.InstallStaging$_13659#19106
11-28 12:45:01.291   766   766 D SurfaceFlinger:      DEVICE | 0xb400007e779059a0 | 0100 | RGBA_8888    |    0.0    0.0  720.0   96.0 |    0 1504  720 1600 | NavigationBar0$_1737#78
11-28 12:45:01.291   766   766 D SurfaceFlinger: 
11-28 12:45:01.292  1737  1737 D SamsungLightBarControlHelper: onStatusBarAppearanceChanged() -  sbModeChanged:false, statusBarMode:MODE_TRANSPARENT, barState:SHADE, isKeyguardShowing:false, navbarColorManagedByIme:false, stackAppearancesChanged:true, (AppearanceRegion{ bounds=[0,0][720,1600]}, ), packageName:com.google.android.packageinstaller
11-28 12:45:01.292  1737  1737 D NavigationBar: onSystemBarAttributesChanged() -  displayId:0, appearance:0, packageName: com.google.android.packageinstaller, navbarColorManagedByIme:false
11-28 12:45:01.293  1737  1737 D SamsungLightBarControlHelper: updateNavigation(White button) isLightBar:false, hasLightBarNavigationBarFlag:false, packageName:com.google.android.packageinstaller, DirectReplying:false, NavBarColorManagerdByIme:false, ForceDarkForScrim:false, QsCustomizing:false, PanelHasWhiteBg:true
11-28 12:45:01.293  1737  1737 I ViewRootImpl@f0704d0[NavigationBar0]: handleResized, msg = 4 frames=ClientWindowFrames{frame=[0,1504][720,1600] display=[0,0][720,1600] parentFrame=[0,0][0,0] parentClippedByDisplayCutout=false} forceNextWindowRelayout=false displayId=0 resizeMode=-1 frameChanged=false displayFrameChanged=false configChanged=false displayChanged=false
11-28 12:45:01.293  1737  1737 I ViewRootImpl@f704ebe[StatusBar]: handleResized, msg = 4 frames=ClientWindowFrames{frame=[0,0][720,48] display=[0,0][720,1600] parentFrame=[0,0][0,0] parentClippedByDisplayCutout=false} forceNextWindowRelayout=false displayId=0 resizeMode=-1 frameChanged=false displayFrameChanged=false configChanged=false displayChanged=false
11-28 12:45:01.294  1737  1737 D SamsungLightBarControlHelper: updateStatus(WHITE icon) NumStacks:1, StatusBarMode:MODE_TRANSPARENT, lightBarBounds:[], StatusBarState:SHADE, packageName:com.google.android.packageinstaller, isWhiteKeyguardStatusBarBySettings:false
11-28 12:45:01.296 13659 13673 E IMGMapper: set:488 set: Unset optional value from type SMPTE2086
11-28 12:45:01.296 13659 13673 E IMGMapper: set:488 set: Unset optional value from type CTA861_3
11-28 12:45:01.297  1341  1984 V MdnieScenarioControlService: mAclOffEnabled : false mAclPreviewState : false mAclCompensationState : false
11-28 12:45:01.299 31686 31711 E IMGMapper: set:488 set: Unset optional value from type SMPTE2086
11-28 12:45:01.299 31686 31711 E IMGMapper: set:488 set: Unset optional value from type CTA861_3
11-28 12:45:01.301   766   766 I BufferQueueProducer: [com.sec.android.app.myfiles/com.sec.android.app.myfiles.external.ui.MainActivity$_31686#19071](this:0xb400007e7b0fd838,id:-1,api:0,p:-1,c:766) queueBuffer: fps=5.89 dur=2546.02 max=2046.98 min=16.36
11-28 12:45:01.303  1737  1737 I ViewRootImpl@a308e6[NotificationShade]: performTraversals mFirst=false windowShouldResize=false viewVisibilityChanged=false mForceNextWindowRelayout=false params={(0,0)(fillxfill) gr=TOP CENTER_VERTICAL sim={adjust=resize} layoutInDisplayCutoutMode=always ty=NOTIFICATION_SHADE fmt=TRANSLUCENT
11-28 12:45:01.303  1737  1737 I ViewRootImpl@a308e6[NotificationShade]:   fl=81840048
11-28 12:45:01.303  1737  1737 I ViewRootImpl@a308e6[NotificationShade]:   pfl=1b000000
11-28 12:45:01.303  1737  1737 I ViewRootImpl@a308e6[NotificationShade]:   bhv=SHOW_TRANSIENT_BARS_BY_SWIPE naviIconColor=0
11-28 12:45:01.303  1737  1737 I ViewRootImpl@a308e6[NotificationShade]:   sfl=40000}
11-28 12:45:01.304  1341  3004 V WindowManager: Relayout Window{724ac9e u0 NotificationShade}: viewVisibility=4 req=720x1600 d0
11-28 12:45:01.307   766   766 D SurfaceFlinger: Display 0 HWC layers:
11-28 12:45:01.307   766   766 D SurfaceFlinger:      DEVICE | 0xb400007e9ba7cf20 | 0102 | RGBA_8888    |    0.0    0.0  720.0 1600.0 |    0    0  720 1600 | com.sec.android.app.myfiles/com.sec.[...]xternal.ui.MainActivity$_31686#19071
11-28 12:45:01.307   766   766 D SurfaceFlinger:      DEVICE | 0xb400007e77909440 | 0100 | RGBA_8888    |   80.0   80.0  800.0 1680.0 |    0    0  720 1600 | android/com.android.internal.app.ResolverActivity$_16626#19094
11-28 12:45:01.307   766   766 D SurfaceFlinger:  SOLID_COLOR |              | 0000 |  Unknown  |    0.0    0.0    0.0    0.0 |    0    0  720 1600 | Dim Layer for - Task=313#19100
11-28 12:45:01.307   766   766 D SurfaceFlinger:      DEVICE | 0xb400007e779091a0 | 0100 | RGBA_8888    |    5.0    0.0  725.0  558.0 |    0  748  720 1306 | com.google.android.packageinstaller/[...]nstaller.InstallStaging$_13659#19106
11-28 12:45:01.307   766   766 D SurfaceFlinger:      DEVICE | 0xb400007e77905a80 | 0100 | RGBA_8888    |    0.0    0.0  720.0   48.0 |    0    0  720   48 | StatusBar$_1737#83
11-28 12:45:01.307   766   766 D SurfaceFlinger:      DEVICE | 0xb400007e779059a0 | 0100 | RGBA_8888    |    0.0    0.0  720.0   96.0 |    0 1504  720 1600 | NavigationBar0$_1737#78
11-28 12:45:01.307   766   766 D SurfaceFlinger: 
11-28 12:45:01.310  1341  3004 V WindowManager: Relayout hash=724ac9e, pid=1737, syncId=-1: mAttrs={(0,0)(fillxfill) gr=TOP CENTER_VERTICAL sim={adjust=resize} layoutInDisplayCutoutMode=always ty=NOTIFICATION_SHADE fmt=TRANSLUCENT
11-28 12:45:01.310  1341  3004 V WindowManager:   fl=81840048
11-28 12:45:01.310  1341  3004 V WindowManager:   pfl=1b000000
11-28 12:45:01.310  1341  3004 V WindowManager:   bhv=SHOW_TRANSIENT_BARS_BY_SWIPE naviIconColor=0
11-28 12:45:01.310  1341  3004 V WindowManager:   sfl=40000}
11-28 12:45:01.311  1737  1737 I ViewRootImpl@a308e6[NotificationShade]: Relayout returned: old=(0,0,720,1600) new=(0,0,720,1600) req=(720,1600)4 dur=7 res=0x0 s={false 0x0} ch=false seqId=2
11-28 12:45:01.312 13659 13673 E IMGMapper: set:488 set: Unset optional value from type SMPTE2086
11-28 12:45:01.312 13659 13673 E IMGMapper: set:488 set: Unset optional value from type CTA861_3
11-28 12:45:01.317  1737  1737 I FaceWidgetPositionAlgorithm: getClockContainerHeight() supplier = 216, bottom margin = 0, real height = 584
11-28 12:45:01.318  1737  1737 I FaceWidgetPositionAlgorithm: getClockContainerHeight() supplier = 216, bottom margin = 48, real height = 584
11-28 12:45:01.318  1737  1737 I FaceWidgetPositionAlgorithm: getMediaContainerHeight() height = 0 container Visibility = 8, isValid = false, mIsDozing = false, fraction = 1.0, source = 0, target = 0
11-28 12:45:01.318  1737  1737 I FaceWidgetPositionAlgorithm: getMediaContainerHeight() supplier = 0
11-28 12:45:01.326  1737  1795 E IMGMapper: set:488 set: Unset optional value from type SMPTE2086
11-28 12:45:01.326  1737  1795 E IMGMapper: set:488 set: Unset optional value from type CTA861_3
11-28 12:45:01.326 13659 13673 E IMGMapper: set:488 set: Unset optional value from type SMPTE2086
11-28 12:45:01.326 13659 13673 E IMGMapper: set:488 set: Unset optional value from type CTA861_3
11-28 12:45:01.331  1737  1795 E IMGMapper: set:488 set: Unset optional value from type SMPTE2086
11-28 12:45:01.331  1737  1795 E IMGMapper: set:488 set: Unset optional value from type CTA861_3
11-28 12:45:01.334   766   766 I BufferQueueProducer: [NavigationBar0$_1737#78](this:0xb400007e9bb3a838,id:-1,api:0,p:-1,c:766) queueBuffer: fps=5.59 dur=1431.13 max=1281.48 min=16.50
11-28 12:45:01.339  1737  1795 E IMGMapper: set:488 set: Unset optional value from type SMPTE2086
11-28 12:45:01.339  1737  1795 E IMGMapper: set:488 set: Unset optional value from type CTA861_3
11-28 12:45:01.342 13659 13673 E IMGMapper: set:488 set: Unset optional value from type SMPTE2086
11-28 12:45:01.342 13659 13673 E IMGMapper: set:488 set: Unset optional value from type CTA861_3
11-28 12:45:01.343  1737  1795 E IMGMapper: set:488 set: Unset optional value from type SMPTE2086
11-28 12:45:01.343  1737  1795 E IMGMapper: set:488 set: Unset optional value from type CTA861_3
11-28 12:45:01.349  1737  1795 E IMGMapper: set:488 set: Unset optional value from type SMPTE2086
11-28 12:45:01.349  1737  1795 E IMGMapper: set:488 set: Unset optional value from type CTA861_3
11-28 12:45:01.351   766   766 I BufferQueueProducer: [StatusBar$_1737#83](this:0xb400007e9bb43838,id:-1,api:0,p:-1,c:766) queueBuffer: fps=5.53 dur=1447.50 max=1298.09 min=16.50
11-28 12:45:01.359 13659 13673 E IMGMapper: set:488 set: Unset optional value from type SMPTE2086
11-28 12:45:01.359 13659 13673 E IMGMapper: set:488 set: Unset optional value from type CTA861_3
11-28 12:45:01.360  1737  1795 E IMGMapper: set:488 set: Unset optional value from type SMPTE2086
11-28 12:45:01.360  1737  1795 E IMGMapper: set:488 set: Unset optional value from type CTA861_3
11-28 12:45:01.366  1737  1795 E IMGMapper: set:488 set: Unset optional value from type SMPTE2086
11-28 12:45:01.366  1737  1795 E IMGMapper: set:488 set: Unset optional value from type CTA861_3
11-28 12:45:01.376 13659 13673 E IMGMapper: set:488 set: Unset optional value from type SMPTE2086
11-28 12:45:01.376 13659 13673 E IMGMapper: set:488 set: Unset optional value from type CTA861_3
11-28 12:45:01.377  1737  1795 E IMGMapper: set:488 set: Unset optional value from type SMPTE2086
11-28 12:45:01.377  1737  1795 E IMGMapper: set:488 set: Unset optional value from type CTA861_3
11-28 12:45:01.382  1737  1795 E IMGMapper: set:488 set: Unset optional value from type SMPTE2086
11-28 12:45:01.382  1737  1795 E IMGMapper: set:488 set: Unset optional value from type CTA861_3
11-28 12:45:01.392 13659 13673 E IMGMapper: set:488 set: Unset optional value from type SMPTE2086
11-28 12:45:01.392 13659 13673 E IMGMapper: set:488 set: Unset optional value from type CTA861_3
11-28 12:45:01.393  1737  1795 E IMGMapper: set:488 set: Unset optional value from type SMPTE2086
11-28 12:45:01.393  1737  1795 E IMGMapper: set:488 set: Unset optional value from type CTA861_3
11-28 12:45:01.399  1737  1795 E IMGMapper: set:488 set: Unset optional value from type SMPTE2086
11-28 12:45:01.399  1737  1795 E IMGMapper: set:488 set: Unset optional value from type CTA861_3
11-28 12:45:01.409 13659 13673 E IMGMapper: set:488 set: Unset optional value from type SMPTE2086
11-28 12:45:01.409 13659 13673 E IMGMapper: set:488 set: Unset optional value from type CTA861_3
11-28 12:45:01.410  1737  1795 E IMGMapper: set:488 set: Unset optional value from type SMPTE2086
11-28 12:45:01.410  1737  1795 E IMGMapper: set:488 set: Unset optional value from type CTA861_3
11-28 12:45:01.416  1737  1795 E IMGMapper: set:488 set: Unset optional value from type SMPTE2086
11-28 12:45:01.416  1737  1795 E IMGMapper: set:488 set: Unset optional value from type CTA861_3
11-28 12:45:01.426  1737  1795 E IMGMapper: set:488 set: Unset optional value from type SMPTE2086
11-28 12:45:01.426 13659 13673 E IMGMapper: set:488 set: Unset optional value from type SMPTE2086
11-28 12:45:01.426  1737  1795 E IMGMapper: set:488 set: Unset optional value from type CTA861_3
11-28 12:45:01.426 13659 13673 E IMGMapper: set:488 set: Unset optional value from type CTA861_3
11-28 12:45:01.426  1011  1106 I Light   : light data = 13.000000 .
11-28 12:45:01.431  1737  1795 E IMGMapper: set:488 set: Unset optional value from type SMPTE2086
11-28 12:45:01.431  1737  1795 E IMGMapper: set:488 set: Unset optional value from type CTA861_3
11-28 12:45:01.442 13659 13673 E IMGMapper: set:488 set: Unset optional value from type SMPTE2086
11-28 12:45:01.442 13659 13673 E IMGMapper: set:488 set: Unset optional value from type CTA861_3
11-28 12:45:01.444  1737  1795 E IMGMapper: set:488 set: Unset optional value from type SMPTE2086
11-28 12:45:01.444  1737  1795 E IMGMapper: set:488 set: Unset optional value from type CTA861_3
11-28 12:45:01.451  1341  1371 I WindowManager: Reparenting to original parent: Surface(name=Task=313)/@0xbcbe7f8, destroy=true, surface=Surface(name=ActivityRecord{d76e441 u0 android/com.android.internal.app.ResolverActivity} t313})/@0xd14bd7f
11-28 12:45:01.459 13659 13673 E IMGMapper: set:488 set: Unset optional value from type SMPTE2086
11-28 12:45:01.459 13659 13673 E IMGMapper: set:488 set: Unset optional value from type CTA861_3
