11-28 12:44:09.648  1737  1795 E IMGMapper: set:488 set: Unset optional value from type SMPTE2086
11-28 12:44:09.648  1737  1795 E IMGMapper: set:488 set: Unset optional value from type CTA861_3
11-28 12:44:09.665  1737  1795 E IMGMapper: set:488 set: Unset optional value from type SMPTE2086
11-28 12:44:09.665  1737  1795 E IMGMapper: set:488 set: Unset optional value from type CTA861_3
11-28 12:44:09.681  1737  1795 E IMGMapper: set:488 set: Unset optional value from type SMPTE2086
11-28 12:44:09.682  1737  1795 E IMGMapper: set:488 set: Unset optional value from type CTA861_3
11-28 12:44:09.698  1737  1795 E IMGMapper: set:488 set: Unset optional value from type SMPTE2086
11-28 12:44:09.698  1737  1795 E IMGMapper: set:488 set: Unset optional value from type CTA861_3
11-28 12:44:09.714  1737  1795 E IMGMapper: set:488 set: Unset optional value from type SMPTE2086
11-28 12:44:09.714  1737  1795 E IMGMapper: set:488 set: Unset optional value from type CTA861_3
11-28 12:44:09.731  1737  1795 E IMGMapper: set:488 set: Unset optional value from type SMPTE2086
11-28 12:44:09.731  1737  1795 E IMGMapper: set:488 set: Unset optional value from type CTA861_3
11-28 12:44:09.748  1737  1795 E IMGMapper: set:488 set: Unset optional value from type SMPTE2086
11-28 12:44:09.748  1737  1795 E IMGMapper: set:488 set: Unset optional value from type CTA861_3
11-28 12:44:09.765  1737  1795 E IMGMapper: set:488 set: Unset optional value from type SMPTE2086
11-28 12:44:09.765  1737  1795 E IMGMapper: set:488 set: Unset optional value from type CTA861_3
11-28 12:44:09.781  1737  1795 E IMGMapper: set:488 set: Unset optional value from type SMPTE2086
11-28 12:44:09.781  1737  1795 E IMGMapper: set:488 set: Unset optional value from type CTA861_3
11-28 12:44:09.799  1737  1795 E IMGMapper: set:488 set: Unset optional value from type SMPTE2086
11-28 12:44:09.799  1737  1795 E IMGMapper: set:488 set: Unset optional value from type CTA861_3
11-28 12:44:09.816  1737  1795 E IMGMapper: set:488 set: Unset optional value from type SMPTE2086
11-28 12:44:09.816  1737  1795 E IMGMapper: set:488 set: Unset optional value from type CTA861_3
11-28 12:44:09.826  1011  1106 I Light   : light data = 11.000000 .
11-28 12:44:09.832  1737  1795 E IMGMapper: set:488 set: Unset optional value from type SMPTE2086
11-28 12:44:09.833  1737  1795 E IMGMapper: set:488 set: Unset optional value from type CTA861_3
11-28 12:44:09.849  1737  1795 E IMGMapper: set:488 set: Unset optional value from type SMPTE2086
11-28 12:44:09.849  1737  1795 E IMGMapper: set:488 set: Unset optional value from type CTA861_3
11-28 12:44:09.852 23825 14546 I NearbySharing: Network state changed: NetworkState(isRestricted=false, isOnline=true, isCongested=false, isMetered=false, isWifiConnected=true)
11-28 12:44:09.865  1737  1795 E IMGMapper: set:488 set: Unset optional value from type SMPTE2086
11-28 12:44:09.866  1737  1795 E IMGMapper: set:488 set: Unset optional value from type CTA861_3
11-28 12:44:09.871  1341  1532 D InputReader: Btn_touch(1): value=1 when=337611.290980
11-28 12:44:09.871  1341  1532 I InputReader: Touch event's action is 0x0 (id=5, t=0) [pCnt=1, s=0.42634 ] when=337611.290980
11-28 12:44:09.872  1341  1531 I InputDispatcher: Delivering touch to (1737): action: 0x4, f=0x0, d=0, 'ab6e286', t=1 
11-28 12:44:09.872  1341  1531 I InputDispatcher: Delivering touch to (1737): action: 0x0, f=0x0, d=0, '724ac9e', t=1 
11-28 12:44:09.872  1737  1737 I ViewRootImpl@a308e6[NotificationShade]: ViewPostIme pointer 0
11-28 12:44:09.873  1341  1368 I GestureDetector: obtain mCurrentDownEvent. id: 805570874 caller: com.android.server.wm.SystemGesturesPointerEventListener.onPointerEvent:203 com.android.server.wm.PointerEventDispatcher.onInputEvent:53 android.view.InputEventReceiver.dispatchInputEvent:285 
11-28 12:44:09.873  1341  1368 I GestureDetector: obtain mCurrentDownEvent. id: 805570874 caller: com.android.server.wm.SystemPerformancePointerEventListener.onPointerEvent:89 com.android.server.wm.PointerEventDispatcher.onInputEvent:53 android.view.InputEventReceiver.dispatchInputEvent:285 
11-28 12:44:09.873  1737  1737 D SecPanelLogger: PanelView.dispatchTouchEvent() MotionEvent { action=ACTION_DOWN, actionButton=0, id[0]=0, x[0]=340.52704, y[0]=1594.0038, toolType[0]=TOOL_TYPE_FINGER, buttonState=0, classification=NONE, metaState=0, flags=0x0, edgeFlags=0x0, pointerCount=1, historySize=0, eventTime=337611290, downTime=337611290, deviceId=5, source=0x1002, displayId=0, eventId=805570874 } |  StatusBarState:KEYGUARD
11-28 12:44:09.873  1737  1737 D SecPanelLogger: NPVC InterceptTouch(ACTION_DOWN) (mQsExpansionEnabledPolicy:true && mQsExpansionEnabledAmbient:true && !isRemoteInputActive:true) |  StatusBarState:KEYGUARD
11-28 12:44:09.874  1737  1737 I DymLock|DynamicLockContainer: isTouchOnItemViewArea() false
11-28 12:44:09.874  1737  1737 I DymLock|BaseLockContainer: isIntercepting() false
11-28 12:44:09.874  1737  1737 D KeyguardTouchBase: setIntercept true
11-28 12:44:09.875  1737  1737 D KeyguardTouchAnimator: intercepted: action=0 mQsExpanded=false, mQsFullyExpanded=false
11-28 12:44:09.875  1737  1737 D SecPanelLogger: NPVC onTouch(ACTION_DOWN)  |  StatusBarState:KEYGUARD
11-28 12:44:09.877  1341  2064 I ActivityManager: Changes in 10051 19 to 5, 0 to 8
11-28 12:44:09.881  1341  1368 I GestureDetector: obtain mCurrentMotionEventRaw. action: 2 id: 466175539
11-28 12:44:09.881  1341  1368 I GestureDetector: obtain mCurrentMotionEventRaw. action: 2 id: 466175539
11-28 12:44:09.887  1737  1737 D BaseAnimator: mNonSwipeMode: 0x00000000
11-28 12:44:09.887  1737  1737 I GestureDetector: obtain mCurrentDownEvent. id: 805570874 caller: com.android.systemui.keyguard.animator.KeyguardTouchAnimator.onTouchEvent:191 com.android.systemui.statusbar.phone.NotificationPanelViewController$20.onTouch:6096 android.view.View.dispatchTouchEvent:15540 
11-28 12:44:09.887  1737  1737 D KeyguardTouchBase: setTouch true
11-28 12:44:09.887  1737  1737 D KeyguardTouchDymLockInjector: initDynamicLock mIsDynamicLockEnabled: true
11-28 12:44:09.887  1737  1737 D KeyguardTouchDymLockInjector: mNonSwipeMode: 0x00000000
11-28 12:44:09.888  1737  1737 D KeyguardUpdateMonitor: isUserUnlocked userId:0, unlocked:true
11-28 12:44:09.888  1737  1737 D KeyguardSecBottomAreaView: mCanIndicationAreaUpdate set to true
11-28 12:44:09.892  1737  1737 D SecPanelLogger: PanelView.dispatchTouchEvent() MotionEvent { action=ACTION_MOVE, actionButton=0, id[0]=0, x[0]=340.52704, y[0]=1594.0038, toolType[0]=TOOL_TYPE_FINGER, buttonState=0, classification=NONE, metaState=0, flags=0x0, edgeFlags=0x0, pointerCount=1, historySize=1, eventTime=337611305, downTime=337611290, deviceId=5, source=0x1002, displayId=0, eventId=466175539 } |  StatusBarState:KEYGUARD
11-28 12:44:09.892  1737  1737 D SecPanelLogger: NPVC onTouch(ACTION_MOVE)  |  StatusBarState:KEYGUARD
11-28 12:44:09.892  1737  1737 I GestureDetector: obtain mCurrentMotionEventRaw. action: 2 id: 466175539
11-28 12:44:09.893  1341  2064 D PowerManagerService: [api] userActivity : event: 0 flags: 0 (uid: 10044 pid: 1737) eventTime = 337611312 displayId = 0
11-28 12:44:09.893  1737  1795 E IMGMapper: set:488 set: Unset optional value from type SMPTE2086
11-28 12:44:09.893  1737  1737 D KeyguardEditModeAnimatorController: actionMove false
11-28 12:44:09.893  1737  1795 E IMGMapper: set:488 set: Unset optional value from type CTA861_3
11-28 12:44:09.899  1737  1795 E IMGMapper: set:488 set: Unset optional value from type SMPTE2086
11-28 12:44:09.899  1737  1795 E IMGMapper: set:488 set: Unset optional value from type CTA861_3
11-28 12:44:09.908  1737  1737 D KeyguardEditModeAnimatorController: actionMove false
11-28 12:44:09.914  1737  1795 E IMGMapper: set:488 set: Unset optional value from type SMPTE2086
11-28 12:44:09.914  1737  1795 E IMGMapper: set:488 set: Unset optional value from type CTA861_3
11-28 12:44:09.916   529   529 D io_stats: !@ 179,0 r 7339418 151180787 w 4340899 33699064 d 102594 20210056 f 0 0 iot 11939112 0 th 0 0 0 pt 0 inp 0 0 337611.335
11-28 12:44:09.925  1737  1737 D KeyguardEditModeAnimatorController: actionMove false
11-28 12:44:09.930  1737  1795 E IMGMapper: set:488 set: Unset optional value from type SMPTE2086
11-28 12:44:09.930  1737  1795 E IMGMapper: set:488 set: Unset optional value from type CTA861_3
11-28 12:44:09.942  1737  1737 D KeyguardEditModeAnimatorController: actionMove false
11-28 12:44:09.947  1737  1795 E IMGMapper: set:488 set: Unset optional value from type SMPTE2086
11-28 12:44:09.947  1737  1795 E IMGMapper: set:488 set: Unset optional value from type CTA861_3
11-28 12:44:09.959  1737  1737 D KeyguardEditModeAnimatorController: actionMove false
11-28 12:44:09.963  1737  1795 E IMGMapper: set:488 set: Unset optional value from type SMPTE2086
11-28 12:44:09.963  1737  1795 E IMGMapper: set:488 set: Unset optional value from type CTA861_3
11-28 12:44:09.964  1341  1532 D InputReader: Btn_touch(1): value=0 when=337611.383966
11-28 12:44:09.964  1341  1532 I InputReader: Touch event's action is 0x1 (id=5, t=0) [pCnt=1, s=] when=337611.383966
11-28 12:44:09.965  1341  1531 I InputDispatcher: Delivering touch to (1737): action: 0x1, f=0x0, d=0, '724ac9e', t=1 
11-28 12:44:09.965  1737  1737 I ViewRootImpl@a308e6[NotificationShade]: ViewPostIme pointer 1
11-28 12:44:09.965  1737  1737 D SecPanelLogger: PanelView.dispatchTouchEvent() MotionEvent { action=ACTION_UP, actionButton=0, id[0]=0, x[0]=340.52704, y[0]=1594.0038, toolType[0]=TOOL_TYPE_FINGER, buttonState=0, classification=NONE, metaState=0, flags=0x0, edgeFlags=0x0, pointerCount=1, historySize=0, eventTime=337611383, downTime=337611290, deviceId=5, source=0x1002, displayId=0, eventId=74940011 } |  StatusBarState:KEYGUARD
11-28 12:44:09.965  1737  1737 D SecPanelLogger: NPVC onTouch(ACTION_UP)  |  StatusBarState:KEYGUARD
11-28 12:44:09.973  1737  1737 I DymLock|BaseAnimator: up: null, mDistance[0,000000] mSwipeUnlockRadius[360] mIsMultiTouch[false] isAnimationRunning[false] mIsFullScreenModeEnabled[false] grayZone[true] mTouchSlop[16]
11-28 12:44:09.973  1737  1737 D KeyguardTouchAnimator: onTouchEvent event=1 distance=0.0 dismissAmount=0.0
11-28 12:44:09.973  1737  1737 D KeyguardTouchBase: setIntercept false
11-28 12:44:09.973  1737  1737 D KeyguardEditModeAnimatorController: long pressed false
11-28 12:44:09.973  1737  1737 D KeyguardEditModeAnimatorController: actionUpOrCancel
11-28 12:44:09.973  1737  1737 D KeyguardEditModeAnimatorController: cancel()
11-28 12:44:09.973  1737  1737 D KeyguardTouchAnimator: resetChildViewVI(): false
11-28 12:44:09.974  1737  1737 D KeyguardTouchAnimator: showTapAffordanceAnimation
11-28 12:44:09.974  1737  1737 D KeyguardTouchAnimator: onTouchEvent T=16, D=0.0/0.0, R=360, W=null, M=5
11-28 12:44:09.975  1341  2064 D PowerManagerService: [api] userActivity : event: 0 flags: 0 (uid: 10044 pid: 1737) eventTime = 337611394 displayId = 0
11-28 12:44:09.976  1737  1737 D KeyguardTouchBase: setTouch false
11-28 12:44:09.976  1737  1737 D KeyguardTouchDymLockInjector: resetDynamicLock mIsDynamicLockEnabled: true
11-28 12:44:09.981  1737  1795 E IMGMapper: set:488 set: Unset optional value from type SMPTE2086
11-28 12:44:09.981  1737  1795 E IMGMapper: set:488 set: Unset optional value from type CTA861_3
11-28 12:44:10.002  1737  1795 E IMGMapper: set:488 set: Unset optional value from type SMPTE2086
11-28 12:44:10.002  1737  1795 E IMGMapper: set:488 set: Unset optional value from type CTA861_3
11-28 12:44:10.005  1341  1532 D InputReader: Btn_touch(1): value=1 when=337611.424462
11-28 12:44:10.005  1341  1532 I InputReader: Touch event's action is 0x0 (id=5, t=0) [pCnt=1, s=0.42635 ] when=337611.424462
11-28 12:44:10.005  1341  1531 I InputDispatcher: Delivering touch to (1737): action: 0x4, f=0x0, d=0, 'ab6e286', t=1 
11-28 12:44:10.005  1341  1531 I InputDispatcher: Delivering touch to (1737): action: 0x0, f=0x0, d=0, '724ac9e', t=1 
11-28 12:44:10.005  1737  1737 I ViewRootImpl@a308e6[NotificationShade]: ViewPostIme pointer 0
11-28 12:44:10.006  1341  1368 I GestureDetector: obtain mCurrentDownEvent. id: 56674366 caller: com.android.server.wm.SystemGesturesPointerEventListener.onPointerEvent:203 com.android.server.wm.PointerEventDispatcher.onInputEvent:53 android.view.InputEventReceiver.dispatchInputEvent:285 
11-28 12:44:10.006  1341  1368 I GestureDetector: obtain mCurrentDownEvent. id: 56674366 caller: com.android.server.wm.SystemPerformancePointerEventListener.onPointerEvent:89 com.android.server.wm.PointerEventDispatcher.onInputEvent:53 android.view.InputEventReceiver.dispatchInputEvent:285 
11-28 12:44:10.006  1737  1737 D SecPanelLogger: PanelView.dispatchTouchEvent() MotionEvent { action=ACTION_DOWN, actionButton=0, id[0]=0, x[0]=422.41333, y[0]=1408.12, toolType[0]=TOOL_TYPE_FINGER, buttonState=0, classification=NONE, metaState=0, flags=0x0, edgeFlags=0x0, pointerCount=1, historySize=0, eventTime=337611424, downTime=337611424, deviceId=5, source=0x1002, displayId=0, eventId=56674366 } |  StatusBarState:KEYGUARD
11-28 12:44:10.006  1737  1737 D SecPanelLogger: NPVC InterceptTouch(ACTION_DOWN) (mQsExpansionEnabledPolicy:true && mQsExpansionEnabledAmbient:true && !isRemoteInputActive:true) |  StatusBarState:KEYGUARD
11-28 12:44:10.007  1737  1737 I DymLock|DynamicLockContainer: isTouchOnItemViewArea() false
11-28 12:44:10.007  1737  1737 I DymLock|BaseLockContainer: isIntercepting() false
11-28 12:44:10.007  1737  1737 D KeyguardTouchBase: setIntercept true
11-28 12:44:10.008  1737  1737 D KeyguardTouchAnimator: intercepted: action=0 mQsExpanded=false, mQsFullyExpanded=false
11-28 12:44:10.008  1737  1737 D SecPanelLogger: NPVC onTouch(ACTION_DOWN)  |  StatusBarState:KEYGUARD
11-28 12:44:10.015  1341  1368 I GestureDetector: obtain mCurrentMotionEventRaw. action: 2 id: 164895368
11-28 12:44:10.015  1341  1368 I GestureDetector: obtain mCurrentMotionEventRaw. action: 2 id: 164895368
11-28 12:44:10.016  1737  1737 D BaseAnimator: mNonSwipeMode: 0x00000000
11-28 12:44:10.017  1737  1737 I GestureDetector: obtain mCurrentDownEvent. id: 56674366 caller: com.android.systemui.keyguard.animator.KeyguardTouchAnimator.onTouchEvent:191 com.android.systemui.statusbar.phone.NotificationPanelViewController$20.onTouch:6096 android.view.View.dispatchTouchEvent:15540 
11-28 12:44:10.017  1737  1737 D KeyguardTouchBase: setTouch true
11-28 12:44:10.017  1737  1737 D KeyguardTouchDymLockInjector: initDynamicLock mIsDynamicLockEnabled: true
11-28 12:44:10.017  1737  1737 D KeyguardTouchDymLockInjector: mNonSwipeMode: 0x00000000
11-28 12:44:10.017  1737  1737 D KeyguardUpdateMonitor: isUserUnlocked userId:0, unlocked:true
11-28 12:44:10.017  1737  1737 D KeyguardEditModeAnimatorController: actionDown editMode(false)
11-28 12:44:10.025  1737  1737 D SecPanelLogger: PanelView.dispatchTouchEvent() MotionEvent { action=ACTION_MOVE, actionButton=0, id[0]=0, x[0]=422.41333, y[0]=1408.12, toolType[0]=TOOL_TYPE_FINGER, buttonState=0, classification=NONE, metaState=0, flags=0x0, edgeFlags=0x0, pointerCount=1, historySize=1, eventTime=337611438, downTime=337611424, deviceId=5, source=0x1002, displayId=0, eventId=164895368 } |  StatusBarState:KEYGUARD
11-28 12:44:10.025  1737  1737 D SecPanelLogger: NPVC onTouch(ACTION_MOVE)  |  StatusBarState:KEYGUARD
11-28 12:44:10.025  1737  1737 I GestureDetector: obtain mCurrentMotionEventRaw. action: 2 id: 164895368
11-28 12:44:10.025  1737  1737 D KeyguardEditModeAnimatorController: actionMove false
11-28 12:44:10.026  1011  1106 I Light   : light data = 12.000000 .
11-28 12:44:10.027  1737  1795 E IMGMapper: set:488 set: Unset optional value from type SMPTE2086
11-28 12:44:10.027  1737  1795 E IMGMapper: set:488 set: Unset optional value from type CTA861_3
11-28 12:44:10.037  1737  1795 E IMGMapper: set:488 set: Unset optional value from type SMPTE2086
11-28 12:44:10.037  1737  1795 E IMGMapper: set:488 set: Unset optional value from type CTA861_3
11-28 12:44:10.042  1737  1737 D KeyguardEditModeAnimatorController: actionMove false
11-28 12:44:10.051  1737  1795 E IMGMapper: set:488 set: Unset optional value from type SMPTE2086
11-28 12:44:10.051  1737  1795 E IMGMapper: set:488 set: Unset optional value from type CTA861_3
11-28 12:44:10.055  1018  1018 I thermal_repeater: socket -1
11-28 12:44:10.059  1737  1737 D KeyguardEditModeAnimatorController: actionMove false
11-28 12:44:10.059  1737  1737 D KeyguardEditModeAnimatorController: long pressed false
11-28 12:44:10.059  1737  1737 D KeyguardEditModeAnimatorController: cancel edit mode touchSlop=18, distance=47.33084
11-28 12:44:10.059  1737  1737 D KeyguardEditModeAnimatorController: cancel()
11-28 12:44:10.059  1737  1737 D KeyguardEditModeAnimatorController: longPressJob?.cancel
11-28 12:44:10.069  1737  1795 E IMGMapper: set:488 set: Unset optional value from type SMPTE2086
11-28 12:44:10.069  1737  1795 E IMGMapper: set:488 set: Unset optional value from type CTA861_3
11-28 12:44:10.075  1737  1737 D KeyguardEditModeAnimatorController: actionMove false
11-28 12:44:10.075  1737  1737 D KeyguardEditModeAnimatorController: long pressed false
11-28 12:44:10.075  1737  1737 D KeyguardEditModeAnimatorController: cancel edit mode touchSlop=18, distance=111.97859
11-28 12:44:10.075  1737  1737 D KeyguardEditModeAnimatorController: cancel()
11-28 12:44:10.085  1737  1795 E IMGMapper: set:488 set: Unset optional value from type SMPTE2086
11-28 12:44:10.085  1737  1795 E IMGMapper: set:488 set: Unset optional value from type CTA861_3
11-28 12:44:10.092  1737  1737 D KeyguardEditModeAnimatorController: actionMove false
11-28 12:44:10.092  1737  1737 D KeyguardEditModeAnimatorController: long pressed false
11-28 12:44:10.092  1737  1737 D KeyguardEditModeAnimatorController: cancel edit mode touchSlop=18, distance=189.62302
11-28 12:44:10.092  1737  1737 D KeyguardEditModeAnimatorController: cancel()
11-28 12:44:10.101  1737  1795 E IMGMapper: set:488 set: Unset optional value from type SMPTE2086
11-28 12:44:10.101  1737  1795 E IMGMapper: set:488 set: Unset optional value from type CTA861_3
11-28 12:44:10.109  1737  1737 D KeyguardEditModeAnimatorController: actionMove false
11-28 12:44:10.109  1737  1737 D KeyguardEditModeAnimatorController: long pressed false
11-28 12:44:10.109  1737  1737 D KeyguardEditModeAnimatorController: cancel edit mode touchSlop=18, distance=260.46402
11-28 12:44:10.109  1737  1737 D KeyguardEditModeAnimatorController: cancel()
11-28 12:44:10.117  1737  1795 E IMGMapper: set:488 set: Unset optional value from type SMPTE2086
11-28 12:44:10.117  1737  1795 E IMGMapper: set:488 set: Unset optional value from type CTA861_3
11-28 12:44:10.125  1737  1737 I DymLock|BaseLockContainer: isIntercepting() false
11-28 12:44:10.125  1737  1737 D KeyguardEditModeAnimatorController: actionMove false
11-28 12:44:10.125  1737  1737 D KeyguardEditModeAnimatorController: long pressed false
11-28 12:44:10.126  1737  1737 D KeyguardEditModeAnimatorController: cancel edit mode touchSlop=18, distance=318.05582
11-28 12:44:10.126  1737  1737 D KeyguardEditModeAnimatorController: cancel()
11-28 12:44:10.127  1737  1737 D KeyguardTouchAnimator: restoreTapAffordanceAnimation
11-28 12:44:10.131   747 15927 I mtkpower_client: perf_lock_rel, hdl:51922, tid:15927
11-28 12:44:10.132   747 15927 I mtkpower_client: perf_lock_rel, hdl:51923, tid:15927
11-28 12:44:10.132   750   798 I libPowerHal: [perfLockRel] hdl:51922, idx:1
11-28 12:44:10.132   750   798 I libPowerHal: vendor.samsung.: cpu_ctrl set cpu freq: 1879000 -1 -1 -1
11-28 12:44:10.133   750   798 I libPowerHal: [perfLockRel] hdl:51923, idx:2
11-28 12:44:10.133   747 15927 I HYPER-HAL: [RequestManager.cpp]releaseLocked(): Released ID : 928224
11-28 12:44:10.133   750   798 I libPowerHal: vendor.samsung.: cpu_ctrl set cpu freq: -1 -1 -1 -1
11-28 12:44:10.135  1737  1795 E IMGMapper: set:488 set: Unset optional value from type SMPTE2086
11-28 12:44:10.135  1737  1795 E IMGMapper: set:488 set: Unset optional value from type CTA861_3
11-28 12:44:10.142  1737  1737 D KeyguardEditModeAnimatorController: actionMove false
11-28 12:44:10.142  1737  1737 D KeyguardEditModeAnimatorController: long pressed false
11-28 12:44:10.142  1737  1737 D KeyguardEditModeAnimatorController: cancel edit mode touchSlop=18, distance=368.45062
11-28 12:44:10.142  1737  1737 D KeyguardEditModeAnimatorController: cancel()
11-28 12:44:10.147  1737  1795 E IMGMapper: set:488 set: Unset optional value from type SMPTE2086
11-28 12:44:10.148  1737  1795 E IMGMapper: set:488 set: Unset optional value from type CTA861_3
11-28 12:44:10.159  1737  1737 D KeyguardEditModeAnimatorController: actionMove false
11-28 12:44:10.159  1737  1737 D KeyguardEditModeAnimatorController: long pressed false
11-28 12:44:10.159  1737  1737 D KeyguardEditModeAnimatorController: cancel edit mode touchSlop=18, distance=418.47864
11-28 12:44:10.159  1737  1737 D KeyguardEditModeAnimatorController: cancel()
11-28 12:44:10.165  1737  1795 E IMGMapper: set:488 set: Unset optional value from type SMPTE2086
11-28 12:44:10.165  1737  1795 E IMGMapper: set:488 set: Unset optional value from type CTA861_3
11-28 12:44:10.175  1737  1737 D KeyguardEditModeAnimatorController: actionMove false
11-28 12:44:10.176  1737  1737 D KeyguardEditModeAnimatorController: long pressed false
11-28 12:44:10.176  1737  1737 D KeyguardEditModeAnimatorController: cancel edit mode touchSlop=18, distance=557.7181
11-28 12:44:10.176  1737  1737 D KeyguardEditModeAnimatorController: cancel()
11-28 12:44:10.180  1341  1532 D InputReader: Btn_touch(1): value=0 when=337611.599718
11-28 12:44:10.180  1341  1532 I InputReader: Touch event's action is 0x1 (id=5, t=0) [pCnt=1, s=] when=337611.599718
11-28 12:44:10.181  1341  1531 I InputDispatcher: Delivering touch to (1737): action: 0x1, f=0x0, d=0, '724ac9e', t=1 
11-28 12:44:10.181  1737  1795 E IMGMapper: set:488 set: Unset optional value from type SMPTE2086
11-28 12:44:10.181  1737  1795 E IMGMapper: set:488 set: Unset optional value from type CTA861_3
11-28 12:44:10.182  1737  1737 D KeyguardEditModeAnimatorController: actionMove false
11-28 12:44:10.182  1737  1737 D KeyguardEditModeAnimatorController: long pressed false
11-28 12:44:10.182  1737  1737 D KeyguardEditModeAnimatorController: cancel edit mode touchSlop=18, distance=584.28516
11-28 12:44:10.182  1737  1737 D KeyguardEditModeAnimatorController: cancel()
11-28 12:44:10.182  1341  1341 I SemDvfsHyPerManager: acquire hyper - SMOOTH_SCROLL/1341@2, type = -999
11-28 12:44:10.182  1737  1737 I ViewRootImpl@a308e6[NotificationShade]: ViewPostIme pointer 1
11-28 12:44:10.182   747   781 I HYPER-HAL: [RequestManager.cpp]acquire(): Acquired ID : 902498  [1341 / 2]    HINT : SMOOTH_SCROLL    list : 
11-28 12:44:10.183  1737  1737 D SecPanelLogger: PanelView.dispatchTouchEvent() MotionEvent { action=ACTION_UP, actionButton=0, id[0]=0, x[0]=669.07074, y[0]=878.451, toolType[0]=TOOL_TYPE_FINGER, buttonState=0, classification=NONE, metaState=0, flags=0x0, edgeFlags=0x0, pointerCount=1, historySize=0, eventTime=337611599, downTime=337611424, deviceId=5, source=0x1002, displayId=0, eventId=531012977 } |  StatusBarState:KEYGUARD
11-28 12:44:10.183  1737  1737 D SecPanelLogger: NPVC onTouch(ACTION_UP)  |  StatusBarState:KEYGUARD
11-28 12:44:10.183   747   781 I mtkpower_client: perf_lock_acq, hdl:0, dur:0, num:2, tid:781
11-28 12:44:10.183  1737  1737 I DymLock|BaseAnimator: up: null, mDistance[583,401234] mSwipeUnlockRadius[360] mIsMultiTouch[false] isAnimationRunning[false] mIsFullScreenModeEnabled[false] grayZone[false] mTouchSlop[16]
11-28 12:44:10.183  1341  1341 D SGM:GameManager: identifyGamePackage. com.excell44.educam.debug, mCurrentUserId: 0, callerUserId: 0, callingMethodInfo: com.android.server.ssrm.fgapps.GameAppUtils.isGame(GameAppUtils.java:84)
11-28 12:44:10.183  1341  1341 D SGM:PkgDataHelper: getGamePkgData(). com.excell44.educam.debug
11-28 12:44:10.183  1341  1341 I SemDvfsHyPerManager: acquire hyper - GESTURE_DETECTED/1341@22, type = -999
11-28 12:44:10.183   747   781 I mtkpower_client: ret_hdl:51924
11-28 12:44:10.183   747   781 I mtkpower_client: perf_lock_acq, hdl:0, dur:0, num:2, tid:781
11-28 12:44:10.184   750   798 I libPowerHal: [perfLockAcq] idx:1 hdl:51924 hint:-1 pid:747 duration:0 lock_user:vendor.samsung. => ret_hdl:51924
11-28 12:44:10.184   750   798 I libPowerHal: vendor.samsung.: cpu_ctrl set cpu freq: -1 -1 1138000 -1
11-28 12:44:10.184  1737  1737 I DymLock|DynamicLockContainer: onNonSwipeEnded() UNLOCKED
11-28 12:44:10.184  1737  1737 D KeyguardTouchAnimator: onTouchEvent event=1 distance=584.28516 dismissAmount=0.0
11-28 12:44:10.184  1737  1737 D KeyguardTouchBase: setIntercept false
11-28 12:44:10.184  1737  1737 D KeyguardEditModeAnimatorController: long pressed false
11-28 12:44:10.184  1737  1737 D KeyguardEditModeAnimatorController: actionUpOrCancel
11-28 12:44:10.184  1737  1737 D KeyguardEditModeAnimatorController: cancel()
11-28 12:44:10.184  1737  1737 D KeyguardTouchAnimator: onTouchEvent T=16, D=584.28516/0.0, R=360, W=null, M=11
11-28 12:44:10.184   747   781 I mtkpower_client: ret_hdl:51925
11-28 12:44:10.184   747   781 I mtkpower_client: perf_lock_rel, hdl:51924, tid:781
11-28 12:44:10.184  1341  1341 D SGM:GameManager: identifyGamePackage. com.excell44.educam.debug, mCurrentUserId: 0, callerUserId: 0, callingMethodInfo: com.android.server.ssrm.fgapps.GameAppUtils.isGame(GameAppUtils.java:84)
11-28 12:44:10.184  1341  1341 D SGM:PkgDataHelper: getGamePkgData(). com.excell44.educam.debug
11-28 12:44:10.184   750   798 I libPowerHal: [perfLockAcq] idx:2 hdl:51925 hint:-1 pid:747 duration:0 lock_user:vendor.samsung. => ret_hdl:51925
11-28 12:44:10.184  1341  1341 I SemDvfsHyPerManager: acquire hyper - GESTURE_DETECTED/1341@22, type = -999
11-28 12:44:10.185   750   798 I libPowerHal: vendor.samsung.: cpu_ctrl set cpu freq: 1218000 -1 1138000 -1
11-28 12:44:10.185  1341  1358 D PowerManagerService: [api] userActivity : event: 0 flags: 0 (uid: 10044 pid: 1737) eventTime = 337611604 displayId = 0
11-28 12:44:10.185   747   781 I mtkpower_client: perf_lock_rel, hdl:51925, tid:781
11-28 12:44:10.185  1737  1737 D KeyguardEditModeAnimatorController: long pressed false
11-28 12:44:10.185   747   781 I HYPER-HAL: [RequestManager.cpp]releaseLocked(): Released ID : 902498
11-28 12:44:10.185   747   781 I HYPER-HAL: [RequestManager.cpp]acquire(): Acquired ID : 929588  [1341 / 22]    HINT : GESTURE_DETECTED    list : [TIMEOUT / 1813] 
11-28 12:44:10.185  1737  1737 I KeyguardTouchBase: unlockExecute()
11-28 12:44:10.185   750   798 I libPowerHal: [perfLockRel] hdl:51924, idx:1
11-28 12:44:10.186  1737  1737 D KeyguardTouchBase: setTouch false
11-28 12:44:10.186  1737  1737 D KeyguardTouchDymLockInjector: resetDynamicLock mIsDynamicLockEnabled: true
11-28 12:44:10.186   750   798 I libPowerHal: vendor.samsung.: cpu_ctrl set cpu freq: 1218000 -1 -1 -1
11-28 12:44:10.186   747   781 I mtkpower_client: perf_lock_acq, hdl:0, dur:0, num:2, tid:781
11-28 12:44:10.186   750   798 I libPowerHal: [perfLockRel] hdl:51925, idx:2
11-28 12:44:10.187   750   798 I libPowerHal: vendor.samsung.: cpu_ctrl set cpu freq: -1 -1 -1 -1
11-28 12:44:10.187   747   781 I mtkpower_client: ret_hdl:51926
11-28 12:44:10.187   747   781 I mtkpower_client: perf_lock_acq, hdl:0, dur:0, num:2, tid:781
11-28 12:44:10.187   750   798 I libPowerHal: [perfLockAcq] idx:1 hdl:51926 hint:-1 pid:747 duration:0 lock_user:vendor.samsung. => ret_hdl:51926
11-28 12:44:10.188   750   798 I libPowerHal: vendor.samsung.: cpu_ctrl set cpu freq: -1 -1 1138000 -1
11-28 12:44:10.188   747   781 I mtkpower_client: ret_hdl:51927
11-28 12:44:10.188   750   798 I libPowerHal: [perfLockAcq] idx:2 hdl:51927 hint:-1 pid:747 duration:0 lock_user:vendor.samsung. => ret_hdl:51927
11-28 12:44:10.188   747   781 I HYPER-HAL: [RequestManager.cpp]acquire(): Acquired ID : 929588  [1341 / 22]    HINT : GESTURE_DETECTED    list : [TIMEOUT / 1813] 
11-28 12:44:10.188   750   798 I libPowerHal: vendor.samsung.: cpu_ctrl set cpu freq: 1218000 -1 1138000 -1
11-28 12:44:10.193  1737  1737 D SecPanelLogger: makeExpandedInvisible() mExpandedVisible:true shouldBlockPanelCollapsing:false mNotificationShadeWindowView==null?false
11-28 12:44:10.193  1737  1737 D KeyguardSecAffordanceView: reset right:false
11-28 12:44:10.193  1737  1737 D KeyguardSecAffordanceView: reset right:true
11-28 12:44:10.194  1737  1737 I FaceWidgetPositionAlgorithm: getClockContainerHeight() supplier = 216, bottom margin = 48, real height = 584
11-28 12:44:10.194  1737  1737 I FaceWidgetPositionAlgorithm: getMediaContainerHeight() height = 0 container Visibility = 8, isValid = false, mIsDozing = false, fraction = 1.0, source = 0, target = 0
11-28 12:44:10.194  1737  1737 I FaceWidgetPositionAlgorithm: getMediaContainerHeight() supplier = 0
11-28 12:44:10.194  1737  1737 I FaceWidgetPositionAlgorithm: getClockContainerHeight() supplier = 216, bottom margin = 0, real height = 584
11-28 12:44:10.195  1737  1737 I FaceWidgetPositionAlgorithm: run() clockX = 0, clockY = 320, clockAlpha = -1.0, stackScrollerPadding(expand=false) = 584, centerAlignClockType = true, iconTypeTranslationY = 568, position List = [Point(0, 320), Point(0, 584), Point(0, 0)], clockContainerHeight = 264, mediaContainerHeight = 0, diffMarginBetweenDetailAndNIO = -16
11-28 12:44:10.195  1737  1737 D MultiSIMPreferredSlotBar: setExpanded : false mShowing : true
11-28 12:44:10.195  1737  1737 D MultiSIMController: unRegisterSimCardManagerCallback : mSimCardManagerService is null 
11-28 12:44:10.196  1737  1737 D MultiSIMPreferredSlotBar: setExpanded : false mShowing : true
11-28 12:44:10.196  1737  1737 D MultiSIMController: unRegisterSimCardManagerCallback : mSimCardManagerService is null 
11-28 12:44:10.196  1737  1737 D MultiSIMPreferredSlotBar: setExpanded : false mShowing : true
11-28 12:44:10.196  1737  1737 D MultiSIMController: unRegisterSimCardManagerCallback : mSimCardManagerService is null 
11-28 12:44:10.196  1737  1737 I FaceWidgetPositionAlgorithm: getClockContainerHeight() supplier = 216, bottom margin = 48, real height = 584
11-28 12:44:10.196  1737  1737 I FaceWidgetPositionAlgorithm: getMediaContainerHeight() height = 0 container Visibility = 8, isValid = false, mIsDozing = false, fraction = 1.0, source = 0, target = 0
11-28 12:44:10.196  1737  1737 I FaceWidgetPositionAlgorithm: getMediaContainerHeight() supplier = 0
11-28 12:44:10.197  1737  1737 I FaceWidgetPositionAlgorithm: getClockContainerHeight() supplier = 216, bottom margin = 0, real height = 584
11-28 12:44:10.197  1737  1737 D KeyguardTouchAnimator: reset unlockExecuted=true
11-28 12:44:10.198  1737  1737 D KeyguardEditModeAnimatorController: reset true
11-28 12:44:10.198  1737  1737 D KeyguardTouchAnimator: resetChildViewVI(): false
11-28 12:44:10.198  1737  1795 E IMGMapper: set:488 set: Unset optional value from type SMPTE2086
11-28 12:44:10.198  1737  1737 D KeyguardTouchDymLockInjector: resetDynamicLock mIsDynamicLockEnabled: false
11-28 12:44:10.198  1737  1795 E IMGMapper: set:488 set: Unset optional value from type CTA861_3
11-28 12:44:10.199  1737  1737 I FaceWidgetPositionAlgorithm: getClockContainerHeight() supplier = 216, bottom margin = 48, real height = 584
11-28 12:44:10.199  1737  1737 I FaceWidgetPositionAlgorithm: getMediaContainerHeight() height = 0 container Visibility = 8, isValid = false, mIsDozing = false, fraction = 1.0, source = 0, target = 0
11-28 12:44:10.199  1737  1737 I FaceWidgetPositionAlgorithm: getMediaContainerHeight() supplier = 0
11-28 12:44:10.199  1737  1737 I FaceWidgetPositionAlgorithm: getClockContainerHeight() supplier = 216, bottom margin = 0, real height = 584
11-28 12:44:10.200  1737  1737 I FaceWidgetPositionAlgorithm: run() clockX = 0, clockY = 320, clockAlpha = 1.0, stackScrollerPadding(expand=false) = 584, centerAlignClockType = true, iconTypeTranslationY = 568, position List = [Point(0, 320), Point(0, 584), Point(0, 0)], clockContainerHeight = 264, mediaContainerHeight = 0, diffMarginBetweenDetailAndNIO = -16
11-28 12:44:10.203  1737  1737 D SecQSFragmentAnimator_QSCinema: [panelExpanded:false] qsExpanded:false, qsFullyExpanded:false, qsExpansionPosition:0, qsExpandImmediate:false, qsCollapsingWhilePanelClosing:false &&&  panelExpansionFraction:1, panelExpansionDragDownPxAmount:644 ***   panelExpanded:true, panelExpanding:false %%%   barState:1, overScrolling:false, userId:-1, isRunningPanelOnHeightAnimation:false
11-28 12:44:10.203  1737  1737 D KeyguardVisible: go panelState: OPEN -> CLOSED tracking=false, expanded=true, fraction=1.0
11-28 12:44:10.204  1737  1737 D SecQpScrimControlHelper:  secVisible?false (scrimState:KEYGUARD) (1stFrc:0, 2ndFrc:0, drgDown:0, PanelEx:false)   (dlyGed:0, dlySec:0)   [N(0|ff43769a)-B(0|ff43769a)]   (expanded:false, tracking:false, qsBottomVisible:false) MassBlur(a:0.0   thm(a:1, rtEnabled:false) park(panel_on?false)   kgd(fw:false, gw:false, ocl:false)   (assetsSeq:16, themeSeq:1, uiMode:17)   GED[F(0|ff000000)-N(0|0)-B(0,|ff000000)-Duration:800], caller:onPanelExpansionChanged()
11-28 12:44:10.205  1737  1737 D KeyguardVisible: go panelState: CLOSED -> CLOSED tracking=false, expanded=false, fraction=0.0
11-28 12:44:10.205  8930 10713 I TouchInteractionService: onSystemUiStateChanged, stateFlags : 450 |overview_disabled|home_disabled|navbar_hidden|keygrd_visible|
11-28 12:44:10.205  8930  8930 I RecentsAnimationDeviceState: setSystemUiFlags, stateFlags : 450
11-28 12:44:10.205  8930  8930 I TouchInteractionService: onSystemUiFlagsChanged, lastSysUIFlags : 454
11-28 12:44:10.206  1737  1737 D SecQSFragmentAnimator_QSCinema: [panelExpansionFraction:0] qsExpanded:false, qsFullyExpanded:false, qsExpansionPosition:0, qsExpandImmediate:false, qsCollapsingWhilePanelClosing:false &&&  panelExpansionFraction:1, panelExpansionDragDownPxAmount:644 ***   panelExpanded:false, panelExpanding:false %%%   barState:1, overScrolling:false, userId:-1, isRunningPanelOnHeightAnimation:false
11-28 12:44:10.207  1737  1737 D SecQSFragmentAnimator_QSCinema: [panelExpansionDragDownPxAmount:0] qsExpanded:false, qsFullyExpanded:false, qsExpansionPosition:0, qsExpandImmediate:false, qsCollapsingWhilePanelClosing:false &&&  panelExpansionFraction:0, panelExpansionDragDownPxAmount:644 ***   panelExpanded:false, panelExpanding:false %%%   barState:1, overScrolling:false, userId:-1, isRunningPanelOnHeightAnimation:false
11-28 12:44:10.207  1737  1737 D PanelView: shouldPanelBeVisible false / headUpVisible=false, why=0
11-28 12:44:10.209  1737  1737 I FaceWidgetPositionAlgorithm: getClockContainerHeight() supplier = 216, bottom margin = 48, real height = 584
11-28 12:44:10.210  1737  1737 I FaceWidgetPositionAlgorithm: getMediaContainerHeight() height = 0 container Visibility = 8, isValid = false, mIsDozing = false, fraction = 1.0, source = 0, target = 0
11-28 12:44:10.210  1737  1737 I FaceWidgetPositionAlgorithm: getMediaContainerHeight() supplier = 0
11-28 12:44:10.210  1737  1737 I FaceWidgetPositionAlgorithm: getClockContainerHeight() supplier = 216, bottom margin = 0, real height = 584
11-28 12:44:10.211  1737  1737 D KeyguardSecurityView: showNextSecurityScreenOrFinish(false)
11-28 12:44:10.212  1737  1737 D SystemUIAnalytics: sendEventLog , , 2
11-28 12:44:10.212  1737  1737 D KeyguardViewBase: finish strongAuth=false, defer=false, userId=0
11-28 12:44:10.213  1737  1737 D KeyguardViewMediator: keyguardDone
11-28 12:44:10.213  1737  1737 D KeyguardViewMediator: tryKeyguardDone: pending - false, animRan - false animRunning - false
11-28 12:44:10.213  1737  1737 D KeyguardViewMediator: tryKeyguardDone: starting pre-hide animation
11-28 12:44:10.213  1737  1737 E KeyguardViewMediator: mHideAnimationFinishedRunnable#run
11-28 12:44:10.213  1737  1737 D KeyguardViewMediator: tryKeyguardDone: pending - false, animRan - true animRunning - false
11-28 12:44:10.213  1737  1737 I SemDvfsHyPerManager: acquire hyper - KEYGUARD_UNLOCK/1737@0, type = -999
11-28 12:44:10.214  1737  1737 D KeyguardUnlockInfo: 310105: None TRIGGER_SWIPE
11-28 12:44:10.214   747   781 I HYPER-HAL: [RequestManager.cpp]acquire(): Acquired ID : 1509453  [1737 / 0]    HINT : KEYGUARD_UNLOCK    list : [TIMEOUT / 1000] 
11-28 12:44:10.214  1737  1737 D KeyguardViewMediator: handleKeyguardDone
11-28 12:44:10.214  1737  1737 D KeyguardViewMediator: handleHide
11-28 12:44:10.214  1737  1737 D KeyguardViewMediator: keyguardGoingAway
11-28 12:44:10.214  1737  1737 D KeyguardVisible: onKeyguardGoingAwayChanged true
11-28 12:44:10.214   747   781 I mtkpower_client: perf_lock_rel, hdl:51927, tid:781
11-28 12:44:10.214   747   781 I mtkpower_client: perf_lock_acq, hdl:0, dur:0, num:2, tid:781
11-28 12:44:10.215   750   798 I libPowerHal: [perfLockRel] hdl:51927, idx:2
11-28 12:44:10.215   750   798 I libPowerHal: vendor.samsung.: cpu_ctrl set cpu freq: -1 -1 1138000 -1
11-28 12:44:10.215  1737  1737 D SecQpScrimControlHelper:  secVisible?false (scrimState:UNLOCKED) (1stFrc:0, 2ndFrc:0, drgDown:0, PanelEx:false)   (dlyGed:0, dlySec:0)   [N(0|ff43769a)-B(0|ff43769a)]   (expanded:false, tracking:false, qsBottomVisible:false) MassBlur(a:0.0   thm(a:1, rtEnabled:false) park(panel_on?false)   kgd(fw:false, gw:true, ocl:false)   (assetsSeq:16, themeSeq:1, uiMode:17)   GED[F(0|ff000000)-N(0|0)-B(0,|ff000000)-Duration:800], caller:transitionTo(state:UNLOCKED)
11-28 12:44:10.216   747   781 I mtkpower_client: ret_hdl:51928
11-28 12:44:10.216   750   798 I libPowerHal: [perfLockAcq] idx:2 hdl:51928 hint:-1 pid:747 duration:0 lock_user:vendor.samsung. => ret_hdl:51928
11-28 12:44:10.216   750   798 I libPowerHal: vendor.samsung.: cpu_ctrl set cpu freq: 1218000 -1 1138000 -1
11-28 12:44:10.216  1737  1737 D ScrimController: State changed to UNLOCKED, blankScreen=false, animation=-1
11-28 12:44:10.216  1737  1737 D KeyguardUpdateMonitor: setKeyguardGoingAway( false -> true )
11-28 12:44:10.216  1737  1737 D KeyguardUpdateMonitor: updateBiometricListeningState()
11-28 12:44:10.216  1737  1737 D KeyguardVisible: keyguardGoingAway true
11-28 12:44:10.217  1737  1737 D KeyguardViewMediator: keyguardGoingAway flags=0x0
11-28 12:44:10.217  1341  1358 D ActivityTaskManager: keyguardGoingAway, fl=0x0
11-28 12:44:10.217  1341  1358 W WindowManager: Prepare app transition: mNextAppTransitionRequests=[TRANSIT_KEYGUARD_GOING_AWAY], mNextAppTransitionFlags=, displayId: 0 Callers=com.android.server.wm.DisplayContent.prepareAppTransition:6479 com.android.server.wm.KeyguardController.keyguardGoingAway:318 com.android.server.wm.ActivityTaskManagerService.lambda$keyguardGoingAway$5:4344 com.android.server.wm.ActivityTaskManagerService.$r8$lambda$O7Y1K-N6p-Y3DCTl2XFOfUnAshk:0 com.android.server.wm.ActivityTaskManagerService$$ExternalSyntheticLambda8.accept:6 
11-28 12:44:10.218  1341  1358 D ActivityTaskManager: Top Process State changed to PROCESS_STATE_TOP
11-28 12:44:10.218  1737  1737 D CentralSurfaces: Received new disable state: enaiHbcRsokt.qingr (unchanged)
11-28 12:44:10.218  1341  1358 D MARsPolicyManager: onPackageResumedFG pkgName = com.excell44.educam.debug, userId = 0
11-28 12:44:10.219  1341  1358 W WindowManager: Prepare app transition: mNextAppTransitionRequests=[TRANSIT_KEYGUARD_GOING_AWAY, TRANSIT_OPEN], mNextAppTransitionFlags=, displayId: 0 Callers=com.android.server.wm.DisplayContent.prepareAppTransition:6479 com.android.server.wm.DisplayContent.prepareAppTransition:6470 com.android.server.wm.TaskFragment.resumeTopActivity:1583 com.android.server.wm.TaskFragment.resumeTopActivity:1307 com.android.server.wm.Task.resumeTopActivityInnerLocked:6449 
11-28 12:44:10.220  1341  1358 V WindowManager: Setting visibility of Window{5b0207e u0 com.excell44.educam.debug/com.excell44.educam.MainActivity}: true, caller=com.android.server.wm.WindowContainer.sendAppVisibilityToClients:1246 com.android.server.wm.WindowToken.setClientVisible:431 com.android.server.wm.ActivityRecord.setClientVisible:7689 com.android.server.wm.ActivityRecord.setVisibility:6089 com.android.server.wm.ActivityRecord.setVisibility:5982 
11-28 12:44:10.220 14731 14731 I ViewRootImpl@4a720a7[MainActivity]: handleAppVisibility mAppVisible = false visible = true
11-28 12:44:10.220  1341  1358 D ActivityTaskManager: scheduleTopResumedActivityChanged, onTop=true r=ActivityRecord{7aeff7 u0 com.excell44.educam.debug/com.excell44.educam.MainActivity} t350} caller=com.android.server.wm.ActivityTaskSupervisor.scheduleTopResumedActivityStateIfNeeded:2533 com.android.server.wm.ActivityTaskSupervisor.updateTopResumedActivityIfNeeded:2525 com.android.server.wm.TaskFragment.setResumedActivity:493 com.android.server.wm.TaskFragment.onActivityStateChanged:805 com.android.server.wm.ActivityRecord.setState:6403 com.android.server.wm.TaskFragment.resumeTopActivity:1629 
11-28 12:44:10.222  1737  1737 I FaceWidgetPositionAlgorithm: getClockContainerHeight() supplier = 216, bottom margin = 48, real height = 584
11-28 12:44:10.222  1737  1737 I FaceWidgetPositionAlgorithm: getMediaContainerHeight() height = 0 container Visibility = 8, isValid = false, mIsDozing = false, fraction = 1.0, source = 0, target = 0
11-28 12:44:10.222  1737  1737 I FaceWidgetPositionAlgorithm: getMediaContainerHeight() supplier = 0
11-28 12:44:10.222  1341  1358 D WindowManagerServiceExt: notifyOccludeChangeNotice: cn=ComponentInfo{com.excell44.educam.debug/com.excell44.educam.MainActivity} occludesParent=true inMultiWindow=false styleFloating=false caller=com.android.server.wm.WindowManagerServiceExt.updateOccludeTargetIfNeeded:1402 com.android.server.wm.DisplayContent.ensureActivitiesVisible:7518 com.android.server.wm.RootWindowContainer.ensureActivitiesVisible:2248 com.android.server.wm.RootWindowContainer.ensureVisibilityAndConfig:2126 com.android.server.wm.TaskFragment.resumeTopActivity:1652 
11-28 12:44:10.222  1737  1737 I FaceWidgetPositionAlgorithm: getMediaContainerHeight() height = 0 container Visibility = 8, isValid = false, mIsDozing = false, fraction = 1.0, source = 0, target = 0
11-28 12:44:10.222  1737  1737 I FaceWidgetPositionAlgorithm: getMediaContainerHeight() supplier = 0
11-28 12:44:10.222  1737  1737 I FaceWidgetPositionAlgorithm: getClockContainerHeight() supplier = 216, bottom margin = 0, real height = 584
11-28 12:44:10.222  1341  1358 V WindowManager: rotationForOrientation(orient=SCREEN_ORIENTATION_UNSPECIFIED (-1), last=ROTATION_0 (0)); user=ROTATION_0 (0) USER_ROTATION_LOCKED
11-28 12:44:10.223  1341  1358 D WindowManager: rotationForOrientation, orientationSource=ActivityRecord{7aeff7 u0 com.excell44.educam.debug/com.excell44.educam.MainActivity} t350}
11-28 12:44:10.223  1341  1358 V WindowManager: rotationForOrientation(orient=SCREEN_ORIENTATION_UNSPECIFIED (-1), last=ROTATION_0 (0)); user=ROTATION_0 (0) USER_ROTATION_LOCKED
11-28 12:44:10.223  1341  1358 D WindowManager: rotationForOrientation, orientationSource=ActivityRecord{7aeff7 u0 com.excell44.educam.debug/com.excell44.educam.MainActivity} t350}
11-28 12:44:10.223  1341  1370 D SGM:FgCheckThread: noteResumeComponent(), received pkgName: com.excell44.educam.debug, userId: 0
11-28 12:44:10.223  1341  1544 D SGM:FgCheckThread: onLooperPrepared(), msg: MSG_APP_RESUME, pkgName: com.excell44.educam.debug, userid: 0
11-28 12:44:10.223  1341  1544 D SGM:FgCheckThread: handleResume().
11-28 12:44:10.223  1341  1544 D SGM:FgCheckThread:   handleResume(). same package with Prev KILL_YOURSELF. ignore
11-28 12:44:10.223  1341  1358 V WindowManager: Computed rotation=ROTATION_0 (0) for display id=0 based on lastOrientation=SCREEN_ORIENTATION_UNSPECIFIED (-1) and oldRotation=ROTATION_0 (0), caller=com.android.server.wm.DisplayRotation.updateOrientation:414 com.android.server.wm.DisplayContent.updateOrientation:1981 com.android.server.wm.DisplayContent.updateOrientation:1882 com.android.server.wm.RootWindowContainer.ensureVisibilityAndConfig:2139 com.android.server.wm.TaskFragment.resumeTopActivity:1652 com.android.server.wm.TaskFragment.resumeTopActivity:1307 
11-28 12:44:10.224  1737  1737 I FaceWidgetPositionAlgorithm: getClockContainerHeight() supplier = 216, bottom margin = 48, real height = 584
11-28 12:44:10.224  1737  1737 I FaceWidgetPositionAlgorithm: getMediaContainerHeight() height = 0 container Visibility = 8, isValid = false, mIsDozing = false, fraction = 1.0, source = 0, target = 0
11-28 12:44:10.224  1737  1737 I FaceWidgetPositionAlgorithm: getMediaContainerHeight() supplier = 0
11-28 12:44:10.224  1737  1737 I FaceWidgetPositionAlgorithm: getClockContainerHeight() supplier = 216, bottom margin = 0, real height = 584
11-28 12:44:10.225  1341  1358 D TspStateManager: updateCustomValue customSetting=
11-28 12:44:10.225  1341  1358 V WindowManager: rotationForOrientation(orient=SCREEN_ORIENTATION_UNSPECIFIED (-1), last=ROTATION_0 (0)); user=ROTATION_0 (0) USER_ROTATION_LOCKED
11-28 12:44:10.225  1341  1358 D WindowManager: rotationForOrientation, orientationSource=ActivityRecord{7aeff7 u0 com.excell44.educam.debug/com.excell44.educam.MainActivity} t350}
11-28 12:44:10.226  1737  1737 D ScrimController: updateScrimColor main=0xfff0f0f3 front=0xfff0f0f3|0.000000|0 noti=0xfff0f0f3|0.000000|8 behind=0xff000000|0.000000|0 vis=0
11-28 12:44:10.226  1011  1106 I Light   : light data = 13.000000 .
11-28 12:44:10.227  1341  1358 D TspStateManager: updateCustomValue customSetting=
11-28 12:44:10.228  1341  1358 D CompatibilityChangeReporter: Compat change id reported: 181136395; UID 10399; state: DISABLED
11-28 12:44:10.228  1341  1358 D CompatibilityChangeReporter: Compat change id reported: 174042936; UID 10399; state: DISABLED
11-28 12:44:10.230  1737  1795 E IMGMapper: set:488 set: Unset optional value from type SMPTE2086
11-28 12:44:10.230  1737  1795 E IMGMapper: set:488 set: Unset optional value from type CTA861_3
11-28 12:44:10.230 14731 14731 I ViewRootImpl@4a720a7[MainActivity]: stopped(false) old = true
11-28 12:44:10.230 14731 14731 I ViewRootImpl@4a720a7[MainActivity]: WindowStopped on com.excell44.educam.debug/com.excell44.educam.MainActivity set to false
11-28 12:44:10.231  1341  1358 W WindowManager: Execute app transition: mNextAppTransitionRequests=[TRANSIT_KEYGUARD_GOING_AWAY, TRANSIT_OPEN], mNextAppTransitionFlags=, displayId: 0 Callers=com.android.server.wm.RootWindowContainer.executeAppTransitionForAllDisplay:2580 com.android.server.wm.ActivityTaskSupervisor.reportResumedActivityLocked:2285 com.android.server.wm.ActivityRecord.completeResumeLocked:6984 com.android.server.wm.TaskFragment.resumeTopActivity:1743 com.android.server.wm.TaskFragment.resumeTopActivity:1307 
11-28 12:44:10.233  1341  1358 W WindowManager: Execute app transition: mNextAppTransitionRequests=[TRANSIT_KEYGUARD_GOING_AWAY, TRANSIT_OPEN], mNextAppTransitionFlags=, displayId: 0 Callers=com.android.server.wm.Task.executeAppTransition:7868 com.android.server.wm.RootWindowContainer.lambda$resumeFocusedTasksTopActivities$20:2750 com.android.server.wm.RootWindowContainer.$r8$lambda$T5O2b-2Pin2YrxYnsz1zP_DLpiQ:0 com.android.server.wm.RootWindowContainer$$ExternalSyntheticLambda17.accept:13 com.android.server.wm.Task.forAllRootTasks:4095 
11-28 12:44:10.234  1341  1358 W WindowManager: Execute app transition: mNextAppTransitionRequests=[TRANSIT_KEYGUARD_GOING_AWAY, TRANSIT_OPEN], mNextAppTransitionFlags=, displayId: 0 Callers=com.android.server.wm.Task.executeAppTransition:7868 com.android.server.wm.TaskFragment.resumeTopActivity:1354 com.android.server.wm.TaskFragment.resumeTopActivity:1307 com.android.server.wm.Task.resumeTopActivityInnerLocked:6449 com.android.server.wm.Task.resumeTopActivityUncheckedLocked:6350 
11-28 12:44:10.235  1737  1795 E IMGMapper: set:488 set: Unset optional value from type SMPTE2086
11-28 12:44:10.235  1737  1795 E IMGMapper: set:488 set: Unset optional value from type CTA861_3
11-28 12:44:10.235  1341  1358 V WindowManager: Checking theme of starting window: 0x7f10010e
11-28 12:44:10.235  1341  1358 V WindowManager: Translucent=false Floating=false ShowWallpaper=false Disable=false
11-28 12:44:10.235  1341  1358 V WindowManager: rotationForOrientation(orient=SCREEN_ORIENTATION_UNSPECIFIED (-1), last=ROTATION_0 (0)); user=ROTATION_0 (0) USER_ROTATION_LOCKED
11-28 12:44:10.235  1341  1358 D WindowManager: rotationForOrientation, orientationSource=ActivityRecord{7aeff7 u0 com.excell44.educam.debug/com.excell44.educam.MainActivity} t350}
11-28 12:44:10.235  1341  1358 V WindowManager: Creating SnapshotStartingData
11-28 12:44:10.237  1737  1737 D SecPanelLogger: makeExpandedInvisible() mExpandedVisible:false shouldBlockPanelCollapsing:false mNotificationShadeWindowView==null?false
11-28 12:44:10.238  1737  1795 E IMGMapper: set:488 set: Unset optional value from type SMPTE2086
11-28 12:44:10.239  1737  1795 E IMGMapper: set:488 set: Unset optional value from type CTA861_3
11-28 12:44:10.244  1341  1358 D ActivityTaskManager: Add starting com.android.server.wm.ActivityRecord$AddStartingWindow@57e1dd7: typeParam=62
11-28 12:44:10.245  1341  1358 V WindowManager: Add starting com.android.server.wm.ActivityRecord$AddStartingWindow@57e1dd7: startingData=com.android.server.wm.SnapshotStartingData@f1466c4
11-28 12:44:10.246  1341  1358 V WindowManager: Added starting ActivityRecord{7aeff7 u0 com.excell44.educam.debug/com.excell44.educam.MainActivity} t350}: startingWindow=null startingView=com.android.server.wm.StartingSurfaceController$StartingSurface@297a9ad
11-28 12:44:10.246  1737  1795 E IMGMapper: set:488 set: Unset optional value from type SMPTE2086
11-28 12:44:10.246  1737  1795 E IMGMapper: set:488 set: Unset optional value from type CTA861_3
