11-28 12:45:03.220 13659 13659 D InsetsController: onStateChanged: InsetsState: {mDisplayFrame=Rect(0, 0 - 720, 1600), mDisplayCutout=DisplayCutout{insets=Rect(0, 45 - 0, 0) waterfall=Insets{left=0, top=0, right=0, bottom=0} boundingRect={Bounds=[Rect(0, 0 - 0, 0), Rect(272, 0 - 448, 45), Rect(0, 0 - 0, 0), Rect(0, 0 - 0, 0)]} cutoutPathParserInfo={CutoutPathParserInfo{displayWidth=720 displayHeight=1600 physicalDisplayWidth=720 physicalDisplayHeight=1600 density={1.875} cutoutSpec={M 0,0 H -46.93333333333333 V 24 H 46.93333333333333 V 0 H 0 Z @dp} rotation={0} scale={1.0} physicalPixelDisplaySizeRatio={1.0}}}}, mRoundedCorners=RoundedCorners{[RoundedCorner{position=TopLeft, radius=64, center=Point(64, 64)}, RoundedCorner{position=TopRight, radius=64, center=Point(656, 64)}, RoundedCorner{position=BottomRight, radius=64, center=Point(656, 1536)}, RoundedCorner{position=BottomLeft, radius=64, center=Point(64, 1536)}]}  mRoundedCornerFrame=Rect(0, 0 - 720, 1600), mPrivacyIndicatorBounds=PrivacyIndicatorBounds {static bounds=Rect(632, 0 - 720, 48) rotation=0}, mSources= { InsetsSource: {mType=ITYPE_STATUS_BAR, mFrame=[0,0][720,48], mVisible=true, mInsetsRoundedCornerFrame=false}, InsetsSource: {mType=ITYPE_NAVIGATION_BAR, mFrame=[0,1504][720,1600], mVisible=true, mInsetsRoundedCornerFrame=false}, InsetsSource: {mType=ITYPE_LEFT_GESTURES, mFrame=[0,0][0,1600], mVisible=true, mInsetsRoundedCornerFrame=false}, InsetsSource: {mType=ITYPE_RIGHT_GESTURES, mFrame=[720,0][720,1600], mVisible=true, mInsetsRoundedCornerFrame=false}, InsetsSource: {mType=ITYPE_TOP_MANDATORY_GESTURES, mFrame=[0,0][720,69], mVisible=true, mInsetsRoundedCornerFrame=false}, InsetsSource: {mType=ITYPE_BOTTOM_MANDATORY_GESTURES, mFrame=[0,1504][720,1600], mVisible=true, mInsetsRoundedCornerFrame=false}, InsetsSource: {mType=ITYPE_LEFT_DISPLAY_CUTOUT, mFrame=[0,0][-100000,1600], mVisible=true, mInsetsRoundedCornerFrame=false}, InsetsSource: {mType=ITYPE_TOP_DISPLAY_CUTOUT, mFrame=[0,0][720,45], mVisible=true, mInsetsRoundedCornerFrame=false}, InsetsSource: {mType=ITYPE_RIGHT_DISPLAY_CUTOUT, mFrame=[100000,0][720,1600], mVisible=true, mInsetsRoundedCornerFrame=false}, InsetsSource: {mType=ITYPE_BOTTOM_DISPLAY_CUTOUT, mFrame=[0,100000][720,1600], mVisible=true, mInsetsRoundedCornerFrame=false}, InsetsSource: {mType=ITYPE_TOP_TAPPABLE_ELEMENT, mFrame=[0,0][720,48], mVisible=true, mInsetsRoundedCornerFrame=false}, InsetsSource: {mType=ITYPE_BOTTOM_TAPPABLE_ELEMENT, mFrame=[0,1504][720,1600], mVisible=true, mInsetsRoundedCornerFrame=false} } host=com.google.android.packageinstaller/com.android.packageinstaller.InstallInstalling from=android.view.ViewRootImpl.setView:1732
11-28 12:45:03.221 13659 13673 E IMGMapper: set:488 set: Unset optional value from type SMPTE2086
11-28 12:45:03.221 13659 13673 E IMGMapper: set:488 set: Unset optional value from type CTA861_3
11-28 12:45:03.221 13659 13659 I ViewRootImpl@8cdce4[InstallInstalling]: setView = com.android.internal.policy.DecorView@95861fa TM=true
11-28 12:45:03.221  1341  3004 D CoreBackPreview: Window{18b2ca5 u0 com.google.android.packageinstaller/com.android.packageinstaller.InstallInstalling}: Setting back callback OnBackInvokedCallbackInfo{mCallback=android.window.IOnBackInvokedCallback$Stub$Proxy@fc4e488, mPriority=0}
11-28 12:45:03.222 13659 13659 I MSHandlerLifeCycle: removeMultiSplitHandler: no exist. decor=DecorView@95861fa[InstallInstalling]
11-28 12:45:03.223   766   853 I SurfaceFlinger: id=19124 Removed Surface(name=ab6e286 NavigationBar0)/@0x400176e - animation-leash of insets_animation#19124 (136)
11-28 12:45:03.223   766  1004 I SurfaceFlinger: id=19123 Removed Surface(name=528b8b0 StatusBar)/@0x97829b3 - animation-leash of insets_animation#19123 (136)
11-28 12:45:03.226  1011  1106 I Light   : light data = 14.000000 .
11-28 12:45:03.231   766   766 I Layer   : id=19123 Destroyed Surface(name=528b8b0 StatusBar)/@0x97829b3 - animation-leash of insets_animation#19123
11-28 12:45:03.231   766   766 I Layer   : id=19124 Destroyed Surface(name=ab6e286 NavigationBar0)/@0x400176e - animation-leash of insets_animation#19124
11-28 12:45:03.237 13659 13673 E IMGMapper: set:488 set: Unset optional value from type SMPTE2086
11-28 12:45:03.237 13659 13673 E IMGMapper: set:488 set: Unset optional value from type CTA861_3
11-28 12:45:03.241  8930 15914 I RecentModel: onTaskStackChangedBackground
11-28 12:45:03.242 13659 13659 I ViewRootImpl@8cdce4[InstallInstalling]: performTraversals params={(0,0)(wrapxwrap) sim={adjust=pan forwardNavigation} ty=BASE_APPLICATION fmt=TRANSLUCENT surfaceInsets=Rect(5, 5 - 5, 5)
11-28 12:45:03.242 13659 13659 I ViewRootImpl@8cdce4[InstallInstalling]:   fl=1820002
11-28 12:45:03.242 13659 13659 I ViewRootImpl@8cdce4[InstallInstalling]:   pfl=42000000
11-28 12:45:03.242 13659 13659 I ViewRootImpl@8cdce4[InstallInstalling]:   bhv=DEFAULT
11-28 12:45:03.242 13659 13659 I ViewRootImpl@8cdce4[InstallInstalling]:   fitTypes=STATUS_BARS NAVIGATION_BARS CAPTION_BAR
11-28 12:45:03.242 13659 13659 I ViewRootImpl@8cdce4[InstallInstalling]:  dimAmount=0.18 naviIconColor=0
11-28 12:45:03.242 13659 13659 I ViewRootImpl@8cdce4[InstallInstalling]:   sfl=100000}
11-28 12:45:03.243 13659 13659 I ViewRootImpl@8cdce4[InstallInstalling]: performTraversals mFirst=true windowShouldResize=true viewVisibilityChanged=false mForceNextWindowRelayout=false params={(0,0)(wrapxwrap) sim={adjust=pan forwardNavigation} ty=BASE_APPLICATION fmt=TRANSLUCENT surfaceInsets=Rect(5, 5 - 5, 5)
11-28 12:45:03.243 13659 13659 I ViewRootImpl@8cdce4[InstallInstalling]:   fl=1820002
11-28 12:45:03.243 13659 13659 I ViewRootImpl@8cdce4[InstallInstalling]:   pfl=42000000
11-28 12:45:03.243 13659 13659 I ViewRootImpl@8cdce4[InstallInstalling]:   bhv=DEFAULT
11-28 12:45:03.243 13659 13659 I ViewRootImpl@8cdce4[InstallInstalling]:   fitTypes=STATUS_BARS NAVIGATION_BARS CAPTION_BAR
11-28 12:45:03.243 13659 13659 I ViewRootImpl@8cdce4[InstallInstalling]:  dimAmount=0.18 naviIconColor=0
11-28 12:45:03.243 13659 13659 I ViewRootImpl@8cdce4[InstallInstalling]:   sfl=100000}
11-28 12:45:03.244  1341  2067 V WindowManager: Relayout Window{18b2ca5 u0 com.google.android.packageinstaller/com.android.packageinstaller.InstallInstalling}: viewVisibility=0 req=720x548 d0
11-28 12:45:03.244  1341  2067 D RestrictionPolicy: isScreenCaptureEnabled : ret=true userId=0
11-28 12:45:03.245   766  4886 I BufferQueueDebug: [com.google.android.packageinstaller/com.android.packageinstaller.InstallInstalling$_13659#19132](this:0xb400007e77932838,id:-1,api:0,p:-1,c:-1) BufferQueue core=(766:/system/bin/surfaceflinger)
11-28 12:45:03.245   766  4886 I SurfaceFlinger: id=19132 createSurf flag=40004, com.google.android.packageinstaller/com.android.packageinstaller.InstallInstalling$_13659#19132
11-28 12:45:03.246  1341  2067 D WindowManager: makeSurface duration=1 name=com.google.android.packageinstaller/com.android.packageinstaller.InstallInstalling$_13659
11-28 12:45:03.252  1341  2067 V WindowManager: Changing focus from null to Window{18b2ca5 u0 com.google.android.packageinstaller/com.android.packageinstaller.InstallInstalling} displayId=0 Callers=com.android.server.wm.RootWindowContainer.updateFocusedWindowLocked:595 com.android.server.wm.WindowManagerService.updateFocusedWindowLocked:6803 com.android.server.wm.WindowManagerService.relayoutWindow:2813 com.android.server.wm.Session.relayout:274 
11-28 12:45:03.252  1341  2067 D MARsPolicyManager: onPackageResumedFG pkgName = com.google.android.packageinstaller, userId = 0
11-28 12:45:03.253  1341  2067 I WindowManager: Cancelling animation restarting=true, leash=Surface(name=Surface(name=528b8b0 StatusBar)/@0x97829b3 - animation-leash of insets_animation)/@0x4435b3
11-28 12:45:03.253  1341  2067 I WindowManager: Reparenting to original parent: Surface(name=WindowToken{e4213f3 type=2000 android.os.BinderProxy@654f12d})/@0x8507b70, destroy=false, surface=Surface(name=528b8b0 StatusBar)/@0x97829b3
11-28 12:45:03.253  1341  2067 I WindowManager: Reparenting to leash, surface=Surface(name=528b8b0 StatusBar)/@0x97829b3, leashParent=Surface(name=WindowToken{e4213f3 type=2000 android.os.BinderProxy@654f12d})/@0x8507b70
11-28 12:45:03.253   766  4886 I SurfaceFlinger: id=19133 createSurf flag=24000, Surface(name=528b8b0 StatusBar)/@0x97829b3 - animation-leash of insets_animation#19133
11-28 12:45:03.254  1341  2067 D WindowManager: makeSurface duration=1 leash=Surface(name=Surface(name=528b8b0 StatusBar)/@0x97829b3 - animation-leash of insets_animation)/@0x1634b5d
11-28 12:45:03.254  1341  2067 I WindowManager: Cancelling animation restarting=true, leash=Surface(name=Surface(name=ab6e286 NavigationBar0)/@0x400176e - animation-leash of insets_animation)/@0x969cae9
11-28 12:45:03.254  1341  2067 I WindowManager: Reparenting to original parent: Surface(name=WindowToken{f660761 type=2019 android.os.BinderProxy@4e54f6b})/@0x841ae0f, destroy=false, surface=Surface(name=ab6e286 NavigationBar0)/@0x400176e
11-28 12:45:03.255  1341  2067 I WindowManager: Reparenting to leash, surface=Surface(name=ab6e286 NavigationBar0)/@0x400176e, leashParent=Surface(name=WindowToken{f660761 type=2019 android.os.BinderProxy@4e54f6b})/@0x841ae0f
11-28 12:45:03.255 13659 13673 E IMGMapper: set:488 set: Unset optional value from type SMPTE2086
11-28 12:45:03.255 13659 13673 E IMGMapper: set:488 set: Unset optional value from type CTA861_3
11-28 12:45:03.255   766  4886 I SurfaceFlinger: id=19134 createSurf flag=24000, Surface(name=ab6e286 NavigationBar0)/@0x400176e - animation-leash of insets_animation#19134
11-28 12:45:03.256  1341  2067 D WindowManager: makeSurface duration=1 leash=Surface(name=Surface(name=ab6e286 NavigationBar0)/@0x400176e - animation-leash of insets_animation)/@0xbc5f1a3
11-28 12:45:03.257  1341  2067 D WindowManager: updateSystemBarAttributes: displayId=0, win=Window{18b2ca5 u0 com.google.android.packageinstaller/com.android.packageinstaller.InstallInstalling}, navColorWin=Window{6dfe27 u0 com.google.android.packageinstaller/com.android.packageinstaller.PackageInstallerActivity}, focusedCanBeNavColorWin=false, behavior=1, appearance=0, statusBarAppearanceRegions=[AppearanceRegion{ bounds=[0,0][720,1600]}], requestedVisibilities=, from=com.android.server.wm.DisplayPolicy.focusChangedLw:3245 com.android.server.wm.DisplayContent.updateFocusedWindowLocked:4618 com.android.server.wm.RootWindowContainer.updateFocusedWindowLocked:595 
11-28 12:45:03.257  1737  1737 D NavigationBar: onSystemBarAttributesChanged() -  displayId:0, appearance:0, packageName: com.google.android.packageinstaller, navbarColorManagedByIme:false
11-28 12:45:03.257  1341  2067 D StatusBarManagerService: notifyRequestedSystemKey recent=false home=false
11-28 12:45:03.259  1341  2067 V WindowManager: Relayout hash=18b2ca5, pid=13659, syncId=-1: mAttrs={(0,0)(wrapxwrap) sim={adjust=pan forwardNavigation} ty=BASE_APPLICATION fmt=TRANSLUCENT surfaceInsets=Rect(5, 5 - 5, 5)
11-28 12:45:03.259  1341  2067 V WindowManager:   fl=1820002
11-28 12:45:03.259  1341  2067 V WindowManager:   pfl=42000000
11-28 12:45:03.259  1341  2067 V WindowManager:   apr=LIGHT_NAVIGATION_BARS
11-28 12:45:03.259  1341  2067 V WindowManager:   bhv=DEFAULT
11-28 12:45:03.259  1341  2067 V WindowManager:   fitTypes=STATUS_BARS NAVIGATION_BARS CAPTION_BAR
11-28 12:45:03.259  1341  2067 V WindowManager:  dimAmount=0.18 naviIconColor=0
11-28 12:45:03.259  1341  2067 V WindowManager:   sfl=100000}
11-28 12:45:03.261 13659 13659 I ViewRootImpl@8cdce4[InstallInstalling]: updateBlastSurfaceIfNeeded mBlastBufferQueue=null isSameSurfaceControl=false
11-28 12:45:03.261 13659 13659 D BufferQueueConsumer: [](id:355b0000000b,api:0,p:-1,c:13659) connect: controlledByApp=false
11-28 12:45:03.262 13659 13659 I BLASTBufferQueue: new BLASTBufferQueue, mName= ViewRootImpl@8cdce4[InstallInstalling] mNativeObject= 0xb400007d410a6700 sc.mNativeObject= 0xb400007d41075040 caller= android.view.ViewRootImpl.updateBlastSurfaceIfNeeded:2909 android.view.ViewRootImpl.relayoutWindow:9847 android.view.ViewRootImpl.performTraversals:3884 android.view.ViewRootImpl.doTraversal:3116 android.view.ViewRootImpl$TraversalRunnable.run:10885 android.view.Choreographer$CallbackRecord.run:1301 android.view.Choreographer$CallbackRecord.run:1309 android.view.Choreographer.doCallbacks:923 android.view.Choreographer.doFrame:852 android.view.Choreographer$FrameDisplayEventReceiver.run:1283 
11-28 12:45:03.262 13659 13659 I BLASTBufferQueue: update, w= 730 h= 558 mName = ViewRootImpl@8cdce4[InstallInstalling] mNativeObject= 0xb400007d410a6700 sc.mNativeObject= 0xb400007d41075040 format= -3 caller= android.graphics.BLASTBufferQueue.<init>:84 android.view.ViewRootImpl.updateBlastSurfaceIfNeeded:2909 android.view.ViewRootImpl.relayoutWindow:9847 android.view.ViewRootImpl.performTraversals:3884 android.view.ViewRootImpl.doTraversal:3116 android.view.ViewRootImpl$TraversalRunnable.run:10885 
11-28 12:45:03.263 13659 13659 I ViewRootImpl@8cdce4[InstallInstalling]: Relayout returned: old=(0,48,720,1504) new=(0,502,720,1050) req=(720,548)0 dur=18 res=0x3 s={true 0xb400007d4112b800} ch=true seqId=0
11-28 12:45:03.265 13659 13659 I ViewRootImpl@8cdce4[InstallInstalling]: mThreadedRenderer.initialize() mSurface={isValid=true 0xb400007d4112b800} hwInitialized=true
11-28 12:45:03.265 13659 13673 D OpenGLRenderer: eglCreateWindowSurface
11-28 12:45:03.267  1011  1106 I Accelerometer: acc data x = 1.414000, y = 0.696000, z = 9.662000 .
11-28 12:45:03.270 13659 13659 D ScrollView:  onsize change changed 
11-28 12:45:03.271 13659 13673 E IMGMapper: set:488 set: Unset optional value from type SMPTE2086
11-28 12:45:03.271 13659 13673 E IMGMapper: set:488 set: Unset optional value from type CTA861_3
11-28 12:45:03.272 13659 13659 I ViewRootImpl@8cdce4[InstallInstalling]: reportNextDraw android.view.ViewRootImpl.performTraversals:4438 android.view.ViewRootImpl.doTraversal:3116 android.view.ViewRootImpl$TraversalRunnable.run:10885 android.view.Choreographer$CallbackRecord.run:1301 android.view.Choreographer$CallbackRecord.run:1309 
11-28 12:45:03.272 13659 13659 I ViewRootImpl@8cdce4[InstallInstalling]: Setup new sync id=0
11-28 12:45:03.272 13659 13659 I ViewRootImpl@8cdce4[InstallInstalling]: Setting syncFrameCallback
11-28 12:45:03.272 13659 13659 I ViewRootImpl@8cdce4[InstallInstalling]: registerCallbacksForSync syncBuffer=false
11-28 12:45:03.281   766   766 I Layer   : id=19129 removeFromCurrentState Surface(name=528b8b0 StatusBar)/@0x97829b3 - animation-leash of insets_animation#19129 (137)
11-28 12:45:03.281   766   766 I Layer   : id=19130 removeFromCurrentState Surface(name=ab6e286 NavigationBar0)/@0x400176e - animation-leash of insets_animation#19130 (137)
11-28 12:45:03.281   766   766 D SurfaceFlinger: [input] inputWindowCommands.focusRequests size is 1
11-28 12:45:03.281   766   766 I SurfaceFlinger: id=19129 Removed Surface(name=528b8b0 StatusBar)/@0x97829b3 - animation-leash of insets_animation#19129 (137)
11-28 12:45:03.281   766   766 I SurfaceFlinger: id=19130 Removed Surface(name=ab6e286 NavigationBar0)/@0x400176e - animation-leash of insets_animation#19130 (137)
11-28 12:45:03.282   766   766 I Layer   : id=19129 Destroyed Surface(name=528b8b0 StatusBar)/@0x97829b3 - animation-leash of insets_animation#19129
11-28 12:45:03.282   766   766 I Layer   : id=19130 Destroyed Surface(name=ab6e286 NavigationBar0)/@0x400176e - animation-leash of insets_animation#19130
11-28 12:45:03.283 13659 13679 I ViewRootImpl@8cdce4[InstallInstalling]: Received frameDrawingCallback syncResult=0 frameNum=1.
11-28 12:45:03.283 13659 13679 I ViewRootImpl@8cdce4[InstallInstalling]: Setting up sync and frameCommitCallback
11-28 12:45:03.283   766   963 D SurfaceFlinger: [input] setFocusedWindow: 18b2ca5 com.google.android.packageinstaller/com.android.packageinstaller.InstallInstalling
11-28 12:45:03.284  1341  3004 D InputDispatcher: Focus request (0): 18b2ca5 com.google.android.packageinstaller/com.android.packageinstaller.InstallInstalling but waiting because NO_WINDOW
11-28 12:45:03.290 13659 13673 E IMGMapper: set:488 set: Unset optional value from type SMPTE2086
11-28 12:45:03.290 13659 13673 E IMGMapper: set:488 set: Unset optional value from type CTA861_3
11-28 12:45:03.291 13659 13673 I BLASTBufferQueue: [ViewRootImpl@8cdce4[InstallInstalling]#11](f:0,a:0) onFrameAvailable the first frame is available
11-28 12:45:03.291 13659 13673 I BLASTBufferQueue: [ViewRootImpl@8cdce4[InstallInstalling]#11](f:0,a:1) acquireNextBufferLocked size=730x558 mFrameNumber=1 applyTransaction=true mTimestamp=337664709716508(auto) mPendingTransactions.size=0 graphicBufferId=58664958296126 transform=0
11-28 12:45:03.292 13659 13673 I ViewRootImpl@8cdce4[InstallInstalling]: Received frameCommittedCallback lastAttemptedDrawFrameNum=1 didProduceBuffer=true
11-28 12:45:03.293 13659 13673 D OpenGLRenderer: CFMS:: SetUp Pid : 13659    Tid : 13673
11-28 12:45:03.293 13659 13673 W Parcel  : Expecting binder but got null!
11-28 12:45:03.294 13659 13673 D OpenGLRenderer: setSurface called with nullptr
11-28 12:45:03.294 13659 13659 I ViewRootImpl@8cdce4[InstallInstalling]: onSyncComplete
11-28 12:45:03.294 13659 13659 I ViewRootImpl@8cdce4[InstallInstalling]: setupSync seqId=0 mSyncId=0 fn=1 caller=android.view.ViewRootImpl$$ExternalSyntheticLambda11.accept:6 android.window.SurfaceSyncer.lambda$setupSync$1$android-window-SurfaceSyncer:128 android.window.SurfaceSyncer$$ExternalSyntheticLambda1.accept:8 android.window.SurfaceSyncer$SyncSet.checkIfSyncIsComplete:382 android.window.SurfaceSyncer$SyncSet.markSyncReady:359 android.window.SurfaceSyncer.markSyncReady:151 android.view.ViewRootImpl.performTraversals:4503 
11-28 12:45:03.297 13659 13673 E IMGMapper: set:488 set: Unset optional value from type SMPTE2086
11-28 12:45:03.297   766   766 D BufferStateLayer: com.google.android.packageinstaller/com.android.packageinstaller.InstallInstalling$_13659#19132 setBuffer frameId=1, bufferId=58664958296126 fenceId=420, w= 730, h=558
11-28 12:45:03.297 13659 13673 E IMGMapper: set:488 set: Unset optional value from type CTA861_3
11-28 12:45:03.305 13659 13673 E IMGMapper: set:488 set: Unset optional value from type SMPTE2086
11-28 12:45:03.305 13659 13673 E IMGMapper: set:488 set: Unset optional value from type CTA861_3
11-28 12:45:03.307 13659 13659 I ViewRootImpl@8cdce4[InstallInstalling]: reportDrawFinished seqId=0 mSyncId=-1 fn=1 mSurfaceChangedTransaction=0xb400007d44149b00
11-28 12:45:03.308  1341  1357 D WindowManager: finishDrawingWindow: Window{18b2ca5 u0 com.google.android.packageinstaller/com.android.packageinstaller.InstallInstalling} mDrawState=DRAW_PENDING seqId=0
11-28 12:45:03.313  1341  1371 D WindowManager: Loading animation for app transition. transit=TRANSIT_OLD_ACTIVITY_OPEN enter=false frame=Rect(0, 48 - 720, 1504) insets=Rect(0, 0 - 0, 0) surfaceInsets=Rect(5, 5 - 5, 5)
11-28 12:45:03.313  1341  1368 I GestureDetector: handleMessage TAP
11-28 12:45:03.313  1341  1371 D WindowManager: Loading animation for app transition. transit=TRANSIT_OLD_ACTIVITY_OPEN enter=true frame=Rect(0, 48 - 720, 1504) insets=Rect(0, 0 - 0, 0) surfaceInsets=Rect(5, 5 - 5, 5)
11-28 12:45:03.314  1341  1341 I GestureDetector: handleMessage TAP
11-28 12:45:03.314  1341  1371 I WindowManager: Reparenting to leash, surface=Surface(name=6dfe27 com.google.android.packageinstaller/com.android.packageinstaller.PackageInstallerActivity)/@0x9f9bca0, leashParent=Surface(name=ActivityRecord{6459409 u0 com.google.android.packageinstaller/com.android.packageinstaller.PackageInstallerActivity} t313})/@0xa8e4059
11-28 12:45:03.314 13659 13673 E IMGMapper: set:488 set: Unset optional value from type SMPTE2086
11-28 12:45:03.314 13659 13673 E IMGMapper: set:488 set: Unset optional value from type CTA861_3
11-28 12:45:03.314   766   853 I SurfaceFlinger: id=19135 createSurf flag=24000, Surface(name=6dfe27 com.google.android.packageinstaller/com.android.packageinstaller.PackageInstallerActivity)/@0x9f9bca0 - animation-leash of window_animation#19135
11-28 12:45:03.315  1341  1371 D WindowManager: makeSurface duration=2 leash=Surface(name=Surface(name=6dfe27 com.google.android.packageinstaller/com.android.packageinstaller.PackageInstallerActivity)/@0x9f9bca0 - animation-leash of window_animation)/@0x402b41e
11-28 12:45:03.315 13659 13673 D OpenGLRenderer: setSurface called with nullptr
11-28 12:45:03.316 13659 13659 I ViewRootImpl@6652654[PackageInstallerActivity]: MSG_WINDOW_FOCUS_CHANGED 0 0
11-28 12:45:03.316  1341  1371 V WindowManager: Setting visibility of Window{6dfe27 u0 com.google.android.packageinstaller/com.android.packageinstaller.PackageInstallerActivity}: false, caller=com.android.server.wm.WindowContainer.sendAppVisibilityToClients:1246 com.android.server.wm.WindowToken.setClientVisible:431 com.android.server.wm.ActivityRecord.setClientVisible:7689 com.android.server.wm.ActivityRecord.postApplyAnimation:6267 com.android.server.wm.ActivityRecord.commitVisibility:6222 
11-28 12:45:03.317  1341  1371 D ActivityTaskManager: mStartingWindow and mStartingData is null for token=ActivityRecord{9f82796 u0 com.google.android.packageinstaller/com.android.packageinstaller.InstallInstalling} t313}
11-28 12:45:03.317  1341  1371 V WindowManager: performShowLocked: mDrawState=HAS_DRAWN in Window{18b2ca5 u0 com.google.android.packageinstaller/com.android.packageinstaller.InstallInstalling}
11-28 12:45:03.318  1341  1367 I ActivityTaskManager: Displayed com.google.android.packageinstaller/com.android.packageinstaller.InstallInstalling: +215ms
11-28 12:45:03.318  1341  1367 I Pageboost: Launch time gathered : pid 13659 com.google.android.packageinstaller 215
11-28 12:45:03.318  1341  1371 I SemDvfsHyPerManager: acquire hyper - AMS_RESUME_TAIL/1341@14, type = -999
11-28 12:45:03.319  2536  2536 E pageboostd: Received HALT command code 2
11-28 12:45:03.319  1341  1371 I SemDvfsHyPerManager: acquire hyper - AMS_ACT_LAZY/1341@15, type = -999
11-28 12:45:03.319  1341  1371 D ActivityManagerPerformance: AMP_acquire() TAIL
11-28 12:45:03.319  1341  1371 D ActivityManagerPerformance: AMP_release() ACT_START
11-28 12:45:03.319   747   781 I HYPER-HAL: [RequestManager.cpp]acquire(): Acquired ID : 918704  [1341 / 14]    HINT : AMS_RESUME_TAIL    list : 
11-28 12:45:03.319   747   781 I mtkpower_client: perf_lock_rel, hdl:52207, tid:781
11-28 12:45:03.320   747   781 I mtkpower_client: perf_lock_acq, hdl:0, dur:0, num:2, tid:781
11-28 12:45:03.320   750   798 I libPowerHal: [perfLockRel] hdl:52207, idx:1
11-28 12:45:03.321   750   798 I libPowerHal: vendor.samsung.: cpu_ctrl set cpu freq: 1944000 -1 -1 -1
11-28 12:45:03.322   747   781 I mtkpower_client: ret_hdl:52211
11-28 12:45:03.322   747   781 I mtkpower_client: perf_lock_rel, hdl:52208, tid:781
11-28 12:45:03.322   750   798 I libPowerHal: [perfLockAcq] idx:5 hdl:52211 hint:-1 pid:747 duration:0 lock_user:vendor.samsung. => ret_hdl:52211
11-28 12:45:03.322   750   798 I libPowerHal: vendor.samsung.: cpu_ctrl set cpu freq: 1944000 -1 1138000 -1
11-28 12:45:03.323   766  4886 I SurfaceFlinger: id=19136 createSurf flag=80000, 71bf6b1 ActivityRecordInputSink com.google.android.packageinstaller/com.android.packageinstaller.InstallInstalling#19136
11-28 12:45:03.323   747   781 I mtkpower_client: perf_lock_acq, hdl:0, dur:0, num:2, tid:781
11-28 12:45:03.323   750   798 I libPowerHal: [perfLockRel] hdl:52208, idx:2
11-28 12:45:03.324   747   781 I mtkpower_client: ret_hdl:52212
11-28 12:45:03.324   747   781 I mtkpower_client: perf_lock_rel, hdl:52209, tid:781
11-28 12:45:03.324   750   798 I libPowerHal: cmdSetting - unknown cmd:1c3c000, scmd:(null) ,param_1:0
11-28 12:45:03.324   750   798 I libPowerHal: [perfLockAcq] idx:1 hdl:52212 hint:-1 pid:747 duration:0 lock_user:vendor.samsung. => ret_hdl:52212
11-28 12:45:03.325   747   781 I mtkpower_client: perf_lock_acq, hdl:0, dur:0, num:2, tid:781
11-28 12:45:03.325   750   798 I libPowerHal: [perfLockRel] hdl:52209, idx:3
11-28 12:45:03.325   750   798 I libPowerHal: [PD] vendor.samsung. update cmd:1000000, param:-1
11-28 12:45:03.326   750   798 I libPowerHal: [PD] vendor.samsung. update cmd:1000000 param:-1
11-28 12:45:03.326   747   781 I mtkpower_client: ret_hdl:52213
11-28 12:45:03.326   747   781 I mtkpower_client: perf_lock_rel, hdl:52210, tid:781
11-28 12:45:03.326   750   798 I libPowerHal: [perfLockAcq] idx:2 hdl:52213 hint:-1 pid:747 duration:0 lock_user:vendor.samsung. => ret_hdl:52213
11-28 12:45:03.327   750   798 I libPowerHal: [PE] vendor.samsung. update cmd:1000000, param:1
11-28 12:45:03.327   750   798 I libPowerHal: [PE] vendor.samsung. update cmd:1000000 param:1
11-28 12:45:03.327 13659 13673 E IMGMapper: set:488 set: Unset optional value from type SMPTE2086
11-28 12:45:03.327 13659 13673 E IMGMapper: set:488 set: Unset optional value from type CTA861_3
11-28 12:45:03.327   747   781 I mtkpower_client: perf_lock_acq, hdl:0, dur:0, num:2, tid:781
11-28 12:45:03.327   750   798 I libPowerHal: [perfLockRel] hdl:52210, idx:4
11-28 12:45:03.328   750   798 I libPowerHal: vendor.samsung.: cpu_ctrl set cpu freq: -1 -1 1138000 -1
11-28 12:45:03.328 13659 13673 D OpenGLRenderer: setSurface called with nullptr
11-28 12:45:03.329   747   781 I mtkpower_client: ret_hdl:52214
11-28 12:45:03.329   747   781 I mtkpower_client: perf_lock_rel, hdl:52211, tid:781
11-28 12:45:03.329   750   798 I libPowerHal: [perfLockAcq] idx:3 hdl:52214 hint:-1 pid:747 duration:0 lock_user:vendor.samsung. => ret_hdl:52214
11-28 12:45:03.331 13659 13659 I ViewRootImpl@6652654[PackageInstallerActivity]: handleAppVisibility mAppVisible = true visible = false
11-28 12:45:03.331   766   766 I Layer   : Layer [com.google.android.packageinstaller/com.android.packageinstaller.InstallInstalling$_13659#19132] hidden!! flag(0)
11-28 12:45:03.331  1341  1371 D ActivityTaskManager: mStartingWindow and mStartingData is null for token=ActivityRecord{9f82796 u0 com.google.android.packageinstaller/com.android.packageinstaller.InstallInstalling} t313}
11-28 12:45:03.332   766  4886 D SurfaceFlinger: [SF client] REMOVE (0xb400007e77908c60) for (13659:com.google.android.packageinstaller)
11-28 12:45:03.333   750   798 I libPowerHal: vendor.samsung.: cpu_ctrl set cpu freq: 1944000 -1 1138000 -1
11-28 12:45:03.334 13659 13673 E IMGMapper: set:488 set: Unset optional value from type SMPTE2086
11-28 12:45:03.334 13659 13673 E IMGMapper: set:488 set: Unset optional value from type CTA861_3
11-28 12:45:03.334  1341  2976 D InputDispatcher: Focus entered window (0): 18b2ca5 com.google.android.packageinstaller/com.android.packageinstaller.InstallInstalling
11-28 12:45:03.334  1341  1419 W system_server: Long monitor contention with owner binder:1341_C (2067) at android.content.pm.IPackageInstallerSession com.android.server.pm.PackageInstallerService.openSessionInternal(int)(PackageInstallerService.java:1165) waiters=0 in com.android.server.pm.PackageInstallerSession com.android.server.pm.PackageInstallerService.getSession(int) for 102ms
11-28 12:45:03.336   747   781 I mtkpower_client: perf_lock_acq, hdl:0, dur:0, num:2, tid:781
11-28 12:45:03.336   750   798 I libPowerHal: [perfLockRel] hdl:52211, idx:5
11-28 12:45:03.336   750   798 I libPowerHal: vendor.samsung.: cpu_ctrl set cpu freq: 1944000 -1 -1 -1
11-28 12:45:03.337   747   781 I mtkpower_client: ret_hdl:52215
11-28 12:45:03.337   747   781 I mtkpower_client: perf_lock_rel, hdl:52212, tid:781
11-28 12:45:03.337   750   798 I libPowerHal: [perfLockAcq] idx:4 hdl:52215 hint:-1 pid:747 duration:0 lock_user:vendor.samsung. => ret_hdl:52215
11-28 12:45:03.337   750   798 I libPowerHal: vendor.samsung.: cpu_ctrl set cpu freq: 1944000 -1 1138000 -1
11-28 12:45:03.338  8930  8930 I Launcher.AppsContainerView: bindAppsUpdates() => add: 0, update: 0, remove: 0
11-28 12:45:03.338   750   798 I libPowerHal: [perfLockRel] hdl:52212, idx:1
11-28 12:45:03.339   766   766 D SurfaceFlinger: Display 0 HWC layers:
11-28 12:45:03.339   766   766 D SurfaceFlinger:      DEVICE | 0xb400007e9ba7cf20 | 0102 | RGBA_8888    |    0.0    0.0  720.0 1600.0 |    0    0  720 1600 | com.sec.android.app.myfiles/com.sec.[...]xternal.ui.MainActivity$_31686#19071
11-28 12:45:03.339   766   766 D SurfaceFlinger:      DEVICE | 0xb400007e77905540 | 0100 | RGBA_8888    |    5.0    0.0  725.0   74.0 |    0  739  720  813 | com.google.android.packageinstaller/[...]eleteStagedFileOnResult$_13659#19120
11-28 12:45:03.339   766   766 D SurfaceFlinger:  SOLID_COLOR |              | 0000 |  Unknown  |    0.0    0.0    0.0    0.0 |    0    0  720 1600 | Dim Layer for - Task=313#19100
11-28 12:45:03.339   766   766 D SurfaceFlinger:      DEVICE | 0xb400007e7790a160 | 0100 | RGBA_8888    |    5.0    0.0  725.0  558.0 |    0  497  720 1055 | com.google.android.packageinstaller/[...]aller.InstallInstalling$_13659#19132
11-28 12:45:03.339   766   766 D SurfaceFlinger:      DEVICE | 0xb400007e77905a80 | 0100 | RGBA_8888    |    0.0    0.0  720.0   48.0 |    0    0  720   48 | StatusBar$_1737#83
11-28 12:45:03.339   766   766 D SurfaceFlinger:      DEVICE | 0xb400007e9ba7cd60 | 0100 | RGBA_8888    |    0.0    0.0  720.0   96.0 |    0 1504  720 1600 | NavigationBar0$_1737#78
11-28 12:45:03.339   766   766 D SurfaceFlinger: 
11-28 12:45:03.340   747   781 I mtkpower_client: perf_lock_acq, hdl:0, dur:0, num:2, tid:781
11-28 12:45:03.341   747   781 I mtkpower_client: ret_hdl:52216
11-28 12:45:03.342 13659 13673 E IMGMapper: set:488 set: Unset optional value from type SMPTE2086
11-28 12:45:03.342 13659 13673 E IMGMapper: set:488 set: Unset optional value from type CTA861_3
11-28 12:45:03.342   747   781 I mtkpower_client: perf_lock_rel, hdl:52213, tid:781
11-28 12:45:03.343   750   798 I libPowerHal: cmdSetting - unknown cmd:1c3c000, scmd:(null) ,param_1:0
11-28 12:45:03.343   750   798 I libPowerHal: [perfLockAcq] idx:1 hdl:52216 hint:-1 pid:747 duration:0 lock_user:vendor.samsung. => ret_hdl:52216
11-28 12:45:03.343   747   781 I mtkpower_client: perf_lock_acq, hdl:0, dur:0, num:2, tid:781
11-28 12:45:03.343   750   798 I libPowerHal: [perfLockRel] hdl:52213, idx:2
11-28 12:45:03.343 13659 13673 D OpenGLRenderer: setSurface called with nullptr
11-28 12:45:03.343 13659 13673 D OpenGLRenderer: setSurface() destroyed EGLSurface
11-28 12:45:03.343 13659 13673 D OpenGLRenderer: destroyEglSurface
11-28 12:45:03.343   750   798 I libPowerHal: [PD] vendor.samsung. update cmd:1000000, param:-1
11-28 12:45:03.344   750   798 I libPowerHal: [PD] vendor.samsung. update cmd:1000000 param:-1
11-28 12:45:03.344   747   781 I mtkpower_client: ret_hdl:52217
11-28 12:45:03.344   747   781 I mtkpower_client: perf_lock_rel, hdl:52214, tid:781
11-28 12:45:03.344   750   798 I libPowerHal: [perfLockAcq] idx:2 hdl:52217 hint:-1 pid:747 duration:0 lock_user:vendor.samsung. => ret_hdl:52217
11-28 12:45:03.345   750   798 I libPowerHal: [PE] vendor.samsung. update cmd:1000000, param:1
11-28 12:45:03.345   750   798 I libPowerHal: [PE] vendor.samsung. update cmd:1000000 param:1
11-28 12:45:03.345 13659 13673 D OpenGLRenderer: endAllActiveAnimators on 0xb400007d4111ee00 (InsetDrawable) with handle 0xb400007d40fae5a0
11-28 12:45:03.345 13659 13659 I ViewRootImpl@6652654[PackageInstallerActivity]: performTraversals mFirst=false windowShouldResize=false viewVisibilityChanged=true mForceNextWindowRelayout=false params=null
11-28 12:45:03.345   750   798 I libPowerHal: [perfLockRel] hdl:52214, idx:3
11-28 12:45:03.346   747   781 I mtkpower_client: perf_lock_acq, hdl:0, dur:0, num:2, tid:781
11-28 12:45:03.346   750   798 I libPowerHal: vendor.samsung.: cpu_ctrl set cpu freq: -1 -1 1138000 -1
11-28 12:45:03.346  1341  2976 V WindowManager: Relayout Window{6dfe27 u0 com.google.android.packageinstaller/com.android.packageinstaller.PackageInstallerActivity}: viewVisibility=8 req=720x548 d0
11-28 12:45:03.347  1341  2976 D WindowManager: Set animatingExit: reason=startExitingAnimation/isExitAnimationRunningSelfOrParent win=Window{6dfe27 u0 com.google.android.packageinstaller/com.android.packageinstaller.PackageInstallerActivity EXITING}
11-28 12:45:03.347   747   781 I mtkpower_client: ret_hdl:52218
11-28 12:45:03.347   747   781 I HYPER-HAL: [RequestManager.cpp]releaseLocked(): Released ID : 915993
11-28 12:45:03.348   750   798 I libPowerHal: [perfLockAcq] idx:3 hdl:52218 hint:-1 pid:747 duration:0 lock_user:vendor.samsung. => ret_hdl:52218
11-28 12:45:03.348   750   798 I libPowerHal: vendor.samsung.: cpu_ctrl set cpu freq: 1750000 -1 1138000 -1
11-28 12:45:03.353  1341  2976 V WindowManager: Relayout hash=6dfe27, pid=13659, syncId=-1: mAttrs={(0,0)(wrapxwrap) sim={adjust=pan} ty=BASE_APPLICATION fmt=TRANSLUCENT wanim=0x10302f7 surfaceInsets=Rect(5, 5 - 5, 5)
11-28 12:45:03.353  1341  2976 V WindowManager:   fl=1820002
11-28 12:45:03.353  1341  2976 V WindowManager:   pfl=42080000
11-28 12:45:03.353  1341  2976 V WindowManager:   apr=LIGHT_NAVIGATION_BARS
11-28 12:45:03.353  1341  2976 V WindowManager:   bhv=DEFAULT
11-28 12:45:03.353  1341  2976 V WindowManager:   fitTypes=STATUS_BARS NAVIGATION_BARS CAPTION_BAR
11-28 12:45:03.353  1341  2976 V WindowManager:  dimAmount=0.18 naviIconColor=0
11-28 12:45:03.353  1341  2976 V WindowManager:   sfl=100000}
11-28 12:45:03.356 13659 13673 E IMGMapper: set:488 set: Unset optional value from type SMPTE2086
11-28 12:45:03.356 13659 13673 E IMGMapper: set:488 set: Unset optional value from type CTA861_3
11-28 12:45:03.357 13659 13659 I BLASTBufferQueue: [ViewRootImpl@6652654[PackageInstallerActivity]#10](f:0,a:1) destructor()
11-28 12:45:03.357 13659 13659 D BufferQueueConsumer: [ViewRootImpl@6652654[PackageInstallerActivity]#10(BLAST Consumer)10](id:355b0000000a,api:0,p:-1,c:13659) disconnect
11-28 12:45:03.358 13659 13659 I ViewRootImpl@6652654[PackageInstallerActivity]: Relayout returned: old=(0,502,720,1050) new=(0,502,720,1050) req=(720,548)8 dur=12 res=0x2 s={false 0x0} ch=true seqId=0
11-28 12:45:03.359 13659 13659 I ViewRootImpl@6652654[PackageInstallerActivity]: stopped(true) old = false
11-28 12:45:03.359 13659 13659 I ViewRootImpl@6652654[PackageInstallerActivity]: WindowStopped on com.google.android.packageinstaller/com.android.packageinstaller.PackageInstallerActivity set to true
11-28 12:45:03.360 13659 13659 I MSHandlerLifeCycle: removeMultiSplitHandler: no exist. decor=DecorView@2eafed5[PackageInstallerActivity]
11-28 12:45:03.361  1341  3026 D CoreBackPreview: Window{6dfe27 u0 com.google.android.packageinstaller/com.android.packageinstaller.PackageInstallerActivity EXITING}: Setting back callback null
11-28 12:45:03.361 13659 13659 I MSHandlerLifeCycle: removeMultiSplitHandler: no exist. decor=DecorView@2eafed5[PackageInstallerActivity]
11-28 12:45:03.362 13659 13673 D OpenGLRenderer: setSurface called with nullptr
11-28 12:45:03.362 13659 13659 I ViewRootImpl@6652654[PackageInstallerActivity]: dispatchDetachedFromWindow
11-28 12:45:03.362  1341  3026 D InputTransport: Input channel destroyed: '6dfe27 ', fd=735
11-28 12:45:03.362  1341  3026 W InputManager-JNI: Input channel object '6dfe27 com.google.android.packageinstaller/com.android.packageinstaller.PackageInstallerActivity (client)' was disposed without first being removed with the input manager!
11-28 12:45:03.363  1341  3026 D InputTransport: Input channel destroyed: '6dfe27 ', fd=739
11-28 12:45:03.363  1341  3026 V WindowManager: Remove Window{6dfe27 u0 com.google.android.packageinstaller/com.android.packageinstaller.PackageInstallerActivity EXITING}: mSurfaceController=Surface(name=com.google.android.packageinstaller/com.android.packageinstaller.PackageInstallerActivity$_13659)/@0x4e02cc mAnimatingExit=true mRemoveOnExit=false mHasSurface=true surfaceShowing=true animating=true app-animation=false mWillReplaceWindow=false mDisplayFrozen=false callers=com.android.server.wm.WindowState.removeIfPossible:3041 com.android.server.wm.WindowManagerService.removeWindow:2282 com.android.server.wm.Session.remove:236 android.view.IWindowSession$Stub.onTransact:743 com.android.server.wm.Session.onTransact:188 android.os.Binder.execTransactInternal:1316 
11-28 12:45:03.367 13659 13659 D InputTransport: Input channel destroyed: '6dfe27 ', fd=141
11-28 12:45:03.368 13659 13659 I ViewRootImpl@8cdce4[InstallInstalling]: MSG_WINDOW_FOCUS_CHANGED 1 0
11-28 12:45:03.368 13659 13659 I ViewRootImpl@8cdce4[InstallInstalling]: mThreadedRenderer.initializeIfNeeded()#2 mSurface={isValid=true 0xb400007d4112b800}
11-28 12:45:03.372   750   776 I mtkpower@impl: [setMode] type:5, enabled:0
11-28 12:45:03.372 13659 13673 E IMGMapper: set:488 set: Unset optional value from type SMPTE2086
11-28 12:45:03.372 13659 13673 E IMGMapper: set:488 set: Unset optional value from type CTA861_3
11-28 12:45:03.387 13659 13673 E IMGMapper: set:488 set: Unset optional value from type SMPTE2086
11-28 12:45:03.388 13659 13673 E IMGMapper: set:488 set: Unset optional value from type CTA861_3
11-28 12:45:03.402   766  4886 D SurfaceFlinger: [SF client] REMOVE (0xb400007e77905b60) for (13659:com.google.android.packageinstaller)
11-28 12:45:03.405 13659 13673 E IMGMapper: set:488 set: Unset optional value from type SMPTE2086
11-28 12:45:03.405 13659 13673 E IMGMapper: set:488 set: Unset optional value from type CTA861_3
11-28 12:45:03.405   766  4886 D SurfaceFlinger: [SF client] REMOVE (0xb400007e77908b80) for (13659:com.google.android.packageinstaller)
11-28 12:45:03.421 13659 13673 E IMGMapper: set:488 set: Unset optional value from type SMPTE2086
11-28 12:45:03.421 13659 13673 E IMGMapper: set:488 set: Unset optional value from type CTA861_3
11-28 12:45:03.426  1011  1106 I Light   : light data = 14.000000 .
11-28 12:45:03.437 13659 13673 E IMGMapper: set:488 set: Unset optional value from type SMPTE2086
11-28 12:45:03.437 13659 13673 E IMGMapper: set:488 set: Unset optional value from type CTA861_3
11-28 12:45:03.454 13659 13673 E IMGMapper: set:488 set: Unset optional value from type SMPTE2086
11-28 12:45:03.454 13659 13673 E IMGMapper: set:488 set: Unset optional value from type CTA861_3
11-28 12:45:03.471 13659 13673 E IMGMapper: set:488 set: Unset optional value from type SMPTE2086
11-28 12:45:03.471 13659 13673 E IMGMapper: set:488 set: Unset optional value from type CTA861_3
11-28 12:45:03.487 13659 13673 E IMGMapper: set:488 set: Unset optional value from type SMPTE2086
11-28 12:45:03.487 13659 13673 E IMGMapper: set:488 set: Unset optional value from type CTA861_3
11-28 12:45:03.504 13659 13673 E IMGMapper: set:488 set: Unset optional value from type SMPTE2086
11-28 12:45:03.504 13659 13673 E IMGMapper: set:488 set: Unset optional value from type CTA861_3
11-28 12:45:03.521 13659 13673 E IMGMapper: set:488 set: Unset optional value from type SMPTE2086
11-28 12:45:03.521 13659 13673 E IMGMapper: set:488 set: Unset optional value from type CTA861_3
11-28 12:45:03.529  1685  1685 I WifiHAL : Get link layer stats
11-28 12:45:03.529  1685  1685 I WifiHAL : GetLinkStatsCommand::create
11-28 12:45:03.529  1685  1685 D android.hardware.wifi@1.0-service-lazy: WifiRequest::create vendor command to iface 38, vendor_id=0x1a11, subcmd=0x1200, res=0
11-28 12:45:03.530  1685  1685 I android.hardware.wifi@1.0-service-lazy: WifiCommand::requestResponse err=-95
11-28 12:45:03.530  1685  1685 I WifiHAL : wifi_get_link_stats: result=-3
11-28 12:45:03.530  1341  1567 E WifiVendorHal: getWifiLinkLayerStats_1_5_Internal(l.1179) failed {.code = ERROR_NOT_SUPPORTED, .description = }
11-28 12:45:03.536  1341 11139 D SemWifiUsabilityStatsMonitor: onWifiUsabilityStats - seqNum 26259, isSameBssidAndFreq true
11-28 12:45:03.537  1341  1641 I SemWifiLinkQualityMonitor: Link Qos query: inf. ms / 0 Mbps
11-28 12:45:03.537  1737  1737 D NetworkController.WifiSignalController: notifyListener: visible=true, connected=true, inetCondition=1, isDefault=true, wifiTestReported=true, receivedInetCondition=-1, hideDuringMobileSwitching=false
11-28 12:45:03.538 13659 13673 E IMGMapper: set:488 set: Unset optional value from type SMPTE2086
11-28 12:45:03.538 13659 13673 E IMGMapper: set:488 set: Unset optional value from type CTA861_3
11-28 12:45:03.538  1737  1862 D Tile.WifiTile: handleUpdateState isTransient=false transientEnabling =false cb.isTransient=false state.state = 2 mStateBeforeClick.value =false enabled =true
11-28 12:45:03.554 13659 13673 E IMGMapper: set:488 set: Unset optional value from type SMPTE2086
11-28 12:45:03.554  1737  1795 E IMGMapper: set:488 set: Unset optional value from type SMPTE2086
11-28 12:45:03.554 13659 13673 E IMGMapper: set:488 set: Unset optional value from type CTA861_3
11-28 12:45:03.554  1737  1795 E IMGMapper: set:488 set: Unset optional value from type CTA861_3
11-28 12:45:03.563   766   766 I BufferQueueProducer: [StatusBar$_1737#83](this:0xb400007e9bb43838,id:-1,api:0,p:-1,c:766) queueBuffer: fps=8.14 dur=2212.57 max=1397.46 min=16.40
11-28 12:45:03.570 13659 13673 E IMGMapper: set:488 set: Unset optional value from type SMPTE2086
11-28 12:45:03.571 13659 13673 E IMGMapper: set:488 set: Unset optional value from type CTA861_3
11-28 12:45:03.587 13659 13673 E IMGMapper: set:488 set: Unset optional value from type SMPTE2086
11-28 12:45:03.587 13659 13673 E IMGMapper: set:488 set: Unset optional value from type CTA861_3
11-28 12:45:03.604 13659 13673 E IMGMapper: set:488 set: Unset optional value from type SMPTE2086
11-28 12:45:03.604 13659 13673 E IMGMapper: set:488 set: Unset optional value from type CTA861_3
11-28 12:45:03.621 13659 13673 E IMGMapper: set:488 set: Unset optional value from type SMPTE2086
11-28 12:45:03.621 13659 13673 E IMGMapper: set:488 set: Unset optional value from type CTA861_3
11-28 12:45:03.626  1011  1106 I Light   : light data = 13.000000 .
11-28 12:45:03.629   747 16683 I mtkpower_client: perf_lock_rel, hdl:52215, tid:16683
11-28 12:45:03.629   747 16683 I mtkpower_client: perf_lock_rel, hdl:52216, tid:16683
11-28 12:45:03.629   750   798 I libPowerHal: [perfLockRel] hdl:52215, idx:4
11-28 12:45:03.630   750   798 I libPowerHal: vendor.samsung.: cpu_ctrl set cpu freq: 1750000 -1 -1 -1
11-28 12:45:03.630  1341  1371 I WindowManager: Reparenting to original parent: Surface(name=ActivityRecord{6459409 u0 com.google.android.packageinstaller/com.android.packageinstaller.PackageInstallerActivity} t313})/@0xa8e4059, destroy=true, surface=Surface(name=6dfe27 com.google.android.packageinstaller/com.android.packageinstaller.PackageInstallerActivity)/@0x9f9bca0
11-28 12:45:03.631   747 16683 I mtkpower_client: perf_lock_rel, hdl:52217, tid:16683
11-28 12:45:03.631   750   798 I libPowerHal: [perfLockRel] hdl:52216, idx:1
11-28 12:45:03.631  1341  1371 E WindowManager: win=Window{6dfe27 u0 com.google.android.packageinstaller/com.android.packageinstaller.PackageInstallerActivity EXITING} destroySurfaces: appStopped=false cleanupOnResume=false win.mWindowRemovalAllowed=true win.mRemoveOnExit=true win.mViewVisibility=8 caller=com.android.server.wm.ActivityRecord.destroySurfaces:6536 com.android.server.wm.ActivityRecord.destroySurfaces:6517 com.android.server.wm.WindowState.onExitAnimationDone:5989 com.android.server.wm.WindowStateAnimator.onAnimationFinished:225 com.android.server.wm.WindowState.onAnimationFinished:6216 com.android.server.wm.WindowContainer$$ExternalSyntheticLambda4.onAnimationFinished:2 com.android.server.wm.SurfaceAnimator.lambda$getFinishedCallback$0:140 
11-28 12:45:03.632  1341  1371 I WindowManager: Destroying surface Surface(name=com.google.android.packageinstaller/com.android.packageinstaller.PackageInstallerActivity$_13659)/@0x4e02cc called by com.android.server.wm.WindowStateAnimator.destroySurface:942 com.android.server.wm.WindowStateAnimator.destroySurfaceLocked:536 com.android.server.wm.WindowState.destroySurfaceUnchecked:4306 com.android.server.wm.WindowState.destroySurface:4280 com.android.server.wm.ActivityRecord.destroySurfaces:6536 com.android.server.wm.ActivityRecord.destroySurfaces:6517 com.android.server.wm.WindowState.onExitAnimationDone:5989 com.android.server.wm.WindowStateAnimator.onAnimationFinished:225 
11-28 12:45:03.632   747 16683 I mtkpower_client: perf_lock_rel, hdl:52218, tid:16683
11-28 12:45:03.632   750   798 I libPowerHal: [perfLockRel] hdl:52217, idx:2
11-28 12:45:03.632   750   798 I libPowerHal: [PD] vendor.samsung. update cmd:1000000, param:-1
11-28 12:45:03.632  1341  1371 D RestrictionPolicy: isScreenCaptureEnabled : ret=true userId=0
11-28 12:45:03.633  1341  1371 V WindowManager: Nulling last startingData
11-28 12:45:03.633   750   798 I libPowerHal: [PD] vendor.samsung. update cmd:1000000 param:-1
11-28 12:45:03.635   747 16683 I HYPER-HAL: [RequestManager.cpp]releaseLocked(): Released ID : 918704
11-28 12:45:03.636   750   798 I libPowerHal: [perfLockRel] hdl:52218, idx:3
11-28 12:45:03.636   750   798 I libPowerHal: vendor.samsung.: cpu_ctrl set cpu freq: -1 -1 -1 -1
11-28 12:45:03.638 13659 13673 E IMGMapper: set:488 set: Unset optional value from type SMPTE2086
11-28 12:45:03.638 13659 13673 E IMGMapper: set:488 set: Unset optional value from type CTA861_3
11-28 12:45:03.646   766   766 I Layer   : id=19122 removeFromCurrentState com.google.android.packageinstaller/com.android.packageinstaller.PackageInstallerActivity$_13659#19122 (137)
11-28 12:45:03.647   766   766 I Layer   : id=19121 removeFromCurrentState 6dfe27 com.google.android.packageinstaller/com.android.packageinstaller.PackageInstallerActivity#19121 (137)
11-28 12:45:03.647   766   766 I Layer   : id=19135 removeFromCurrentState Surface(name=6dfe27 com.google.android.packageinstaller/com.android.packageinstaller.PackageInstallerActivity)/@0x9f9bca0 - animation-leash of window_animation#19135 (137)
11-28 12:45:03.647   766   766 I Layer   : Layer [com.google.android.packageinstaller/com.android.packageinstaller.PackageInstallerActivity$_13659#19122] hidden!! flag(1)
11-28 12:45:03.647   766   766 I SurfaceFlinger: id=19121 Removed 6dfe27 com.google.android.packageinstaller/com.android.packageinstaller.PackageInstallerActivity#19121 (137)
11-28 12:45:03.647   766  1819 I SurfaceFlinger: id=19127 Removed d505110 ActivityRecordInputSink com.google.android.packageinstaller/com.android.packageinstaller.PackageInstallerActivity#19127 (137)
11-28 12:45:03.647   766   766 I SurfaceFlinger: id=19122 Removed com.google.android.packageinstaller/com.android.packageinstaller.PackageInstallerActivity$_13659#19122 (137)
11-28 12:45:03.647   766   766 I SurfaceFlinger: id=19135 Removed Surface(name=6dfe27 com.google.android.packageinstaller/com.android.packageinstaller.PackageInstallerActivity)/@0x9f9bca0 - animation-leash of window_animation#19135 (137)
11-28 12:45:03.648   766   766 I Layer   : id=19135 Destroyed Surface(name=6dfe27 com.google.android.packageinstaller/com.android.packageinstaller.PackageInstallerActivity)/@0x9f9bca0 - animation-leash of window_animation#19135
11-28 12:45:03.648   766   766 I Layer   : id=19121 Destroyed 6dfe27 com.google.android.packageinstaller/com.android.packageinstaller.PackageInstallerActivity#19121
11-28 12:45:03.648   766   766 I BufferQueueDebug: [com.google.android.packageinstaller/com.android.packageinstaller.PackageInstallerActivity$_13659#19122](this:0xb400007e779be838,id:-1,api:0,p:-1,c:766) onDestructor()
11-28 12:45:03.649   766   766 I Layer   : id=19122 Destroyed com.google.android.packageinstaller/com.android.packageinstaller.PackageInstallerActivity$_13659#19122
11-28 12:45:03.654 13659 13673 E IMGMapper: set:488 set: Unset optional value from type SMPTE2086
11-28 12:45:03.655 13659 13673 E IMGMapper: set:488 set: Unset optional value from type CTA861_3
11-28 12:45:03.663   766   766 I Layer   : id=19118 removeFromCurrentState ActivityRecord{6459409 u0 com.google.android.packageinstaller/com.android.packageinstaller.PackageInstallerActivity} t313}#19118 (134)
11-28 12:45:03.663   766   766 I Layer   : id=19127 removeFromCurrentState d505110 ActivityRecordInputSink com.google.android.packageinstaller/com.android.packageinstaller.PackageInstallerActivity#19127 (134)
11-28 12:45:03.663   766   766 I SurfaceFlinger: id=19118 Removed ActivityRecord{6459409 u0 com.google.android.packageinstaller/com.android.packageinstaller.PackageInstallerActivity} t313}#19118 (134)
11-28 12:45:03.664   766   766 I Layer   : id=19118 Destroyed ActivityRecord{6459409 u0 com.google.android.packageinstaller/com.android.packageinstaller.PackageInstallerActivity} t313}#19118
11-28 12:45:03.664   766   766 I Layer   : id=19127 Destroyed d505110 ActivityRecordInputSink com.google.android.packageinstaller/com.android.packageinstaller.PackageInstallerActivity#19127
11-28 12:45:03.671 13659 13673 E IMGMapper: set:488 set: Unset optional value from type SMPTE2086
11-28 12:45:03.671 13659 13673 E IMGMapper: set:488 set: Unset optional value from type CTA861_3
11-28 12:45:03.688 13659 13673 E IMGMapper: set:488 set: Unset optional value from type SMPTE2086
11-28 12:45:03.688 13659 13673 E IMGMapper: set:488 set: Unset optional value from type CTA861_3
11-28 12:45:03.705 13659 13673 E IMGMapper: set:488 set: Unset optional value from type SMPTE2086
11-28 12:45:03.705 13659 13673 E IMGMapper: set:488 set: Unset optional value from type CTA861_3
11-28 12:45:03.721 13659 13673 E IMGMapper: set:488 set: Unset optional value from type SMPTE2086
11-28 12:45:03.721 13659 13673 E IMGMapper: set:488 set: Unset optional value from type CTA861_3
11-28 12:45:03.737 13659 13673 E IMGMapper: set:488 set: Unset optional value from type SMPTE2086
11-28 12:45:03.737 13659 13673 E IMGMapper: set:488 set: Unset optional value from type CTA861_3
11-28 12:45:03.754 13659 13673 E IMGMapper: set:488 set: Unset optional value from type SMPTE2086
11-28 12:45:03.754 13659 13673 E IMGMapper: set:488 set: Unset optional value from type CTA861_3
11-28 12:45:03.769  1737  1862 D MobileStatusTracker(1/4): onSignalStrengthsChanged level=2, vendorLevel=1
11-28 12:45:03.771 13659 13673 E IMGMapper: set:488 set: Unset optional value from type SMPTE2086
