11-28 12:46:14.358  1341  3022 D SecContentProvider: query(), uri = 17 selection = isSettingsChangesAllowed
11-28 12:46:14.358  1341  3022 D SecContentProvider: called from android.uid.honeyboard:10139
11-28 12:46:14.358  1341  3022 D RestrictionPolicy: isSettingsChangesAllowedAsUser, userId 0 : true
11-28 12:46:14.358  1341  3022 D SettingsProvider: ret = 1
11-28 12:46:14.359  9366 13082 I HBD     : n updated Sub Types. French 
11-28 12:46:14.360  9366 17239 I HBD     : b InputMethodSubtype is set as local:fr_FR 
11-28 12:46:14.360  1341  1341 I InputMethodManagerService: subtype state: oldSubtype = android.view.inputmethod.InputMethodSubtype@160007 newSubtype = android.view.inputmethod.InputMethodSubtype@160007 force = false
11-28 12:46:14.375  1341  1341 I GestureDetector: handleMessage TAP
11-28 12:46:14.375  1341  1368 I GestureDetector: handleMessage TAP
11-28 12:46:14.399 16873 16898 E IMGMapper: set:488 set: Unset optional value from type SMPTE2086
11-28 12:46:14.399 16873 16898 E IMGMapper: set:488 set: Unset optional value from type CTA861_3
11-28 12:46:14.425  1011  1106 I Light   : light data = 13.000000 .
11-28 12:46:14.473  9366  9366 I HBD     : b updateConfig: [LanguageItem] French / [KeyboardViewTypeItem] 0 / [KeyboardInputTypeItem] mainType(0), subType(2) / [CurrentLanguageInputTypeItem] mainType(0), subType(2) / [KeyboardInputRangeItem] 1 / [SelectedLanguageItem] 1 / [TextOrNullInputClassItem] true / [NumberKeyFirstLineItem] true / [SimpleRowStyleItem] true / [SpaceRowStylePeriodItem] true / [SpaceRowStyleEmailURLPeriodItem] true /  
11-28 12:46:14.474  9366  9366 I HBD     : b updateConfig: [SpaceRowStyleEmailURLDotComItem] true / [SpaceRowStyleEmailURLPeriodItem] true / [SpaceRowStyleEmailURLDotComItem] true / [SpaceRowStyleJapaneseArrowItem] true / [SpaceRowStyleJapanesePeriodItem] true / [TouchAndHoldSpaceBarTypeItem] cursor_control / [UseToolBarItem] true / [VoiceInputTypeItem] 0x1 / [DensityItem] 2.0 / [DisplayWidthItem] 0x720 / [DisplayHeightItem] 0x1459 /  
11-28 12:46:14.474  9366  9366 I HBD     : b updateConfig: [MainTextLabelItem] 1 / [LanguageSwitchingUsingKeyItem] true / [VoiceEnabledItem] true /  
11-28 12:46:14.474  9366  9366 I HBD     : b update cached prediction status : false 
11-28 12:46:14.474  9366  9366 I HBD     : ::BnR:: d HONEY_SUPPORT_DATA_MIGRATION_FROM_SKBD : true, isMigrateNotNeeded : true, isFinishMigPreferences : false, isPasswordInputType : falseisUserUnlocked : true 
11-28 12:46:14.475  9366  9366 I HBD     : b updateMultiTapTimeValue 
11-28 12:46:14.475  9366  9366 I HBD     : b getMultiTapTimeoutValue 
11-28 12:46:14.475  9366  9366 I HBD     : b getSingleVowelMultiTapTimeoutValue 
11-28 12:46:14.476 16873 16898 E IMGMapper: set:488 set: Unset optional value from type SMPTE2086
11-28 12:46:14.476 16873 16898 E IMGMapper: set:488 set: Unset optional value from type CTA861_3
11-28 12:46:14.477  1341  3026 D SecContentProvider: query(), uri = 15 selection = isClipboardShareAllowedAsUser
11-28 12:46:14.478  1341  3026 D SecContentProvider: called from android.uid.honeyboard:10139
11-28 12:46:14.478  1341  3026 D RestrictionPolicy: isClipboardShareAllowed : true
11-28 12:46:14.481  9366  9366 I HBD     : a [PF_OP][onStartInputViewActivate]  1 ms 
11-28 12:46:14.484  9366  9366 I HBD     : HoneyBoardService [PF_OP][onStartInputView]  193 ms 
11-28 12:46:14.484  9366  9366 I InputMethod: showSoftInput(), flags : 1
11-28 12:46:14.484  1341  2996 I InputMethodManagerService: isAccessoryKeyboard 0
11-28 12:46:14.485  9366  9366 I HBD     : HoneyBoardService onEvaluateInputViewShown: true 
11-28 12:46:14.485  1341  2996 I InputMethodManagerService: isAccessoryKeyboard 0
11-28 12:46:14.486  9366  9366 I HBD     : HoneyBoardService onEvaluateInputViewShown: true 
11-28 12:46:14.486  9366  9366 I InputMethodService: startViews: mShowInputRequested=true, mInputViewStarted=true, mCandidatesViewStarted= false
11-28 12:46:14.487  9366  9366 I HBD     : HoneyBoardService onWindowShown 
11-28 12:46:14.487  9366  9366 I HBD     : HoneyBoardService [PF_OP][onWindowShown]  0 ms 
11-28 12:46:14.488  9366  9366 I MSHandlerLifeCycle: check: return. pkg=com.samsung.android.honeyboard isActivity=false callers=com.android.internal.policy.DecorView.setVisibility:4411 android.app.Dialog.show:454 android.inputmethodservice.SoftInputWindow.show:208 android.inputmethodservice.InputMethodService.showWindow:3071 android.inputmethodservice.InputMethodService$InputMethodImpl.showSoftInput:1035 
11-28 12:46:14.488  9366  9366 I MSHandlerLifeCycle: removeMultiSplitHandler: no exist. decor=DecorView@bf541e3[InputMethod]
11-28 12:46:14.488  1341  1357 D InputMethodManagerService: notifyUserActivity: canceled, displayId=0
11-28 12:46:14.488  9366  9366 I InputMethod: showSoftInput(), flags : 1
11-28 12:46:14.488  1341  2974 I InputMethodManagerService: isAccessoryKeyboard 0
11-28 12:46:14.489  9366  9366 I HBD     : HoneyBoardService onEvaluateInputViewShown: true 
11-28 12:46:14.489  1341  2974 I InputMethodManagerService: isAccessoryKeyboard 0
11-28 12:46:14.489  9366  9366 I HBD     : HoneyBoardService onEvaluateInputViewShown: true 
11-28 12:46:14.489  9366  9366 I InputMethodService: startViews: mShowInputRequested=true, mInputViewStarted=true, mCandidatesViewStarted= false
11-28 12:46:14.490  9366  9366 I HBD     : HoneyBoardService onWindowShown 
11-28 12:46:14.491  9366  9366 I HBD     : HoneyBoardService [PF_OP][onWindowShown]  0 ms 
11-28 12:46:14.492  9366  9366 I MSHandlerLifeCycle: check: return. pkg=com.samsung.android.honeyboard isActivity=false callers=com.android.internal.policy.DecorView.setVisibility:4411 android.app.Dialog.show:454 android.inputmethodservice.SoftInputWindow.show:208 android.inputmethodservice.InputMethodService.showWindow:3071 android.inputmethodservice.InputMethodService$InputMethodImpl.showSoftInput:1035 
11-28 12:46:14.492  9366  9366 I MSHandlerLifeCycle: removeMultiSplitHandler: no exist. decor=DecorView@bf541e3[InputMethod]
11-28 12:46:14.493  1341  2067 D InputMethodManagerService: isImeSwitcherDisabledPackage : false
11-28 12:46:14.493  1341  2067 D InputMethodManagerService: shouldShowImeSwitcherLocked : checking vis : 3
11-28 12:46:14.494  1341  2067 I InputMethodManagerService: setImeWindowStatus: vis=3, backDisposition=0
11-28 12:46:14.494  1341  2067 D InputMethodManagerService: notifyUserActivity: canceled, displayId=0
11-28 12:46:14.494  1341  2974 D SecContentProvider: query(), uri = 15 selection = isClipboardAllowedAsUser
11-28 12:46:14.495  1341  2974 D SecContentProvider: called from android.uid.honeyboard:10139
11-28 12:46:14.495  1341  2974 D RestrictionPolicy: isClipboardAllowed : true
11-28 12:46:14.495  1341  2974 D SecContentProvider: SemKnoxPolicyContract.RestrictionPolicy.CLIPBOARD_ALLOWED_AS_USER return = true
11-28 12:46:14.497  1341  1357 D InputMethodManagerService: isImeSwitcherDisabledPackage : false
11-28 12:46:14.498  1341  1357 D InputMethodManagerService: shouldShowImeSwitcherLocked : checking vis : 3
11-28 12:46:14.499  1341  1357 I InputMethodManagerService: setImeWindowStatus: vis=3, backDisposition=0
11-28 12:46:14.503  9366  9366 I HBD     : l0 EBD si S 0 
11-28 12:46:14.508  9366  9704 E IMGMapper: set:488 set: Unset optional value from type SMPTE2086
11-28 12:46:14.508  9366  9704 E IMGMapper: set:488 set: Unset optional value from type CTA861_3
11-28 12:46:14.520  9366  9704 E IMGMapper: set:488 set: Unset optional value from type SMPTE2086
11-28 12:46:14.520  9366  9704 E IMGMapper: set:488 set: Unset optional value from type CTA861_3
11-28 12:46:14.523   766   766 I BufferQueueProducer: [InputMethod$_9366#19183](this:0xb400007e75625838,id:-1,api:0,p:-1,c:766) queueBuffer: fps=4.47 dur=1790.82 max=812.25 min=16.41
11-28 12:46:14.525   738   839 I hwcomposer: [HWCDisplay] [Display_0 (type:1)] fps:9.898446,dur:1010.26,max:547.42,min:16.23  
11-28 12:46:14.537  1341  1532 D InputReader: Btn_touch(1): value=1 when=337735.957111
11-28 12:46:14.537  1341  1532 I InputReader: Touch event's action is 0x0 (id=5, t=0) [pCnt=1, s=0.42707 ] when=337735.957111
11-28 12:46:14.538  1341  1531 I InputDispatcher: Delivering touch to (1737): action: 0x4, f=0x0, d=0, 'ab6e286', t=1 
11-28 12:46:14.538  1341  1531 I InputDispatcher: Delivering touch to (9366): action: 0x0, f=0x0, d=0, 'd79013f', t=1 +(0,-48)
11-28 12:46:14.538  9366  9366 I ViewRootImpl@bbe7c12[InputMethod]: ViewPostIme pointer 0
11-28 12:46:14.539  1341  1368 I GestureDetector: obtain mCurrentDownEvent. id: 1014663829 caller: com.android.server.wm.SystemGesturesPointerEventListener.onPointerEvent:203 com.android.server.wm.PointerEventDispatcher.onInputEvent:53 android.view.InputEventReceiver.dispatchInputEvent:285 
11-28 12:46:14.539  1341  1368 I GestureDetector: obtain mCurrentDownEvent. id: 1014663829 caller: com.android.server.wm.SystemPerformancePointerEventListener.onPointerEvent:89 com.android.server.wm.PointerEventDispatcher.onInputEvent:53 android.view.InputEventReceiver.dispatchInputEvent:285 
11-28 12:46:14.540  9366  9366 I GestureDetector: obtain mCurrentDownEvent. id: 1014663829 caller: com.samsung.android.honeyboard.textboard.f0.z.c.a.onTouch:2 com.samsung.android.honeyboard.textboard.f0.z.f.d.n:3 com.samsung.android.honeyboard.textboard.f0.z.f.a.i:15 
11-28 12:46:14.541  9366  9366 I HBD     : c ATL SoundAndVibrationKeyA
11-28 12:46:14.542  9366  9366 I HBD     : a sound is off 
11-28 12:46:14.542  9366  9366 I HBD     : b vib is off 
11-28 12:46:14.543  9366  9366 I HBD     : a [PF_KL] OTE none 0 1 6 4675308 (1, NONE) 
11-28 12:46:14.547  1341  1368 I GestureDetector: obtain mCurrentMotionEventRaw. action: 2 id: 25691433
11-28 12:46:14.547  1341  1368 I GestureDetector: obtain mCurrentMotionEventRaw. action: 2 id: 25691433
11-28 12:46:14.553  1011  1106 I Accelerometer: acc data x = 1.376000, y = 0.753000, z = 9.605000 .
11-28 12:46:14.557  9366  9366 I GestureDetector: obtain mCurrentMotionEventRaw. action: 2 id: 25691433
11-28 12:46:14.558  9366 17240 I HBD     : d1 requestCursorUpdates returned  true ,  83
11-28 12:46:14.564 16873 16898 E IMGMapper: set:488 set: Unset optional value from type SMPTE2086
11-28 12:46:14.564 16873 16898 E IMGMapper: set:488 set: Unset optional value from type CTA861_3
11-28 12:46:14.569  9366  9704 E IMGMapper: set:488 set: Unset optional value from type SMPTE2086
11-28 12:46:14.569  9366  9704 E IMGMapper: set:488 set: Unset optional value from type CTA861_3
11-28 12:46:14.573   766   766 I BufferQueueProducer: [com.excell44.educam.debug/com.excell44.educam.MainActivity$_16873#19167](this:0xb400007e77ac8838,id:-1,api:0,p:-1,c:766) queueBuffer: fps=5.66 dur=1060.37 max=547.28 min=32.96
11-28 12:46:14.626  1011  1106 I Light   : light data = 13.000000 .
11-28 12:46:14.644 16873 16873 D InsetsController: show(ime(), fromIme=true)
11-28 12:46:14.644 16873 16873 D InsetsController: show(ime(), fromIme=true)
11-28 12:46:14.645  1341  1532 D InputReader: Btn_touch(1): value=0 when=337736.065109
11-28 12:46:14.645  1341  1532 I InputReader: Touch event's action is 0x1 (id=5, t=0) [pCnt=1, s=] when=337736.065109
11-28 12:46:14.646  1341  1531 I InputDispatcher: Delivering touch to (9366): action: 0x1, f=0x0, d=0, 'd79013f', t=1 +(0,-48)
11-28 12:46:14.646  9366  9366 I ViewRootImpl@bbe7c12[InputMethod]: ViewPostIme pointer 1
11-28 12:46:14.648  9366  9366 I HBD     : c ATL CharacterKeyA
11-28 12:46:14.649 16873 16898 E IMGMapper: set:488 set: Unset optional value from type SMPTE2086
11-28 12:46:14.649 16873 16898 E IMGMapper: set:488 set: Unset optional value from type CTA861_3
11-28 12:46:14.652  9366  9366 I HBD     : c IIFO[r:9555d65022] 
11-28 12:46:14.653  9366  9366 I HBD     : l0 EBD key S 0 
11-28 12:46:14.654  9366  9366 I HBD     : a [PF_KL] OTE none 1 1 9 7658769 (1, NONE) 
11-28 12:46:14.673  9366  9704 E IMGMapper: set:488 set: Unset optional value from type SMPTE2086
11-28 12:46:14.673  9366  9704 E IMGMapper: set:488 set: Unset optional value from type CTA861_3
11-28 12:46:14.681  9366  9704 E IMGMapper: set:488 set: Unset optional value from type SMPTE2086
11-28 12:46:14.681  9366  9704 E IMGMapper: set:488 set: Unset optional value from type CTA861_3
11-28 12:46:14.694   747 17238 I mtkpower_client: perf_lock_rel, hdl:52261, tid:17238
11-28 12:46:14.694   747 17238 I HYPER-HAL: [RequestManager.cpp]releaseLocked(): Released ID : 43875029
11-28 12:46:14.695   750   798 I libPowerHal: [perfLockRel] hdl:52261, idx:1
11-28 12:46:14.695   750   798 I libPowerHal: vendor.samsung.: cpu_ctrl set cpu freq: -1 -1 -1 -1
11-28 12:46:14.698  9366  9366 I HBD     : d1 ous -  0 ,  0 ,  1 ,  1 ,  -1 ,  -1
11-28 12:46:14.699  9366  9366 I HBD     : l0 EBD cm s 0 
11-28 12:46:14.700 16873 16898 E IMGMapper: set:488 set: Unset optional value from type SMPTE2086
11-28 12:46:14.700 16873 16898 E IMGMapper: set:488 set: Unset optional value from type CTA861_3
11-28 12:46:14.715  9366  9704 E IMGMapper: set:488 set: Unset optional value from type SMPTE2086
11-28 12:46:14.715  9366  9704 E IMGMapper: set:488 set: Unset optional value from type CTA861_3
11-28 12:46:14.800 16873 16898 E IMGMapper: set:488 set: Unset optional value from type SMPTE2086
11-28 12:46:14.800 16873 16898 E IMGMapper: set:488 set: Unset optional value from type CTA861_3
11-28 12:46:14.820 16873 16898 E IMGMapper: set:488 set: Unset optional value from type SMPTE2086
11-28 12:46:14.820 16873 16898 E IMGMapper: set:488 set: Unset optional value from type CTA861_3
11-28 12:46:14.825  1011  1106 I Light   : light data = 13.000000 .
11-28 12:46:14.839  1341  1368 I GestureDetector: handleMessage TAP
11-28 12:46:14.840  1341  1341 I GestureDetector: handleMessage TAP
11-28 12:46:15.026  1011  1106 I Light   : light data = 13.000000 .
11-28 12:46:15.040 25952 26105 I EPDG -- [EPDGService]: Event received: SERVICE_STOP_CHECK
11-28 12:46:15.042 25952 26105 I EPDG -- SIM0 [Operator]: getSubId(): subID is : 5
11-28 12:46:15.046 25952 26105 I EPDG -- SIM1 [Operator]: getSubId(): subID is : 4
11-28 12:46:15.050 25952 26105 I EPDG -- SIM0 [Operator]: getSubId(): subID is : 5
11-28 12:46:15.057  2011  2857 I EntitlementContentProvider<0>: isVoWiFiEntitlementRequired: false
11-28 12:46:15.059 25952 26105 I EPDG -- SIM0 [EpdgEntitlement]: isEntitlementRequired : false
11-28 12:46:15.060 25952 26105 I EPDG -- SIM1 [Operator]: getSubId(): subID is : 4
11-28 12:46:15.063  2011  2857 I EntitlementContentProvider<1>: isVoWiFiEntitlementRequired: false
11-28 12:46:15.066 25952 26105 I EPDG -- SIM1 [EpdgEntitlement]: isEntitlementRequired : false
11-28 12:46:15.066 25952 26105 I EPDG -- [EPDGService]: scheduleTerminateEvent after : 5 secs.
11-28 12:46:15.071  1018  1018 I thermal_repeater: socket -1
11-28 12:46:15.111  1737  1862 D MobileStatusTracker(0/5): onSignalStrengthsChanged level=4, vendorLevel=4
11-28 12:46:15.112  1737  1862 D MobileSignalController(0/5): notifyListener: enabled=true, connected=true, dataConnected=false, networkType=GSM (Unknown), emergencyOnly=true, roaming=false, isDefault=false, dataActivity=, level=4, ca=false, mmWave=false, disabledDataIcon=false, simCard=ETC
11-28 12:46:15.112  1737  1862 D NetworkController: SignalStrength from intent slotId=0
11-28 12:46:15.226  1011  1106 I Light   : light data = 13.000000 .
11-28 12:46:15.327 16873 16898 E IMGMapper: set:488 set: Unset optional value from type SMPTE2086
11-28 12:46:15.327 16873 16898 E IMGMapper: set:488 set: Unset optional value from type CTA861_3
11-28 12:46:15.354  1011  1106 I Accelerometer: acc data x = 1.434000, y = 0.734000, z = 9.624000 .
11-28 12:46:15.426  1011  1106 I Light   : light data = 13.000000 .
11-28 12:46:15.533  1341  1532 D InputReader: Btn_touch(1): value=1 when=337736.952074
11-28 12:46:15.533  1341  1532 I InputReader: Touch event's action is 0x0 (id=5, t=0) [pCnt=1, s=0.42708 ] when=337736.952074
11-28 12:46:15.534  1341  1531 I InputDispatcher: Delivering touch to (1737): action: 0x4, f=0x0, d=0, 'ab6e286', t=1 
11-28 12:46:15.534  1341  1531 I InputDispatcher: Delivering touch to (16873): action: 0x0, f=0x0, d=0, '6c993e2', t=1 
11-28 12:46:15.534 16873 16873 I ViewRootImpl@4a720a7[MainActivity]: ViewPostIme pointer 0
11-28 12:46:15.534  1341  1368 I GestureDetector: obtain mCurrentDownEvent. id: 309140379 caller: com.android.server.wm.SystemGesturesPointerEventListener.onPointerEvent:203 com.android.server.wm.PointerEventDispatcher.onInputEvent:53 android.view.InputEventReceiver.dispatchInputEvent:285 
11-28 12:46:15.535  1341  1368 I GestureDetector: obtain mCurrentDownEvent. id: 309140379 caller: com.android.server.wm.SystemPerformancePointerEventListener.onPointerEvent:89 com.android.server.wm.PointerEventDispatcher.onInputEvent:53 android.view.InputEventReceiver.dispatchInputEvent:285 
11-28 12:46:15.542  1341  1368 I GestureDetector: obtain mCurrentMotionEventRaw. action: 2 id: 741885301
11-28 12:46:15.542  1341  1368 I GestureDetector: obtain mCurrentMotionEventRaw. action: 2 id: 741885301
11-28 12:46:15.596 16873 16898 E IMGMapper: set:488 set: Unset optional value from type SMPTE2086
11-28 12:46:15.596 16873 16898 E IMGMapper: set:488 set: Unset optional value from type CTA861_3
11-28 12:46:15.601   766   766 I BufferQueueProducer: [com.excell44.educam.debug/com.excell44.educam.MainActivity$_16873#19167](this:0xb400007e77ac8838,id:-1,api:0,p:-1,c:766) queueBuffer: fps=5.84 dur=1027.86 max=497.67 min=33.03
11-28 12:46:15.602   738   839 I hwcomposer: [HWCDisplay] [Display_0 (type:1)] fps:9.283472,dur:1077.18,max:498.37,min:16.17  
11-28 12:46:15.626  1011  1106 I Light   : light data = 13.000000 .
11-28 12:46:15.657  1341  1532 D InputReader: Btn_touch(1): value=0 when=337737.076692
11-28 12:46:15.657  1341  1532 I InputReader: Touch event's action is 0x1 (id=5, t=0) [pCnt=1, s=] when=337737.076692
11-28 12:46:15.657  1341  1531 I InputDispatcher: Delivering touch to (16873): action: 0x1, f=0x0, d=0, '6c993e2', t=1 
11-28 12:46:15.658 16873 16873 I ViewRootImpl@4a720a7[MainActivity]: ViewPostIme pointer 1
11-28 12:46:15.749 28118 28118 W Finsky  : [2] STU: Failed to get storage stats for package 'com.google.android.appsearch' (1601: Error getting stats: android.content.pm.PackageManager.NameNotFoundException)
11-28 12:46:15.750 28118 28118 W Finsky  : [2] STU: Failed to get storage stats for package 'com.google.android.media.swcodec' (1601: Error getting stats: android.content.pm.PackageManager.NameNotFoundException)
11-28 12:46:15.775 28118 28118 W Finsky  : [2] STU: Failed to get storage stats for package 'com.google.android.art' (1601: Error getting stats: android.content.pm.PackageManager.NameNotFoundException)
11-28 12:46:15.820   766  1819 D SurfaceFlinger: [SF client] NEW(0xb400007e75646c40) for (16873:com.excell44.educam.debug)
11-28 12:46:15.825 16873 16898 D NativeCustomFrequencyManager: [NativeCFMS] BpCustomFrequencyManager::BpCustomFrequencyManager()
11-28 12:46:15.826  1011  1106 I Light   : light data = 13.000000 .
11-28 12:46:15.826  1091 25234 D AALLightSensor: oldLux=11 [SA:12 LA:10] newLux=11 (oriLux: 13)
11-28 12:46:15.828   766  1004 I SurfaceFlinger: id=19184 createSurf flag=80004, b60360 Fenêtre pop-up#19184
11-28 12:46:15.829  1341  2067 D InputTransport: Input channel constructed: 'b60360 ', fd=810
11-28 12:46:15.829  1341  2067 D InputTransport: Input channel constructed: 'b60360 ', fd=834
11-28 12:46:15.829  1341  2067 D InputTransport: Input channel constructed: 'b60360 ', fd=842
11-28 12:46:15.831  1341  2067 V WindowManager: Changing focus from Window{6c993e2 u0 com.excell44.educam.debug/com.excell44.educam.MainActivity} to Window{b60360 u0 Fenêtre pop-up} displayId=0 Callers=com.android.server.wm.RootWindowContainer.updateFocusedWindowLocked:595 com.android.server.wm.WindowManagerService.updateFocusedWindowLocked:6803 com.android.server.wm.WindowManagerService.addWindow:2047 com.android.server.wm.Session.addToDisplayAsUser:222 
11-28 12:46:15.831  1341  2067 D MARsPolicyManager: onPackageResumedFG pkgName = com.excell44.educam.debug, userId = 0
11-28 12:46:15.831  1341  2067 I WindowManager: Cancelling animation restarting=true, leash=Surface(name=Surface(name=528b8b0 StatusBar)/@0x97829b3 - animation-leash of insets_animation)/@0xbdadff4
11-28 12:46:15.831  1341  2067 I WindowManager: Reparenting to original parent: Surface(name=WindowToken{e4213f3 type=2000 android.os.BinderProxy@654f12d})/@0x8507b70, destroy=false, surface=Surface(name=528b8b0 StatusBar)/@0x97829b3
11-28 12:46:15.832  1341  2067 I WindowManager: Reparenting to leash, surface=Surface(name=528b8b0 StatusBar)/@0x97829b3, leashParent=Surface(name=WindowToken{e4213f3 type=2000 android.os.BinderProxy@654f12d})/@0x8507b70
11-28 12:46:15.832   766  1004 I SurfaceFlinger: id=19185 createSurf flag=24000, Surface(name=528b8b0 StatusBar)/@0x97829b3 - animation-leash of insets_animation#19185
11-28 12:46:15.833  1341  2067 D WindowManager: makeSurface duration=2 leash=Surface(name=Surface(name=528b8b0 StatusBar)/@0x97829b3 - animation-leash of insets_animation)/@0x80f0abf
11-28 12:46:15.834  1341  1368 I GestureDetector: handleMessage TAP
11-28 12:46:15.834  1341  2067 D WindowManager: updateSystemBarAttributes: displayId=0, win=Window{b60360 u0 Fenêtre pop-up}, navColorWin=Window{d79013f u0 InputMethod}, focusedCanBeNavColorWin=false, behavior=1, appearance=16, statusBarAppearanceRegions=[AppearanceRegion{LIGHT_STATUS_BARS bounds=[0,0][720,1600]}], requestedVisibilities=, from=com.android.server.wm.DisplayPolicy.focusChangedLw:3245 com.android.server.wm.DisplayContent.updateFocusedWindowLocked:4618 com.android.server.wm.RootWindowContainer.updateFocusedWindowLocked:595 
11-28 12:46:15.835  1341  2067 D StatusBarManagerService: notifyRequestedSystemKey recent=false home=false
11-28 12:46:15.835  1341  1341 I GestureDetector: handleMessage TAP
11-28 12:46:15.835  1737  1737 D NavigationBar: onSystemBarAttributesChanged() -  displayId:0, appearance:16, packageName: com.excell44.educam.debug (APPEARANCE_LIGHT_NAVIGATION_BARS ), navbarColorManagedByIme:true
11-28 12:46:15.835  1341  2067 D InputTransport: Input channel destroyed: 'b60360 ', fd=842
11-28 12:46:15.837 16873 16873 D InsetsController: onStateChanged: InsetsState: {mDisplayFrame=Rect(0, 0 - 720, 1600), mDisplayCutout=DisplayCutout{insets=Rect(0, 45 - 0, 0) waterfall=Insets{left=0, top=0, right=0, bottom=0} boundingRect={Bounds=[Rect(0, 0 - 0, 0), Rect(272, 0 - 448, 45), Rect(0, 0 - 0, 0), Rect(0, 0 - 0, 0)]} cutoutPathParserInfo={CutoutPathParserInfo{displayWidth=720 displayHeight=1600 physicalDisplayWidth=720 physicalDisplayHeight=1600 density={1.875} cutoutSpec={M 0,0 H -46.93333333333333 V 24 H 46.93333333333333 V 0 H 0 Z @dp} rotation={0} scale={1.0} physicalPixelDisplaySizeRatio={1.0}}}}, mRoundedCorners=RoundedCorners{[RoundedCorner{position=TopLeft, radius=64, center=Point(64, 64)}, RoundedCorner{position=TopRight, radius=64, center=Point(656, 64)}, RoundedCorner{position=BottomRight, radius=64, center=Point(656, 1536)}, RoundedCorner{position=BottomLeft, radius=64, center=Point(64, 1536)}]}  mRoundedCornerFrame=Rect(0, 0 - 720, 1600), mPrivacyIndicatorBounds=PrivacyIndicatorBounds {static bounds=Rect(632, 0 - 720, 48) rotation=0}, mSources= { InsetsSource: {mType=ITYPE_STATUS_BAR, mFrame=[0,0][720,48], mVisible=true, mInsetsRoundedCornerFrame=false}, InsetsSource: {mType=ITYPE_NAVIGATION_BAR, mFrame=[0,1504][720,1600], mVisible=true, mInsetsRoundedCornerFrame=false}, InsetsSource: {mType=ITYPE_LEFT_GESTURES, mFrame=[0,0][0,1600], mVisible=true, mInsetsRoundedCornerFrame=false}, InsetsSource: {mType=ITYPE_RIGHT_GESTURES, mFrame=[720,0][720,1600], mVisible=true, mInsetsRoundedCornerFrame=false}, InsetsSource: {mType=ITYPE_TOP_MANDATORY_GESTURES, mFrame=[0,0][720,69], mVisible=true, mInsetsRoundedCornerFrame=false}, InsetsSource: {mType=ITYPE_BOTTOM_MANDATORY_GESTURES, mFrame=[0,1504][720,1600], mVisible=true, mInsetsRoundedCornerFrame=false}, InsetsSource: {mType=ITYPE_LEFT_DISPLAY_CUTOUT, mFrame=[0,0][-100000,1600], mVisible=true, mInsetsRoundedCornerFrame=false}, InsetsSource: {mType=ITYPE_TOP_DISPLAY_CUTOUT, mFrame=[0,0][720,45], mVisible=true, mInsetsRoundedCornerFrame=false}, InsetsSource: {mType=ITYPE_RIGHT_DISPLAY_CUTOUT, mFrame=[100000,0][720,1600], mVisible=true, mInsetsRoundedCornerFrame=false}, InsetsSource: {mType=ITYPE_BOTTOM_DISPLAY_CUTOUT, mFrame=[0,100000][720,1600], mVisible=true, mInsetsRoundedCornerFrame=false}, InsetsSource: {mType=ITYPE_TOP_TAPPABLE_ELEMENT, mFrame=[0,0][720,48], mVisible=true, mInsetsRoundedCornerFrame=false}, InsetsSource: {mType=ITYPE_BOTTOM_TAPPABLE_ELEMENT, mFrame=[0,1504][720,1600], mVisible=true, mInsetsRoundedCornerFrame=false} } host=Fenêtre pop-up from=android.view.ViewRootImpl.setView:1732
11-28 12:46:15.839 16873 16873 I ViewRootImpl@146824d[Fenêtre pop-up]: setView = androidx.compose.ui.window.PopupLayout@a85f649 TM=true
11-28 12:46:15.839  1341  2067 D CoreBackPreview: Window{b60360 u0 Fenêtre pop-up}: Setting back callback OnBackInvokedCallbackInfo{mCallback=android.window.IOnBackInvokedCallback$Stub$Proxy@267f58c, mPriority=0}
11-28 12:46:15.846 16873 16873 I IMM_LC  : notifyImeHidden: mService.hideSoftInput
11-28 12:46:15.846  1341  2067 D InputMethodManagerService: hideSoftInput
11-28 12:46:15.846  1341  2067 V InputMethodManagerService: Client requesting input be hidden
11-28 12:46:15.846  1341  2067 I InputMethodManagerService: Calling com.android.server.inputmethod.IInputMethodInvoker@d21d7f1.hideSoftInput(0, android.os.Binder@95c64d5, null) for reason: HIDE_SOFT_INPUT
11-28 12:46:15.847  1341  2067 I InputMethodBindingController: setCurrentMethodNotVisible: mVisibleBound=true, mHasConnection=true, caller = com.android.server.inputmethod.InputMethodManagerService.hideCurrentInputLocked:4339 com.android.server.inputmethod.InputMethodManagerService.hideSoftInput:4277 com.android.internal.view.IInputMethodManager$Stub.onTransact:488 com.android.server.inputmethod.InputMethodManagerService.onTransact:2285 android.os.Binder.execTransactInternal:1316 android.os.Binder.execTransact:1280 <bottom of call stack> <bottom of call stack> <bottom of call stack> <bottom of call stack> 
11-28 12:46:15.847  9366  9366 I InputMethod: hideSoftInput(), flags : 0
11-28 12:46:15.847  1341  2067 D InputMethodBindingController: unbindVisibleConnection mVisibleConnection : com.android.server.inputmethod.InputMethodBindingController$1@248a27c
11-28 12:46:15.847  9366  9366 I HBD     : HoneyBoardService onFinishInputView finishingInput= false
11-28 12:46:15.848  9366  9366 I DecorView: notifyKeepScreenOnChanged: keepScreenOn=false
11-28 12:46:15.849  1341  2067 I ActivityManager: Changes in 10139 5 to 7, 15 to 0
11-28 12:46:15.850  9366  9366 I HBD     : a [UpdatePolicy] [post] a: 3 cl: 1441799 kit: [0/2] vt: 0 ir: 1 
11-28 12:46:15.850   766   766 I Layer   : id=19168 removeFromCurrentState Surface(name=528b8b0 StatusBar)/@0x97829b3 - animation-leash of insets_animation#19168 (134)
11-28 12:46:15.850  9366  9366 I HBD     : c processFinishInputView 
11-28 12:46:15.850 16873 16873 D InsetsController: controlAnimationUnchecked: Added types=8 animType=1 host=com.excell44.educam.debug/com.excell44.educam.MainActivity from=android.view.InsetsController.applyAnimation:1576 android.view.InsetsController.applyAnimation:1557 android.view.InsetsController.hide:1093 
11-28 12:46:15.850  9366  9366 I HBD     : d1 stopRunningTimers 
11-28 12:46:15.851 16873 16873 D InsetsSourceConsumer: setRequestedVisible: visible=false, type=19, host=com.excell44.educam.debug/com.excell44.educam.MainActivity, from=android.view.InsetsSourceConsumer.hide:257 android.view.ImeInsetsSourceConsumer.hide:88 android.view.ImeInsetsSourceConsumer.hide:94 android.view.InsetsController.hideDirectly:1593 android.view.InsetsController.controlAnimationUnchecked:1234 android.view.InsetsController.applyAnimation:1576 android.view.InsetsController.applyAnimation:1557 android.view.InsetsController.hide:1093 android.view.InsetsController.hide:1068 androidx.core.view.SoftwareKeyboardControllerCompat$Impl30.hide:225 
11-28 12:46:15.852 16873 16873 D InputMethodManager: startInputInner - Id : 0
11-28 12:46:15.852 16873 16873 I InputMethodManager: startInputInner - mService.startInputOrWindowGainedFocus
11-28 12:46:15.852  1341  1357 D InputMethodManagerService: isImeSwitcherDisabledPackage : false
11-28 12:46:15.853  9366  9366 I HBD     : a [PF_EN] saveUserData() 1 
11-28 12:46:15.853  1341  1357 I InputMethodManagerService: setImeWindowStatus: vis=0, backDisposition=0
11-28 12:46:15.853  9366  9366 I HBD     : l0 EBD reset pbc:0 pdc:0 
11-28 12:46:15.853  1341  2067 D InsetsSourceProvider: updateVisibility: serverVisible=true, clientVisible=false, source=InsetsSource: {mType=ITYPE_IME, mFrame=[0,916][720,1600], mVisibleFrame=[0,916][720,1600], mVisible=false, mInsetsRoundedCornerFrame=false}, controlTarget=Window{6c993e2 u0 com.excell44.educam.debug/com.excell44.educam.MainActivity}, from=com.android.server.wm.ImeInsetsSourceProvider.updateVisibility:98 com.android.server.wm.InsetsSourceProvider.setClientVisible:536 com.android.server.wm.InsetsSourceProvider.updateClientVisibility:518 com.android.server.wm.ImeInsetsSourceProvider.updateClientVisibility:114 com.android.server.wm.InsetsStateController.onInsetsModified:250 com.android.server.wm.InsetsPolicy.onInsetsModified:555 com.android.server.wm.Session.updateRequestedVisibilities:752 android.view.IWindowSession$Stub.onTransact:1184 com.android.server.wm.Session.onTransact:188 android.os.Binder.execTransactInternal:1321 
11-28 12:46:15.854  1341  2067 I WindowManager: Reparenting to leash, surface=Surface(name=ab6e286 NavigationBar0)/@0x400176e, leashParent=Surface(name=WindowToken{f660761 type=2019 android.os.BinderProxy@4e54f6b})/@0x841ae0f
11-28 12:46:15.854  9366 13082 I HBD     : i [SKE_LM] saveDynamicModel,  false ,  false
11-28 12:46:15.854   766  1004 I SurfaceFlinger: id=19186 createSurf flag=24000, Surface(name=ab6e286 NavigationBar0)/@0x400176e - animation-leash of insets_animation#19186
11-28 12:46:15.855  9366  9366 I HBD     : e unbindCurrentHoneyBoard : text_board 
11-28 12:46:15.855  9366  9366 I HBD     : a onUnbind 
11-28 12:46:15.855  9366  9366 I HBD     : e expression state[false], searchState[0] 
11-28 12:46:15.855  8930  8999 I TouchInteractionService: onActiveNavBarRegionChanges, region : SkRegion((0,1504,258,1508)(259,1504,460,1508)(461,1504,640,1508)(0,1508,258,1600)(259,1508,460,1600)(461,1508,640,1600)(641,1508,722,1600))
11-28 12:46:15.855  1737  1737 V Navbar.Store: ----handleEvent(0) OnUpdateRemoteViewContainer(leftContainer=android.widget.LinearLayout{144c7f I.E...... ......I. 0,0-79,96 #7f0b04f6 app:id/left_remoteview}, rightContainer=android.widget.LinearLayout{12d744c I.E...... ......I. 641,0-720,96 #7f0b07aa app:id/right_remoteview}, contextualButtonVisible=false, darkIntensity=1.0) [Module] SamsungNavigationBarView
11-28 12:46:15.855  1341  2067 D WindowManager: makeSurface duration=2 leash=Surface(name=Surface(name=ab6e286 NavigationBar0)/@0x400176e - animation-leash of insets_animation)/@0x4ce04ea
11-28 12:46:15.855  1737  1737 V Navbar.Store: ------[Band]REMOTE_VIEW_PACK_SET_REMOTEVIEW_CONTAINER
11-28 12:46:15.855  1737  1737 V Navbar.Store: --------apply(0) UpdateRemoteViewContainer
11-28 12:46:15.855  1737  1737 V Navbar.Store: --------apply(0) UpdateRemoteViewDarkIntensity
11-28 12:46:15.856  9366  9366 I HBD     : a clear BaseLanguageRepo 
11-28 12:46:15.856  1737  1737 V Navbar.Store: handleEvent(0) OnUpdateSysUiStateFlag(noArguments=true) [Module] SamsungNavigationBarView
11-28 12:46:15.856  8930  8999 I TouchInteractionService: onActiveNavBarRegionChanges, region : SkRegion((0,1504,258,1600)(259,1504,460,1600)(461,1504,640,1600))
11-28 12:46:15.856  1737  1737 V Navbar.Store: --[Band]GESTURE_PACK_UPDATE_SYSTEMUI_STATE_FLAG
11-28 12:46:15.856  1737  1737 V Navbar.Store: --[Band] (afterAction) GESTURE_PACK_UPDATE_SYSTEMUI_STATE_FLAG
11-28 12:46:15.856  1737  1737 V Navbar.Store: handleEvent(0) OnNavBarIconHintChanged(iconHint=0) [Module] NavigationBar
11-28 12:46:15.856  1737  1737 V Navbar.Store: --[Band]SETUPWIZARD_PACK_SET_NAVBAR_ICON_HINT
11-28 12:46:15.856  1737  1737 V Navbar.Store: --[Band]VIS_PACK_REEVAULATE_NAVBAR
11-28 12:46:15.857  1737  1737 V Navbar.Store: ----apply(0) ReevaluateNavBar
11-28 12:46:15.857  8930  8999 I TouchInteractionService: onSystemUiStateChanged, stateFlags : 131072 |allow_gesture|
11-28 12:46:15.857  8930  8930 I RecentsAnimationDeviceState: setSystemUiFlags, stateFlags : 131072
11-28 12:46:15.857  8930  8930 I TouchInteractionService: onSystemUiFlagsChanged, lastSysUIFlags : 1441792
11-28 12:46:15.859  9366  9366 I HBD     : HoneyBoardService [PF_CL][onFinishInputView]  12 ms 
11-28 12:46:15.859  9366  9366 I HBD     : HoneyBoardService onWindowHidden 
11-28 12:46:15.860  9366  9366 I HBD     : HoneyBoardService [PF_CL][onWindowHidden]  1 ms 
11-28 12:46:15.861  9366  9366 I DecorView: notifyKeepScreenOnChanged: keepScreenOn=false
11-28 12:46:15.861 16873 16886 I ViewRootImpl@146824d[Fenêtre pop-up]: Resizing android.view.ViewRootImpl@18a4b4e: frame = [0,48][720,1504] reportDraw = false forceLayout = false syncSeqId = 0
11-28 12:46:15.861  1737  5022 I ViewRootImpl@f0704d0[NavigationBar0]: Resizing android.view.ViewRootImpl@2813c85: frame = [0,1504][720,1600] reportDraw = false forceLayout = false syncSeqId = 0
11-28 12:46:15.861 16873 16888 I ViewRootImpl@4a720a7[MainActivity]: Resizing android.view.ViewRootImpl@b356c0: frame = [0,0][720,1600] reportDraw = false forceLayout = false syncSeqId = 0
11-28 12:46:15.862  1737  2489 I ViewRootImpl@f704ebe[StatusBar]: Resizing android.view.ViewRootImpl@5e98ca: frame = [0,0][720,48] reportDraw = false forceLayout = false syncSeqId = 0
11-28 12:46:15.866  1685  1685 I WifiHAL : Get link layer stats
11-28 12:46:15.866  1685  1685 I WifiHAL : GetLinkStatsCommand::create
11-28 12:46:15.866  1685  1685 D android.hardware.wifi@1.0-service-lazy: WifiRequest::create vendor command to iface 38, vendor_id=0x1a11, subcmd=0x1200, res=0
11-28 12:46:15.866  1685  1685 I android.hardware.wifi@1.0-service-lazy: WifiCommand::requestResponse err=-95
11-28 12:46:15.866  1685  1685 I WifiHAL : wifi_get_link_stats: result=-3
11-28 12:46:15.866   747   747 E HYPER-HAL: [SysfsControlManager.cpp]writeSysfs(): Couldn't Open Sysfs - /sys/class/input_booster/touch/head
11-28 12:46:15.867  9366  9366 I ViewRootImpl@bbe7c12[InputMethod]: performTraversals params={(0,0)(fillxfill) gr=BOTTOM CENTER_VERTICAL sim={adjust=pan} ty=INPUT_METHOD fmt=TRANSPARENT wanim=0x7f1301aa preferredMinDisplayRefreshRate=60.0 receive insets ignoring z-order
11-28 12:46:15.867  9366  9366 I ViewRootImpl@bbe7c12[InputMethod]:   fl=81800108
11-28 12:46:15.867  9366  9366 I ViewRootImpl@bbe7c12[InputMethod]:   pfl=12000000
11-28 12:46:15.867  9366  9366 I ViewRootImpl@bbe7c12[InputMethod]:   vsysui=10
11-28 12:46:15.867  9366  9366 I ViewRootImpl@bbe7c12[InputMethod]:   apr=LIGHT_NAVIGATION_BARS
11-28 12:46:15.867  9366  9366 I ViewRootImpl@bbe7c12[InputMethod]:   bhv=DEFAULT
11-28 12:46:15.867  9366  9366 I ViewRootImpl@bbe7c12[InputMethod]:   fitTypes=STATUS_BARS NAVIGATION_BARS
11-28 12:46:15.867  9366  9366 I ViewRootImpl@bbe7c12[InputMethod]:   fitSides=LEFT TOP RIGHT
11-28 12:46:15.867  9366  9366 I ViewRootImpl@bbe7c12[InputMethod]:   fitIgnoreVis dimDuration=150 naviIconColor=0}
11-28 12:46:15.867  1341  1567 E WifiVendorHal: getWifiLinkLayerStats_1_5_Internal(l.1179) failed {.code = ERROR_NOT_SUPPORTED, .description = }
11-28 12:46:15.867   747   747 E HYPER-HAL: [SysfsControlManager.cpp]writeSysfs(): Couldn't Open Sysfs - /sys/class/input_booster/touch/tail
11-28 12:46:15.868  1737  1737 V Navbar.Store: ----NavBarStates canUseNavBarBackgroundFrame: false
11-28 12:46:15.868  1341  3022 D InputMethodManagerService: mDesktopModeManager null!
11-28 12:46:15.868  8930  8999 I TouchInteractionService: onActiveNavBarRegionChanges, region : SkRegion((0,1504,258,1600)(259,1504,460,1600)(461,1504,640,1600))
11-28 12:46:15.868  1341  3022 V InputMethodManagerService: getDisplayIdOfInputMethodWindowToBeAdded: displayId=0
11-28 12:46:15.869  1341  3022 D InputMethodManagerService: isImeSwitcherDisabledPackage : false
11-28 12:46:15.869  1341  1371 D ActivityTaskManager: mStartingWindow and mStartingData is null for token=ActivityRecord{2c08e6b u0 com.excell44.educam.debug/com.excell44.educam.MainActivity} t352}
11-28 12:46:15.870  1737  1737 D InsetsController: onStateChanged: InsetsState: {mDisplayFrame=Rect(0, 0 - 720, 1600), mDisplayCutout=DisplayCutout{insets=Rect(0, 45 - 0, 0) waterfall=Insets{left=0, top=0, right=0, bottom=0} boundingRect={Bounds=[Rect(0, 0 - 0, 0), Rect(272, 0 - 448, 45), Rect(0, 0 - 0, 0), Rect(0, 0 - 0, 0)]} cutoutPathParserInfo={CutoutPathParserInfo{displayWidth=720 displayHeight=1600 physicalDisplayWidth=720 physicalDisplayHeight=1600 density={1.875} cutoutSpec={M 0,0 H -46.93333333333333 V 24 H 46.93333333333333 V 0 H 0 Z @dp} rotation={0} scale={1.0} physicalPixelDisplaySizeRatio={1.0}}}}, mRoundedCorners=RoundedCorners{[RoundedCorner{position=TopLeft, radius=64, center=Point(64, 64)}, RoundedCorner{position=TopRight, radius=64, center=Point(656, 64)}, RoundedCorner{position=BottomRight, radius=64, center=Point(656, 1536)}, RoundedCorner{position=BottomLeft, radius=64, center=Point(64, 1536)}]}  mRoundedCornerFrame=Rect(0, 0 - 0, 0), mPrivacyIndicatorBounds=PrivacyIndicatorBounds {static bounds=Rect(632, 0 - 720, 48) rotation=0}, mSources= { InsetsSource: {mType=ITYPE_LEFT_GESTURES, mFrame=[0,0][0,1600], mVisible=true, mInsetsRoundedCornerFrame=false}, InsetsSource: {mType=ITYPE_RIGHT_GESTURES, mFrame=[720,0][720,1600], mVisible=true, mInsetsRoundedCornerFrame=false}, InsetsSource: {mType=ITYPE_TOP_MANDATORY_GESTURES, mFrame=[0,0][720,69], mVisible=true, mInsetsRoundedCornerFrame=false}, InsetsSource: {mType=ITYPE_BOTTOM_MANDATORY_GESTURES, mFrame=[0,1504][720,1600], mVisible=true, mInsetsRoundedCornerFrame=false}, InsetsSource: {mType=ITYPE_LEFT_DISPLAY_CUTOUT, mFrame=[0,0][-100000,1600], mVisible=true, mInsetsRoundedCornerFrame=false}, InsetsSource: {mType=ITYPE_TOP_DISPLAY_CUTOUT, mFrame=[0,0][720,45], mVisible=true, mInsetsRoundedCornerFrame=false}, InsetsSource: {mType=ITYPE_RIGHT_DISPLAY_CUTOUT, mFrame=[100000,0][720,1600], mVisible=true, mInsetsRoundedCornerFrame=false}, InsetsSource: {mType=ITYPE_BOTTOM_DISPLAY_CUTOUT, mFrame=[0,100000][720,1600], mVisible=true, mInsetsRoundedCornerFrame=false}, InsetsSource: {mType=ITYPE_TOP_TAPPABLE_ELEMENT, mFrame=[0,0][720,48], mVisible=true, mInsetsRoundedCornerFrame=false}, InsetsSource: {mType=ITYPE_BOTTOM_TAPPABLE_ELEMENT, mFrame=[0,1504][720,1600], mVisible=true, mInsetsRoundedCornerFrame=false}, InsetsSource: {mType=ITYPE_IME, mFrame=[0,916][720,1600], mVisibleFrame=[0,916][720,1600], mVisible=false, mInsetsRoundedCornerFrame=false} } host=NavigationBar0 from=android.view.ViewRootImpl$ViewRootHandler.handleMessageImpl:6727
11-28 12:46:15.871  1737  1737 I ViewRootImpl@f0704d0[NavigationBar0]: handleResized, msg = 4 frames=ClientWindowFrames{frame=[0,1504][720,1600] display=[0,0][720,1600] parentFrame=[0,0][0,0] parentClippedByDisplayCutout=false} forceNextWindowRelayout=false displayId=0 resizeMode=-1 frameChanged=false displayFrameChanged=false configChanged=false displayChanged=false
11-28 12:46:15.871  1737  1737 I ViewRootImpl@f704ebe[StatusBar]: handleResized, msg = 4 frames=ClientWindowFrames{frame=[0,0][720,48] display=[0,0][720,1600] parentFrame=[0,0][0,0] parentClippedByDisplayCutout=false} forceNextWindowRelayout=false displayId=0 resizeMode=-1 frameChanged=false displayFrameChanged=false configChanged=false displayChanged=false
11-28 12:46:15.871  9366  9366 I ViewRootImpl@bbe7c12[InputMethod]: performTraversals mFirst=false windowShouldResize=false viewVisibilityChanged=false mForceNextWindowRelayout=false params={(0,0)(fillxfill) gr=BOTTOM CENTER_VERTICAL sim={adjust=pan} ty=INPUT_METHOD fmt=TRANSPARENT wanim=0x7f1301aa preferredMinDisplayRefreshRate=60.0 receive insets ignoring z-order
11-28 12:46:15.871  9366  9366 I ViewRootImpl@bbe7c12[InputMethod]:   fl=81800108
11-28 12:46:15.871  9366  9366 I ViewRootImpl@bbe7c12[InputMethod]:   pfl=12000000
11-28 12:46:15.871  9366  9366 I ViewRootImpl@bbe7c12[InputMethod]:   vsysui=10
11-28 12:46:15.871  9366  9366 I ViewRootImpl@bbe7c12[InputMethod]:   apr=LIGHT_NAVIGATION_BARS
11-28 12:46:15.871  9366  9366 I ViewRootImpl@bbe7c12[InputMethod]:   bhv=DEFAULT
11-28 12:46:15.871  9366  9366 I ViewRootImpl@bbe7c12[InputMethod]:   fitTypes=STATUS_BARS NAVIGATION_BARS
11-28 12:46:15.871  9366  9366 I ViewRootImpl@bbe7c12[InputMethod]:   fitSides=LEFT TOP RIGHT
11-28 12:46:15.871  9366  9366 I ViewRootImpl@bbe7c12[InputMethod]:   fitIgnoreVis dimDuration=150 naviIconColor=0}
11-28 12:46:15.873  1737  1795 E IMGMapper: set:488 set: Unset optional value from type SMPTE2086
11-28 12:46:15.873  1341 11139 D SemWifiUsabilityStatsMonitor: onWifiUsabilityStats - seqNum 26283, isSameBssidAndFreq true
11-28 12:46:15.873  1737  1795 E IMGMapper: set:488 set: Unset optional value from type CTA861_3
11-28 12:46:15.873  1341  1641 I SemWifiLinkQualityMonitor: Link Qos query: inf. ms / 0 Mbps
11-28 12:46:15.873  1341  3022 D InputMethodManagerService: shouldShowImeSwitcherLocked : checking vis : 3
11-28 12:46:15.875  1341  3022 D InputMethodManagerService: checkDisplayOfStartInputAndUpdateKeyboard: displayId=0, mFocusedDisplayId=0
11-28 12:46:15.875  1341  3022 D InputTransport: Input channel constructed: 'ClientS', fd=842
11-28 12:46:15.875  1341  1357 I InputMethodManagerService: applyImeVisibility: setVisible=false, IsClientNull=false
11-28 12:46:15.875  1341  3022 D InputTransport: Input channel destroyed: 'ClientS', fd=842
11-28 12:46:15.876  1341  2996 V WindowManager: Relayout Window{d79013f u0 InputMethod}: viewVisibility=0 req=720x1552 d0
11-28 12:46:15.881  1341  2996 V WindowManager: Relayout hash=d79013f, pid=9366, syncId=-1: mAttrs={(0,0)(fillxfill) gr=BOTTOM CENTER_VERTICAL sim={adjust=pan} ty=INPUT_METHOD fmt=TRANSPARENT wanim=0x7f1301aa preferredMinDisplayRefreshRate=60.0 receive insets ignoring z-order
11-28 12:46:15.881  1341  2996 V WindowManager:   fl=81800108
11-28 12:46:15.881  1341  2996 V WindowManager:   pfl=12000000
11-28 12:46:15.881  1341  2996 V WindowManager:   vsysui=10
11-28 12:46:15.881  1341  2996 V WindowManager:   apr=LIGHT_NAVIGATION_BARS
11-28 12:46:15.881  1341  2996 V WindowManager:   bhv=DEFAULT
11-28 12:46:15.881  1341  2996 V WindowManager:   fitTypes=STATUS_BARS NAVIGATION_BARS
11-28 12:46:15.881  1341  2996 V WindowManager:   fitSides=LEFT TOP RIGHT
11-28 12:46:15.881  1341  2996 V WindowManager:   fitIgnoreVis dimDuration=150 naviIconColor=0}
11-28 12:46:15.882  9366  9366 I ViewRootImpl@bbe7c12[InputMethod]: updateBlastSurfaceIfNeeded mBlastBufferQueue=0xb400007d3d1f7700 isSameSurfaceControl=true
11-28 12:46:15.882  9366  9366 I BLASTBufferQueue: update, w= 720 h= 1552 mName = ViewRootImpl@bbe7c12[InputMethod] mNativeObject= 0xb400007d3d1f7700 sc.mNativeObject= 0xb400007cedda7c00 format= -2 caller= android.view.ViewRootImpl.updateBlastSurfaceIfNeeded:2898 android.view.ViewRootImpl.relayoutWindow:9847 android.view.ViewRootImpl.performTraversals:3884 android.view.ViewRootImpl.doTraversal:3116 android.view.ViewRootImpl$TraversalRunnable.run:10885 android.view.Choreographer$CallbackRecord.run:1301 
11-28 12:46:15.883   766   766 I BufferQueueProducer: [NavigationBar0$_1737#78](this:0xb400007e9bb3a838,id:-1,api:0,p:-1,c:766) queueBuffer: fps=0.33 dur=3017.99 max=3017.99 min=3017.99
11-28 12:46:15.884  9366  9366 I ViewRootImpl@bbe7c12[InputMethod]: Relayout returned: old=(0,48,720,1600) new=(0,48,720,1600) req=(720,1552)0 dur=11 res=0x1 s={true 0xb400007dc303a800} ch=false seqId=0
11-28 12:46:15.887  9366  9366 I ViewRootImpl@bbe7c12[InputMethod]: reportNextDraw android.view.ViewRootImpl.performTraversals:4438 android.view.ViewRootImpl.doTraversal:3116 android.view.ViewRootImpl$TraversalRunnable.run:10885 android.view.Choreographer$CallbackRecord.run:1301 android.view.Choreographer$CallbackRecord.run:1309 
11-28 12:46:15.887  9366  9366 I ViewRootImpl@bbe7c12[InputMethod]: Setup new sync id=350
11-28 12:46:15.887  9366  9366 I ViewRootImpl@bbe7c12[InputMethod]: Setting syncFrameCallback
11-28 12:46:15.887  9366  9366 I ViewRootImpl@bbe7c12[InputMethod]: registerCallbacksForSync syncBuffer=false
11-28 12:46:15.889  9366 11948 I ViewRootImpl@bbe7c12[InputMethod]: Received frameDrawingCallback syncResult=0 frameNum=15.
11-28 12:46:15.889  9366 11948 I ViewRootImpl@bbe7c12[InputMethod]: Setting up sync and frameCommitCallback
11-28 12:46:15.895  9366  9704 E IMGMapper: set:488 set: Unset optional value from type SMPTE2086
11-28 12:46:15.895  9366  9704 E IMGMapper: set:488 set: Unset optional value from type CTA861_3
11-28 12:46:15.897  9366  9704 I ViewRootImpl@bbe7c12[InputMethod]: Received frameCommittedCallback lastAttemptedDrawFrameNum=15 didProduceBuffer=true
11-28 12:46:15.897  9366  9366 I ViewRootImpl@bbe7c12[InputMethod]: onSyncComplete
11-28 12:46:15.897  9366  9366 I ViewRootImpl@bbe7c12[InputMethod]: setupSync seqId=0 mSyncId=350 fn=15 caller=android.view.ViewRootImpl$$ExternalSyntheticLambda11.accept:6 android.window.SurfaceSyncer.lambda$setupSync$1$android-window-SurfaceSyncer:128 android.window.SurfaceSyncer$$ExternalSyntheticLambda1.accept:8 android.window.SurfaceSyncer$SyncSet.checkIfSyncIsComplete:382 android.window.SurfaceSyncer$SyncSet.markSyncReady:359 android.window.SurfaceSyncer.markSyncReady:151 android.view.ViewRootImpl.performTraversals:4503 
11-28 12:46:15.898  9366  9366 I HBD     : HoneyBoardService onTrimMemory 20
11-28 12:46:15.898  9366  9366 I ViewRootImpl@bbe7c12[InputMethod]: reportDrawFinished seqId=0 mSyncId=-1 fn=15 mSurfaceChangedTransaction=0xb400007d9e67d000
11-28 12:46:15.898  9366  9366 I HBD     : o Init expand button state by global layout listener 
11-28 12:46:15.899  1341  2996 D WindowManager: finishDrawingWindow: Window{d79013f u0 InputMethod} mDrawState=HAS_DRAWN seqId=0
11-28 12:46:15.900   766   766 I BufferQueueProducer: [InputMethod$_9366#19183](this:0xb400007e75625838,id:-1,api:0,p:-1,c:766) queueBuffer: fps=4.36 dur=1376.48 max=1177.57 min=16.41
11-28 12:46:15.901  9366  9366 I HBD     : HoneyBoardService [IMI] onStartInput - caller pid : 16873 , caller uid : 10400 
11-28 12:46:15.901  9366  9366 I HBD     : j updateConfigs 
11-28 12:46:15.901  9366  9366 I HBD     : j isEnabledNightMode : false 
11-28 12:46:15.901  9366  9366 I HBD     : a IC have been binding, RemoteInputConnection{idHash=#3c857b5} 
11-28 12:46:15.901  9366  9366 I HBD     : h [EditorInputType]setPrivateImeOptionsToTable privateImeOptions ( null )
11-28 12:46:15.901  9366  9366 I HBD     : b incognitoMode : false 
11-28 12:46:15.901  9366  9366 I HBD     : b needOff = true , isForceOff = false, isNullInputClass : true 
11-28 12:46:15.902  9366  9366 I HBD     : h getDefaultInputRange : UNKNOWN 
11-28 12:46:15.902  9366  9366 I HBD     : h getDefaultInputRange : UNKNOWN 
11-28 12:46:15.902  9366  9366 I HBD     : h getDefaultInputRange : UNKNOWN 
11-28 12:46:15.903  9366  9366 I HBD     : b needOff = true , isForceOff = false, isNullInputClass : true 
11-28 12:46:15.904  9366  9366 I HBD     : b update cached prediction status : false 
11-28 12:46:15.904  9366  9366 I HBD     : h getDefaultInputRange : UNKNOWN 
11-28 12:46:15.904  9366  9366 I HBD     : a currentState : 0 
11-28 12:46:15.904  9366  9366 I HBD     : a [UpdatePolicy] [post] a: 0 cl: 1441799 kit: [0/2] vt: 0 ir: 1 
11-28 12:46:15.904  9366  9366 I HBD     : a [NRIC] resetNoResponseState 
11-28 12:46:15.904  9366  9366 I HBD     : b needOff = true , isForceOff = false, isNullInputClass : true 
11-28 12:46:15.904  9366  9366 I HBD     : b update cached prediction status : false 
11-28 12:46:15.905  9366  9366 I HBD     : HoneyBoardService [PF_OP][onStartInput]  4 ms 
11-28 12:46:15.926 16873 16907 I ViewRootImpl@4a720a7[MainActivity]: mWNT: t=0xb400007d44d10c00 mBlastBufferQueue=0xb400007d9e50f080 fn= 972 caller= android.view.SyncRtSurfaceTransactionApplier.applyTransaction:96 android.view.SyncRtSurfaceTransactionApplier.lambda$scheduleApply$0$android-view-SyncRtSurfaceTransactionApplier:69 android.view.SyncRtSurfaceTransactionApplier$$ExternalSyntheticLambda0.onFrameDraw:4 
11-28 12:46:15.929 16873 16898 E IMGMapper: set:488 set: Unset optional value from type SMPTE2086
11-28 12:46:15.929 16873 16898 E IMGMapper: set:488 set: Unset optional value from type CTA861_3
11-28 12:46:15.940 16873 16873 W OnBackInvokedCallback: OnBackInvokedCallback is not enabled for the application.
11-28 12:46:15.940 16873 16873 W OnBackInvokedCallback: Set 'android:enableOnBackInvokedCallback="true"' in the application manifest.
11-28 12:46:16.026  1011  1106 I Light   : light data = 13.000000 .
11-28 12:46:16.054 16873 16873 I ViewRootImpl@146824d[Fenêtre pop-up]: performTraversals params={(64,826)(wrapxwrap) gr=TOP START CENTER sim={adjust=pan} ty=APPLICATION_SUB_PANEL fmt=TRANSLUCENT surfaceInsets=Rect(32, 32 - 32, 32)
11-28 12:46:16.054 16873 16873 I ViewRootImpl@146824d[Fenêtre pop-up]:   fl=1060020
11-28 12:46:16.054 16873 16873 I ViewRootImpl@146824d[Fenêtre pop-up]:   pfl=2000000
11-28 12:46:16.054 16873 16873 I ViewRootImpl@146824d[Fenêtre pop-up]:   bhv=DEFAULT
11-28 12:46:16.054 16873 16873 I ViewRootImpl@146824d[Fenêtre pop-up]:   fitTypes=STATUS_BARS NAVIGATION_BARS CAPTION_BAR naviIconColor=0}
11-28 12:46:16.057 16873 16873 I ViewRootImpl@146824d[Fenêtre pop-up]: performTraversals mFirst=true windowShouldResize=false viewVisibilityChanged=false mForceNextWindowRelayout=false params={(64,826)(wrapxwrap) gr=TOP START CENTER sim={adjust=pan} ty=APPLICATION_SUB_PANEL fmt=TRANSLUCENT surfaceInsets=Rect(32, 32 - 32, 32)
11-28 12:46:16.057 16873 16873 I ViewRootImpl@146824d[Fenêtre pop-up]:   fl=1060020
11-28 12:46:16.057 16873 16873 I ViewRootImpl@146824d[Fenêtre pop-up]:   pfl=42000000
