11-29 14:03:54.063  1083  1083 D BoundBrokerSvc: onBind: Intent { act=com.google.android.contextmanager.service.ContextManagerLogsUploadBoundService.ACTION_TASK_READY cmp=com.google.android.gms/.chimera.PersistentInternalBoundBrokerService }
11-29 14:03:54.063  1083  1083 D BoundBrokerSvc: Loading bound service for intent: Intent { act=com.google.android.contextmanager.service.ContextManagerLogsUploadBoundService.ACTION_TASK_READY cmp=com.google.android.gms/.chimera.PersistentInternalBoundBrokerService }
11-29 14:03:54.069  1083  1984 I NetworkScheduler.Stats: Task com.google.android.gms/com.google.android.contextmanager.service.ContextManagerLogsUploadBoundService started execution. cause:5 exec_start_elapsed_seconds: 3668 [CONTEXT service_id=218 ]
11-29 14:03:54.078  1083  1083 D BoundBrokerSvc: onUnbind: Intent { act=com.google.android.contextmanager.service.ContextManagerLogsUploadBoundService.ACTION_TASK_READY cmp=com.google.android.gms/.chimera.PersistentInternalBoundBrokerService }
11-29 14:03:54.079  1083  1327 I NetworkScheduler.Stats: Task com.google.android.gms/com.google.android.contextmanager.service.ContextManagerLogsUploadBoundService finished executing. cause:5 result: 1 elapsed_millis: 23 uptime_millis: 23 exec_start_elapsed_seconds: 3668 [CONTEXT service_id=218 ]
11-29 14:03:55.744  1043  1043 D BoundBrokerSvc: onUnbind: Intent { act=com.google.android.gms.measurement.START pkg=com.google.android.gms }
11-29 14:03:55.770   144   228 W IptablesRestoreController: iptables-restore process 15637 terminated status=256
11-29 14:03:55.771   144   228 E IptablesRestoreController: iptables error:
11-29 14:03:55.771   144   228 E IptablesRestoreController: ------- COMMAND -------
11-29 14:03:55.771   144   228 E IptablesRestoreController: *filter
11-29 14:03:55.771   144   228 E IptablesRestoreController: -I bw_happy_box -m owner --uid-owner 10041 --jump RETURN
11-29 14:03:55.771   144   228 E IptablesRestoreController: COMMIT
11-29 14:03:55.771   144   228 E IptablesRestoreController: 
11-29 14:03:55.771   144   228 E IptablesRestoreController: -------  ERROR -------
11-29 14:03:55.771   144   228 E IptablesRestoreController: iptables-restore: line 3 failed
11-29 14:03:55.771   144   228 E IptablesRestoreController: ----------------------
11-29 14:03:55.793   144   228 W IptablesRestoreController: iptables-restore process 15641 terminated status=256
11-29 14:03:55.793   144   228 E IptablesRestoreController: iptables error:
11-29 14:03:55.793   144   228 E IptablesRestoreController: ------- COMMAND -------
11-29 14:03:55.793   144   228 E IptablesRestoreController: *filter
11-29 14:03:55.793   144   228 E IptablesRestoreController: -I bw_happy_box -m owner --uid-owner 10041 --jump RETURN
11-29 14:03:55.793   144   228 E IptablesRestoreController: COMMIT
11-29 14:03:55.793   144   228 E IptablesRestoreController: 
11-29 14:03:55.793   144   228 E IptablesRestoreController: -------  ERROR -------
11-29 14:03:55.793   144   228 E IptablesRestoreController: ip6tables-restore: line 3 failed
11-29 14:03:55.793   144   228 E IptablesRestoreController: ----------------------
11-29 14:03:55.795   144   226 E TrafficController: Failed to delete the counterSet: Bad file descriptor
11-29 14:03:56.177  1396 15275 I cr_BindingManager: Release moderate connections: 0
11-29 14:03:56.271 14778 14778 I chatty  : uid=10091(com.excell44.educam.debug) expire 7 lines
11-29 14:04:01.211  1043  1043 D BoundBrokerSvc: onUnbind: Intent { act=com.google.android.gms.safetynet.service.START pkg=com.google.android.gms }
11-29 14:04:01.213   144   226 E TrafficController: Failed to set the counterSet: Bad file descriptor, fd: -1
11-29 14:04:06.937   144   202 E Netd    : Failed to dump IPv4 sockets struct tcp_info: No such file or directory
11-29 14:04:06.937   144   202 E TcpSocketMonitor: Failed to poll TCP socket info: No such file or directory
11-29 14:04:15.288  1574  1605 I Finsky  : [34] goa.run(17): Stats for Executor: BlockingExecutor ivq@22ed372[Running, pool size = 0, active threads = 0, queued tasks = 0, completed tasks = 35]
11-29 14:04:15.289  1574  1605 I Finsky  : [34] goa.run(17): Stats for Executor: LightweightExecutor ivq@e88f3c3[Running, pool size = 3, active threads = 0, queued tasks = 0, completed tasks = 115]
11-29 14:04:16.602   415   473 I ActivityManager: START u0 {act=com.android.systemui.recents.TOGGLE_RECENTS flg=0x10000000 cmp=com.android.systemui/.recents.RecentsActivity} from uid 0
11-29 14:04:16.606   415   473 I ActivityManager: Killing 9032:com.google.android.gms.unstable/u0a41 (adj 904): empty for 1812s
11-29 14:04:16.607   415   432 W libprocessgroup: kill(-9032, 9) failed: No such process
11-29 14:04:16.607   415   432 I libprocessgroup: Successfully killed process cgroup uid 10041 pid 9032 in 0ms
11-29 14:04:16.624   144   226 E TrafficController: Failed to delete the counterSet: Bad file descriptor
11-29 14:04:16.639   145   145 I Zygote  : Process 9032 exited due to signal (9)
11-29 14:04:16.649   167   882 D gralloc_gmin: gralloc_alloc: Creating ashmem region of size 2363392
11-29 14:04:16.649   565   826 E EGL_adreno: [getAttribValue] Bad attribute idx
11-29 14:04:16.649   565   826 D EGL_adreno: eglGetConfigAttrib: bad attrib 0x3339
11-29 14:04:16.663   167   882 D gralloc_gmin: gralloc_alloc: Creating ashmem region of size 2363392
11-29 14:04:16.671   167   882 D gralloc_gmin: gralloc_alloc: Creating ashmem region of size 2363392
11-29 14:04:16.697   144   226 E TrafficController: Failed to delete the counterSet: Bad file descriptor
11-29 14:04:16.699   565   826 E EGL_adreno: tid 826: eglSurfaceAttrib(1640): error 0x3009 (EGL_BAD_MATCH)
11-29 14:04:16.700   565   826 W OpenGLRenderer: Failed to set EGL_SWAP_BEHAVIOR on surface 0x7fabbf019480, error=EGL_BAD_MATCH
11-29 14:04:16.709  1043  1043 D BoundBrokerSvc: onBind: Intent { act=com.google.android.gms.measurement.START pkg=com.google.android.gms }
11-29 14:04:16.709  1043  1043 D BoundBrokerSvc: Loading bound service for intent: Intent { act=com.google.android.gms.measurement.START pkg=com.google.android.gms }
11-29 14:04:16.743   167   882 W SurfaceFlinger: Attempting to set client state on removed layer: com.excell44.educam.debug/com.excell44.educam.MainActivity#0
11-29 14:04:16.743   167   882 W SurfaceFlinger: Attempting to destroy on removed layer: com.excell44.educam.debug/com.excell44.educam.MainActivity#0
11-29 14:04:16.745   167   243 W SurfaceFlinger: Attempting to set client state on removed layer: com.excell44.educam.debug/com.excell44.educam.MainActivity#0
11-29 14:04:16.745   167   243 W SurfaceFlinger: Attempting to destroy on removed layer: com.excell44.educam.debug/com.excell44.educam.MainActivity#0
11-29 14:04:16.836  1083  1988 W NetworkScheduler: Error inserting period=2000 preferred_charging_state=1 preferred_network_type=1 target_class=com.google.android.gms.measurement.PackageMeasurementTaskService required_network_type=0 runtime=1764396256832 required_idleness_state=0 source=16 service_kind=0 target_package=com.google.android.gms persistence_level=1 source_version=220920000 last_runtime=0 user_id=0 job_id=-1 requires_charging=0 tag=Measurement.PackageMeasurementTaskService.UPLOAD_TASK_TAG flex_time=0 task_type=0 retry_strategy={"maximum_backoff_seconds":{"3600":0},"initial_backoff_seconds":{"30":0},"retry_policy":{"0":0}}, error message: UNIQUE constraint failed: pending_ops.tag, pending_ops.target_class, pending_ops.target_package, pending_ops.user_id (code 2067 SQLITE_CONSTRAINT_UNIQUE) [CONTEXT service_id=218 ]
11-29 14:04:17.429  1083  1327 W NetworkScheduler: Error inserting period=3620000 preferred_charging_state=1 preferred_network_type=1 target_class=com.google.android.gms.measurement.PackageMeasurementTaskService required_network_type=0 runtime=1764396257427 required_idleness_state=0 source=16 service_kind=0 target_package=com.google.android.gms persistence_level=1 source_version=220920000 last_runtime=0 user_id=0 job_id=-1 requires_charging=0 tag=Measurement.PackageMeasurementTaskService.UPLOAD_TASK_TAG flex_time=1809000 task_type=0 retry_strategy={"maximum_backoff_seconds":{"3600":0},"initial_backoff_seconds":{"30":0},"retry_policy":{"0":0}}, error message: UNIQUE constraint failed: pending_ops.tag, pending_ops.target_class, pending_ops.target_package, pending_ops.user_id (code 2067 SQLITE_CONSTRAINT_UNIQUE) [CONTEXT service_id=218 ]
11-29 14:04:17.539  1574  1605 I Finsky  : [34] goa.run(17): Stats for Executor: bgExecutor ivq@6676440[Running, pool size = 4, active threads = 0, queued tasks = 0, completed tasks = 1571]
11-29 14:04:18.689   415  1082 I ActivityManager: Killing 14778:com.excell44.educam.debug/u0a91 (adj 901): remove task
11-29 14:04:18.690   415   432 W libprocessgroup: kill(-14778, 9) failed: No such process
11-29 14:04:18.695  1396  1396 W cr_ContextualSearch: Warning, the UNDEFINED state was aborted.
11-29 14:04:18.698   415  1088 I ActivityManager: Killing 14247:com.android.chrome:webview_service/u0a52 (adj 902): remove task
11-29 14:04:18.702   415  1088 I ActivityManager: Killing 15302:com.android.chrome:privileged_process0/u0a52 (adj 900): remove task
11-29 14:04:18.703   415  1088 I ActivityManager: Killing 1396:com.android.chrome/u0a52 (adj 900): remove task
11-29 14:04:18.710   415  1158 I ActivityManager: START u0 {act=android.intent.action.MAIN cat=[android.intent.category.M_HOME] flg=0x10200000 cmp=com.microvirt.launcher2/com.microvirt.launcher.Launcher} from uid 10023
11-29 14:04:18.720   565   565 V StatusBar: mStatusBarWindow: com.android.systemui.statusbar.phone.StatusBarWindowView{e2da456 V.ED..... ........ 0,0-576,29} canPanelBeCollapsed(): false
11-29 14:04:18.721   565   565 I vol.Events: writeEvent dismiss_dialog volume_controller
11-29 14:04:18.733   415   432 W libprocessgroup: kill(-14778, 9) failed: No such process
11-29 14:04:18.733   415   432 I libprocessgroup: Successfully killed process cgroup uid 10091 pid 14778 in 43ms
11-29 14:04:18.733   415   432 W libprocessgroup: kill(-14247, 9) failed: No such process
11-29 14:04:18.734   415   432 I libprocessgroup: Successfully killed process cgroup uid 10052 pid 14247 in 0ms
11-29 14:04:18.734   415   432 W libprocessgroup: kill(-15302, 9) failed: No such process
11-29 14:04:18.734   415   432 I libprocessgroup: Successfully killed process cgroup uid 10052 pid 15302 in 0ms
11-29 14:04:18.734   415   432 W libprocessgroup: kill(-1396, 9) failed: No such process
11-29 14:04:18.734   415   432 I libprocessgroup: Successfully killed process cgroup uid 10052 pid 1396 in 0ms
11-29 14:04:18.749   144   226 E TrafficController: Failed to set the counterSet: Bad file descriptor, fd: -1
11-29 14:04:18.758   948   948 D FirebaseSessions: App foregrounded on com.microvirt.launcher2
11-29 14:04:18.759   948   948 D AppLovinSdk: [SessionTracker] Application Resumed
11-29 14:04:18.760   146   146 I Zygote  : Process 14247 exited due to signal (9)
11-29 14:04:18.774   146   146 I Zygote  : Process 15302 exited due to signal (9)
11-29 14:04:18.781   415 13475 W ActivityManager: Scheduling restart of crashed service com.android.chrome/org.chromium.content.app.PrivilegedProcessService0 in 1000ms
11-29 14:04:18.785   146   146 I Zygote  : Process 1396 exited due to signal (9)
11-29 14:04:18.790   146   146 I Zygote  : Process 14778 exited due to signal (9)
11-29 14:04:18.791   948   948 I onReceive: mBindOnResumeCallbacks:0
11-29 14:04:18.844   415   510 W InputDispatcher: channel '5866f0d com.excell44.educam.debug/com.excell44.educam.MainActivity (server)' ~ Consumer closed input channel or an error occurred.  events=0x9
11-29 14:04:18.844   415   510 E InputDispatcher: channel '5866f0d com.excell44.educam.debug/com.excell44.educam.MainActivity (server)' ~ Channel is unrecoverably broken and will be disposed!
11-29 14:04:18.852   948  1273 E EGL_adreno: [getAttribValue] Bad attribute idx
11-29 14:04:18.852   948  1273 D EGL_adreno: eglGetConfigAttrib: bad attrib 0x3339
11-29 14:04:18.854   167   753 D gralloc_gmin: gralloc_alloc: Creating ashmem region of size 2363392
11-29 14:04:18.868   948 15750 W System.err: java.net.UnknownHostException: Unable to resolve host "www.microvirt.com": No address associated with hostname
11-29 14:04:18.868   948 15750 W System.err: 	at java.net.Inet6AddressImpl.lookupHostByName(Inet6AddressImpl.java:157)
11-29 14:04:18.868   948 15750 W System.err: 	at java.net.Inet6AddressImpl.lookupAllHostAddr(Inet6AddressImpl.java:105)
11-29 14:04:18.868   948 15750 W System.err: 	at java.net.InetAddress.getAllByName(InetAddress.java:1154)
11-29 14:04:18.868   948 15750 W System.err: 	at okhttp3.Dns.lambda$static$0(Unknown Source:2)
11-29 14:04:18.868   948 15750 W System.err: 	at okhttp3.Dns.a(Unknown Source:0)
11-29 14:04:18.868   948 15750 W System.err: 	at okhttp3.c.lookup(Unknown Source:0)
11-29 14:04:18.868   948 15750 W System.err: 	at okhttp3.internal.connection.RouteSelector.resetNextInetSocketAddress(Unknown Source:129)
11-29 14:04:18.868   948 15750 W System.err: 	at okhttp3.internal.connection.RouteSelector.nextProxy(Unknown Source:20)
11-29 14:04:18.868   948 15750 W System.err: 	at okhttp3.internal.connection.RouteSelector.next(Unknown Source:17)
11-29 14:04:18.868   948 15750 W System.err: 	at okhttp3.internal.connection.ExchangeFinder.findConnection(Unknown Source:129)
11-29 14:04:18.868   948 15750 W System.err: 	at okhttp3.internal.connection.ExchangeFinder.findHealthyConnection(Unknown Source:0)
11-29 14:04:18.868   948 15750 W System.err: 	at okhttp3.internal.connection.ExchangeFinder.find(Unknown Source:22)
11-29 14:04:18.868   948 15750 W System.err: 	at okhttp3.internal.connection.Transmitter.newExchange(Unknown Source:16)
11-29 14:04:18.868   948 15750 W System.err: 	at okhttp3.internal.connection.ConnectInterceptor.intercept(Unknown Source:23)
11-29 14:04:18.868   948 15750 W System.err: 	at okhttp3.internal.http.RealInterceptorChain.proceed(SourceFile:10)
11-29 14:04:18.868   948 15750 W System.err: 	at okhttp3.internal.http.RealInterceptorChain.proceed(SourceFile:1)
11-29 14:04:18.868   948 15750 W System.err: 	at okhttp3.internal.cache.CacheInterceptor.intercept(Unknown Source:132)
11-29 14:04:18.868   948 15750 W System.err: 	at okhttp3.internal.http.RealInterceptorChain.proceed(SourceFile:10)
11-29 14:04:18.868   948 15750 W System.err: 	at okhttp3.internal.http.RealInterceptorChain.proceed(SourceFile:1)
11-29 14:04:18.868   948 15750 W System.err: 	at okhttp3.internal.http.BridgeInterceptor.intercept(Unknown Source:161)
11-29 14:04:18.868   948 15750 W System.err: 	at okhttp3.internal.http.RealInterceptorChain.proceed(SourceFile:10)
11-29 14:04:18.868   948 15750 W System.err: 	at okhttp3.internal.http.RetryAndFollowUpInterceptor.intercept(Unknown Source:23)
11-29 14:04:18.868   948 15750 W System.err: 	at okhttp3.internal.http.RealInterceptorChain.proceed(SourceFile:10)
11-29 14:04:18.868   948 15750 W System.err: 	at okhttp3.internal.http.RealInterceptorChain.proceed(SourceFile:1)
11-29 14:04:18.868   948 15750 W System.err: 	at p4.c$a.intercept(Unknown Source:99)
11-29 14:04:18.868   948 15750 W System.err: 	at okhttp3.internal.http.RealInterceptorChain.proceed(SourceFile:10)
11-29 14:04:18.869   948 15750 W System.err: 	at okhttp3.internal.http.RealInterceptorChain.proceed(SourceFile:1)
11-29 14:04:18.869   948 15750 W System.err: 	at okhttp3.RealCall.getResponseWithInterceptorChain(Unknown Source:120)
11-29 14:04:18.869   948 15750 W System.err: 	at okhttp3.RealCall.getResponseWithInterceptorChainP(Unknown Source:0)
11-29 14:04:18.869   948 15750 W System.err: 	at okhttp3.OkHttpOkHttp3Extension.okhttp3RealCall_getResponseWithInterceptorChain(OkHttpSourceFile:27)
11-29 14:04:18.869   948 15750 W System.err: 	at okhttp3.RealCall.execute(Unknown Source:28)
11-29 14:04:18.869   948 15750 W System.err: 	at retrofit2.OkHttpCall.execute(Unknown Source:20)
11-29 14:04:18.869   948 15750 W System.err: 	at retrofit2.DefaultCallAdapterFactory$ExecutorCallbackCall.execute(Unknown Source:2)
11-29 14:04:18.869   948 15750 W System.err: 	at p4.d.h(Unknown Source:22)
11-29 14:04:18.869   948 15750 W System.err: 	at com.microvirt.launcher.search.XYSearch.v(Unknown Source:0)
11-29 14:04:18.869   948 15750 W System.err: 	at com.microvirt.launcher.search.XYSearch.d(Unknown Source:0)
11-29 14:04:18.869   948 15750 W System.err: 	at u4.k.run(Unknown Source:2)
11-29 14:04:18.869   948 15750 W System.err: 	at java.lang.Thread.run(Thread.java:764)
11-29 14:04:18.869   948 15750 W System.err: Caused by: android.system.GaiException: android_getaddrinfo failed: EAI_NODATA (No address associated with hostname)
11-29 14:04:18.869   948 15750 W System.err: 	at libcore.io.Linux.android_getaddrinfo(Native Method)
11-29 14:04:18.869   948 15750 W System.err: 	at libcore.io.BlockGuardOs.android_getaddrinfo(BlockGuardOs.java:172)
11-29 14:04:18.869   948 15750 W System.err: 	at java.net.Inet6AddressImpl.lookupHostByName(Inet6AddressImpl.java:137)
11-29 14:04:18.869   948 15750 W System.err: 	... 37 more
11-29 14:04:18.872   144   228 W IptablesRestoreController: iptables-restore process 15752 terminated status=256
11-29 14:04:18.872   144   228 E IptablesRestoreController: iptables error:
11-29 14:04:18.872   144   228 E IptablesRestoreController: ------- COMMAND -------
11-29 14:04:18.872   144   228 E IptablesRestoreController: *filter
11-29 14:04:18.872   144   228 E IptablesRestoreController: -I bw_happy_box -m owner --uid-owner 10041 --jump RETURN
11-29 14:04:18.872   144   228 E IptablesRestoreController: COMMIT
11-29 14:04:18.872   144   228 E IptablesRestoreController: 
11-29 14:04:18.872   144   228 E IptablesRestoreController: -------  ERROR -------
11-29 14:04:18.872   144   228 E IptablesRestoreController: iptables-restore: line 3 failed
11-29 14:04:18.872   144   228 E IptablesRestoreController: ----------------------
11-29 14:04:18.888   415   510 W InputDispatcher: channel 'd016b02 com.android.chrome/org.chromium.chrome.browser.ChromeTabbedActivity (server)' ~ Consumer closed input channel or an error occurred.  events=0x9
11-29 14:04:18.888   415   510 E InputDispatcher: channel 'd016b02 com.android.chrome/org.chromium.chrome.browser.ChromeTabbedActivity (server)' ~ Channel is unrecoverably broken and will be disposed!
11-29 14:04:18.890   415   473 D ConnectivityService: ConnectivityService NetworkRequestInfo binderDied(NetworkRequest [ LISTEN id=21, [ Capabilities: INTERNET&NOT_RESTRICTED&TRUSTED&FOREGROUND Unwanted:  Uid: 10091] ], android.os.BinderProxy@3b1db7b)
11-29 14:04:18.891   415   473 I WindowManager: WIN DEATH: Window{5866f0d u0 com.excell44.educam.debug/com.excell44.educam.MainActivity}
11-29 14:04:18.891   415   473 W InputDispatcher: Attempted to unregister already unregistered input channel '5866f0d com.excell44.educam.debug/com.excell44.educam.MainActivity (server)'
11-29 14:04:18.897   415  1082 D ConnectivityService: ConnectivityService NetworkRequestInfo binderDied(NetworkRequest [ LISTEN id=16, [ Capabilities: INTERNET&NOT_RESTRICTED&TRUSTED Unwanted:  Uid: 10052] ], android.os.BinderProxy@fbc1d98)
11-29 14:04:18.899   415  1082 D ConnectivityService: ConnectivityService NetworkRequestInfo binderDied(NetworkRequest [ LISTEN id=15, [ Capabilities: INTERNET&NOT_RESTRICTED&TRUSTED Unwanted:  Uid: 10052] ], android.os.BinderProxy@fad19f1)
11-29 14:04:18.902   415   473 I WindowManager: WIN DEATH: Window{d016b02 u0 com.android.chrome/org.chromium.chrome.browser.ChromeTabbedActivity}
11-29 14:04:18.902   415   473 W InputDispatcher: Attempted to unregister already unregistered input channel 'd016b02 com.android.chrome/org.chromium.chrome.browser.ChromeTabbedActivity (server)'
11-29 14:04:18.903   144   228 W IptablesRestoreController: iptables-restore process 15756 terminated status=256
11-29 14:04:18.906   144   226 E TrafficController: Failed to set the counterSet: Bad file descriptor, fd: -1
11-29 14:04:18.910   167   753 W SurfaceFlinger: Attempting to destroy on removed layer: AppWindowToken{248ed75 token=Token{4c4bcac ActivityRecord{793fa5f u0 com.excell44.educam.debug/com.excell44.educam.MainActivity t86}}}#0
11-29 14:04:18.917   415  2108 W ActivityManager: Scheduling restart of crashed service com.android.chrome/org.chromium.chrome.browser.customtabs.CustomTabsConnectionService in 1000ms
11-29 14:04:18.920   948  1273 E EGL_adreno: tid 1273: eglSurfaceAttrib(1640): error 0x3009 (EGL_BAD_MATCH)
11-29 14:04:18.920   948  1273 W OpenGLRenderer: Failed to set EGL_SWAP_BEHAVIOR on surface 0xd381e100, error=EGL_BAD_MATCH
11-29 14:04:18.921   167   753 W SurfaceFlinger: Attempting to destroy on removed layer: AppWindowToken{34ffb6d token=Token{e97e784 ActivityRecord{6502997 u0 com.android.chrome/org.chromium.chrome.browser.ChromeTabbedActivity t88}}}#0
11-29 14:04:18.935   415   437 W ActivityManager: setHasOverlayUi called on unknown pid: 14778
11-29 14:04:18.935   415   437 W ActivityManager: setHasOverlayUi called on unknown pid: 1396
11-29 14:04:18.991   167   243 D gralloc_gmin: gralloc_alloc: Creating ashmem region of size 2363392
11-29 14:04:19.031   948   948 D AppLovinSdk: [CustomTabsManager] Service disconnected: ComponentInfo{com.android.chrome/org.chromium.chrome.browser.customtabs.CustomTabsConnectionService}
11-29 14:04:19.159   565 14763 I ndroid.systemu: Explicit concurrent copying GC freed 6877(418KB) AllocSpace objects, 0(0B) LOS objects, 49% free, 4MB/8MB, paused 29us total 52.314ms
11-29 14:04:19.190   167   753 D gralloc_gmin: gralloc_alloc: Creating ashmem region of size 8192
11-29 14:04:19.191   948  1273 E EGL_adreno: [getAttribValue] Bad attribute idx
11-29 14:04:19.191   948  1273 D EGL_adreno: eglGetConfigAttrib: bad attrib 0x3339
11-29 14:04:19.193   167   753 D gralloc_gmin: gralloc_alloc: Creating ashmem region of size 8192
11-29 14:04:19.195   167   753 D gralloc_gmin: gralloc_alloc: Creating ashmem region of size 8192
11-29 14:04:19.208   948  1273 E EGL_adreno: tid 1273: eglSurfaceAttrib(1640): error 0x3009 (EGL_BAD_MATCH)
11-29 14:04:19.208   948  1273 W OpenGLRenderer: Failed to set EGL_SWAP_BEHAVIOR on surface 0xf337a020, error=EGL_BAD_MATCH
11-29 14:04:19.400   948  1273 W OpenGLRenderer: Incorrectly called buildLayer on View: j2, destroying layer...
11-29 14:04:19.404   167   753 D gralloc_gmin: gralloc_alloc: Creating ashmem region of size 2363392
11-29 14:04:19.464   565   565 W StaticLayout: maxLineHeight should not be -1.  maxLines:1 lineCount:1
11-29 14:04:19.464   565   565 W StaticLayout: maxLineHeight should not be -1.  maxLines:1 lineCount:1
11-29 14:04:19.938 15778 15778 I Zygote  : seccomp disabled by setenforce 0
11-29 14:04:19.943 15778 15778 W .android.chrom: Unexpected CPU variant for X86 using defaults: x86
11-29 14:04:19.946 15778 15778 E .android.chrom: Not starting debugger since process cannot load the jdwp agent.
11-29 14:04:19.950   415   431 I ActivityManager: Start proc 15778:com.android.chrome/u0a52 for service com.android.chrome/org.chromium.chrome.browser.customtabs.CustomTabsConnectionService
11-29 14:04:19.970 15778 15778 I .android.chrom: The ClassLoaderContext is a special shared library.
11-29 14:04:19.973 15778 15778 W .android.chrom: JIT profile information will not be recorded: profile file does not exits.
11-29 14:04:20.009 15778 15794 W DynamiteModule: Local module descriptor class for com.google.android.gms.googlecertificates not found.
11-29 14:04:20.011   948   948 D AppLovinSdk: [CustomTabsManager] Connection successful: ComponentInfo{com.android.chrome/org.chromium.chrome.browser.customtabs.CustomTabsConnectionService}
11-29 14:04:20.015 15778 15794 W .android.chrom: Unsupported class loader
11-29 14:04:20.046 15778 15794 I DynamiteModule: Considering local module com.google.android.gms.googlecertificates:0 and remote module com.google.android.gms.googlecertificates:6
11-29 14:04:20.047 15778 15794 I DynamiteModule: Selected remote version of com.google.android.gms.googlecertificates, version >= 6
11-29 14:04:20.112 15778 15794 W .android.chrom: Unknown chunk type '200'.
11-29 14:04:20.131 15778 15794 W .android.chrom: Unsupported class loader
11-29 14:04:20.574   415 13475 I ActivityManager: START u0 {act=android.intent.action.MAIN cat=[android.intent.category.LAUNCHER] flg=0x10200000 cmp=com.excell44.educam.debug/com.excell44.educam.MainActivity bnds=[446,136][551,360]} from uid 10016
11-29 14:04:20.604   948   948 W Settings: Setting android_id has moved from android.provider.Settings.System to android.provider.Settings.Secure, returning read-only value.
11-29 14:04:20.610   167   753 D gralloc_gmin: gralloc_alloc: Creating ashmem region of size 2363392
11-29 14:04:20.619   948   948 D FirebaseSessions: App backgrounded on com.microvirt.launcher2
11-29 14:04:20.653   415   431 I ActivityManager: Start proc 15801:com.excell44.educam.debug/u0a91 for activity com.excell44.educam.debug/com.excell44.educam.MainActivity
11-29 14:04:20.665 15801 15801 I Zygote  : seccomp disabled by setenforce 0
11-29 14:04:20.670 15801 15801 I chatty  : uid=10091(com.excell44.educam.debug) identical 28 lines
11-29 14:04:20.718   167   753 D gralloc_gmin: gralloc_alloc: Creating ashmem region of size 2363392
11-29 14:04:20.834   144   226 E TrafficController: Failed to set the counterSet: Bad file descriptor, fd: -1
11-29 14:04:20.884  1083  1988 W NetworkScheduler: Error inserting period=14000 preferred_charging_state=1 preferred_network_type=1 target_class=com.google.android.gms.measurement.PackageMeasurementTaskService required_network_type=0 runtime=1764396260870 required_idleness_state=0 source=16 service_kind=0 target_package=com.google.android.gms persistence_level=1 source_version=220920000 last_runtime=0 user_id=0 job_id=-1 requires_charging=0 tag=Measurement.PackageMeasurementTaskService.UPLOAD_TASK_TAG flex_time=6000 task_type=0 retry_strategy={"maximum_backoff_seconds":{"3600":0},"initial_backoff_seconds":{"30":0},"retry_policy":{"0":0}}, error message: UNIQUE constraint failed: pending_ops.tag, pending_ops.target_class, pending_ops.target_package, pending_ops.user_id (code 2067 SQLITE_CONSTRAINT_UNIQUE) [CONTEXT service_id=218 ]
11-29 14:04:20.948   167   410 W SurfaceFlinger: Attempting to destroy on removed layer: b7866ba Sys2038:com.microvirt.launcher2/com.microvirt.launcher.Launcher#0
11-29 14:04:20.989   165   330 W AudioFlinger: write blocked for 362 msecs, 7 delayed writes, thread 0xf4003c00
11-29 14:04:22.814   948 15749 I FA      : Application backgrounded at: timestamp_millis: 1764396260812
11-29 14:04:24.085   948  1115 I TRuntime.CctTransportBackend: Making request to: https://firebaselogging-pa.googleapis.com/v1/firelog/legacy/batchlog
11-29 14:04:24.107   948  1115 E TRuntime.CctTransportBackend: Couldn't open connection, returning with 500
11-29 14:04:24.109  1083  1327 I NetworkScheduler.Stats: Task com.google.android.gms/com.google.android.gms.auth.account.be.legacy.AuthCronService started execution. cause:4 exec_start_elapsed_seconds: 3698 [CONTEXT service_id=218 ]
11-29 14:04:24.121  1083  1988 I NetworkScheduler.Stats: Task com.google.android.gms/com.google.android.gms.auth.account.be.legacy.AuthCronService finished executing. cause:4 result: 1 elapsed_millis: 38 uptime_millis: 38 exec_start_elapsed_seconds: 3698 [CONTEXT service_id=218 ]
11-29 14:04:24.184  1083  1083 D BoundBrokerSvc: onBind: Intent { act=com.google.android.gms.phenotype.service.START cmp=com.google.android.gms/.chimera.PersistentApiService }
11-29 14:04:24.184  1083  1083 D BoundBrokerSvc: Loading bound service for intent: Intent { act=com.google.android.gms.phenotype.service.START cmp=com.google.android.gms/.chimera.PersistentApiService }
11-29 14:04:24.201  1083  1327 I NetworkScheduler.Stats: Task com.google.android.gms/com.google.android.gms.clearcut.uploader.QosUploaderService started execution. cause:5 exec_start_elapsed_seconds: 3698 [CONTEXT service_id=218 ]
11-29 14:04:24.336  1083  2896 I NetworkScheduler.Stats: Task com.google.android.gms/com.google.android.gms.clearcut.uploader.QosUploaderService finished executing. cause:5 result: 1 elapsed_millis: 182 uptime_millis: 182 exec_start_elapsed_seconds: 3698 [CONTEXT service_id=218 ]
11-29 14:04:24.394  1083  1984 I NetworkScheduler.Stats: Task com.google.android.gms/com.google.android.gms.clearcut.uploader.QosUploaderService started execution. cause:5 exec_start_elapsed_seconds: 3698 [CONTEXT service_id=218 ]
11-29 14:04:24.688  1083  1327 W CCTUploader: Clearcut transport failed to make network request after 60 milliseconds.
11-29 14:04:24.688  1083  1327 W CCTUploader: java.io.IOException: et: Exception in CronetUrlRequest: net::ERR_NAME_NOT_RESOLVED, ErrorCode=1, InternalErrorCode=-105, Retryable=false
11-29 14:04:24.688  1083  1327 W CCTUploader: 	at wcl.a(:com.google.android.gms@220920023@22.09.20 (040800-434869283):34)
11-29 14:04:24.688  1083  1327 W CCTUploader: 	at wcz.b(:com.google.android.gms@220920023@22.09.20 (040800-434869283):29)
11-29 14:04:24.688  1083  1327 W CCTUploader: 	at com.google.android.gms.clearcut.uploader.QosUploaderChimeraService.g(:com.google.android.gms@220920023@22.09.20 (040800-434869283):104)
11-29 14:04:24.688  1083  1327 W CCTUploader: 	at com.google.android.gms.clearcut.uploader.QosUploaderChimeraService.a(:com.google.android.gms@220920023@22.09.20 (040800-434869283):2)
11-29 14:04:24.688  1083  1327 W CCTUploader: 	at amyb.call(:com.google.android.gms@220920023@22.09.20 (040800-434869283):4)
11-29 14:04:24.688  1083  1327 W CCTUploader: 	at java.util.concurrent.FutureTask.run(FutureTask.java:266)
11-29 14:04:24.688  1083  1327 W CCTUploader: 	at xss.c(:com.google.android.gms@220920023@22.09.20 (040800-434869283):6)
11-29 14:04:24.688  1083  1327 W CCTUploader: 	at xss.run(:com.google.android.gms@220920023@22.09.20 (040800-434869283):7)
11-29 14:04:24.688  1083  1327 W CCTUploader: 	at java.util.concurrent.ThreadPoolExecutor.runWorker(ThreadPoolExecutor.java:1167)
11-29 14:04:24.688  1083  1327 W CCTUploader: 	at java.util.concurrent.ThreadPoolExecutor$Worker.run(ThreadPoolExecutor.java:641)
11-29 14:04:24.688  1083  1327 W CCTUploader: 	at xxx.run(:com.google.android.gms@220920023@22.09.20 (040800-434869283):0)
11-29 14:04:24.688  1083  1327 W CCTUploader: 	at java.lang.Thread.run(Thread.java:764)
11-29 14:04:24.688  1083  1327 W CCTUploader: Caused by: et: Exception in CronetUrlRequest: net::ERR_NAME_NOT_RESOLVED, ErrorCode=1, InternalErrorCode=-105, Retryable=false
11-29 14:04:24.688  1083  1327 W CCTUploader: 	at org.chromium.net.impl.CronetUrlRequest.onError(:com.google.android.gms.dynamite_cronetdynamite@220920056@22.09.20 (040800-0):4)
11-29 14:04:24.824  1083  1988 I NetworkScheduler.Stats: Task com.google.android.gms/com.google.android.gms.clearcut.uploader.QosUploaderService finished executing. cause:5 result: 2 elapsed_millis: 447 uptime_millis: 447 exec_start_elapsed_seconds: 3698 [CONTEXT service_id=218 ]
11-29 14:04:26.041 15801 15843 I chatty  : uid=10091(com.excell44.educam.debug) expire 3 lines
11-29 14:04:26.242 15801 15845 I chatty  : uid=10091(com.excell44.educam.debug) expire 4 lines
11-29 14:04:26.310 15801 15855 I chatty  : uid=10091(com.excell44.educam.debug) lytics.startup1 expire 2 lines
11-29 14:04:26.487 15801 15853 I chatty  : uid=10091(com.excell44.educam.debug) Crashlytics Exc expire 1 line
11-29 14:04:26.551 15801 15857 I chatty  : uid=10091(com.excell44.educam.debug) Firebase Backgr expire 2 lines
11-29 14:04:26.576 15801 15869 I chatty  : uid=10091(com.excell44.educam.debug) expire 1 line
11-29 14:04:26.582 15801 15851 I chatty  : uid=10091(com.excell44.educam.debug) Firebase Backgr expire 1 line
11-29 14:04:26.963 15801 15862 I chatty  : uid=10091(com.excell44.educam.debug) Firebase Backgr expire 1 line
11-29 14:04:27.026 15801 15876 I chatty  : uid=10091(com.excell44.educam.debug) FirebaseSession expire 2 lines
11-29 14:04:27.156 15801 15856 I chatty  : uid=10091(com.excell44.educam.debug) DefaultDispatch expire 1 line
11-29 14:04:27.210 15801 15868 I chatty  : uid=10091(com.excell44.educam.debug) LeakCanary-Heap expire 49 lines
11-29 14:04:27.469  1083  2896 W NetworkScheduler: Error inserting period=3620000 preferred_charging_state=1 preferred_network_type=1 target_class=com.google.android.gms.measurement.PackageMeasurementTaskService required_network_type=0 runtime=1764396267466 required_idleness_state=0 source=16 service_kind=0 target_package=com.google.android.gms persistence_level=1 source_version=220920000 last_runtime=0 user_id=0 job_id=-1 requires_charging=0 tag=Measurement.PackageMeasurementTaskService.UPLOAD_TASK_TAG flex_time=1809000 task_type=0 retry_strategy={"maximum_backoff_seconds":{"3600":0},"initial_backoff_seconds":{"30":0},"retry_policy":{"0":0}}, error message: UNIQUE constraint failed: pending_ops.tag, pending_ops.target_class, pending_ops.target_package, pending_ops.user_id (code 2067 SQLITE_CONSTRAINT_UNIQUE) [CONTEXT service_id=218 ]
11-29 14:04:27.645 15801 15801 I chatty  : uid=10091(com.excell44.educam.debug) expire 42 lines
11-29 14:04:28.149   167   244 D gralloc_gmin: gralloc_alloc: Creating ashmem region of size 2363392
11-29 14:04:28.151 15801 15875 I chatty  : uid=10091(com.excell44.educam.debug) RenderThread expire 16 lines
11-29 14:04:28.177   167   244 D gralloc_gmin: gralloc_alloc: Creating ashmem region of size 2363392
11-29 14:04:28.190   167   244 D gralloc_gmin: gralloc_alloc: Creating ashmem region of size 2363392
11-29 14:04:28.287 15801 15801 D StrictMode: StrictMode policy violation; ~duration=582 ms: android.os.strictmode.DiskReadViolation
11-29 14:04:28.287 15801 15801 D StrictMode: 	at android.os.StrictMode$AndroidBlockGuardPolicy.onReadFromDisk(StrictMode.java:1504)
11-29 14:04:28.287 15801 15801 D StrictMode: 	at android.app.SharedPreferencesImpl.awaitLoadedLocked(SharedPreferencesImpl.java:256)
11-29 14:04:28.287 15801 15801 D StrictMode: 	at android.app.SharedPreferencesImpl.getInt(SharedPreferencesImpl.java:301)
11-29 14:04:28.287 15801 15801 D StrictMode: 	at com.excell44.educam.MainActivity$onCreate$1.invoke(MainActivity.kt:36)
11-29 14:04:28.287 15801 15801 D StrictMode: 	at com.excell44.educam.MainActivity$onCreate$1.invoke(MainActivity.kt:33)
11-29 14:04:28.287 15801 15801 D StrictMode: 	at androidx.compose.runtime.internal.ComposableLambdaImpl.invoke(ComposableLambda.kt:121)
11-29 14:04:28.287 15801 15801 D StrictMode: 	at androidx.compose.runtime.internal.ComposableLambdaImpl.invoke(ComposableLambda.kt:51)
11-29 14:04:28.287 15801 15801 D StrictMode: 	at androidx.compose.ui.platform.ComposeView.Content(ComposeView.android.kt:431)
11-29 14:04:28.287 15801 15801 D StrictMode: 	at androidx.compose.ui.platform.AbstractComposeView$ensureCompositionCreated$1.invoke(ComposeView.android.kt:250)
11-29 14:04:28.287 15801 15801 D StrictMode: 	at androidx.compose.ui.platform.AbstractComposeView$ensureCompositionCreated$1.invoke(ComposeView.android.kt:250)
11-29 14:04:28.287 15801 15801 D StrictMode: 	at androidx.compose.runtime.internal.ComposableLambdaImpl.invoke(ComposableLambda.kt:121)
11-29 14:04:28.287 15801 15801 D StrictMode: 	at androidx.compose.runtime.internal.ComposableLambdaImpl.invoke(ComposableLambda.kt:51)
11-29 14:04:28.287 15801 15801 D StrictMode: 	at androidx.compose.runtime.CompositionLocalKt.CompositionLocalProvider(CompositionLocal.kt:370)
11-29 14:04:28.287 15801 15801 D StrictMode: 	at androidx.compose.ui.platform.CompositionLocalsKt.ProvideCommonCompositionLocals(CompositionLocals.kt:216)
11-29 14:04:28.287 15801 15801 D StrictMode: 	at androidx.compose.ui.platform.AndroidCompositionLocals_androidKt$ProvideAndroidCompositionLocals$3.invoke(AndroidCompositionLocals.android.kt:145)
11-29 14:04:28.287 15801 15801 D StrictMode: 	at androidx.compose.ui.platform.AndroidCompositionLocals_androidKt$ProvideAndroidCompositionLocals$3.invoke(AndroidCompositionLocals.android.kt:144)
11-29 14:04:28.287 15801 15801 D StrictMode: 	at androidx.compose.runtime.internal.ComposableLambdaImpl.invoke(ComposableLambda.kt:121)
11-29 14:04:28.287 15801 15801 D StrictMode: 	at androidx.compose.runtime.internal.ComposableLambdaImpl.invoke(ComposableLambda.kt:51)
11-29 14:04:28.287 15801 15801 D StrictMode: 	at androidx.compose.runtime.CompositionLocalKt.CompositionLocalProvider(CompositionLocal.kt:370)
11-29 14:04:28.287 15801 15801 D StrictMode: 	at androidx.compose.ui.platform.AndroidCompositionLocals_androidKt.ProvideAndroidCompositionLocals(AndroidCompositionLocals.android.kt:133)
11-29 14:04:28.287 15801 15801 D StrictMode: 	at androidx.compose.ui.platform.WrappedComposition$setContent$1$1$3.invoke(Wrapper.android.kt:140)
11-29 14:04:28.287 15801 15801 D StrictMode: 	at androidx.compose.ui.platform.WrappedComposition$setContent$1$1$3.invoke(Wrapper.android.kt:139)
11-29 14:04:28.287 15801 15801 D StrictMode: 	at androidx.compose.runtime.internal.ComposableLambdaImpl.invoke(ComposableLambda.kt:121)
11-29 14:04:28.287 15801 15801 D StrictMode: 	at androidx.compose.runtime.internal.ComposableLambdaImpl.invoke(ComposableLambda.kt:51)
11-29 14:04:28.287 15801 15801 D StrictMode: 	at androidx.compose.runtime.CompositionLocalKt.CompositionLocalProvider(CompositionLocal.kt:390)
11-29 14:04:28.287 15801 15801 D StrictMode: 	at androidx.compose.ui.platform.WrappedComposition$setContent$1$1.invoke(Wrapper.android.kt:139)
11-29 14:04:28.287 15801 15801 D StrictMode: 	at androidx.compose.ui.platform.WrappedComposition$setContent$1$1.invoke(Wrapper.android.kt:123)
11-29 14:04:28.287 15801 15801 D StrictMode: 	at androidx.compose.runtime.internal.ComposableLambdaImpl.invoke(ComposableLambda.kt:121)
11-29 14:04:28.287 15801 15801 D StrictMode: 	at androidx.compose.runtime.internal.ComposableLambdaImpl.invoke(ComposableLambda.kt:51)
11-29 14:04:28.287 15801 15801 D StrictMode: 	at androidx.compose.runtime.internal.Expect_jvmKt.invokeComposable(Expect.jvm.kt:24)
11-29 14:04:28.287 15801 15801 D StrictMode: 	at androidx.compose.runtime.ComposerImpl.doCompose-aFTiNEg(Composer.kt:3843)
11-29 14:04:28.287 15801 15801 D StrictMode: 	at androidx.compose.runtime.ComposerImpl.composeContent--ZbOJvo$runtime(Composer.kt:3747)
11-29 14:04:28.287 15801 15801 D StrictMode: 	at androidx.compose.runtime.CompositionImpl.composeContent(Composition.kt:832)
11-29 14:04:28.287 15801 15801 D StrictMode: 	at androidx.compose.runtime.Recomposer.composeInitial$runtime(Recomposer.kt:1234)
11-29 14:04:28.287 15801 15801 D StrictMode: 	at androidx.compose.runtime.CompositionImpl.composeInitial(Composition.kt:672)
11-29 14:04:28.287 15801 15801 D StrictMode: 	at androidx.compose.runtime.CompositionImpl.setContent(Composition.kt:639)
11-29 14:04:28.287 15801 15801 D StrictMode: 	at androidx.compose.ui.platform.WrappedComposition$setContent$1.invoke(Wrapper.android.kt:123)
11-29 14:04:28.287 15801 15801 D StrictMode: 	at androidx.compose.ui.platform.WrappedComposition$setContent$1.invoke(Wrapper.android.kt:114)
11-29 14:04:28.287 15801 15801 D StrictMode: 	at androidx.compose.ui.platform.AndroidComposeView.setOnViewTreeOwnersAvailable(AndroidComposeView.android.kt:1990)
11-29 14:04:28.287 15801 15801 D StrictMode: 	at androidx.compose.ui.platform.WrappedComposition.setContent(Wrapper.android.kt:114)
11-29 14:04:28.287 15801 15801 D StrictMode: 	at androidx.compose.ui.platform.WrappedComposition.onStateChanged(Wrapper.android.kt:168)
11-29 14:04:28.287 15801 15801 D StrictMode: 	at androidx.lifecycle.LifecycleRegistry$Observe
11-29 14:04:28.295 15801 15801 D StrictMode: StrictMode policy violation; ~duration=471 ms: android.os.strictmode.DiskReadViolation
11-29 14:04:28.295 15801 15801 D StrictMode: 	at android.os.StrictMode$AndroidBlockGuardPolicy.onReadFromDisk(StrictMode.java:1504)
11-29 14:04:28.295 15801 15801 D StrictMode: 	at java.io.UnixFileSystem.checkAccess(UnixFileSystem.java:251)
11-29 14:04:28.295 15801 15801 D StrictMode: 	at java.io.File.exists(File.java:815)
11-29 14:04:28.295 15801 15801 D StrictMode: 	at android.app.ContextImpl.ensurePrivateDirExists(ContextImpl.java:605)
11-29 14:04:28.295 15801 15801 D StrictMode: 	at android.app.ContextImpl.ensurePrivateDirExists(ContextImpl.java:596)
11-29 14:04:28.295 15801 15801 D StrictMode: 	at android.app.ContextImpl.getPreferencesDir(ContextImpl.java:552)
11-29 14:04:28.295 15801 15801 D StrictMode: 	at android.app.ContextImpl.getSharedPreferencesPath(ContextImpl.java:747)
11-29 14:04:28.295 15801 15801 D StrictMode: 	at android.app.ContextImpl.getSharedPreferences(ContextImpl.java:400)
11-29 14:04:28.295 15801 15801 D StrictMode: 	at android.content.ContextWrapper.getSharedPreferences(ContextWrapper.java:174)
11-29 14:04:28.295 15801 15801 D StrictMode: 	at com.excell44.educam.util.AuthStateManager.<init>(AuthStateManager.kt:13)
11-29 14:04:28.295 15801 15801 D StrictMode: 	at com.excell44.educam.DaggerEduCamApplication_HiltComponents_SingletonC$SingletonCImpl$SwitchingProvider.get(DaggerEduCamApplication_HiltComponents_SingletonC.java:744)
11-29 14:04:28.295 15801 15801 D StrictMode: 	at dagger.internal.DoubleCheck.getSynchronized(DoubleCheck.java:54)
11-29 14:04:28.295 15801 15801 D StrictMode: 	at dagger.internal.DoubleCheck.get(DoubleCheck.java:45)
11-29 14:04:28.295 15801 15801 D StrictMode: 	at com.excell44.educam.DaggerEduCamApplication_HiltComponents_SingletonC$ViewModelCImpl$SwitchingProvider.get(DaggerEduCamApplication_HiltComponents_SingletonC.java:529)
11-29 14:04:28.295 15801 15801 D StrictMode: 	at dagger.hilt.android.internal.lifecycle.HiltViewModelFactory$2.createViewModel(HiltViewModelFactory.java:133)
11-29 14:04:28.295 15801 15801 D StrictMode: 	at dagger.hilt.android.internal.lifecycle.HiltViewModelFactory$2.create(HiltViewModelFactory.java:103)
11-29 14:04:28.295 15801 15801 D StrictMode: 	at dagger.hilt.android.internal.lifecycle.HiltViewModelFactory.create(HiltViewModelFactory.java:171)
11-29 14:04:28.295 15801 15801 D StrictMode: 	at androidx.lifecycle.ViewModelProvider$Factory.create(ViewModelProvider.android.kt:149)
11-29 14:04:28.295 15801 15801 D StrictMode: 	at androidx.lifecycle.viewmodel.internal.ViewModelProviderImpl_androidKt.createViewModel(ViewModelProviderImpl.android.kt:35)
11-29 14:04:28.295 15801 15801 D StrictMode: 	at androidx.lifecycle.viewmodel.internal.ViewModelProviderImpl.getViewModel$lifecycle_viewmodel(ViewModelProviderImpl.kt:59)
11-29 14:04:28.295 15801 15801 D StrictMode: 	at androidx.lifecycle.viewmodel.internal.ViewModelProviderImpl.getViewModel$lifecycle_viewmodel$default(ViewModelProviderImpl.kt:43)
11-29 14:04:28.295 15801 15801 D StrictMode: 	at androidx.lifecycle.ViewModelProvider.get(ViewModelProvider.android.kt:90)
11-29 14:04:28.295 15801 15801 D StrictMode: 	at androidx.lifecycle.viewmodel.compose.ViewModelKt__ViewModelKt.get(ViewModel.kt:172)
11-29 14:04:28.295 15801 15801 D StrictMode: 	at androidx.lifecycle.viewmodel.compose.ViewModelKt.get(Unknown Source:1)
11-29 14:04:28.295 15801 15801 D StrictMode: 	at androidx.lifecycle.viewmodel.compose.ViewModelKt__ViewModel_androidKt.viewModel(ViewModel.android.kt:119)
11-29 14:04:28.295 15801 15801 D StrictMode: 	at androidx.lifecycle.viewmodel.compose.ViewModelKt.viewModel(Unknown Source:1)
11-29 14:04:28.295 15801 15801 D StrictMode: 	at com.excell44.educam.MainActivityKt.appContent(MainActivity.kt:80)
11-29 14:04:28.295 15801 15801 D StrictMode: 	at com.excell44.educam.ComposableSingletons$MainActivityKt$lambda-1$1.invoke(MainActivity.kt:43)
11-29 14:04:28.295 15801 15801 D StrictMode: 	at com.excell44.educam.ComposableSingletons$MainActivityKt$lambda-1$1.invoke(MainActivity.kt:42)
11-29 14:04:28.295 15801 15801 D StrictMode: 	at androidx.compose.runtime.internal.ComposableLambdaImpl.invoke(ComposableLambda.kt:121)
11-29 14:04:28.295 15801 15801 D StrictMode: 	at androidx.compose.runtime.internal.ComposableLambdaImpl.invoke(ComposableLambda.kt:51)
11-29 14:04:28.295 15801 15801 D StrictMode: 	at androidx.compose.material3.SurfaceKt$Surface$1.invoke(Surface.kt:126)
11-29 14:04:28.295 15801 15801 D StrictMode: 	at androidx.compose.material3.SurfaceKt$Surface$1.invoke(Surface.kt:108)
11-29 14:04:28.295 15801 15801 D StrictMode: 	at androidx.compose.runtime.internal.ComposableLambdaImpl.invoke(ComposableLambda.kt:121)
11-29 14:04:28.295 15801 15801 D StrictMode: 	at androidx.compose.runtime.internal.ComposableLambdaImpl.invoke(ComposableLambda.kt:51)
11-29 14:04:28.295 15801 15801 D StrictMode: 	at androidx.compose.runtime.CompositionLocalKt.CompositionLocalProvider(CompositionLocal.kt:370)
11-29 14:04:28.295 15801 15801 D StrictMode: 	at androidx.compose.material3.SurfaceKt.Surface-T9BRK9s(Surface.kt:105)
11-29 14:04:28.295 15801 15801 D StrictMode: 	at com.excell44.educam.ComposableSingletons$MainActivityKt$lambda-2$1.invoke(MainActivity.kt:39)
11-29 14:04:28.295 15801 15801 D StrictMode: 	at com.excell44.educam.ComposableSingletons$MainActivityKt$lambda-2$1.invoke(MainActivity.kt:38)
11-29 14:04:28.295 15801 15801 D StrictMode: 	at androidx.compose.runtime.internal.ComposableLambdaImpl.invoke(ComposableLambda.kt:121)
11-29 14:04:28.295 15801 15801 D StrictMode: 	at androidx.compose.runtime.internal.ComposableLambdaImpl.invoke(ComposableLambda.kt:51)
11-29 14:04:28.295 15801 15801 D StrictMode: 	at androidx.compose.runtime.CompositionLocalKt.CompositionLocalProvider(CompositionLocal.kt:390)
11-29 14:04:28.295 15801 15801 D StrictMode: 	at androidx.compose.material3.TextKt.ProvideTextStyle(Text.kt:349)
11-29 14:04:28.295 15801 15801 D StrictMode: 	at androidx.compose.material3.MaterialThemeKt$MaterialTheme$1.invoke(Mate
11-29 14:04:28.309 15801 15801 D SessionLifecycleClient: Connected to SessionLifecycleService. Queue size 1
11-29 14:04:28.312 15801 15862 D SessionLifecycleClient: Sending lifecycle 1 to service
11-29 14:04:28.312 15801 15876 D SessionLifecycleService: Activity foregrounding at 3702538.
11-29 14:04:28.312 15801 15876 D SessionLifecycleService: Cold start detected.
11-29 14:04:28.317 15801 15876 D SessionLifecycleService: Generated new session cb14dc62f3f44c0ba912ae8c78a67344
11-29 14:04:28.318 15801 15801 D MainActivity: Start Destination: home (isLoggedIn=true)
11-29 14:04:28.318 15801 15801 D NavigationViewModel: NavController attached
11-29 14:04:28.319 15801 15876 D SessionLifecycleService: Broadcasting new session: SessionDetails(sessionId=cb14dc62f3f44c0ba912ae8c78a67344, firstSessionId=cb14dc62f3f44c0ba912ae8c78a67344, sessionIndex=0, sessionStartTimestampUs=1764396268316000)
11-29 14:04:28.328 15801 15862 D SessionFirelogPublisher: Data Collection is enabled for at least one Subscriber
11-29 14:04:28.346 15801 15801 I Choreographer: Skipped 71 frames!  The application may be doing too much work on its main thread.
11-29 14:04:28.421 15801 15862 W InstallationId: Error getting authentication token.
11-29 14:04:28.421 15801 15862 W InstallationId: com.google.firebase.installations.FirebaseInstallationsException: Firebase Installations Service is unavailable. Please try again later.
11-29 14:04:28.421 15801 15862 W InstallationId: 	at com.google.firebase.installations.remote.FirebaseInstallationServiceClient.createFirebaseInstallation(FirebaseInstallationServiceClient.java:209)
11-29 14:04:28.421 15801 15862 W InstallationId: 	at com.google.firebase.installations.FirebaseInstallations.registerFidWithServer(FirebaseInstallations.java:533)
11-29 14:04:28.421 15801 15862 W InstallationId: 	at com.google.firebase.installations.FirebaseInstallations.doNetworkCallIfNecessary(FirebaseInstallations.java:387)
11-29 14:04:28.421 15801 15862 W InstallationId: 	at com.google.firebase.installations.FirebaseInstallations.lambda$doRegistrationOrRefresh$3$com-google-firebase-installations-FirebaseInstallations(FirebaseInstallations.java:372)
11-29 14:04:28.421 15801 15862 W InstallationId: 	at com.google.firebase.installations.FirebaseInstallations$$ExternalSyntheticLambda1.run(D8$$SyntheticClass:0)
11-29 14:04:28.421 15801 15862 W InstallationId: 	at com.google.firebase.concurrent.SequentialExecutor$1.run(SequentialExecutor.java:117)
11-29 14:04:28.421 15801 15862 W InstallationId: 	at com.google.firebase.concurrent.SequentialExecutor$QueueWorker.workOnQueue(SequentialExecutor.java:229)
11-29 14:04:28.421 15801 15862 W InstallationId: 	at com.google.firebase.concurrent.SequentialExecutor$QueueWorker.run(SequentialExecutor.java:174)
11-29 14:04:28.421 15801 15862 W InstallationId: 	at java.util.concurrent.ThreadPoolExecutor.runWorker(ThreadPoolExecutor.java:1167)
11-29 14:04:28.421 15801 15862 W InstallationId: 	at java.util.concurrent.ThreadPoolExecutor$Worker.run(ThreadPoolExecutor.java:641)
11-29 14:04:28.421 15801 15862 W InstallationId: 	at com.google.firebase.concurrent.CustomThreadFactory.lambda$newThread$0$com-google-firebase-concurrent-CustomThreadFactory(CustomThreadFactory.java:47)
11-29 14:04:28.421 15801 15862 W InstallationId: 	at com.google.firebase.concurrent.CustomThreadFactory$$ExternalSyntheticLambda0.run(D8$$SyntheticClass:0)
11-29 14:04:28.421 15801 15862 W InstallationId: 	at java.lang.Thread.run(Thread.java:764)
11-29 14:04:28.430 15801 15847 D SessionConfigFetcher: Fetching settings from server.
11-29 14:04:28.475 15801 15869 E SessionConfigFetcher: Error failing to fetch the remote configs: Unable to resolve host "firebase-settings.crashlytics.com": No address associated with hostname
11-29 14:04:28.486 15801 15857 W InstallationId: Error getting authentication token.
11-29 14:04:28.486 15801 15857 W InstallationId: com.google.firebase.installations.FirebaseInstallationsException: Firebase Installations Service is unavailable. Please try again later.
11-29 14:04:28.486 15801 15857 W InstallationId: 	at com.google.firebase.installations.remote.FirebaseInstallationServiceClient.createFirebaseInstallation(FirebaseInstallationServiceClient.java:209)
11-29 14:04:28.486 15801 15857 W InstallationId: 	at com.google.firebase.installations.FirebaseInstallations.registerFidWithServer(FirebaseInstallations.java:533)
