11-28 12:45:01.809  1341  3026 D InputDispatcher: Focused application(0): ActivityRecord{6459409 u0 com.google.android.packageinstaller/com.android.packageinstaller.PackageInstallerActivity} t313}
11-28 12:45:01.811  1341  3026 W WindowManager: Execute app transition: mNextAppTransitionRequests=[TRANSIT_NONE, TRANSIT_CLOSE, TRANSIT_NONE, TRANSIT_NONE], mNextAppTransitionFlags=, displayId: 0 Callers=com.android.server.wm.RootWindowContainer.executeAppTransitionForAllDisplay:2580 com.android.server.wm.ActivityTaskSupervisor.reportResumedActivityLocked:2285 com.android.server.wm.ActivityRecord.completeResumeLocked:6984 com.android.server.wm.Task.minimalResumeActivityLocked:6154 com.android.server.wm.ActivityTaskSupervisor.realStartActivityLocked:1135 
11-28 12:45:01.816  1341  1370 D SGM:FgCheckThread: noteResumeComponent(), received pkgName: com.google.android.packageinstaller, userId: 0
11-28 12:45:01.817  1341  1370 I GameSDK@LifeCycle: noteResumeComponent(): package name  : com.google.android.packageinstaller
11-28 12:45:01.817 13659 13659 I ViewRootImpl@70fbbc4[DeleteStagedFileOnResult]: performTraversals params={(0,0)(wrapxwrap) sim={adjust=pan} ty=BASE_APPLICATION fmt=TRANSLUCENT wanim=0x10302f7 surfaceInsets=Rect(5, 5 - 5, 5)
11-28 12:45:01.817 13659 13659 I ViewRootImpl@70fbbc4[DeleteStagedFileOnResult]:   fl=1800002
11-28 12:45:01.817 13659 13659 I ViewRootImpl@70fbbc4[DeleteStagedFileOnResult]:   pfl=42000000
11-28 12:45:01.817 13659 13659 I ViewRootImpl@70fbbc4[DeleteStagedFileOnResult]:   bhv=DEFAULT
11-28 12:45:01.817 13659 13659 I ViewRootImpl@70fbbc4[DeleteStagedFileOnResult]:   fitTypes=STATUS_BARS NAVIGATION_BARS CAPTION_BAR
11-28 12:45:01.817 13659 13659 I ViewRootImpl@70fbbc4[DeleteStagedFileOnResult]:  dimAmount=0.18 naviIconColor=0
11-28 12:45:01.817 13659 13659 I ViewRootImpl@70fbbc4[DeleteStagedFileOnResult]:   sfl=100000}
11-28 12:45:01.818 13659 13659 I ViewRootImpl@70fbbc4[DeleteStagedFileOnResult]: performTraversals mFirst=true windowShouldResize=true viewVisibilityChanged=false mForceNextWindowRelayout=false params={(0,0)(wrapxwrap) sim={adjust=pan} ty=BASE_APPLICATION fmt=TRANSLUCENT wanim=0x10302f7 surfaceInsets=Rect(5, 5 - 5, 5)
11-28 12:45:01.818 13659 13659 I ViewRootImpl@70fbbc4[DeleteStagedFileOnResult]:   fl=1800002
11-28 12:45:01.818 13659 13659 I ViewRootImpl@70fbbc4[DeleteStagedFileOnResult]:   pfl=42000000
11-28 12:45:01.818 13659 13659 I ViewRootImpl@70fbbc4[DeleteStagedFileOnResult]:   bhv=DEFAULT
11-28 12:45:01.818 13659 13659 I ViewRootImpl@70fbbc4[DeleteStagedFileOnResult]:   fitTypes=STATUS_BARS NAVIGATION_BARS CAPTION_BAR
11-28 12:45:01.818 13659 13659 I ViewRootImpl@70fbbc4[DeleteStagedFileOnResult]:  dimAmount=0.18 naviIconColor=0
11-28 12:45:01.818 13659 13659 I ViewRootImpl@70fbbc4[DeleteStagedFileOnResult]:   sfl=100000}
11-28 12:45:01.819  1341  3004 V WindowManager: Relayout Window{7516e3c u0 com.google.android.packageinstaller/com.android.packageinstaller.DeleteStagedFileOnResult}: viewVisibility=0 req=720x64 d0
11-28 12:45:01.819  1341  3004 D RestrictionPolicy: isScreenCaptureEnabled : ret=true userId=0
11-28 12:45:01.820   766  1004 I BufferQueueDebug: [com.google.android.packageinstaller/com.android.packageinstaller.DeleteStagedFileOnResult$_13659#19120](this:0xb400007e7796e838,id:-1,api:0,p:-1,c:-1) BufferQueue core=(766:/system/bin/surfaceflinger)
11-28 12:45:01.821   766  1004 I SurfaceFlinger: id=19120 createSurf flag=40004, com.google.android.packageinstaller/com.android.packageinstaller.DeleteStagedFileOnResult$_13659#19120
11-28 12:45:01.821  1341  3004 D WindowManager: makeSurface duration=2 name=com.google.android.packageinstaller/com.android.packageinstaller.DeleteStagedFileOnResult$_13659
11-28 12:45:01.823 13659 13673 E IMGMapper: set:488 set: Unset optional value from type SMPTE2086
11-28 12:45:01.823 13659 13673 E IMGMapper: set:488 set: Unset optional value from type CTA861_3
11-28 12:45:01.826  1011  1106 I Light   : light data = 13.000000 .
11-28 12:45:01.827  1341  3004 V WindowManager: Relayout hash=7516e3c, pid=13659, syncId=-1: mAttrs={(0,0)(wrapxwrap) sim={adjust=pan} ty=BASE_APPLICATION fmt=TRANSLUCENT wanim=0x10302f7 surfaceInsets=Rect(5, 5 - 5, 5)
11-28 12:45:01.827  1341  3004 V WindowManager:   fl=1800002
11-28 12:45:01.827  1341  3004 V WindowManager:   pfl=42000000
11-28 12:45:01.827  1341  3004 V WindowManager:   apr=LIGHT_NAVIGATION_BARS
11-28 12:45:01.827  1341  3004 V WindowManager:   bhv=DEFAULT
11-28 12:45:01.827  1341  3004 V WindowManager:   fitTypes=STATUS_BARS NAVIGATION_BARS CAPTION_BAR
11-28 12:45:01.827  1341  3004 V WindowManager:  dimAmount=0.18 naviIconColor=0
11-28 12:45:01.827  1341  3004 V WindowManager:   sfl=100000}
11-28 12:45:01.829 13659 13659 D InsetsController: onStateChanged: InsetsState: {mDisplayFrame=Rect(0, 0 - 720, 1600), mDisplayCutout=DisplayCutout{insets=Rect(0, 45 - 0, 0) waterfall=Insets{left=0, top=0, right=0, bottom=0} boundingRect={Bounds=[Rect(0, 0 - 0, 0), Rect(272, 0 - 448, 45), Rect(0, 0 - 0, 0), Rect(0, 0 - 0, 0)]} cutoutPathParserInfo={CutoutPathParserInfo{displayWidth=720 displayHeight=1600 physicalDisplayWidth=720 physicalDisplayHeight=1600 density={1.875} cutoutSpec={M 0,0 H -46.93333333333333 V 24 H 46.93333333333333 V 0 H 0 Z @dp} rotation={0} scale={1.0} physicalPixelDisplaySizeRatio={1.0}}}}, mRoundedCorners=RoundedCorners{[RoundedCorner{position=TopLeft, radius=64, center=Point(64, 64)}, RoundedCorner{position=TopRight, radius=64, center=Point(656, 64)}, RoundedCorner{position=BottomRight, radius=64, center=Point(656, 1536)}, RoundedCorner{position=BottomLeft, radius=64, center=Point(64, 1536)}]}  mRoundedCornerFrame=Rect(0, 0 - 720, 1600), mPrivacyIndicatorBounds=PrivacyIndicatorBounds {static bounds=Rect(632, 0 - 720, 48) rotation=0}, mSources= { InsetsSource: {mType=ITYPE_STATUS_BAR, mFrame=[0,0][720,48], mVisible=true, mInsetsRoundedCornerFrame=false}, InsetsSource: {mType=ITYPE_NAVIGATION_BAR, mFrame=[0,1504][720,1600], mVisible=true, mInsetsRoundedCornerFrame=false}, InsetsSource: {mType=ITYPE_LEFT_GESTURES, mFrame=[0,0][0,1600], mVisible=true, mInsetsRoundedCornerFrame=false}, InsetsSource: {mType=ITYPE_RIGHT_GESTURES, mFrame=[720,0][720,1600], mVisible=true, mInsetsRoundedCornerFrame=false}, InsetsSource: {mType=ITYPE_TOP_MANDATORY_GESTURES, mFrame=[0,0][720,69], mVisible=true, mInsetsRoundedCornerFrame=false}, InsetsSource: {mType=ITYPE_BOTTOM_MANDATORY_GESTURES, mFrame=[0,1504][720,1600], mVisible=true, mInsetsRoundedCornerFrame=false}, InsetsSource: {mType=ITYPE_LEFT_DISPLAY_CUTOUT, mFrame=[0,0][-100000,1600], mVisible=true, mInsetsRoundedCornerFrame=false}, InsetsSource: {mType=ITYPE_TOP_DISPLAY_CUTOUT, mFrame=[0,0][720,45], mVisible=true, mInsetsRoundedCornerFrame=false}, InsetsSource: {mType=ITYPE_RIGHT_DISPLAY_CUTOUT, mFrame=[100000,0][720,1600], mVisible=true, mInsetsRoundedCornerFrame=false}, InsetsSource: {mType=ITYPE_BOTTOM_DISPLAY_CUTOUT, mFrame=[0,100000][720,1600], mVisible=true, mInsetsRoundedCornerFrame=false}, InsetsSource: {mType=ITYPE_TOP_TAPPABLE_ELEMENT, mFrame=[0,0][720,48], mVisible=true, mInsetsRoundedCornerFrame=false}, InsetsSource: {mType=ITYPE_BOTTOM_TAPPABLE_ELEMENT, mFrame=[0,1504][720,1600], mVisible=true, mInsetsRoundedCornerFrame=false}, InsetsSource: {mType=ITYPE_IME, mFrame=[0,0][0,0], mVisibleFrame=[0,916][720,1600], mVisible=false, mInsetsRoundedCornerFrame=false} } host=com.google.android.packageinstaller/com.android.packageinstaller.DeleteStagedFileOnResult from=android.view.ViewRootImpl.relayoutWindow:9802
11-28 12:45:01.829 13659 13659 I ViewRootImpl@70fbbc4[DeleteStagedFileOnResult]: updateBlastSurfaceIfNeeded mBlastBufferQueue=null isSameSurfaceControl=false
11-28 12:45:01.829 13659 13659 D BufferQueueConsumer: [](id:355b00000009,api:0,p:-1,c:13659) connect: controlledByApp=false
11-28 12:45:01.830 13659 13659 I BLASTBufferQueue: new BLASTBufferQueue, mName= ViewRootImpl@70fbbc4[DeleteStagedFileOnResult] mNativeObject= 0xb400007d9e71d800 sc.mNativeObject= 0xb400007d40f21480 caller= android.view.ViewRootImpl.updateBlastSurfaceIfNeeded:2909 android.view.ViewRootImpl.relayoutWindow:9847 android.view.ViewRootImpl.performTraversals:3884 android.view.ViewRootImpl.doTraversal:3116 android.view.ViewRootImpl$TraversalRunnable.run:10885 android.view.Choreographer$CallbackRecord.run:1301 android.view.Choreographer$CallbackRecord.run:1309 android.view.Choreographer.doCallbacks:923 android.view.Choreographer.doFrame:852 android.view.Choreographer$FrameDisplayEventReceiver.run:1283 
11-28 12:45:01.830 13659 13659 I BLASTBufferQueue: update, w= 730 h= 74 mName = ViewRootImpl@70fbbc4[DeleteStagedFileOnResult] mNativeObject= 0xb400007d9e71d800 sc.mNativeObject= 0xb400007d40f21480 format= -3 caller= android.graphics.BLASTBufferQueue.<init>:84 android.view.ViewRootImpl.updateBlastSurfaceIfNeeded:2909 android.view.ViewRootImpl.relayoutWindow:9847 android.view.ViewRootImpl.performTraversals:3884 android.view.ViewRootImpl.doTraversal:3116 android.view.ViewRootImpl$TraversalRunnable.run:10885 
11-28 12:45:01.831 13659 13659 I ViewRootImpl@70fbbc4[DeleteStagedFileOnResult]: Relayout returned: old=(0,48,720,1504) new=(0,744,720,808) req=(720,64)0 dur=11 res=0x3 s={true 0xb400007d44126800} ch=true seqId=0
11-28 12:45:01.832 13659 13659 I ViewRootImpl@70fbbc4[DeleteStagedFileOnResult]: mThreadedRenderer.initialize() mSurface={isValid=true 0xb400007d44126800} hwInitialized=true
11-28 12:45:01.832 13659 13673 D OpenGLRenderer: eglCreateWindowSurface
11-28 12:45:01.834 13659 13659 I ViewRootImpl@70fbbc4[DeleteStagedFileOnResult]: reportNextDraw android.view.ViewRootImpl.performTraversals:4438 android.view.ViewRootImpl.doTraversal:3116 android.view.ViewRootImpl$TraversalRunnable.run:10885 android.view.Choreographer$CallbackRecord.run:1301 android.view.Choreographer$CallbackRecord.run:1309 
11-28 12:45:01.834 13659 13659 I ViewRootImpl@70fbbc4[DeleteStagedFileOnResult]: Setup new sync id=0
11-28 12:45:01.835 13659 13659 I ViewRootImpl@70fbbc4[DeleteStagedFileOnResult]: Setting syncFrameCallback
11-28 12:45:01.835 13659 13659 I ViewRootImpl@70fbbc4[DeleteStagedFileOnResult]: registerCallbacksForSync syncBuffer=false
11-28 12:45:01.837 13659 13679 I ViewRootImpl@70fbbc4[DeleteStagedFileOnResult]: Received frameDrawingCallback syncResult=0 frameNum=1.
11-28 12:45:01.837 13659 13679 I ViewRootImpl@70fbbc4[DeleteStagedFileOnResult]: Setting up sync and frameCommitCallback
11-28 12:45:01.839 13659 13673 E IMGMapper: set:488 set: Unset optional value from type SMPTE2086
11-28 12:45:01.839 13659 13673 E IMGMapper: set:488 set: Unset optional value from type CTA861_3
11-28 12:45:01.839 13659 13673 I BLASTBufferQueue: [ViewRootImpl@70fbbc4[DeleteStagedFileOnResult]#9](f:0,a:0) onFrameAvailable the first frame is available
11-28 12:45:01.840 13659 13673 I BLASTBufferQueue: [ViewRootImpl@70fbbc4[DeleteStagedFileOnResult]#9](f:0,a:1) acquireNextBufferLocked size=730x74 mFrameNumber=1 applyTransaction=true mTimestamp=337663258980124(auto) mPendingTransactions.size=0 graphicBufferId=58664958296116 transform=0
11-28 12:45:01.840 13659 13673 I ViewRootImpl@70fbbc4[DeleteStagedFileOnResult]: Received frameCommittedCallback lastAttemptedDrawFrameNum=1 didProduceBuffer=true
11-28 12:45:01.841 13659 13673 D OpenGLRenderer: CFMS:: SetUp Pid : 13659    Tid : 13673
11-28 12:45:01.841 13659 13673 W Parcel  : Expecting binder but got null!
11-28 12:45:01.841 13659 13659 I ViewRootImpl@70fbbc4[DeleteStagedFileOnResult]: onSyncComplete
11-28 12:45:01.842 13659 13659 I ViewRootImpl@70fbbc4[DeleteStagedFileOnResult]: setupSync seqId=0 mSyncId=0 fn=1 caller=android.view.ViewRootImpl$$ExternalSyntheticLambda11.accept:6 android.window.SurfaceSyncer.lambda$setupSync$1$android-window-SurfaceSyncer:128 android.window.SurfaceSyncer$$ExternalSyntheticLambda1.accept:8 android.window.SurfaceSyncer$SyncSet.checkIfSyncIsComplete:382 android.window.SurfaceSyncer$SyncSet.markSyncReady:359 android.window.SurfaceSyncer.markSyncReady:151 android.view.ViewRootImpl.performTraversals:4503 
11-28 12:45:01.842 13659 13659 I ViewRootImpl@70fbbc4[DeleteStagedFileOnResult]: reportDrawFinished seqId=0 mSyncId=-1 fn=1 mSurfaceChangedTransaction=0xb400007d43ff8b00
11-28 12:45:01.843 13659 13659 I ViewRootImpl@ac0b5e3[InstallStaging]: MSG_WINDOW_FOCUS_CHANGED 0 0
11-28 12:45:01.843  1341  3026 D WindowManager: finishDrawingWindow: Window{7516e3c u0 com.google.android.packageinstaller/com.android.packageinstaller.DeleteStagedFileOnResult} mDrawState=DRAW_PENDING seqId=0
11-28 12:45:01.845 13659 13673 E IMGMapper: set:488 set: Unset optional value from type SMPTE2086
11-28 12:45:01.845 13659 13673 E IMGMapper: set:488 set: Unset optional value from type CTA861_3
11-28 12:45:01.847  1341  1371 D ActivityTaskManager: mStartingWindow and mStartingData is null for token=ActivityRecord{f38f25b u0 com.google.android.packageinstaller/com.android.packageinstaller.DeleteStagedFileOnResult} t313}
11-28 12:45:01.847  1341  1371 D WindowManager: performShow logReadyForDisplay win=Window{7516e3c u0 com.google.android.packageinstaller/com.android.packageinstaller.DeleteStagedFileOnResult} mToken.waitingToShow:true isTransitionSet:true
11-28 12:45:01.850   766   766 D BufferStateLayer: com.google.android.packageinstaller/com.android.packageinstaller.DeleteStagedFileOnResult$_13659#19120 setBuffer frameId=1, bufferId=58664958296116 fenceId=470, w= 730, h=74
11-28 12:45:01.850  1341  1371 D ActivityTaskManager: mStartingWindow and mStartingData is null for token=ActivityRecord{f38f25b u0 com.google.android.packageinstaller/com.android.packageinstaller.DeleteStagedFileOnResult} t313}
11-28 12:45:01.850  1341  1371 D WindowManager: performShow logReadyForDisplay win=Window{7516e3c u0 com.google.android.packageinstaller/com.android.packageinstaller.DeleteStagedFileOnResult} mToken.waitingToShow:true isTransitionSet:true
11-28 12:45:01.855 13659 13659 W Settings: Setting accessibility_reduce_transparency has moved from android.provider.Settings.System to android.provider.Settings.Global, returning read-only value.
11-28 12:45:01.856  1341  1371 D ActivityTaskManager: mStartingWindow and mStartingData is null for token=ActivityRecord{f38f25b u0 com.google.android.packageinstaller/com.android.packageinstaller.DeleteStagedFileOnResult} t313}
11-28 12:45:01.856  1341  1371 D WindowManager: performShow logReadyForDisplay win=Window{7516e3c u0 com.google.android.packageinstaller/com.android.packageinstaller.DeleteStagedFileOnResult} mToken.waitingToShow:true isTransitionSet:true
11-28 12:45:01.857 13659 13673 E IMGMapper: set:488 set: Unset optional value from type SMPTE2086
11-28 12:45:01.857 13659 13673 E IMGMapper: set:488 set: Unset optional value from type CTA861_3
11-28 12:45:01.866  1341  1371 D ActivityTaskManager: mStartingWindow and mStartingData is null for token=ActivityRecord{f38f25b u0 com.google.android.packageinstaller/com.android.packageinstaller.DeleteStagedFileOnResult} t313}
11-28 12:45:01.866  1341  1371 D WindowManager: performShow logReadyForDisplay win=Window{7516e3c u0 com.google.android.packageinstaller/com.android.packageinstaller.DeleteStagedFileOnResult} mToken.waitingToShow:true isTransitionSet:true
11-28 12:45:01.873 13659 13673 E IMGMapper: set:488 set: Unset optional value from type SMPTE2086
11-28 12:45:01.873 13659 13673 E IMGMapper: set:488 set: Unset optional value from type CTA861_3
11-28 12:45:01.879 13659 13659 I DecorView: [INFO] isPopOver=false config=true
11-28 12:45:01.879 13659 13659 I DecorView: updateCaptionType: isFloating=true isApplication=true hasWindowDecorCaption=false this=DecorView@2eafed5[]
11-28 12:45:01.879 13659 13659 D DecorView: setCaptionType = 0, this = DecorView@2eafed5[]
11-28 12:45:01.880 13659 13659 I DecorView: setWindowBackground: isPopOver=false color=fff6f6f6 d=android.graphics.drawable.InsetDrawable@54bddb
11-28 12:45:01.886 13659 13659 D ScrollView: initGoToTop
11-28 12:45:01.889 13659 13659 D ScrollView: initGoToTop
11-28 12:45:01.890 13659 13673 E IMGMapper: set:488 set: Unset optional value from type SMPTE2086
11-28 12:45:01.890 13659 13673 E IMGMapper: set:488 set: Unset optional value from type CTA861_3
11-28 12:45:01.898 13659 13659 W Settings: Setting show_button_background has moved from android.provider.Settings.System to android.provider.Settings.Global, returning read-only value.
11-28 12:45:01.904 13659 13659 I MSHandlerLifeCycle: check: return. pkg=com.google.android.packageinstaller parent=null callers=com.android.internal.policy.DecorView.setVisibility:4411 android.app.ActivityThread.handleResumeActivity:5476 android.app.servertransaction.ResumeActivityItem.execute:54 android.app.servertransaction.ActivityTransactionItem.execute:45 android.app.servertransaction.TransactionExecutor.executeLifecycleState:176 
11-28 12:45:01.904 13659 13659 I MSHandlerLifeCycle: removeMultiSplitHandler: no exist. decor=DecorView@2eafed5[]
11-28 12:45:01.905   766  4886 D SurfaceFlinger: [SF client] NEW(0xb400007e779082c0) for (13659:com.google.android.packageinstaller)
11-28 12:45:01.907 13659 13673 E IMGMapper: set:488 set: Unset optional value from type SMPTE2086
11-28 12:45:01.907 13659 13673 E IMGMapper: set:488 set: Unset optional value from type CTA861_3
11-28 12:45:01.908 13659 13673 D NativeCustomFrequencyManager: [NativeCFMS] BpCustomFrequencyManager::BpCustomFrequencyManager()
11-28 12:45:01.910  1341  3026 D InputTransport: Input channel constructed: '6dfe27 ', fd=735
11-28 12:45:01.910  1341  3026 D InputTransport: Input channel constructed: '6dfe27 ', fd=739
11-28 12:45:01.910  1341  3026 D InputTransport: Input channel constructed: '6dfe27 ', fd=746
11-28 12:45:01.910   766  1004 I SurfaceFlinger: id=19121 createSurf flag=80004, 6dfe27 com.google.android.packageinstaller/com.android.packageinstaller.PackageInstallerActivity#19121
11-28 12:45:01.911  1341  3026 D RestrictionPolicy: isScreenCaptureEnabled : ret=true userId=0
11-28 12:45:01.912  1341  3026 D InputTransport: Input channel destroyed: '6dfe27 ', fd=746
11-28 12:45:01.912  8930 15097 I RecentModel: onTaskStackChangedBackground
11-28 12:45:01.913 13659 13659 D InsetsController: onStateChanged: InsetsState: {mDisplayFrame=Rect(0, 0 - 720, 1600), mDisplayCutout=DisplayCutout{insets=Rect(0, 45 - 0, 0) waterfall=Insets{left=0, top=0, right=0, bottom=0} boundingRect={Bounds=[Rect(0, 0 - 0, 0), Rect(272, 0 - 448, 45), Rect(0, 0 - 0, 0), Rect(0, 0 - 0, 0)]} cutoutPathParserInfo={CutoutPathParserInfo{displayWidth=720 displayHeight=1600 physicalDisplayWidth=720 physicalDisplayHeight=1600 density={1.875} cutoutSpec={M 0,0 H -46.93333333333333 V 24 H 46.93333333333333 V 0 H 0 Z @dp} rotation={0} scale={1.0} physicalPixelDisplaySizeRatio={1.0}}}}, mRoundedCorners=RoundedCorners{[RoundedCorner{position=TopLeft, radius=64, center=Point(64, 64)}, RoundedCorner{position=TopRight, radius=64, center=Point(656, 64)}, RoundedCorner{position=BottomRight, radius=64, center=Point(656, 1536)}, RoundedCorner{position=BottomLeft, radius=64, center=Point(64, 1536)}]}  mRoundedCornerFrame=Rect(0, 0 - 720, 1600), mPrivacyIndicatorBounds=PrivacyIndicatorBounds {static bounds=Rect(632, 0 - 720, 48) rotation=0}, mSources= { InsetsSource: {mType=ITYPE_STATUS_BAR, mFrame=[0,0][720,48], mVisible=true, mInsetsRoundedCornerFrame=false}, InsetsSource: {mType=ITYPE_NAVIGATION_BAR, mFrame=[0,1504][720,1600], mVisible=true, mInsetsRoundedCornerFrame=false}, InsetsSource: {mType=ITYPE_LEFT_GESTURES, mFrame=[0,0][0,1600], mVisible=true, mInsetsRoundedCornerFrame=false}, InsetsSource: {mType=ITYPE_RIGHT_GESTURES, mFrame=[720,0][720,1600], mVisible=true, mInsetsRoundedCornerFrame=false}, InsetsSource: {mType=ITYPE_TOP_MANDATORY_GESTURES, mFrame=[0,0][720,69], mVisible=true, mInsetsRoundedCornerFrame=false}, InsetsSource: {mType=ITYPE_BOTTOM_MANDATORY_GESTURES, mFrame=[0,1504][720,1600], mVisible=true, mInsetsRoundedCornerFrame=false}, InsetsSource: {mType=ITYPE_LEFT_DISPLAY_CUTOUT, mFrame=[0,0][-100000,1600], mVisible=true, mInsetsRoundedCornerFrame=false}, InsetsSource: {mType=ITYPE_TOP_DISPLAY_CUTOUT, mFrame=[0,0][720,45], mVisible=true, mInsetsRoundedCornerFrame=false}, InsetsSource: {mType=ITYPE_RIGHT_DISPLAY_CUTOUT, mFrame=[100000,0][720,1600], mVisible=true, mInsetsRoundedCornerFrame=false}, InsetsSource: {mType=ITYPE_BOTTOM_DISPLAY_CUTOUT, mFrame=[0,100000][720,1600], mVisible=true, mInsetsRoundedCornerFrame=false}, InsetsSource: {mType=ITYPE_TOP_TAPPABLE_ELEMENT, mFrame=[0,0][720,48], mVisible=true, mInsetsRoundedCornerFrame=false}, InsetsSource: {mType=ITYPE_BOTTOM_TAPPABLE_ELEMENT, mFrame=[0,1504][720,1600], mVisible=true, mInsetsRoundedCornerFrame=false} } host=com.google.android.packageinstaller/com.android.packageinstaller.PackageInstallerActivity from=android.view.ViewRootImpl.setView:1732
11-28 12:45:01.914 13659 13659 I ViewRootImpl@6652654[PackageInstallerActivity]: setView = com.android.internal.policy.DecorView@2eafed5 TM=true
11-28 12:45:01.914  1341  3026 D CoreBackPreview: Window{6dfe27 u0 com.google.android.packageinstaller/com.android.packageinstaller.PackageInstallerActivity}: Setting back callback OnBackInvokedCallbackInfo{mCallback=android.window.IOnBackInvokedCallback$Stub$Proxy@e8aca7d, mPriority=0}
11-28 12:45:01.915 13659 13659 I MSHandlerLifeCycle: removeMultiSplitHandler: no exist. decor=DecorView@2eafed5[PackageInstallerActivity]
11-28 12:45:01.916  1341  1371 D ActivityTaskManager: mStartingWindow and mStartingData is null for token=ActivityRecord{f38f25b u0 com.google.android.packageinstaller/com.android.packageinstaller.DeleteStagedFileOnResult} t313}
11-28 12:45:01.916  1341  1371 D WindowManager: performShow logReadyForDisplay win=Window{7516e3c u0 com.google.android.packageinstaller/com.android.packageinstaller.DeleteStagedFileOnResult} mToken.waitingToShow:true isTransitionSet:true
11-28 12:45:01.923 13659 13673 E IMGMapper: set:488 set: Unset optional value from type SMPTE2086
11-28 12:45:01.923 13659 13673 E IMGMapper: set:488 set: Unset optional value from type CTA861_3
11-28 12:45:01.925 13659 13659 I ViewRootImpl@6652654[PackageInstallerActivity]: performTraversals params={(0,0)(wrapxwrap) sim={adjust=pan} ty=BASE_APPLICATION fmt=TRANSLUCENT wanim=0x10302f7 surfaceInsets=Rect(5, 5 - 5, 5)
11-28 12:45:01.925 13659 13659 I ViewRootImpl@6652654[PackageInstallerActivity]:   fl=1820002
11-28 12:45:01.925 13659 13659 I ViewRootImpl@6652654[PackageInstallerActivity]:   pfl=42080000
11-28 12:45:01.925 13659 13659 I ViewRootImpl@6652654[PackageInstallerActivity]:   bhv=DEFAULT
11-28 12:45:01.925 13659 13659 I ViewRootImpl@6652654[PackageInstallerActivity]:   fitTypes=STATUS_BARS NAVIGATION_BARS CAPTION_BAR
11-28 12:45:01.925 13659 13659 I ViewRootImpl@6652654[PackageInstallerActivity]:  dimAmount=0.18 naviIconColor=0
11-28 12:45:01.925 13659 13659 I ViewRootImpl@6652654[PackageInstallerActivity]:   sfl=100000}
11-28 12:45:01.925 13659 13659 I ViewRootImpl@6652654[PackageInstallerActivity]: performTraversals mFirst=true windowShouldResize=true viewVisibilityChanged=false mForceNextWindowRelayout=false params={(0,0)(wrapxwrap) sim={adjust=pan} ty=BASE_APPLICATION fmt=TRANSLUCENT wanim=0x10302f7 surfaceInsets=Rect(5, 5 - 5, 5)
11-28 12:45:01.925 13659 13659 I ViewRootImpl@6652654[PackageInstallerActivity]:   fl=1820002
11-28 12:45:01.925 13659 13659 I ViewRootImpl@6652654[PackageInstallerActivity]:   pfl=42080000
11-28 12:45:01.925 13659 13659 I ViewRootImpl@6652654[PackageInstallerActivity]:   bhv=DEFAULT
11-28 12:45:01.925 13659 13659 I ViewRootImpl@6652654[PackageInstallerActivity]:   fitTypes=STATUS_BARS NAVIGATION_BARS CAPTION_BAR
11-28 12:45:01.925 13659 13659 I ViewRootImpl@6652654[PackageInstallerActivity]:  dimAmount=0.18 naviIconColor=0
11-28 12:45:01.925 13659 13659 I ViewRootImpl@6652654[PackageInstallerActivity]:   sfl=100000}
11-28 12:45:01.926  1341  3026 V WindowManager: Relayout Window{6dfe27 u0 com.google.android.packageinstaller/com.android.packageinstaller.PackageInstallerActivity}: viewVisibility=0 req=720x548 d0
11-28 12:45:01.926  1341  3026 D RestrictionPolicy: isScreenCaptureEnabled : ret=true userId=0
11-28 12:45:01.927   766  1004 I BufferQueueDebug: [com.google.android.packageinstaller/com.android.packageinstaller.PackageInstallerActivity$_13659#19122](this:0xb400007e779be838,id:-1,api:0,p:-1,c:-1) BufferQueue core=(766:/system/bin/surfaceflinger)
11-28 12:45:01.927   766  1004 I SurfaceFlinger: id=19122 createSurf flag=40004, com.google.android.packageinstaller/com.android.packageinstaller.PackageInstallerActivity$_13659#19122
11-28 12:45:01.928  1341  3026 D WindowManager: makeSurface duration=1 name=com.google.android.packageinstaller/com.android.packageinstaller.PackageInstallerActivity$_13659
11-28 12:45:01.929  1341  3026 D ActivityTaskManager: mStartingWindow and mStartingData is null for token=ActivityRecord{f38f25b u0 com.google.android.packageinstaller/com.android.packageinstaller.DeleteStagedFileOnResult} t313}
11-28 12:45:01.929  1341  3026 D WindowManager: performShow logReadyForDisplay win=Window{7516e3c u0 com.google.android.packageinstaller/com.android.packageinstaller.DeleteStagedFileOnResult} mToken.waitingToShow:true isTransitionSet:true
11-28 12:45:01.932  1341  3026 V WindowManager: Changing focus from null to Window{6dfe27 u0 com.google.android.packageinstaller/com.android.packageinstaller.PackageInstallerActivity} displayId=0 Callers=com.android.server.wm.RootWindowContainer.updateFocusedWindowLocked:595 com.android.server.wm.WindowManagerService.updateFocusedWindowLocked:6803 com.android.server.wm.WindowManagerService.relayoutWindow:2813 com.android.server.wm.Session.relayout:274 
11-28 12:45:01.932  1341  3026 D MARsPolicyManager: onPackageResumedFG pkgName = com.google.android.packageinstaller, userId = 0
11-28 12:45:01.933  1341  3026 I WindowManager: Cancelling animation restarting=true, leash=Surface(name=Surface(name=528b8b0 StatusBar)/@0x97829b3 - animation-leash of insets_animation)/@0x6a0eea4
11-28 12:45:01.933  1341  3026 I WindowManager: Reparenting to original parent: Surface(name=WindowToken{e4213f3 type=2000 android.os.BinderProxy@654f12d})/@0x8507b70, destroy=false, surface=Surface(name=528b8b0 StatusBar)/@0x97829b3
11-28 12:45:01.933  1341  3026 I WindowManager: Reparenting to leash, surface=Surface(name=528b8b0 StatusBar)/@0x97829b3, leashParent=Surface(name=WindowToken{e4213f3 type=2000 android.os.BinderProxy@654f12d})/@0x8507b70
11-28 12:45:01.933   766  1004 I SurfaceFlinger: id=19123 createSurf flag=24000, Surface(name=528b8b0 StatusBar)/@0x97829b3 - animation-leash of insets_animation#19123
11-28 12:45:01.934  1341  3026 D WindowManager: makeSurface duration=1 leash=Surface(name=Surface(name=528b8b0 StatusBar)/@0x97829b3 - animation-leash of insets_animation)/@0x5b255c3
11-28 12:45:01.934  1341  3026 I WindowManager: Cancelling animation restarting=true, leash=Surface(name=Surface(name=ab6e286 NavigationBar0)/@0x400176e - animation-leash of insets_animation)/@0x7349fc2
11-28 12:45:01.934  1341  3026 I WindowManager: Reparenting to original parent: Surface(name=WindowToken{f660761 type=2019 android.os.BinderProxy@4e54f6b})/@0x841ae0f, destroy=false, surface=Surface(name=ab6e286 NavigationBar0)/@0x400176e
11-28 12:45:01.934  1341  3026 I WindowManager: Reparenting to leash, surface=Surface(name=ab6e286 NavigationBar0)/@0x400176e, leashParent=Surface(name=WindowToken{f660761 type=2019 android.os.BinderProxy@4e54f6b})/@0x841ae0f
11-28 12:45:01.935   766  1004 I SurfaceFlinger: id=19124 createSurf flag=24000, Surface(name=ab6e286 NavigationBar0)/@0x400176e - animation-leash of insets_animation#19124
11-28 12:45:01.936  1341  3026 D WindowManager: makeSurface duration=1 leash=Surface(name=Surface(name=ab6e286 NavigationBar0)/@0x400176e - animation-leash of insets_animation)/@0xcfe9179
11-28 12:45:01.937  1737  1737 D NavigationBar: onSystemBarAttributesChanged() -  displayId:0, appearance:0, packageName: com.google.android.packageinstaller, navbarColorManagedByIme:false
11-28 12:45:01.937  1341  3026 D WindowManager: updateSystemBarAttributes: displayId=0, win=Window{6dfe27 u0 com.google.android.packageinstaller/com.android.packageinstaller.PackageInstallerActivity}, navColorWin=Window{ac86357 u0 com.google.android.packageinstaller/com.android.packageinstaller.InstallStaging}, focusedCanBeNavColorWin=false, behavior=1, appearance=0, statusBarAppearanceRegions=[AppearanceRegion{ bounds=[0,0][720,1600]}], requestedVisibilities=, from=com.android.server.wm.DisplayPolicy.focusChangedLw:3245 com.android.server.wm.DisplayContent.updateFocusedWindowLocked:4618 com.android.server.wm.RootWindowContainer.updateFocusedWindowLocked:595 
11-28 12:45:01.937  1341  3026 D StatusBarManagerService: notifyRequestedSystemKey recent=false home=false
11-28 12:45:01.939  1341  3026 V WindowManager: Relayout hash=6dfe27, pid=13659, syncId=-1: mAttrs={(0,0)(wrapxwrap) sim={adjust=pan} ty=BASE_APPLICATION fmt=TRANSLUCENT wanim=0x10302f7 surfaceInsets=Rect(5, 5 - 5, 5)
11-28 12:45:01.939  1341  3026 V WindowManager:   fl=1820002
11-28 12:45:01.939  1341  3026 V WindowManager:   pfl=42080000
11-28 12:45:01.939  1341  3026 V WindowManager:   apr=LIGHT_NAVIGATION_BARS
11-28 12:45:01.939  1341  3026 V WindowManager:   bhv=DEFAULT
11-28 12:45:01.939  1341  3026 V WindowManager:   fitTypes=STATUS_BARS NAVIGATION_BARS CAPTION_BAR
11-28 12:45:01.939  1341  3026 V WindowManager:  dimAmount=0.18 naviIconColor=0
11-28 12:45:01.939  1341  3026 V WindowManager:   sfl=100000}
11-28 12:45:01.939  1341  1371 D ActivityTaskManager: mStartingWindow and mStartingData is null for token=ActivityRecord{f38f25b u0 com.google.android.packageinstaller/com.android.packageinstaller.DeleteStagedFileOnResult} t313}
11-28 12:45:01.939  1341  1371 D WindowManager: performShow logReadyForDisplay win=Window{7516e3c u0 com.google.android.packageinstaller/com.android.packageinstaller.DeleteStagedFileOnResult} mToken.waitingToShow:true isTransitionSet:true
11-28 12:45:01.940 13659 13673 E IMGMapper: set:488 set: Unset optional value from type SMPTE2086
11-28 12:45:01.940 13659 13673 E IMGMapper: set:488 set: Unset optional value from type CTA861_3
11-28 12:45:01.941 13659 13659 I ViewRootImpl@6652654[PackageInstallerActivity]: updateBlastSurfaceIfNeeded mBlastBufferQueue=null isSameSurfaceControl=false
11-28 12:45:01.941 13659 13659 D BufferQueueConsumer: [](id:355b0000000a,api:0,p:-1,c:13659) connect: controlledByApp=false
11-28 12:45:01.942 13659 13659 I BLASTBufferQueue: new BLASTBufferQueue, mName= ViewRootImpl@6652654[PackageInstallerActivity] mNativeObject= 0xb400007d440f1180 sc.mNativeObject= 0xb400007d4111a3a0 caller= android.view.ViewRootImpl.updateBlastSurfaceIfNeeded:2909 android.view.ViewRootImpl.relayoutWindow:9847 android.view.ViewRootImpl.performTraversals:3884 android.view.ViewRootImpl.doTraversal:3116 android.view.ViewRootImpl$TraversalRunnable.run:10885 android.view.Choreographer$CallbackRecord.run:1301 android.view.Choreographer$CallbackRecord.run:1309 android.view.Choreographer.doCallbacks:923 android.view.Choreographer.doFrame:852 android.view.Choreographer$FrameDisplayEventReceiver.run:1283 
11-28 12:45:01.942 13659 13659 I BLASTBufferQueue: update, w= 730 h= 558 mName = ViewRootImpl@6652654[PackageInstallerActivity] mNativeObject= 0xb400007d440f1180 sc.mNativeObject= 0xb400007d4111a3a0 format= -3 caller= android.graphics.BLASTBufferQueue.<init>:84 android.view.ViewRootImpl.updateBlastSurfaceIfNeeded:2909 android.view.ViewRootImpl.relayoutWindow:9847 android.view.ViewRootImpl.performTraversals:3884 android.view.ViewRootImpl.doTraversal:3116 android.view.ViewRootImpl$TraversalRunnable.run:10885 
11-28 12:45:01.943 13659 13659 I ViewRootImpl@6652654[PackageInstallerActivity]: Relayout returned: old=(0,48,720,1504) new=(0,502,720,1050) req=(720,548)0 dur=16 res=0x3 s={true 0xb400007d44143800} ch=true seqId=0
11-28 12:45:01.944 13659 13659 I ViewRootImpl@6652654[PackageInstallerActivity]: mThreadedRenderer.initialize() mSurface={isValid=true 0xb400007d44143800} hwInitialized=true
11-28 12:45:01.944 13659 13673 D OpenGLRenderer: eglCreateWindowSurface
11-28 12:45:01.946 13659 13659 D ScrollView:  onsize change changed 
11-28 12:45:01.947 13659 13659 I ViewRootImpl@6652654[PackageInstallerActivity]: reportNextDraw android.view.ViewRootImpl.performTraversals:4438 android.view.ViewRootImpl.doTraversal:3116 android.view.ViewRootImpl$TraversalRunnable.run:10885 android.view.Choreographer$CallbackRecord.run:1301 android.view.Choreographer$CallbackRecord.run:1309 
11-28 12:45:01.947 13659 13659 I ViewRootImpl@6652654[PackageInstallerActivity]: Setup new sync id=0
11-28 12:45:01.948 13659 13659 I ViewRootImpl@6652654[PackageInstallerActivity]: Setting syncFrameCallback
11-28 12:45:01.948 13659 13659 I ViewRootImpl@6652654[PackageInstallerActivity]: registerCallbacksForSync syncBuffer=false
11-28 12:45:01.949   766   766 I Layer   : id=19116 removeFromCurrentState Surface(name=528b8b0 StatusBar)/@0x97829b3 - animation-leash of insets_animation#19116 (136)
11-28 12:45:01.950   766   766 I Layer   : id=19117 removeFromCurrentState Surface(name=ab6e286 NavigationBar0)/@0x400176e - animation-leash of insets_animation#19117 (136)
11-28 12:45:01.950   766   766 D SurfaceFlinger: [input] inputWindowCommands.focusRequests size is 1
11-28 12:45:01.950   766   766 I SurfaceFlinger: id=19116 Removed Surface(name=528b8b0 StatusBar)/@0x97829b3 - animation-leash of insets_animation#19116 (136)
11-28 12:45:01.950   766   766 I SurfaceFlinger: id=19117 Removed Surface(name=ab6e286 NavigationBar0)/@0x400176e - animation-leash of insets_animation#19117 (136)
11-28 12:45:01.950   766   766 I Layer   : id=19116 Destroyed Surface(name=528b8b0 StatusBar)/@0x97829b3 - animation-leash of insets_animation#19116
11-28 12:45:01.950   766   766 I Layer   : id=19117 Destroyed Surface(name=ab6e286 NavigationBar0)/@0x400176e - animation-leash of insets_animation#19117
11-28 12:45:01.951   766   963 D SurfaceFlinger: [input] setFocusedWindow: 6dfe27 com.google.android.packageinstaller/com.android.packageinstaller.PackageInstallerActivity
11-28 12:45:01.952  1341  3004 D InputDispatcher: Focus request (0): 6dfe27 com.google.android.packageinstaller/com.android.packageinstaller.PackageInstallerActivity but waiting because NO_WINDOW
11-28 12:45:01.955 13659 13680 I ViewRootImpl@6652654[PackageInstallerActivity]: Received frameDrawingCallback syncResult=0 frameNum=1.
11-28 12:45:01.955 13659 13680 I ViewRootImpl@6652654[PackageInstallerActivity]: Setting up sync and frameCommitCallback
11-28 12:45:01.963 13659 13673 E IMGMapper: set:488 set: Unset optional value from type SMPTE2086
11-28 12:45:01.963 13659 13673 E IMGMapper: set:488 set: Unset optional value from type CTA861_3
11-28 12:45:01.963 13659 13673 I BLASTBufferQueue: [ViewRootImpl@6652654[PackageInstallerActivity]#10](f:0,a:0) onFrameAvailable the first frame is available
11-28 12:45:01.963 13659 13673 I BLASTBufferQueue: [ViewRootImpl@6652654[PackageInstallerActivity]#10](f:0,a:1) acquireNextBufferLocked size=730x558 mFrameNumber=1 applyTransaction=true mTimestamp=337663382421047(auto) mPendingTransactions.size=0 graphicBufferId=58664958296120 transform=0
11-28 12:45:01.964 13659 13673 I ViewRootImpl@6652654[PackageInstallerActivity]: Received frameCommittedCallback lastAttemptedDrawFrameNum=1 didProduceBuffer=true
11-28 12:45:01.965 13659 13673 D OpenGLRenderer: CFMS:: SetUp Pid : 13659    Tid : 13673
11-28 12:45:01.965 13659 13673 W Parcel  : Expecting binder but got null!
11-28 12:45:01.965 13659 13659 I ViewRootImpl@6652654[PackageInstallerActivity]: onSyncComplete
11-28 12:45:01.965 13659 13659 I ViewRootImpl@6652654[PackageInstallerActivity]: setupSync seqId=0 mSyncId=0 fn=1 caller=android.view.ViewRootImpl$$ExternalSyntheticLambda11.accept:6 android.window.SurfaceSyncer.lambda$setupSync$1$android-window-SurfaceSyncer:128 android.window.SurfaceSyncer$$ExternalSyntheticLambda1.accept:8 android.window.SurfaceSyncer$SyncSet.checkIfSyncIsComplete:382 android.window.SurfaceSyncer$SyncSet.markSyncReady:359 android.window.SurfaceSyncer.markSyncReady:151 android.view.ViewRootImpl.performTraversals:4503 
11-28 12:45:01.966 13659 13659 I ViewRootImpl@6652654[PackageInstallerActivity]: reportDrawFinished seqId=0 mSyncId=-1 fn=1 mSurfaceChangedTransaction=0xb400007d43fc6400
11-28 12:45:01.966   766   766 D BufferStateLayer: com.google.android.packageinstaller/com.android.packageinstaller.PackageInstallerActivity$_13659#19122 setBuffer frameId=1, bufferId=58664958296120 fenceId=501, w= 730, h=558
11-28 12:45:01.966  1341  3026 D WindowManager: finishDrawingWindow: Window{6dfe27 u0 com.google.android.packageinstaller/com.android.packageinstaller.PackageInstallerActivity} mDrawState=DRAW_PENDING seqId=0
11-28 12:45:01.967   529   529 D io_stats: !@ 179,0 r 7360046 151575647 w 4343892 33764856 d 102597 20220296 f 0 0 iot 11948852 0 th 0 0 0 pt 0 inp 0 0 337663.386
11-28 12:45:01.968  1341  1371 D ActivityTaskManager: mStartingWindow and mStartingData is null for token=ActivityRecord{f38f25b u0 com.google.android.packageinstaller/com.android.packageinstaller.DeleteStagedFileOnResult} t313}
11-28 12:45:01.968  1341  1371 D WindowManager: performShow logReadyForDisplay win=Window{7516e3c u0 com.google.android.packageinstaller/com.android.packageinstaller.DeleteStagedFileOnResult} mToken.waitingToShow:true isTransitionSet:true
11-28 12:45:01.969 13659 13673 E IMGMapper: set:488 set: Unset optional value from type SMPTE2086
11-28 12:45:01.969 13659 13673 E IMGMapper: set:488 set: Unset optional value from type CTA861_3
11-28 12:45:01.971  1341  1371 D WindowManager: Loading animation for app transition. transit=TRANSIT_OLD_ACTIVITY_CLOSE enter=false frame=Rect(0, 48 - 720, 1504) insets=Rect(0, 0 - 0, 0) surfaceInsets=Rect(5, 5 - 5, 5)
11-28 12:45:01.971  1341  1371 D WindowManager: Loading animation for app transition. transit=TRANSIT_OLD_ACTIVITY_CLOSE enter=true frame=Rect(0, 48 - 720, 1504) insets=Rect(0, 0 - 0, 0) surfaceInsets=Rect(5, 5 - 5, 5)
11-28 12:45:01.972  1341  1371 D WindowManager: Loading animation for app transition. transit=TRANSIT_OLD_ACTIVITY_CLOSE enter=true frame=Rect(0, 48 - 720, 1504) insets=Rect(0, 0 - 0, 0) surfaceInsets=Rect(5, 5 - 5, 5)
11-28 12:45:01.973  1341  1371 I WindowManager: Reparenting to leash, surface=Surface(name=ac86357 com.google.android.packageinstaller/com.android.packageinstaller.InstallStaging)/@0x1eade6c, leashParent=Surface(name=ActivityRecord{3c1a5ac u0 com.google.android.packageinstaller/com.android.packageinstaller.InstallStaging} t313})/@0x11592e5
11-28 12:45:01.973 13659 13673 E IMGMapper: set:488 set: Unset optional value from type SMPTE2086
11-28 12:45:01.973 13659 13673 E IMGMapper: set:488 set: Unset optional value from type CTA861_3
11-28 12:45:01.973   766  4886 I SurfaceFlinger: id=19125 createSurf flag=24000, Surface(name=ac86357 com.google.android.packageinstaller/com.android.packageinstaller.InstallStaging)/@0x1eade6c - animation-leash of window_animation#19125
11-28 12:45:01.974  1341  1371 D WindowManager: makeSurface duration=0 leash=Surface(name=Surface(name=ac86357 com.google.android.packageinstaller/com.android.packageinstaller.InstallStaging)/@0x1eade6c - animation-leash of window_animation)/@0x44dcc35
11-28 12:45:01.975  1341  1371 V WindowManager: Setting visibility of Window{ac86357 u0 com.google.android.packageinstaller/com.android.packageinstaller.InstallStaging}: false, caller=com.android.server.wm.WindowContainer.sendAppVisibilityToClients:1246 com.android.server.wm.WindowToken.setClientVisible:431 com.android.server.wm.ActivityRecord.setClientVisible:7689 com.android.server.wm.ActivityRecord.postApplyAnimation:6267 com.android.server.wm.ActivityRecord.commitVisibility:6222 
11-28 12:45:01.976  1341  1371 D ActivityTaskManager: mStartingWindow and mStartingData is null for token=ActivityRecord{6459409 u0 com.google.android.packageinstaller/com.android.packageinstaller.PackageInstallerActivity} t313}
11-28 12:45:01.976  1341  1371 V WindowManager: performShowLocked: mDrawState=HAS_DRAWN in Window{6dfe27 u0 com.google.android.packageinstaller/com.android.packageinstaller.PackageInstallerActivity}
11-28 12:45:01.977  1341  1371 D ActivityTaskManager: mStartingWindow and mStartingData is null for token=ActivityRecord{f38f25b u0 com.google.android.packageinstaller/com.android.packageinstaller.DeleteStagedFileOnResult} t313}
11-28 12:45:01.977  1341  1371 V WindowManager: performShowLocked: mDrawState=HAS_DRAWN in Window{7516e3c u0 com.google.android.packageinstaller/com.android.packageinstaller.DeleteStagedFileOnResult}
11-28 12:45:01.978 13659 13659 I ViewRootImpl@ac0b5e3[InstallStaging]: handleAppVisibility mAppVisible = true visible = false
11-28 12:45:01.978  1341  1367 I ActivityTaskManager: Displayed com.google.android.packageinstaller/com.android.packageinstaller.PackageInstallerActivity: +251ms
11-28 12:45:01.978  1341  1367 I Pageboost: Launch time gathered : pid 13659 com.google.android.packageinstaller 251
11-28 12:45:01.978  1341  1371 I SemDvfsHyPerManager: acquire hyper - AMS_RESUME_TAIL/1341@14, type = -999
11-28 12:45:01.979  1341  1371 I SemDvfsHyPerManager: acquire hyper - AMS_ACT_LAZY/1341@15, type = -999
11-28 12:45:01.979  1341  1371 D ActivityManagerPerformance: AMP_acquire() TAIL
11-28 12:45:01.979  2536  2536 E pageboostd: Received HALT command code 2
11-28 12:45:01.979  1341  1371 D ActivityManagerPerformance: AMP_release() ACT_START
11-28 12:45:01.979   747   781 I HYPER-HAL: [RequestManager.cpp]acquire(): Acquired ID : 918704  [1341 / 14]    HINT : AMS_RESUME_TAIL    list : 
11-28 12:45:01.979   747   781 I mtkpower_client: perf_lock_rel, hdl:52191, tid:781
11-28 12:45:01.979   747   781 I mtkpower_client: perf_lock_acq, hdl:0, dur:0, num:2, tid:781
11-28 12:45:01.980 13659 13673 E IMGMapper: set:488 set: Unset optional value from type SMPTE2086
11-28 12:45:01.980 13659 13673 E IMGMapper: set:488 set: Unset optional value from type CTA861_3
11-28 12:45:01.980   750   798 I libPowerHal: [perfLockRel] hdl:52191, idx:4
11-28 12:45:01.980   750   798 I libPowerHal: vendor.samsung.: cpu_ctrl set cpu freq: 2301000 -1 -1 -1
11-28 12:45:01.981   747   781 I mtkpower_client: ret_hdl:52195
11-28 12:45:01.981   750   798 I libPowerHal: [perfLockAcq] idx:3 hdl:52195 hint:-1 pid:747 duration:0 lock_user:vendor.samsung. => ret_hdl:52195
11-28 12:45:01.981   747   781 I mtkpower_client: perf_lock_rel, hdl:52192, tid:781
11-28 12:45:01.981   750   798 I libPowerHal: vendor.samsung.: cpu_ctrl set cpu freq: 2301000 -1 1800000 -1
11-28 12:45:01.982   747   781 I mtkpower_client: perf_lock_acq, hdl:0, dur:0, num:2, tid:781
11-28 12:45:01.982   750   798 I libPowerHal: [perfLockRel] hdl:52192, idx:1
11-28 12:45:01.982  1341  1371 D WindowManager: updateSystemBarAttributes: displayId=0, win=Window{6dfe27 u0 com.google.android.packageinstaller/com.android.packageinstaller.PackageInstallerActivity}, navColorWin=Window{140a5a5 u0 com.sec.android.app.myfiles/com.sec.android.app.myfiles.external.ui.MainActivity}, focusedCanBeNavColorWin=false, behavior=1, appearance=16, statusBarAppearanceRegions=[AppearanceRegion{LIGHT_STATUS_BARS bounds=[0,0][720,1600]}], requestedVisibilities=, from=com.android.server.wm.DisplayPolicy.finishPostLayoutPolicyLw:2527 com.android.server.wm.DisplayContent.applySurfaceChangesTransaction:5699 com.android.server.wm.RootWindowContainer.applySurfaceChangesTransaction:1234 
11-28 12:45:01.982  1737  1737 D SamsungLightBarControlHelper: onStatusBarAppearanceChanged() -  sbModeChanged:false, statusBarMode:MODE_TRANSPARENT, barState:SHADE, isKeyguardShowing:false, navbarColorManagedByIme:false, stackAppearancesChanged:true, (AppearanceRegion{LIGHT_STATUS_BARS bounds=[0,0][720,1600]}, ), packageName:com.google.android.packageinstaller
11-28 12:45:01.982  1737  1737 D NavigationBar: onSystemBarAttributesChanged() -  displayId:0, appearance:16, packageName: com.google.android.packageinstaller (APPEARANCE_LIGHT_NAVIGATION_BARS ), navbarColorManagedByIme:false
11-28 12:45:01.982   747   781 I mtkpower_client: ret_hdl:52196
11-28 12:45:01.982   747   781 I mtkpower_client: perf_lock_rel, hdl:52193, tid:781
11-28 12:45:01.983  1737  1737 D SamsungLightBarControlHelper: updateNavigation(Black button) isLightBar:false, hasLightBarNavigationBarFlag:true, packageName:com.google.android.packageinstaller, DirectReplying:false, NavBarColorManagerdByIme:false, ForceDarkForScrim:false, QsCustomizing:false, PanelHasWhiteBg:true
11-28 12:45:01.983   766  4886 I SurfaceFlinger: id=19126 createSurf flag=80000, 22bcd6a ActivityRecordInputSink com.google.android.packageinstaller/com.android.packageinstaller.DeleteStagedFileOnResult#19126
11-28 12:45:01.983 13659 13673 D OpenGLRenderer: setSurface called with nullptr
11-28 12:45:01.983 13659 13673 D OpenGLRenderer: setSurface() destroyed EGLSurface
11-28 12:45:01.983 13659 13673 D OpenGLRenderer: destroyEglSurface
11-28 12:45:01.984   750   798 I libPowerHal: cmdSetting - unknown cmd:1c3c000, scmd:(null) ,param_1:0
11-28 12:45:01.984   750   798 I libPowerHal: [perfLockAcq] idx:1 hdl:52196 hint:-1 pid:747 duration:0 lock_user:vendor.samsung. => ret_hdl:52196
11-28 12:45:01.984  1737  1737 D SamsungLightBarControlHelper: updateStatus(BLACK icon) NumStacks:1, StatusBarMode:MODE_TRANSPARENT, lightBarBounds:[Rect(0, 0 - 720, 1600)], StatusBarState:SHADE, packageName:com.google.android.packageinstaller, isWhiteKeyguardStatusBarBySettings:false
11-28 12:45:01.984   766   853 I SurfaceFlinger: id=19127 createSurf flag=80000, d505110 ActivityRecordInputSink com.google.android.packageinstaller/com.android.packageinstaller.PackageInstallerActivity#19127
11-28 12:45:01.984 13659 13659 I ViewRootImpl@ac0b5e3[InstallStaging]: performTraversals mFirst=false windowShouldResize=false viewVisibilityChanged=true mForceNextWindowRelayout=false params=null
11-28 12:45:01.984   747   781 I mtkpower_client: perf_lock_acq, hdl:0, dur:0, num:2, tid:781
11-28 12:45:01.985   750   798 I libPowerHal: [perfLockRel] hdl:52193, idx:5
11-28 12:45:01.985   750   798 I libPowerHal: [PD] vendor.samsung. update cmd:1000000, param:-1
11-28 12:45:01.985   750   798 I libPowerHal: [PD] vendor.samsung. update cmd:1000000 param:-1
11-28 12:45:01.986   747   781 I mtkpower_client: ret_hdl:52197
11-28 12:45:01.986   747   781 I mtkpower_client: perf_lock_rel, hdl:52194, tid:781
11-28 12:45:01.986   750   798 I libPowerHal: [perfLockAcq] idx:4 hdl:52197 hint:-1 pid:747 duration:0 lock_user:vendor.samsung. => ret_hdl:52197
11-28 12:45:01.987   750   798 I libPowerHal: [PE] vendor.samsung. update cmd:1000000, param:0
11-28 12:45:01.987   750   798 I libPowerHal: [PE] vendor.samsung. update cmd:1000000 param:0
11-28 12:45:01.987   747   781 I mtkpower_client: perf_lock_acq, hdl:0, dur:0, num:2, tid:781
11-28 12:45:01.987   750   798 I libPowerHal: [perfLockRel] hdl:52194, idx:2
11-28 12:45:01.987   750   798 I libPowerHal: vendor.samsung.: cpu_ctrl set cpu freq: -1 -1 1800000 -1
11-28 12:45:01.988   747   781 I mtkpower_client: ret_hdl:52198
11-28 12:45:01.988   747   781 I mtkpower_client: perf_lock_rel, hdl:52195, tid:781
11-28 12:45:01.988   750   798 I libPowerHal: [perfLockAcq] idx:2 hdl:52198 hint:-1 pid:747 duration:0 lock_user:vendor.samsung. => ret_hdl:52198
11-28 12:45:01.989   750   798 I libPowerHal: vendor.samsung.: cpu_ctrl set cpu freq: 2301000 -1 1800000 -1
11-28 12:45:01.989   747   781 I mtkpower_client: perf_lock_acq, hdl:0, dur:0, num:2, tid:781
11-28 12:45:01.989  1737  1795 E IMGMapper: set:488 set: Unset optional value from type SMPTE2086
11-28 12:45:01.989  1341  3004 V WindowManager: Relayout Window{ac86357 u0 com.google.android.packageinstaller/com.android.packageinstaller.InstallStaging}: viewVisibility=8 req=720x548 d0
11-28 12:45:01.989  1737  1795 E IMGMapper: set:488 set: Unset optional value from type CTA861_3
11-28 12:45:01.990   750   798 I libPowerHal: [perfLockRel] hdl:52195, idx:3
11-28 12:45:01.990   750   798 I libPowerHal: vendor.samsung.: cpu_ctrl set cpu freq: 2301000 -1 -1 -1
11-28 12:45:01.990  1341  3004 D WindowManager: Set animatingExit: reason=startExitingAnimation/isExitAnimationRunningSelfOrParent win=Window{ac86357 u0 com.google.android.packageinstaller/com.android.packageinstaller.InstallStaging EXITING}
11-28 12:45:01.991   750   798 I libPowerHal: [perfLockAcq] idx:5 hdl:52199 hint:-1 pid:747 duration:0 lock_user:vendor.samsung. => ret_hdl:52199
11-28 12:45:01.991   750   798 I libPowerHal: vendor.samsung.: cpu_ctrl set cpu freq: 2301000 -1 1800000 -1
11-28 12:45:01.991   747   781 I mtkpower_client: ret_hdl:52199
11-28 12:45:01.991   747   781 I mtkpower_client: perf_lock_rel, hdl:52196, tid:781
11-28 12:45:01.991   747   781 I mtkpower_client: perf_lock_acq, hdl:0, dur:0, num:2, tid:781
11-28 12:45:01.992   750   798 I libPowerHal: [perfLockRel] hdl:52196, idx:1
11-28 12:45:01.992  1341  3004 D WindowManager: updateSystemBarAttributes: displayId=0, win=Window{6dfe27 u0 com.google.android.packageinstaller/com.android.packageinstaller.PackageInstallerActivity}, navColorWin=Window{6dfe27 u0 com.google.android.packageinstaller/com.android.packageinstaller.PackageInstallerActivity}, focusedCanBeNavColorWin=false, behavior=1, appearance=0, statusBarAppearanceRegions=[AppearanceRegion{ bounds=[0,0][720,1600]}], requestedVisibilities=, from=com.android.server.wm.DisplayPolicy.finishPostLayoutPolicyLw:2527 com.android.server.wm.DisplayContent.applySurfaceChangesTransaction:5699 com.android.server.wm.RootWindowContainer.applySurfaceChangesTransaction:1234 
11-28 12:45:01.992   747   781 I mtkpower_client: ret_hdl:52200
11-28 12:45:01.993   747   781 I mtkpower_client: perf_lock_rel, hdl:52197, tid:781
11-28 12:45:01.993   750   798 I libPowerHal: cmdSetting - unknown cmd:1c3c000, scmd:(null) ,param_1:0
11-28 12:45:01.993   750   798 I libPowerHal: [perfLockAcq] idx:3 hdl:52200 hint:-1 pid:747 duration:0 lock_user:vendor.samsung. => ret_hdl:52200
