11-28 12:27:16.538  1737  1862 D Tile.WifiTile: handleUpdateState isTransient=false transientEnabling =false cb.isTransient=false state.state = 2 mStateBeforeClick.value =false enabled =true
11-28 12:27:16.557  1737  1795 E IMGMapper: set:488 set: Unset optional value from type SMPTE2086
11-28 12:27:16.558  1737  1795 E IMGMapper: set:488 set: Unset optional value from type CTA861_3
11-28 12:27:16.576   766   766 I BufferQueueProducer: [StatusBar$_1737#83](this:0xb400007e9bb43838,id:-1,api:0,p:-1,c:766) queueBuffer: fps=0.08 dur=12083.25 max=12083.25 min=12083.25
11-28 12:27:16.581   738   839 I hwcomposer: [HWCDisplay] [Display_0 (type:1)] fps:0.082748,dur:12084.91,max:12084.91,min:12084.91  
11-28 12:27:16.587  1737  1862 D MobileStatusTracker(0/5): onSignalStrengthsChanged level=3, vendorLevel=2
11-28 12:27:16.593  1737  1862 D MobileSignalController(0/5): notifyListener: enabled=true, connected=true, dataConnected=false, networkType=LTE (4G), emergencyOnly=false, roaming=false, isDefault=false, dataActivity=, level=2, ca=false, mmWave=false, disabledDataIcon=false, simCard=ETC
11-28 12:27:16.593  1737  1862 D NetworkController: SignalStrength from intent slotId=0
11-28 12:27:16.732  1011  1106 I Light   : light data = 23.000000 .
11-28 12:27:16.933  1011  1106 I Light   : light data = 23.000000 .
11-28 12:27:17.058  1011  1106 I Accelerometer: acc data x = 1.434000, y = 0.849000, z = 9.624000 .
11-28 12:27:17.105   770   784 D ccci_mdinit: (1):monitor_time_update_thread round:50637 ########
11-28 12:27:17.134  1011  1106 I Light   : light data = 23.000000 .
11-28 12:27:17.225  1737  1862 D MobileStatusTracker(1/4): onSignalStrengthsChanged level=3, vendorLevel=2
11-28 12:27:17.229  1737  1862 D MobileSignalController(1/4): notifyListener: enabled=true, connected=true, dataConnected=false, networkType=LTE (4G), emergencyOnly=false, roaming=false, isDefault=false, dataActivity=inout, level=2, ca=false, mmWave=false, disabledDataIcon=false, simCard=ETC
11-28 12:27:17.229  1737  1862 D NetworkController: SignalStrength from intent slotId=1
11-28 12:27:17.333  1011  1106 I Light   : light data = 23.000000 .
11-28 12:27:17.533  1011  1106 I Light   : light data = 23.000000 .
11-28 12:27:17.535  1091 25234 D AALLightSensor: oldLux=18 [SA:22 LA:20] newLux=18 (oriLux: 23)
11-28 12:27:17.660 18811 18811 I wpa_supplicant: Heartbeat 2377
11-28 12:27:17.733  1011  1106 I Light   : light data = 23.000000 .
11-28 12:27:17.758 25952 26105 I EPDG -- [EPDGService]: Event received: SERVICE_STOP_CHECK
11-28 12:27:17.762 25952 26105 I EPDG -- SIM0 [Operator]: getSubId(): subID is : 5
11-28 12:27:17.771 25952 26105 I EPDG -- SIM1 [Operator]: getSubId(): subID is : 4
11-28 12:27:17.778 25952 26105 I EPDG -- SIM0 [Operator]: getSubId(): subID is : 5
11-28 12:27:17.794  2011  2857 I EntitlementContentProvider<0>: isVoWiFiEntitlementRequired: false
11-28 12:27:17.799 25952 26105 I EPDG -- SIM0 [EpdgEntitlement]: isEntitlementRequired : false
11-28 12:27:17.802 25952 26105 I EPDG -- SIM1 [Operator]: getSubId(): subID is : 4
11-28 12:27:17.811  2011  2857 I EntitlementContentProvider<1>: isVoWiFiEntitlementRequired: false
11-28 12:27:17.815 25952 26105 I EPDG -- SIM1 [EpdgEntitlement]: isEntitlementRequired : false
11-28 12:27:17.815 25952 26105 I EPDG -- [EPDGService]: scheduleTerminateEvent after : 5 secs.
11-28 12:27:17.857  1737  1862 D MobileStatusTracker(0/5): onSignalStrengthsChanged level=3, vendorLevel=2
11-28 12:27:17.858  1011  1106 I Accelerometer: acc data x = 1.472000, y = 0.830000, z = 9.586000 .
11-28 12:27:17.860  1737  1862 D MobileSignalController(0/5): notifyListener: enabled=true, connected=true, dataConnected=false, networkType=LTE (4G), emergencyOnly=false, roaming=false, isDefault=false, dataActivity=, level=2, ca=false, mmWave=false, disabledDataIcon=false, simCard=ETC
11-28 12:27:17.861  1737  1862 D NetworkController: SignalStrength from intent slotId=0
11-28 12:27:17.934  1011  1106 I Light   : light data = 23.000000 .
11-28 12:27:18.132  1011  1106 I Light   : light data = 23.000000 .
11-28 12:27:18.333  1011  1106 I Light   : light data = 23.000000 .
11-28 12:27:18.504  1737  1862 D MobileStatusTracker(1/4): onSignalStrengthsChanged level=3, vendorLevel=2
11-28 12:27:18.512  1737  1862 D MobileSignalController(1/4): notifyListener: enabled=true, connected=true, dataConnected=false, networkType=LTE (4G), emergencyOnly=false, roaming=false, isDefault=false, dataActivity=inout, level=2, ca=false, mmWave=false, disabledDataIcon=false, simCard=ETC
11-28 12:27:18.513  1737  1862 D NetworkController: SignalStrength from intent slotId=1
11-28 12:27:18.532  1011  1106 I Light   : light data = 23.000000 .
11-28 12:27:18.660  1011  1106 I Accelerometer: acc data x = 1.453000, y = 0.830000, z = 9.624000 .
11-28 12:27:18.733  1011  1106 I Light   : light data = 23.000000 .
11-28 12:27:18.933  1011  1106 I Light   : light data = 23.000000 .
11-28 12:27:19.133  1011  1106 I Light   : light data = 23.000000 .
11-28 12:27:19.145  1737  1862 D MobileStatusTracker(0/5): onSignalStrengthsChanged level=3, vendorLevel=2
11-28 12:27:19.152  1737  1862 D MobileSignalController(0/5): notifyListener: enabled=true, connected=true, dataConnected=false, networkType=LTE (4G), emergencyOnly=false, roaming=false, isDefault=false, dataActivity=, level=2, ca=false, mmWave=false, disabledDataIcon=false, simCard=ETC
11-28 12:27:19.152  1737  1862 D NetworkController: SignalStrength from intent slotId=0
11-28 12:27:19.201   529   529 D io_stats: !@ 179,0 r 7321581 150943499 w 4334888 33656812 d 102587 20189576 f 0 0 iot 11926552 0 th 0 0 0 pt 0 inp 0 0 336600.620
11-28 12:27:19.333  1011  1106 I Light   : light data = 23.000000 .
11-28 12:27:19.461  1011  1106 I Accelerometer: acc data x = 1.472000, y = 0.830000, z = 9.605000 .
11-28 12:27:19.533  1011  1106 I Light   : light data = 23.000000 .
11-28 12:27:19.538  1685  1685 I WifiHAL : Get link layer stats
11-28 12:27:19.538  1685  1685 I WifiHAL : GetLinkStatsCommand::create
11-28 12:27:19.538  1685  1685 D android.hardware.wifi@1.0-service-lazy: WifiRequest::create vendor command to iface 38, vendor_id=0x1a11, subcmd=0x1200, res=0
11-28 12:27:19.539  1685  1685 I android.hardware.wifi@1.0-service-lazy: WifiCommand::requestResponse err=-95
11-28 12:27:19.539  1685  1685 I WifiHAL : wifi_get_link_stats: result=-3
11-28 12:27:19.540  1341  1567 E WifiVendorHal: getWifiLinkLayerStats_1_5_Internal(l.1179) failed {.code = ERROR_NOT_SUPPORTED, .description = }
11-28 12:27:19.552  1341 11139 D SemWifiUsabilityStatsMonitor: onWifiUsabilityStats - seqNum 26236, isSameBssidAndFreq true
11-28 12:27:19.555  1341  1641 I SemWifiLinkQualityMonitor: Link Qos query: inf. ms / 0 Mbps
11-28 12:27:19.733  1011  1106 I Light   : light data = 23.000000 .
11-28 12:27:19.785  1737  1862 D MobileStatusTracker(1/4): onSignalStrengthsChanged level=3, vendorLevel=2
11-28 12:27:19.790  1737  1862 D MobileSignalController(1/4): notifyListener: enabled=true, connected=true, dataConnected=false, networkType=LTE (4G), emergencyOnly=false, roaming=false, isDefault=false, dataActivity=inout, level=2, ca=false, mmWave=false, disabledDataIcon=false, simCard=ETC
11-28 12:27:19.790  1737  1862 D NetworkController: SignalStrength from intent slotId=1
11-28 12:27:19.806  1018  1018 I thermal_repeater: socket -1
11-28 12:27:19.933  1011  1106 I Light   : light data = 23.000000 .
11-28 12:27:20.134  1011  1106 I Light   : light data = 23.000000 .
11-28 12:27:20.263  1011  1106 I Accelerometer: acc data x = 1.434000, y = 0.830000, z = 9.605000 .
11-28 12:27:20.334  1011  1106 I Light   : light data = 23.000000 .
11-28 12:27:20.425  1737  1862 D MobileStatusTracker(0/5): onSignalStrengthsChanged level=3, vendorLevel=2
11-28 12:27:20.431  1737  1862 D MobileSignalController(0/5): notifyListener: enabled=true, connected=true, dataConnected=false, networkType=LTE (4G), emergencyOnly=false, roaming=false, isDefault=false, dataActivity=, level=2, ca=false, mmWave=false, disabledDataIcon=false, simCard=ETC
11-28 12:27:20.432  1737  1862 D NetworkController: SignalStrength from intent slotId=0
11-28 12:27:20.533  1011  1106 I Light   : light data = 23.000000 .
11-28 12:27:20.733  1011  1106 I Light   : light data = 23.000000 .
11-28 12:27:20.933  1011  1106 I Light   : light data = 23.000000 .
11-28 12:27:21.063  1011  1106 I Accelerometer: acc data x = 1.434000, y = 0.772000, z = 9.567000 .
11-28 12:27:21.065  1737  1862 D MobileStatusTracker(1/4): onSignalStrengthsChanged level=3, vendorLevel=2
11-28 12:27:21.072  1737  1862 D MobileSignalController(1/4): notifyListener: enabled=true, connected=true, dataConnected=false, networkType=LTE (4G), emergencyOnly=false, roaming=false, isDefault=false, dataActivity=inout, level=2, ca=false, mmWave=false, disabledDataIcon=false, simCard=ETC
11-28 12:27:21.072  1737  1862 D NetworkController: SignalStrength from intent slotId=1
11-28 12:27:21.133  1011  1106 I Light   : light data = 23.000000 .
11-28 12:27:21.333  1011  1106 I Light   : light data = 23.000000 .
11-28 12:27:21.534  1011  1106 I Light   : light data = 23.000000 .
11-28 12:27:21.535  1091 25234 D AALLightSensor: oldLux=18 [SA:22 LA:20] newLux=18 (oriLux: 23)
11-28 12:27:21.705  1737  1862 D MobileStatusTracker(0/5): onSignalStrengthsChanged level=3, vendorLevel=2
11-28 12:27:21.711  1737  1862 D MobileSignalController(0/5): notifyListener: enabled=true, connected=true, dataConnected=false, networkType=LTE (4G), emergencyOnly=false, roaming=false, isDefault=false, dataActivity=, level=2, ca=false, mmWave=false, disabledDataIcon=false, simCard=ETC
11-28 12:27:21.711  1737  1862 D NetworkController: SignalStrength from intent slotId=0
11-28 12:27:21.733  1011  1106 I Light   : light data = 23.000000 .
11-28 12:27:21.864  1011  1106 I Accelerometer: acc data x = 1.414000, y = 0.791000, z = 9.624000 .
11-28 12:27:21.933  1011  1106 I Light   : light data = 23.000000 .
11-28 12:27:22.133  1011  1106 I Light   : light data = 23.000000 .
11-28 12:27:22.333  1011  1106 I Light   : light data = 23.000000 .
11-28 12:27:22.345  1737  1862 D MobileStatusTracker(1/4): onSignalStrengthsChanged level=3, vendorLevel=2
11-28 12:27:22.350  1737  1862 D MobileSignalController(1/4): notifyListener: enabled=true, connected=true, dataConnected=false, networkType=LTE (4G), emergencyOnly=false, roaming=false, isDefault=false, dataActivity=inout, level=2, ca=false, mmWave=false, disabledDataIcon=false, simCard=ETC
11-28 12:27:22.351  1737  1862 D NetworkController: SignalStrength from intent slotId=1
11-28 12:27:22.533  1011  1106 I Light   : light data = 23.000000 .
11-28 12:27:22.560  1685  1685 I WifiHAL : Get link layer stats
11-28 12:27:22.560  1685  1685 I WifiHAL : GetLinkStatsCommand::create
11-28 12:27:22.561  1685  1685 D android.hardware.wifi@1.0-service-lazy: WifiRequest::create vendor command to iface 38, vendor_id=0x1a11, subcmd=0x1200, res=0
11-28 12:27:22.561  1685  1685 I android.hardware.wifi@1.0-service-lazy: WifiCommand::requestResponse err=-95
11-28 12:27:22.561  1685  1685 I WifiHAL : wifi_get_link_stats: result=-3
11-28 12:27:22.562  1341  1567 E WifiVendorHal: getWifiLinkLayerStats_1_5_Internal(l.1179) failed {.code = ERROR_NOT_SUPPORTED, .description = }
11-28 12:27:22.574  1341 11139 D SemWifiUsabilityStatsMonitor: onWifiUsabilityStats - seqNum 26237, isSameBssidAndFreq true
11-28 12:27:22.577  1341  1641 I SemWifiLinkQualityMonitor: Link Qos query: inf. ms / 0 Mbps
11-28 12:27:22.577  1737  1737 D NetworkController.WifiSignalController: notifyListener: visible=true, connected=true, inetCondition=1, isDefault=true, wifiTestReported=true, receivedInetCondition=-1, hideDuringMobileSwitching=false
11-28 12:27:22.580  1737  1862 D Tile.WifiTile: handleUpdateState isTransient=false transientEnabling =false cb.isTransient=false state.state = 2 mStateBeforeClick.value =false enabled =true
11-28 12:27:22.596  1737  1795 E IMGMapper: set:488 set: Unset optional value from type SMPTE2086
11-28 12:27:22.596  1737  1795 E IMGMapper: set:488 set: Unset optional value from type CTA861_3
11-28 12:27:22.616   766   766 I BufferQueueProducer: [StatusBar$_1737#83](this:0xb400007e9bb43838,id:-1,api:0,p:-1,c:766) queueBuffer: fps=0.17 dur=6040.58 max=6040.58 min=6040.58
11-28 12:27:22.620   738   839 I hwcomposer: [HWCDisplay] [Display_0 (type:1)] fps:0.165585,dur:6039.18,max:6039.18,min:6039.18  
11-28 12:27:22.665  1011  1106 I Accelerometer: acc data x = 1.453000, y = 0.849000, z = 9.624000 .
11-28 12:27:22.733  1011  1106 I Light   : light data = 23.000000 .
11-28 12:27:22.820 25952 26105 I EPDG -- [EPDGService]: Event received: SERVICE_STOP_CHECK
11-28 12:27:22.822 25952 26105 I EPDG -- SIM0 [Operator]: getSubId(): subID is : 5
11-28 12:27:22.826  1341  1389 D BatteryExternalStatsWorker: update stats : write (63)
11-28 12:27:22.826  1341  1389 D BatteryExternalStatsWorker: Update Rail Energy data
11-28 12:27:22.827  1341  1389 D BatteryExternalStatsWorker: Fetch Bluetooth data
11-28 12:27:22.827  1341  1389 D BatteryExternalStatsWorker: Fetch modem data
11-28 12:27:22.831  1341  3017 W BatteryExternalStatsWorker: error reading Bluetooth stats: 11
11-28 12:27:22.833 25952 26105 I EPDG -- SIM1 [Operator]: getSubId(): subID is : 4
11-28 12:27:22.844 25952 26105 I EPDG -- SIM0 [Operator]: getSubId(): subID is : 5
11-28 12:27:22.855  2011  2857 I EntitlementContentProvider<0>: isVoWiFiEntitlementRequired: false
11-28 12:27:22.861 25952 26105 I EPDG -- SIM0 [EpdgEntitlement]: isEntitlementRequired : false
11-28 12:27:22.864  1341  2206 D TelephonyManager: requestModemActivityInfo: Sending result to app: ModemActivityInfo{ mTimestamp=1382441329 mSleepTimeMs=365843613 mIdleTimeMs=1012333385 mActivityStatsTechSpecificInfo=[{mRat=UNKNOWN,mFrequencyRange=UNKNOWN,mTxTimeMs[]=[1377009, 58880, 163191, 335794, 2363881],mRxTimeMs=25945952}]}
11-28 12:27:22.865 25952 26105 I EPDG -- SIM1 [Operator]: getSubId(): subID is : 4
11-28 12:27:22.873  2011  2857 I EntitlementContentProvider<1>: isVoWiFiEntitlementRequired: false
11-28 12:27:22.877 25952 26105 I EPDG -- SIM1 [EpdgEntitlement]: isEntitlementRequired : false
11-28 12:27:22.878 25952 26105 I EPDG -- [EPDGService]: scheduleTerminateEvent after : 5 secs.
11-28 12:27:22.916  1341  1389 D BatteryExternalStatsWorker: Update CPU state
11-28 12:27:22.918   554   560 W android.system.suspend@1.0-service: getWakeLockStats +
11-28 12:27:22.932  1011  1106 I Light   : light data = 23.000000 .
11-28 12:27:22.982  1737  1862 D MobileStatusTracker(0/5): onSignalStrengthsChanged level=3, vendorLevel=2
11-28 12:27:22.985  1737  1862 D MobileSignalController(0/5): notifyListener: enabled=true, connected=true, dataConnected=false, networkType=LTE (4G), emergencyOnly=false, roaming=false, isDefault=false, dataActivity=, level=2, ca=false, mmWave=false, disabledDataIcon=false, simCard=ETC
11-28 12:27:22.987  1737  1862 D NetworkController: SignalStrength from intent slotId=0
11-28 12:27:23.053   554   560 E android.system.suspend@1.0-service: Error opening event_count for wakeup1: Original kwl [Path]=../../devices/platform/10238000.gce/wakeup/wakeup1: Permission denied
11-28 12:27:23.093   554   560 W android.system.suspend@1.0-service: getWakeLockStats -
11-28 12:27:23.095  1341  1389 D BatteryExternalStatsWorker: Update Kernel wakelock & memory state
11-28 12:27:23.095  1341  1389 D BatteryExternalStatsWorker: Update RPM state
11-28 12:27:23.095  1341  1389 D BatteryExternalStatsWorker: mStats lock released
11-28 12:27:23.105  1341  1388 W system_server: Long monitor contention with owner batterystats-worker (1389) at void com.android.server.am.BatteryExternalStatsWorker.updateExternalStatsLocked(java.lang.String, int, boolean, boolean, int, int[], boolean)(BatteryExternalStatsWorker.java:747) waiters=0 in void com.android.server.am.BatteryStatsService.lambda$noteStopWakelockFromSource$26(android.os.WorkSource, int, java.lang.String, java.lang.String, int, long, long) for 228ms
11-28 12:27:23.109  1341  1389 D BatteryExternalStatsWorker: Update modem state
11-28 12:27:23.109  1341  1389 D BatteryExternalStatsWorker: done updateExternalStatsLocked
11-28 12:27:23.132  1011  1106 I Light   : light data = 23.000000 .
11-28 12:27:23.204   529   529 D io_stats: !@ 179,0 r 7321587 150943551 w 4334894 33657260 d 102587 20189576 f 0 0 iot 11926572 0 th 0 0 0 pt 0 inp 0 0 336604.623
11-28 12:27:23.333  1011  1106 I Light   : light data = 23.000000 .
11-28 12:27:23.467  1011  1106 I Accelerometer: acc data x = 1.376000, y = 0.849000, z = 9.586000 .
11-28 12:27:23.533  1011  1106 I Light   : light data = 23.000000 .
11-28 12:27:23.624  1737  1862 D MobileStatusTracker(1/4): onSignalStrengthsChanged level=3, vendorLevel=2
11-28 12:27:23.628  1737  1862 D MobileSignalController(1/4): notifyListener: enabled=true, connected=true, dataConnected=false, networkType=LTE (4G), emergencyOnly=false, roaming=false, isDefault=false, dataActivity=inout, level=2, ca=false, mmWave=false, disabledDataIcon=false, simCard=ETC
11-28 12:27:23.630  1737  1862 D NetworkController: SignalStrength from intent slotId=1
11-28 12:27:23.734  1011  1106 I Light   : light data = 23.000000 .
11-28 12:27:23.932  1011  1106 I Light   : light data = 23.000000 .
11-28 12:27:24.133  1011  1106 I Light   : light data = 23.000000 .
11-28 12:27:24.264  1737  1862 D MobileStatusTracker(0/5): onSignalStrengthsChanged level=3, vendorLevel=2
11-28 12:27:24.267  1737  1862 D MobileSignalController(0/5): notifyListener: enabled=true, connected=true, dataConnected=false, networkType=LTE (4G), emergencyOnly=false, roaming=false, isDefault=false, dataActivity=, level=2, ca=false, mmWave=false, disabledDataIcon=false, simCard=ETC
11-28 12:27:24.268  1011  1106 I Accelerometer: acc data x = 1.395000, y = 0.810000, z = 9.605000 .
11-28 12:27:24.271  1737  1862 D NetworkController: SignalStrength from intent slotId=0
11-28 12:27:24.332  1011  1106 I Light   : light data = 23.000000 .
11-28 12:27:24.534  1011  1106 I Light   : light data = 23.000000 .
11-28 12:27:24.733  1011  1106 I Light   : light data = 23.000000 .
11-28 12:27:24.807  1018  1018 I thermal_repeater: socket -1
11-28 12:27:24.893  1341  1483 D SensorService: [SO] 1.453 0.849 9.643
11-28 12:27:24.904  1737  1862 D MobileStatusTracker(1/4): onSignalStrengthsChanged level=3, vendorLevel=2
11-28 12:27:24.910  1737  1862 D MobileSignalController(1/4): notifyListener: enabled=true, connected=true, dataConnected=false, networkType=LTE (4G), emergencyOnly=false, roaming=false, isDefault=false, dataActivity=inout, level=2, ca=false, mmWave=false, disabledDataIcon=false, simCard=ETC
11-28 12:27:24.911  1737  1862 D NetworkController: SignalStrength from intent slotId=1
11-28 12:27:24.932  1011  1106 I Light   : light data = 23.000000 .
11-28 12:27:25.069  1011  1106 I Accelerometer: acc data x = 1.453000, y = 0.830000, z = 9.682000 .
11-28 12:27:25.133  1011  1106 I Light   : light data = 23.000000 .
11-28 12:27:25.333  1011  1106 I Light   : light data = 23.000000 .
11-28 12:27:25.533  1011  1106 I Light   : light data = 23.000000 .
11-28 12:27:25.537  1091 25234 D AALLightSensor: oldLux=18 [SA:22 LA:20] newLux=18 (oriLux: 23)
11-28 12:27:25.544  1737  1862 D MobileStatusTracker(0/5): onSignalStrengthsChanged level=3, vendorLevel=2
11-28 12:27:25.551  1737  1862 D MobileSignalController(0/5): notifyListener: enabled=true, connected=true, dataConnected=false, networkType=LTE (4G), emergencyOnly=false, roaming=false, isDefault=false, dataActivity=, level=2, ca=false, mmWave=false, disabledDataIcon=false, simCard=ETC
11-28 12:27:25.552  1737  1862 D NetworkController: SignalStrength from intent slotId=0
11-28 12:27:25.581  1685  1685 I WifiHAL : Get link layer stats
11-28 12:27:25.581  1685  1685 I WifiHAL : GetLinkStatsCommand::create
11-28 12:27:25.581  1685  1685 D android.hardware.wifi@1.0-service-lazy: WifiRequest::create vendor command to iface 38, vendor_id=0x1a11, subcmd=0x1200, res=0
11-28 12:27:25.582  1685  1685 I android.hardware.wifi@1.0-service-lazy: WifiCommand::requestResponse err=-95
11-28 12:27:25.582  1685  1685 I WifiHAL : wifi_get_link_stats: result=-3
11-28 12:27:25.583  1341  1567 E WifiVendorHal: getWifiLinkLayerStats_1_5_Internal(l.1179) failed {.code = ERROR_NOT_SUPPORTED, .description = }
11-28 12:27:25.595  1341 11139 D SemWifiUsabilityStatsMonitor: onWifiUsabilityStats - seqNum 26238, isSameBssidAndFreq true
11-28 12:27:25.597  1341  1641 I SemWifiLinkQualityMonitor: Link Qos query: inf. ms / 0 Mbps
11-28 12:27:25.598  1737  1737 D NetworkController.WifiSignalController: notifyListener: visible=true, connected=true, inetCondition=1, isDefault=true, wifiTestReported=true, receivedInetCondition=-1, hideDuringMobileSwitching=false
11-28 12:27:25.601  1737  1862 D Tile.WifiTile: handleUpdateState isTransient=false transientEnabling =false cb.isTransient=false state.state = 2 mStateBeforeClick.value =false enabled =true
11-28 12:27:25.620  1737  1795 E IMGMapper: set:488 set: Unset optional value from type SMPTE2086
11-28 12:27:25.621  1737  1795 E IMGMapper: set:488 set: Unset optional value from type CTA861_3
11-28 12:27:25.639   766   766 I BufferQueueProducer: [StatusBar$_1737#83](this:0xb400007e9bb43838,id:-1,api:0,p:-1,c:766) queueBuffer: fps=0.33 dur=3022.42 max=3022.42 min=3022.42
11-28 12:27:25.643   738   839 I hwcomposer: [HWCDisplay] [Display_0 (type:1)] fps:0.330825,dur:3022.75,max:3022.75,min:3022.75  
11-28 12:27:25.734  1011  1106 I Light   : light data = 23.000000 .
11-28 12:27:25.871  1011  1106 I Accelerometer: acc data x = 1.434000, y = 0.791000, z = 9.586000 .
11-28 12:27:25.933  1011  1106 I Light   : light data = 23.000000 .
11-28 12:27:26.133  1011  1106 I Light   : light data = 23.000000 .
11-28 12:27:26.183  1737  1862 D MobileStatusTracker(1/4): onSignalStrengthsChanged level=3, vendorLevel=2
11-28 12:27:26.189  1737  1862 D MobileSignalController(1/4): notifyListener: enabled=true, connected=true, dataConnected=false, networkType=LTE (4G), emergencyOnly=false, roaming=false, isDefault=false, dataActivity=inout, level=2, ca=false, mmWave=false, disabledDataIcon=false, simCard=ETC
11-28 12:27:26.190  1737  1862 D NetworkController: SignalStrength from intent slotId=1
11-28 12:27:26.333  1011  1106 I Light   : light data = 23.000000 .
11-28 12:27:26.533  1011  1106 I Light   : light data = 23.000000 .
11-28 12:27:26.671  1011  1106 I Accelerometer: acc data x = 1.414000, y = 0.791000, z = 9.624000 .
11-28 12:27:26.733  1011  1106 I Light   : light data = 23.000000 .
11-28 12:27:26.933  1011  1106 I Light   : light data = 23.000000 .
11-28 12:27:27.133  1011  1106 I Light   : light data = 23.000000 .
11-28 12:27:27.333  1011  1106 I Light   : light data = 23.000000 .
11-28 12:27:27.464  1737  1862 D MobileStatusTracker(1/4): onSignalStrengthsChanged level=3, vendorLevel=2
11-28 12:27:27.467  1737  1862 D MobileSignalController(1/4): notifyListener: enabled=true, connected=true, dataConnected=false, networkType=LTE (4G), emergencyOnly=false, roaming=false, isDefault=false, dataActivity=inout, level=2, ca=false, mmWave=false, disabledDataIcon=false, simCard=ETC
11-28 12:27:27.470  1737  1862 D NetworkController: SignalStrength from intent slotId=1
11-28 12:27:27.472  1011  1106 I Accelerometer: acc data x = 1.434000, y = 0.849000, z = 9.586000 .
11-28 12:27:27.533  1011  1106 I Light   : light data = 23.000000 .
11-28 12:27:27.671 18811 18811 I wpa_supplicant: Heartbeat 2378
11-28 12:27:27.733  1011  1106 I Light   : light data = 23.000000 .
11-28 12:27:27.884 25952 26105 I EPDG -- [EPDGService]: Event received: SERVICE_STOP_CHECK
11-28 12:27:27.886 25952 26105 I EPDG -- SIM0 [Operator]: getSubId(): subID is : 5
11-28 12:27:27.895 25952 26105 I EPDG -- SIM1 [Operator]: getSubId(): subID is : 4
11-28 12:27:27.903 25952 26105 I EPDG -- SIM0 [Operator]: getSubId(): subID is : 5
11-28 12:27:27.916  2011  2857 I EntitlementContentProvider<0>: isVoWiFiEntitlementRequired: false
11-28 12:27:27.923 25952 26105 I EPDG -- SIM0 [EpdgEntitlement]: isEntitlementRequired : false
11-28 12:27:27.927 25952 26105 I EPDG -- SIM1 [Operator]: getSubId(): subID is : 4
11-28 12:27:27.933  1011  1106 I Light   : light data = 23.000000 .
11-28 12:27:27.937  2011  2857 I EntitlementContentProvider<1>: isVoWiFiEntitlementRequired: false
11-28 12:27:27.943 25952 26105 I EPDG -- SIM1 [EpdgEntitlement]: isEntitlementRequired : false
11-28 12:27:27.943 25952 26105 I EPDG -- [EPDGService]: scheduleTerminateEvent after : 5 secs.
11-28 12:27:28.106  1737  1862 D MobileStatusTracker(0/5): onSignalStrengthsChanged level=3, vendorLevel=2
11-28 12:27:28.110  1737  1862 D MobileSignalController(0/5): notifyListener: enabled=true, connected=true, dataConnected=false, networkType=LTE (4G), emergencyOnly=false, roaming=false, isDefault=false, dataActivity=, level=2, ca=false, mmWave=false, disabledDataIcon=false, simCard=ETC
11-28 12:27:28.111  1737  1862 D NetworkController: SignalStrength from intent slotId=0
11-28 12:27:28.133  1011  1106 I Light   : light data = 23.000000 .
11-28 12:27:28.274  1011  1106 I Accelerometer: acc data x = 1.472000, y = 0.772000, z = 9.548000 .
11-28 12:27:28.333  1011  1106 I Light   : light data = 23.000000 .
11-28 12:27:28.533  1011  1106 I Light   : light data = 23.000000 .
11-28 12:27:28.601  1685  1685 I WifiHAL : Get link layer stats
11-28 12:27:28.601  1685  1685 I WifiHAL : GetLinkStatsCommand::create
11-28 12:27:28.601  1685  1685 D android.hardware.wifi@1.0-service-lazy: WifiRequest::create vendor command to iface 38, vendor_id=0x1a11, subcmd=0x1200, res=0
11-28 12:27:28.601  1685  1685 I android.hardware.wifi@1.0-service-lazy: WifiCommand::requestResponse err=-95
11-28 12:27:28.601  1685  1685 I WifiHAL : wifi_get_link_stats: result=-3
11-28 12:27:28.603  1341  1567 E WifiVendorHal: getWifiLinkLayerStats_1_5_Internal(l.1179) failed {.code = ERROR_NOT_SUPPORTED, .description = }
11-28 12:27:28.613  1341 11139 D SemWifiUsabilityStatsMonitor: onWifiUsabilityStats - seqNum 26239, isSameBssidAndFreq true
11-28 12:27:28.615  1341  1641 I SemWifiLinkQualityMonitor: Link Qos query: inf. ms / 0 Mbps
11-28 12:27:28.616  1737  1737 D NetworkController.WifiSignalController: notifyListener: visible=true, connected=true, inetCondition=1, isDefault=true, wifiTestReported=true, receivedInetCondition=-1, hideDuringMobileSwitching=false
11-28 12:27:28.619  1737  1862 D Tile.WifiTile: handleUpdateState isTransient=false transientEnabling =false cb.isTransient=false state.state = 2 mStateBeforeClick.value =false enabled =true
11-28 12:27:28.645  1737  1795 E IMGMapper: set:488 set: Unset optional value from type SMPTE2086
11-28 12:27:28.646  1737  1795 E IMGMapper: set:488 set: Unset optional value from type CTA861_3
11-28 12:27:28.661   766   766 I BufferQueueProducer: [StatusBar$_1737#83](this:0xb400007e9bb43838,id:-1,api:0,p:-1,c:766) queueBuffer: fps=0.33 dur=3022.82 max=3022.82 min=3022.82
11-28 12:27:28.665   738   839 I hwcomposer: [HWCDisplay] [Display_0 (type:1)] fps:0.330827,dur:3022.72,max:3022.72,min:3022.72  
11-28 12:27:28.733  1011  1106 I Light   : light data = 23.000000 .
11-28 12:27:28.743  1737  1862 D MobileStatusTracker(1/4): onSignalStrengthsChanged level=3, vendorLevel=2
11-28 12:27:28.749  1737  1862 D MobileSignalController(1/4): notifyListener: enabled=true, connected=true, dataConnected=false, networkType=LTE (4G), emergencyOnly=false, roaming=false, isDefault=false, dataActivity=inout, level=2, ca=false, mmWave=false, disabledDataIcon=false, simCard=ETC
11-28 12:27:28.750  1737  1862 D NetworkController: SignalStrength from intent slotId=1
11-28 12:27:28.933  1011  1106 I Light   : light data = 23.000000 .
11-28 12:27:29.076  1011  1106 I Accelerometer: acc data x = 1.491000, y = 0.830000, z = 9.624000 .
11-28 12:27:29.133  1011  1106 I Light   : light data = 23.000000 .
11-28 12:27:29.332  1011  1106 I Light   : light data = 23.000000 .
11-28 12:27:29.384  1737  1862 D MobileStatusTracker(0/5): onSignalStrengthsChanged level=3, vendorLevel=2
11-28 12:27:29.390  1737  1862 D MobileSignalController(0/5): notifyListener: enabled=true, connected=true, dataConnected=false, networkType=LTE (4G), emergencyOnly=false, roaming=false, isDefault=false, dataActivity=, level=2, ca=false, mmWave=false, disabledDataIcon=false, simCard=ETC
11-28 12:27:29.391  1737  1862 D NetworkController: SignalStrength from intent slotId=0
11-28 12:27:29.533  1011  1106 I Light   : light data = 23.000000 .
11-28 12:27:29.732  1011  1106 I Light   : light data = 23.000000 .
11-28 12:27:29.734  1091 25234 D AALLightSensor: oldLux=18 [SA:22 LA:20] newLux=18 (oriLux: 23)
11-28 12:27:29.809  1018  1018 I thermal_repeater: socket -1
11-28 12:27:29.877  1011  1106 I Accelerometer: acc data x = 1.510000, y = 0.830000, z = 9.586000 .
11-28 12:27:29.933  1011  1106 I Light   : light data = 23.000000 .
11-28 12:27:29.954 28535 28568 I ContactsProvider_EventLog: cp_s: [CONTACT con(235) dat(2320) acc({phone(1)=1, sim(3)=15, sim2(4)=71, google(8)=144, com.google.android.apps.tachyon(26)=29, com.whatsapp(10)=128, com.whatsapp.w4b(27)=131}) calls([logtype:100 cnt:1292]) Iso(CM) uId(0) ]

11-28 12:27:29.954 28535 28568 I ContactsProvider_EventLog: cp_s: [ agr({[8]=68, [3]=12, [10 ,4 ,26]=2, [4]=21, [1 ,10 ,27]=1, [10 ,4]=1, [3 ,10 ,27]=2, [8 ,10 ,27 ,4]=1, [8 ,10 ,27]=59, [10 ,27 ,4 ,26]=4, [10 ,27 ,4]=36, [8 ,27]=4, [3 ,10 ,27 ,26]=1, [10 ,27 ,26 ,4]=5, [8 ,10 ,10 ,27 ,27]=1, [8 ,10 ,27 ,26]=8, [8 ,27 ,26]=3, [10 ,26 ,4]=1, [10 ,27 ,26]=5}) ]

11-28 12:27:29.954 28535 28568 I ContactsProvider_EventLog: cp_s: [ cnt({acore(28535)=1}) ]

11-28 12:27:29.954 28535 28568 I ContactsProvider_EventLog: cp_s: [PROFILE ] [SAPROFILE con(1) acc({phone(1)=1}) ]

11-28 12:27:29.954 28535 28568 I ContactsProvider_EventLog: cp_s: [STATE R(F) ]
11-28 12:27:30.024  1737  1862 D MobileStatusTracker(1/4): onSignalStrengthsChanged level=3, vendorLevel=2
11-28 12:27:30.031  1737  1862 D MobileSignalController(1/4): notifyListener: enabled=true, connected=true, dataConnected=false, networkType=LTE (4G), emergencyOnly=false, roaming=false, isDefault=false, dataActivity=inout, level=2, ca=false, mmWave=false, disabledDataIcon=false, simCard=ETC
11-28 12:27:30.032  1737  1862 D NetworkController: SignalStrength from intent slotId=1
11-28 12:27:30.132  1011  1106 I Light   : light data = 23.000000 .
11-28 12:27:30.333  1011  1106 I Light   : light data = 23.000000 .
11-28 12:27:30.533  1011  1106 I Light   : light data = 23.000000 .
11-28 12:27:30.663  1737  1862 D MobileStatusTracker(0/5): onSignalStrengthsChanged level=3, vendorLevel=2
11-28 12:27:30.669  1737  1862 D MobileSignalController(0/5): notifyListener: enabled=true, connected=true, dataConnected=false, networkType=LTE (4G), emergencyOnly=false, roaming=false, isDefault=false, dataActivity=, level=2, ca=false, mmWave=false, disabledDataIcon=false, simCard=ETC
11-28 12:27:30.670  1737  1862 D NetworkController: SignalStrength from intent slotId=0
11-28 12:27:30.677  1011  1106 I Accelerometer: acc data x = 1.491000, y = 0.830000, z = 9.605000 .
11-28 12:27:30.732  1011  1106 I Light   : light data = 23.000000 .
11-28 12:27:30.921  1341  1404 D PowerManagerService: UserActivityState : 2 -> 4 groupId=0
11-28 12:27:30.921  1341  1404 I PowerGroup: Napping power group (groupId=0, uid=1000)...
11-28 12:27:30.921  1341  1404 D InputManager-JNI: setInteractiveForInternalDisplay(true)
11-28 12:27:30.921  1341  1404 I PowerManagerService: Nap time (uid 1000)...
11-28 12:27:30.923  1341  1341 I MdnieScenarioControlService: action  :  com.samsung.server.PowerManagerService.action.USER_ACTIVITY
11-28 12:27:30.925  1341  1404 I PowerManagerService: [PWL] On : 336362364 (249981 ms ago)
11-28 12:27:30.925  1341  1404 I PowerManagerService: [PWL]  mStayOn: false  mWakeLockSummary & WAKE_LOCK_STAY_AWAKE: 0  mUserActivitySummary: 0x4
11-28 12:27:30.926  1341  1404 D PowerManagerService: handleSandman : startDreaming: false  (canDreamLocked: false  canDozeLocked: false)  groupId=0
11-28 12:27:30.926  1341  1404 I PowerManagerService: !@Screen__Off(d) - 275 :  dream(timeout) (timeout) groupId=0
11-28 12:27:30.926  1341  1404 I PowerGroup: Powering off display group due to timeout (groupId= 0, uid= 1000)...
11-28 12:27:30.926  1341  1404 D InputManager-JNI: setInteractiveForInternalDisplay(false)
11-28 12:27:30.926  1341  1404 I PowerManagerService: Going to sleep due to timeout (uid 1000)...
11-28 12:27:30.929  1341  1404 D InputManager-JNI: setInteractive(false)
11-28 12:27:30.930  1341  1404 D PowerManagerService: displayReady: false groupId=0
11-28 12:27:30.930  1341  1404 D PowerManagerService: Setting HAL interactive mode to false
11-28 12:27:30.931  1341  1541 D InputMethodManagerService: isImeSwitcherDisabledPackage : false
11-28 12:27:30.932  1341  1404 D DisplayPowerController[0]: animateScreenStateChange: target=1, mLogicalDisplay.isEnabled()=true
11-28 12:27:30.933  1341  1404 D ColorFade: ColorFade start [PREPARE]  : mode=3
11-28 12:27:30.933  1341  1404 D ColorFade: ColorFade start display info.
11-28 12:27:30.933  1011  1106 I Light   : light data = 23.000000 .
11-28 12:27:30.933   750   776 I mtkpower@impl: [setMode] type:7, enabled:0
11-28 12:27:30.934   750   798 I libPowerHal: [perfUserScnDisableAll] 
11-28 12:27:30.935   750   776 I mtkpower@impl: [setMode] Disable All
11-28 12:27:30.937   766   851 E HWComposer: getSupportedContentTypes: getSupportedContentTypes failed for display 0: Unsupported (8)
11-28 12:27:30.938  1341  1404 D ColorFade: ColorFade end display info.
11-28 12:27:30.938  1341  1404 D ColorFade: ColorFade start screenshot.
11-28 12:27:30.941  1341  1341 I PhoneWindowManagerExt: onPowerGroupWakefulnessChanged groupId =  0 / wakefulness + 2 / pmSleepReason = 0 / globalWakefulness = 2
11-28 12:27:30.944  1341  1341 I WindowManager: Started going to sleep... (why=OFF_BECAUSE_OF_TIMEOUT)
11-28 12:27:30.945  1341  1341 I PhoneWindowManagerExt: onPowerGroupWakefulnessChanged groupId =  0 / wakefulness + 3 / pmSleepReason = 2 / globalWakefulness = 3
11-28 12:27:30.946  1341  1368 D SEP_UNION_SemUnionMainServiceImpl: screenTurnOff 
11-28 12:27:30.946  1341  1368 D SEP_UNION_FriendsManagerService: screenTurnOff 
11-28 12:27:30.946   766   766 I SurfaceFlinger: operator()(), mtkRenderCntDebug 1148, screenshot (com.excell44.educam.debug/com.excell44.educam.MainActivity$_14731#19000)
11-28 12:27:30.946   766   766 I SurfaceFlinger: operator()(), mtkRenderCntDebug 1148, screenshot (StatusBar$_1737#83)
11-28 12:27:30.947   766   766 I SurfaceFlinger: operator()(), mtkRenderCntDebug 1148, screenshot (NavigationBar0$_1737#78)
11-28 12:27:30.947  9366  9366 I HBD     : HoneyBoardService onFinishInput 
11-28 12:27:30.948  9366  9366 I HBD     : a IC have been unbinding,  RemoteInputConnection{idHash=#8ff1d43}
11-28 12:27:30.948  9366  9366 I HBD     : HoneyBoardService [PF_CL][onFinishInput]  1 ms 
11-28 12:27:30.949  1737  1750 D KeyguardViewMediator: onStartedGoingToSleep(3)
11-28 12:27:30.954  1341  1404 D ColorFade: ColorFade end screenshot.
11-28 12:27:30.954   766   851 I SurfaceFlinger: id=19002 createSurf flag=80004, ColorFade_d0#19002
11-28 12:27:30.956   766   851 I BufferQueueDebug: [ColorFade BLAST_d0#19003](this:0xb400007e7568f838,id:-1,api:0,p:-1,c:-1) BufferQueue core=(766:/system/bin/surfaceflinger)
11-28 12:27:30.957   766   851 I SurfaceFlinger: id=19003 createSurf flag=40400, ColorFade BLAST_d0#19003
11-28 12:27:30.958   738   839 I hwcomposer: [HWCDisplay] [Display_0 (type:1)] fps:0.436179,dur:2292.64,max:2292.64,min:2292.64  
11-28 12:27:30.958  1737  1750 D KeyguardViewMediator: setting alarm to turn off keyguard, seq = 548, timeout = 5000
11-28 12:27:30.958  1341  1404 D BufferQueueConsumer: [](id:53d0000033b,api:0,p:-1,c:1341) connect: controlledByApp=false
11-28 12:27:30.960  1341  1404 I BLASTBufferQueue: new BLASTBufferQueue, mName= ColorFade mNativeObject= 0xb400007cde962200 sc.mNativeObject= 0xb400007d1450bcc0 caller= com.android.server.display.ColorFade.createSurfaceControl:756 com.android.server.display.ColorFade.prepare:256 com.android.server.display.DisplayPowerState.prepareColorFade:233 com.android.server.display.DisplayPowerController.animateScreenStateChange:3342 com.android.server.display.DisplayPowerController.updatePowerState:1873 com.android.server.display.DisplayPowerController.-$$Nest$mupdatePowerState:0 com.android.server.display.DisplayPowerController$DisplayControllerHandler.handleMessage:4197 android.os.Handler.dispatchMessage:106 android.os.Looper.loopOnce:226 android.os.Looper.loop:313 
11-28 12:27:30.960  1341  1404 I BLASTBufferQueue: update, w= 720 h= 1600 mName = ColorFade mNativeObject= 0xb400007cde962200 sc.mNativeObject= 0xb400007d1450bcc0 format= -1 caller= android.graphics.BLASTBufferQueue.<init>:84 com.android.server.display.ColorFade.createSurfaceControl:756 com.android.server.display.ColorFade.prepare:256 com.android.server.display.DisplayPowerState.prepareColorFade:233 com.android.server.display.DisplayPowerController.animateScreenStateChange:3342 com.android.server.display.DisplayPowerController.updatePowerState:1873 
11-28 12:27:30.962  1737  1737 D PickupController: onStartedGoingToSleep() 
11-28 12:27:30.962  1341  1404 D ColorFade: ColorFade start egl and surface.
11-28 12:27:30.963  1737  1737 I PluginLockMediatorImpl: onStartedGoingToSleep why :3
11-28 12:27:30.967  1341  1404 D ColorFade: ColorFade setScreenshot
11-28 12:27:30.967  1341  1404 D BufferQueueConsumer: [](id:53d0000033c,api:0,p:-1,c:1341) connect: controlledByApp=true
11-28 12:27:30.968  1737  1737 D PluginLockDelegateApp: onStartedGoingToSleep enabled: true aodClockTransition : false
11-28 12:27:30.968  1341  1404 E IMGMapper: set:488 set: Unset optional value from type SMPTE2086
11-28 12:27:30.968  1341  1404 E IMGMapper: set:488 set: Unset optional value from type CTA861_3
11-28 12:27:30.970  1341  1404 D BufferQueueConsumer: [SurfaceTexture-274-1341-273](id:53d0000033c,api:0,p:-1,c:1341) disconnect
11-28 12:27:30.970  1341  1404 D ColorFade: ColorFade end egl and surface.
11-28 12:27:30.970  1341  1404 D ColorFade: ColorFade start init GL.
11-28 12:27:30.971  1737  1737 I DymLock|DynamicLockManager: onStartedGoingToSleep : dls_state = 2
11-28 12:27:30.971  1737  1737 D KeyguardUpdateMonitor: updateBiometricListeningState()
11-28 12:27:30.971  1737  1737 D KeyguardUpdateMonitor: setKeyguardGoingAway( true -> false )
11-28 12:27:30.971  1737  1737 D KeyguardUpdateMonitor: updateBiometricListeningState()
11-28 12:27:30.972  1737  1737 D KeyguardViewMediator: handleMessage 17
11-28 12:27:30.972  1737  1737 D KeyguardViewMediator: handleNotifyStartedGoingToSleep
11-28 12:27:30.973  1737  1737 V SettingsHelper: *** register listener for com.android.systemui.keyguard.KeyguardViewMediatorHelperImpl$$ExternalSyntheticLambda1@a25ca6
11-28 12:27:30.975  1737  1737 D SecLifecycle: wakefulness=3
11-28 12:27:30.975  1737  1737 D KeyguardWallpaperEventHandler: onStartedGoingToSleep())
11-28 12:27:30.975  1737  1737 D KeyguardWallpaperEventHandler: sendMessage(), what = 833 , obj = null , arg1 = -1 , arg2 = -1
11-28 12:27:30.976  1341  1404 D ColorFade: ColorFade end init GL.
11-28 12:27:30.976  1341  1404 D ColorFade: ColorFade start setColorFadeNightDim
11-28 12:27:30.977  1341  1404 D ColorFade: ColorFade end setColorFadeNightDim
11-28 12:27:30.977  1341  1404 D ColorFade: ColorFade start dejank.
11-28 12:27:30.978  1737  1737 D KeyguardEditModeController: onStartedGoingToSleep
11-28 12:27:30.980  1341  1404 E IMGMapper: set:488 set: Unset optional value from type SMPTE2086
11-28 12:27:30.980  1737  1737 D FaceWidgetViewModel: onStartedGoingToSleep()
11-28 12:27:30.980  1341  1404 E IMGMapper: set:488 set: Unset optional value from type CTA861_3
11-28 12:27:30.980  1737  1737 D FaceWidgetMusicPageShownManager: mCurrentMediaData is NULL
11-28 12:27:30.980  1737  1737 D FaceWidgetMusicPageShownManager: updateMusicPageShownState() show = false, reattach = false, reason = sleep
11-28 12:27:30.980  1737  1737 D FaceWidgetMusicPageShownManager: skip to show media panel
11-28 12:27:30.981  1341  1404 I BLASTBufferQueue: [ColorFade#546](f:0,a:0) onFrameAvailable the first frame is available
11-28 12:27:30.982  1341  1404 I BLASTBufferQueue: [ColorFade#546](f:0,a:1) acquireNextBufferLocked size=720x1600 mFrameNumber=1 applyTransaction=true mTimestamp=336612399720753(auto) mPendingTransactions.size=0 graphicBufferId=5759551146628 transform=0
11-28 12:27:30.983  1737  1737 D SecVolume.SecVolumeStore: dispatch [ACTION_DISMISS_REQUESTED] with [STATE_NO_DISPATCH]
11-28 12:27:30.984  1737  1737 D SecVolume.SecVolumeStore:   > New State : [STATE_NO_DISPATCH]
11-28 12:27:30.985  1737  1795 E IMGMapper: set:488 set: Unset optional value from type SMPTE2086
11-28 12:27:30.985  1737  1795 E IMGMapper: set:488 set: Unset optional value from type CTA861_3
11-28 12:27:30.987  1341  1404 E IMGMapper: set:488 set: Unset optional value from type SMPTE2086
11-28 12:27:30.988  1341  1404 E IMGMapper: set:488 set: Unset optional value from type CTA861_3
11-28 12:27:30.994  1341  1404 E IMGMapper: set:488 set: Unset optional value from type SMPTE2086
11-28 12:27:30.994  1341  1404 E IMGMapper: set:488 set: Unset optional value from type CTA861_3
11-28 12:27:30.995   766   766 D BufferStateLayer: ColorFade BLAST_d0#19003 setBuffer frameId=1, bufferId=5759551146628 fenceId=672, w= 720, h=1600
11-28 12:27:30.995  1341  1404 D ColorFade: ColorFade end dejank.
11-28 12:27:30.995  1341  1404 D ColorFade: ColorFade End [PREPARE]  : mode=3, <Time> displayInfo: 5, screenshot: 16, createSurface : 8, egl : 8, initGl : 6, nightModeTime : 1, dejank : 18, totalPrepare : 62
11-28 12:27:30.996   766   766 I BufferQueueProducer: [NavigationBar0$_1737#78](this:0xb400007e9bb3a838,id:-1,api:0,p:-1,c:766) queueBuffer: fps=0.31 dur=54623.29 max=54142.14 min=16.38
11-28 12:27:30.996  1341  1404 D DisplayPowerController[0]: ColorFade: onAnimationStart
11-28 12:27:30.997  1341  1404 D DisplayPowerController[0]: saveBrightnessInfo: brt:0.42745098 adjBrt:0.42745098 min:0.039215688 max:1.0 hbm:0 tp:Infinity throttler:0
11-28 12:27:30.997  1341  1404 V DisplayPowerController[0]: Brightness [0.38470587] reason changing to: 'manual [ low_pwr ]', previous reason: 'manual [ low_pwr dim ]'.
11-28 12:27:30.997  1341  1404 I DisplayPowerController[0]: BrightnessEvent: disp=0, brt=0.38470587, rcmdBrt=NaN, preBrt=NaN, lux=0.0, preLux=0.0, hbmMax=1.0, hbmMode=off, thrmMax=1.0, flags=, reason=manual [ low_pwr ]
11-28 12:27:30.998  1341  1341 D BrightnessSynchronizer: onDisplayChanged() : displayId=0
11-28 12:27:30.998  1341  1341 D BrightnessSynchronizer: updateScreenBrightness: type=2 mPreferredSettingValue=0.42745098(109) currentBrightnessInt=109 currentBrightnessIntFromFloat=109(0.42745098)
11-28 12:27:31.001  1737  1795 E IMGMapper: set:488 set: Unset optional value from type SMPTE2086
11-28 12:27:31.001  1737  1795 E IMGMapper: set:488 set: Unset optional value from type CTA861_3
11-28 12:27:31.007   766   766 D SurfaceFlinger: Display 0 HWC layers:
11-28 12:27:31.007   766   766 D SurfaceFlinger:      DEVICE | 0xb400007e7b106780 | 0102 | RGBA_8888    |    0.0    0.0  720.0 1600.0 |    0    0  720 1600 | ColorFade BLAST_d0#19003
11-28 12:27:31.007   766   766 D SurfaceFlinger: 
11-28 12:27:31.015  1737  1795 E IMGMapper: set:488 set: Unset optional value from type SMPTE2086
11-28 12:27:31.015  1737  1795 E IMGMapper: set:488 set: Unset optional value from type CTA861_3
11-28 12:27:31.016  1341  1404 E IMGMapper: set:488 set: Unset optional value from type SMPTE2086
11-28 12:27:31.016  1341  1404 E IMGMapper: set:488 set: Unset optional value from type CTA861_3
11-28 12:27:31.029  1737  1795 E IMGMapper: set:488 set: Unset optional value from type SMPTE2086
11-28 12:27:31.029  1737  1795 E IMGMapper: set:488 set: Unset optional value from type CTA861_3
11-28 12:27:31.033  1341  1404 E IMGMapper: set:488 set: Unset optional value from type SMPTE2086
11-28 12:27:31.033  1341  1404 E IMGMapper: set:488 set: Unset optional value from type CTA861_3
11-28 12:27:31.048  1737  1795 E IMGMapper: set:488 set: Unset optional value from type SMPTE2086
11-28 12:27:31.048  1737  1795 E IMGMapper: set:488 set: Unset optional value from type CTA861_3
11-28 12:27:31.049  1341  1404 E IMGMapper: set:488 set: Unset optional value from type SMPTE2086
11-28 12:27:31.049  1341  1404 E IMGMapper: set:488 set: Unset optional value from type CTA861_3
11-28 12:27:31.064  1737  1795 E IMGMapper: set:488 set: Unset optional value from type SMPTE2086
11-28 12:27:31.064  1737  1795 E IMGMapper: set:488 set: Unset optional value from type CTA861_3
11-28 12:27:31.067  1341  1404 E IMGMapper: set:488 set: Unset optional value from type SMPTE2086
11-28 12:27:31.067  1341  1404 E IMGMapper: set:488 set: Unset optional value from type CTA861_3
11-28 12:27:31.080  1737  1795 E IMGMapper: set:488 set: Unset optional value from type SMPTE2086
11-28 12:27:31.080  1737  1795 E IMGMapper: set:488 set: Unset optional value from type CTA861_3
11-28 12:27:31.082  1341  1404 E IMGMapper: set:488 set: Unset optional value from type SMPTE2086
11-28 12:27:31.083  1341  1404 E IMGMapper: set:488 set: Unset optional value from type CTA861_3
11-28 12:27:31.098  1737  1795 E IMGMapper: set:488 set: Unset optional value from type SMPTE2086
11-28 12:27:31.098  1737  1795 E IMGMapper: set:488 set: Unset optional value from type CTA861_3
11-28 12:27:31.099  1341  1404 E IMGMapper: set:488 set: Unset optional value from type SMPTE2086
11-28 12:27:31.100  1341  1404 E IMGMapper: set:488 set: Unset optional value from type CTA861_3
11-28 12:27:31.113  1737  1795 E IMGMapper: set:488 set: Unset optional value from type SMPTE2086
11-28 12:27:31.113  1737  1795 E IMGMapper: set:488 set: Unset optional value from type CTA861_3
11-28 12:27:31.115  1341  1404 E IMGMapper: set:488 set: Unset optional value from type SMPTE2086
11-28 12:27:31.115  1341  1404 E IMGMapper: set:488 set: Unset optional value from type CTA861_3
11-28 12:27:31.133  1011  1106 I Light   : light data = 23.000000 .
11-28 12:27:31.134  1341  1404 E IMGMapper: set:488 set: Unset optional value from type SMPTE2086
11-28 12:27:31.134  1341  1404 E IMGMapper: set:488 set: Unset optional value from type CTA861_3
11-28 12:27:31.151  1341  1404 E IMGMapper: set:488 set: Unset optional value from type SMPTE2086
11-28 12:27:31.152  1341  1404 E IMGMapper: set:488 set: Unset optional value from type CTA861_3
11-28 12:27:31.169  1341  1404 E IMGMapper: set:488 set: Unset optional value from type SMPTE2086
11-28 12:27:31.169  1341  1404 E IMGMapper: set:488 set: Unset optional value from type CTA861_3
11-28 12:27:31.187  1341  1404 E IMGMapper: set:488 set: Unset optional value from type SMPTE2086
11-28 12:27:31.187  1341  1404 E IMGMapper: set:488 set: Unset optional value from type CTA861_3
11-28 12:27:31.203  1341  1404 E IMGMapper: set:488 set: Unset optional value from type SMPTE2086
11-28 12:27:31.203  1341  1404 E IMGMapper: set:488 set: Unset optional value from type CTA861_3
11-28 12:27:31.209   529   529 D io_stats: !@ 179,0 r 7321587 150943551 w 4334896 33657268 d 102587 20189576 f 0 0 iot 11926580 0 th 0 0 0 pt 0 inp 0 0 336612.628
11-28 12:27:31.221  1341  1404 E IMGMapper: set:488 set: Unset optional value from type SMPTE2086
11-28 12:27:31.221  1341  1404 E IMGMapper: set:488 set: Unset optional value from type CTA861_3
11-28 12:27:31.237  1341  1404 E IMGMapper: set:488 set: Unset optional value from type SMPTE2086
11-28 12:27:31.238  1341  1404 E IMGMapper: set:488 set: Unset optional value from type CTA861_3
11-28 12:27:31.254  1341  1404 E IMGMapper: set:488 set: Unset optional value from type SMPTE2086
11-28 12:27:31.254  1341  1404 E IMGMapper: set:488 set: Unset optional value from type CTA861_3
11-28 12:27:31.263  1341  1404 D DisplayPowerState: !@ColorFade entry displayId=0
11-28 12:27:31.264  1341  1404 D DisplayPowerController[0]: ColorFade: onAnimationEnd
11-28 12:27:31.270  1341  1404 E IMGMapper: set:488 set: Unset optional value from type SMPTE2086
11-28 12:27:31.271  1341  1404 E IMGMapper: set:488 set: Unset optional value from type CTA861_3
11-28 12:27:31.280  1341  1404 D DisplayPowerController[0]: animateScreenStateChange: target=1, mLogicalDisplay.isEnabled()=true
11-28 12:27:31.280  1341  1404 I DisplayPowerController[0]: Blocking screen off
11-28 12:27:31.280  1341  1404 D DisplayPowerController[0]: mWindowManagerPolicy.screenTurningOff()
11-28 12:27:31.281  1341  1404 V KeyguardServiceDelegate: onScreenTurningOff()
11-28 12:27:31.281  1341  1404 I DisplayPowerController[0]: Unblocked screen off after 1 ms
11-28 12:27:31.282   748   748 I SehLight: lcd : 0+
11-28 12:27:31.282  1341  1370 D RestrictionPolicy: isScreenCaptureEnabled : ret=true userId=0
11-28 12:27:31.282  1341  1370 D RestrictionPolicy: isScreenCaptureEnabled : ret=true userId=0
11-28 12:27:31.282   748   748 I SehLight: lcd : 0-
11-28 12:27:31.283  1091  1188 D TRS     : ccorr table index=0
11-28 12:27:31.283  1091  1188 D TRS     : [PQ_SERVICE] setPQParamWithFilter configFlag: 1
11-28 12:27:31.284  1737  1750 D KeyguardService: onScreenTurningOff
11-28 12:27:31.285  1737  1737 D SecLifecycle: screenState=3
11-28 12:27:31.285  1341  1389 D BatteryExternalStatsWorker: update stats : screen-state (1)
11-28 12:27:31.286  1341  1404 D DisplayPowerController[0]: mWindowManagerPolicy.screenTurnedOff()
11-28 12:27:31.286  1341  1404 I WindowManager: Display0 turned off...
11-28 12:27:31.289  1091  1187 D AAL     : onBacklightChanged: 44/1023 -> 0/1023(phy:0/4095)
11-28 12:27:31.289  1091  1187 D AAL     : onBacklightChanged: change screen state 3(On) -> 0(Off)
11-28 12:27:31.289  1091  1187 D AALLightSensor: AALLightSensor setEnabled 1-->0
11-28 12:27:31.293  1341  1376 D SensorService: Calling activate off 5
11-28 12:27:31.294  1011  1011 I Light   : enable: handle:4, en:0 

