11-28 12:26:33.031   750   798 I libPowerHal: [perfLockRel] hdl:51912, idx:5
11-28 12:26:33.032   750   798 I libPowerHal: vendor.samsung.: cpu_ctrl set cpu freq: 1944000 -1 -1 -1
11-28 12:26:33.032   747   781 I mtkpower_client: ret_hdl:51916
11-28 12:26:33.032   747   781 I mtkpower_client: perf_lock_rel, hdl:51913, tid:781
11-28 12:26:33.032   750   798 I libPowerHal: [perfLockAcq] idx:4 hdl:51916 hint:-1 pid:747 duration:0 lock_user:vendor.samsung. => ret_hdl:51916
11-28 12:26:33.033   750   798 I libPowerHal: vendor.samsung.: cpu_ctrl set cpu freq: 1944000 -1 1138000 -1
11-28 12:26:33.033   747   781 I mtkpower_client: perf_lock_acq, hdl:0, dur:0, num:2, tid:781
11-28 12:26:33.033   750   798 I libPowerHal: [perfLockRel] hdl:51913, idx:1
11-28 12:26:33.034   747   781 I mtkpower_client: ret_hdl:51917
11-28 12:26:33.034   750   798 I libPowerHal: cmdSetting - unknown cmd:1c3c000, scmd:(null) ,param_1:0
11-28 12:26:33.034   750   798 I libPowerHal: [perfLockAcq] idx:1 hdl:51917 hint:-1 pid:747 duration:0 lock_user:vendor.samsung. => ret_hdl:51917
11-28 12:26:33.034   747   781 I mtkpower_client: perf_lock_rel, hdl:51914, tid:781
11-28 12:26:33.034   747   781 I mtkpower_client: perf_lock_acq, hdl:0, dur:0, num:2, tid:781
11-28 12:26:33.035   750   798 I libPowerHal: [perfLockRel] hdl:51914, idx:2
11-28 12:26:33.035   750   798 I libPowerHal: [PD] vendor.samsung. update cmd:1000000, param:-1
11-28 12:26:33.035   750   798 I libPowerHal: [PD] vendor.samsung. update cmd:1000000 param:-1
11-28 12:26:33.036   747   781 I mtkpower_client: ret_hdl:51918
11-28 12:26:33.036   747   781 I mtkpower_client: perf_lock_rel, hdl:51915, tid:781
11-28 12:26:33.036   750   798 I libPowerHal: [perfLockAcq] idx:5 hdl:51918 hint:-1 pid:747 duration:0 lock_user:vendor.samsung. => ret_hdl:51918
11-28 12:26:33.036   750   798 I libPowerHal: [PE] vendor.samsung. update cmd:1000000, param:1
11-28 12:26:33.036   750   798 I libPowerHal: [PE] vendor.samsung. update cmd:1000000 param:1
11-28 12:26:33.037   747   781 I mtkpower_client: perf_lock_acq, hdl:0, dur:0, num:2, tid:781
11-28 12:26:33.037   750   798 I libPowerHal: [perfLockRel] hdl:51915, idx:3
11-28 12:26:33.037   750   798 I libPowerHal: vendor.samsung.: cpu_ctrl set cpu freq: -1 -1 1138000 -1
11-28 12:26:33.038   747   781 I mtkpower_client: ret_hdl:51919
11-28 12:26:33.038   750   798 I libPowerHal: [perfLockAcq] idx:2 hdl:51919 hint:-1 pid:747 duration:0 lock_user:vendor.samsung. => ret_hdl:51919
11-28 12:26:33.038   747   781 I HYPER-HAL: [RequestManager.cpp]releaseLocked(): Released ID : 915993
11-28 12:26:33.038   750   798 I libPowerHal: vendor.samsung.: cpu_ctrl set cpu freq: 1750000 -1 1138000 -1
11-28 12:26:33.055  1737  1862 D MobileStatusTracker(0/5): onSignalStrengthsChanged level=3, vendorLevel=2
11-28 12:26:33.057  1737  1862 D MobileSignalController(0/5): notifyListener: enabled=true, connected=true, dataConnected=false, networkType=LTE (4G), emergencyOnly=false, roaming=false, isDefault=false, dataActivity=, level=2, ca=false, mmWave=false, disabledDataIcon=false, simCard=ETC
11-28 12:26:33.057  1737  1862 D NetworkController: SignalStrength from intent slotId=0
11-28 12:26:33.085 14731 14731 D NetworkSecurityConfig: No Network Security Config specified, using platform default
11-28 12:26:33.132  1011  1106 I Light   : light data = 22.000000 .
11-28 12:26:33.169   529   529 D io_stats: !@ 179,0 r 7321110 150934695 w 4334849 33656580 d 102587 20189576 f 0 0 iot 11926168 0 th 0 0 0 pt 0 inp 0 0 336554.588
11-28 12:26:33.193 14731 14731 D WM-WrkMgrInitializer: Initializing WorkManager with default configuration.
11-28 12:26:33.331   747 14746 I mtkpower_client: perf_lock_rel, hdl:51916, tid:14746
11-28 12:26:33.332  1011  1106 I Light   : light data = 22.000000 .
11-28 12:26:33.332   747 14746 I mtkpower_client: perf_lock_rel, hdl:51917, tid:14746
11-28 12:26:33.332   750   798 I libPowerHal: [perfLockRel] hdl:51916, idx:4
11-28 12:26:33.332   750   798 I libPowerHal: vendor.samsung.: cpu_ctrl set cpu freq: 1750000 -1 -1 -1
11-28 12:26:33.333   747 14746 I mtkpower_client: perf_lock_rel, hdl:51918, tid:14746
11-28 12:26:33.333   750   798 I libPowerHal: [perfLockRel] hdl:51917, idx:1
11-28 12:26:33.335   750   798 I libPowerHal: [perfLockRel] hdl:51918, idx:5
11-28 12:26:33.335   747 14746 I mtkpower_client: perf_lock_rel, hdl:51919, tid:14746
11-28 12:26:33.335   750   798 I libPowerHal: [PD] vendor.samsung. update cmd:1000000, param:-1
11-28 12:26:33.335   750   798 I libPowerHal: [PD] vendor.samsung. update cmd:1000000 param:-1
11-28 12:26:33.336   747 14746 I HYPER-HAL: [RequestManager.cpp]releaseLocked(): Released ID : 918704
11-28 12:26:33.336   750   798 I libPowerHal: [perfLockRel] hdl:51919, idx:2
11-28 12:26:33.336   750   798 I libPowerHal: vendor.samsung.: cpu_ctrl set cpu freq: -1 -1 -1 -1
11-28 12:26:33.377 14731 14731 D WM-PackageManagerHelper: Skipping component enablement for androidx.work.impl.background.systemjob.SystemJobService
11-28 12:26:33.377 14731 14731 D WM-Schedulers: Created SystemJobScheduler and enabled SystemJobService
11-28 12:26:33.455  1341  2976 I GenerationRegistry: mBackingStore.isClosed() : false
11-28 12:26:33.533  1011  1106 I Light   : light data = 22.000000 .
11-28 12:26:33.550 14731 14747 D CompatibilityChangeReporter: Compat change id reported: 160794467; UID 10399; state: ENABLED
11-28 12:26:33.701 14731 14731 I 44.educam.debug: hiddenapi: Accessing hidden method Landroid/view/WindowManagerGlobal;->getInstance()Landroid/view/WindowManagerGlobal; (runtime_flags=0, domain=platform, api=unsupported) from Lcurtains/internal/WindowManagerSpy$windowManagerInstance$2; (domain=app) using reflection: allowed
11-28 12:26:33.702 14731 14731 I 44.educam.debug: hiddenapi: Accessing hidden field Landroid/view/WindowManagerGlobal;->mViews:Ljava/util/ArrayList; (runtime_flags=0, domain=platform, api=unsupported) from Lcurtains/internal/WindowManagerSpy$mViewsField$2; (domain=app) using reflection: allowed
11-28 12:26:33.702  1737  1862 D MobileStatusTracker(1/4): onSignalStrengthsChanged level=3, vendorLevel=2
11-28 12:26:33.704 14731 14731 I 44.educam.debug: hiddenapi: Accessing hidden field Landroid/app/ActivityThread;->mH:Landroid/app/ActivityThread$H; (runtime_flags=0, domain=platform, api=unsupported) from Lleakcanary/ServiceWatcher; (domain=app) using reflection: allowed
11-28 12:26:33.704 14731 14731 I 44.educam.debug: hiddenapi: Accessing hidden method Landroid/app/ActivityThread;->currentActivityThread()Landroid/app/ActivityThread; (runtime_flags=0, domain=platform, api=unsupported) from Lleakcanary/ServiceWatcher$activityThreadInstance$2; (domain=app) using reflection: allowed
11-28 12:26:33.704 14731 14731 I 44.educam.debug: hiddenapi: Accessing hidden field Landroid/os/Handler;->mCallback:Landroid/os/Handler$Callback; (runtime_flags=0, domain=platform, api=unsupported) from Lleakcanary/ServiceWatcher; (domain=app) using reflection: allowed
11-28 12:26:33.705  1737  1862 D MobileSignalController(1/4): notifyListener: enabled=true, connected=true, dataConnected=false, networkType=LTE (4G), emergencyOnly=false, roaming=false, isDefault=false, dataActivity=inout, level=2, ca=false, mmWave=false, disabledDataIcon=false, simCard=ETC
11-28 12:26:33.706  1737  1862 D NetworkController: SignalStrength from intent slotId=1
11-28 12:26:33.707 14731 14731 I 44.educam.debug: hiddenapi: Accessing hidden field Landroid/util/Singleton;->mInstance:Ljava/lang/Object; (runtime_flags=0, domain=platform, api=unsupported) from Lleakcanary/ServiceWatcher; (domain=app) using reflection: allowed
11-28 12:26:33.708 14731 14731 I 44.educam.debug: hiddenapi: Accessing hidden method Landroid/util/Singleton;->get()Ljava/lang/Object; (runtime_flags=0, domain=platform, api=unsupported) from Lleakcanary/ServiceWatcher; (domain=app) using reflection: allowed
11-28 12:26:33.710 14731 14731 I 44.educam.debug: hiddenapi: Accessing hidden field Landroid/app/ActivityManager;->IActivityManagerSingleton:Landroid/util/Singleton; (runtime_flags=0, domain=platform, api=unsupported) from Lleakcanary/ServiceWatcher; (domain=app) using reflection: allowed
11-28 12:26:33.732  1011  1106 I Light   : light data = 22.000000 .
11-28 12:26:33.796  1011  1106 I Accelerometer: acc data x = 1.510000, y = 0.791000, z = 9.624000 .
11-28 12:26:33.811 14731 14751 D OpenGLRenderer: RenderThread::requireGlContext()
11-28 12:26:33.811 14731 14751 D libMEOW : meow new tls: 0xb400007d9e6d7cc0
11-28 12:26:33.811 14731 14751 D libMEOW : meow reload base cfg path: na
11-28 12:26:33.811 14731 14751 D libMEOW : meow reload overlay cfg path: na
11-28 12:26:33.815 14731 14751 E QT      : [QT]file does not exist
11-28 12:26:33.816 14731 14751 D libMEOW : applied 2 plugins for [com.excell44.educam.debug]:
11-28 12:26:33.817 14731 14751 D libMEOW :   plugin 1: [libMEOW_gift.so]:
11-28 12:26:33.817 14731 14751 D libMEOW :   plugin 2: [libMEOW_semaphore]:
11-28 12:26:33.827   479   479 I hwservicemanager: getTransport: Cannot find entry android.hardware.configstore@1.0::ISurfaceFlingerConfigs/default in either framework or device VINTF manifest.
11-28 12:26:33.850 14731 14751 D OpenGLRenderer: RenderThread::setGrContext()
11-28 12:26:33.918  1341  1404 D PowerManagerService: UserActivityStateListenerState: 0
11-28 12:26:33.933  1011  1106 I Light   : light data = 22.000000 .
11-28 12:26:33.948 14731 14731 I DecorView: [INFO] isPopOver=false config=true
11-28 12:26:33.949 14731 14731 I DecorView: updateCaptionType: isFloating=false isApplication=true hasWindowDecorCaption=false this=DecorView@22a6990[]
11-28 12:26:33.949 14731 14731 D DecorView: setCaptionType = 0, this = DecorView@22a6990[]
11-28 12:26:33.959 14731 14731 I DecorView: getCurrentDensityDpi: from real metrics. densityDpi=320 msg=resources_loaded
11-28 12:26:33.959 14731 14731 I DecorView: setWindowBackground: isPopOver=false color=fffafafa d=android.graphics.drawable.ColorDrawable@7e2028e
11-28 12:26:33.972 14731 14731 D PhoneWindow: forceLight changed to false [] from com.android.internal.policy.PhoneWindow.updateForceLightNavigationBar:4314 com.android.internal.policy.PhoneWindow.setNavigationBarColor:4033 androidx.activity.EdgeToEdgeApi29.setUp:296 androidx.activity.EdgeToEdge.enable:100 androidx.activity.EdgeToEdge.enable$default:77 
11-28 12:26:34.095 14731 14731 I MSHandlerLifeCycle: check: return. pkg=com.excell44.educam.debug parent=null callers=com.android.internal.policy.DecorView.setVisibility:4411 android.app.ActivityThread.handleResumeActivity:5476 android.app.servertransaction.ResumeActivityItem.execute:54 android.app.servertransaction.ActivityTransactionItem.execute:45 android.app.servertransaction.TransactionExecutor.executeLifecycleState:176 
11-28 12:26:34.095 14731 14731 I MSHandlerLifeCycle: removeMultiSplitHandler: no exist. decor=DecorView@22a6990[]
11-28 12:26:34.107   766  1004 D SurfaceFlinger: [SF client] NEW(0xb400007e77905000) for (14731:com.excell44.educam.debug)
11-28 12:26:34.122 14731 14731 I 44.educam.debug: hiddenapi: Accessing hidden field Lcom/android/internal/policy/DecorView;->mWindow:Lcom/android/internal/policy/PhoneWindow; (runtime_flags=0, domain=platform, api=unsupported) from Lcurtains/internal/WindowSpy$windowField$2; (domain=app) using reflection: allowed
11-28 12:26:34.132 14731 14751 D NativeCustomFrequencyManager: [NativeCFMS] BpCustomFrequencyManager::BpCustomFrequencyManager()
11-28 12:26:34.132  1011  1106 I Light   : light data = 22.000000 .
11-28 12:26:34.142 14731 14731 I DecorView: notifyKeepScreenOnChanged: keepScreenOn=false
11-28 12:26:34.146  1341  2978 D InputTransport: Input channel constructed: '5b0207e', fd=630
11-28 12:26:34.146  1341  2978 D InputTransport: Input channel constructed: '5b0207e', fd=735
11-28 12:26:34.147  1341  2978 D InputTransport: Input channel constructed: '5b0207e', fd=772
11-28 12:26:34.150   766  1004 D SurfaceFlinger: [SF client] NEW(0xb400007e779066c0) for (1341:system_server)
11-28 12:26:34.154   766  4886 I SurfaceFlinger: id=18994 createSurf flag=80004, 5b0207e com.excell44.educam.debug/com.excell44.educam.MainActivity#18994
11-28 12:26:34.156  1341  2978 D RestrictionPolicy: isScreenCaptureEnabled : ret=true userId=0
11-28 12:26:34.157  1341  2978 D InputTransport: Input channel destroyed: '5b0207e', fd=772
11-28 12:26:34.159   738   839 I hwcomposer: [HWCDisplay] [Display_0 (type:1)] fps:2.530304,dur:3161.68,max:2892.94,min:13.63  
11-28 12:26:34.163 14731 14731 D InsetsController: onStateChanged: InsetsState: {mDisplayFrame=Rect(0, 0 - 720, 1600), mDisplayCutout=DisplayCutout{insets=Rect(0, 45 - 0, 0) waterfall=Insets{left=0, top=0, right=0, bottom=0} boundingRect={Bounds=[Rect(0, 0 - 0, 0), Rect(272, 0 - 448, 45), Rect(0, 0 - 0, 0), Rect(0, 0 - 0, 0)]} cutoutPathParserInfo={CutoutPathParserInfo{displayWidth=720 displayHeight=1600 physicalDisplayWidth=720 physicalDisplayHeight=1600 density={1.875} cutoutSpec={M 0,0 H -46.93333333333333 V 24 H 46.93333333333333 V 0 H 0 Z @dp} rotation={0} scale={1.0} physicalPixelDisplaySizeRatio={1.0}}}}, mRoundedCorners=RoundedCorners{[RoundedCorner{position=TopLeft, radius=64, center=Point(64, 64)}, RoundedCorner{position=TopRight, radius=64, center=Point(656, 64)}, RoundedCorner{position=BottomRight, radius=64, center=Point(656, 1536)}, RoundedCorner{position=BottomLeft, radius=64, center=Point(64, 1536)}]}  mRoundedCornerFrame=Rect(0, 0 - 720, 1600), mPrivacyIndicatorBounds=PrivacyIndicatorBounds {static bounds=Rect(632, 0 - 720, 48) rotation=0}, mSources= { InsetsSource: {mType=ITYPE_STATUS_BAR, mFrame=[0,0][720,48], mVisible=true, mInsetsRoundedCornerFrame=false}, InsetsSource: {mType=ITYPE_NAVIGATION_BAR, mFrame=[0,1504][720,1600], mVisible=true, mInsetsRoundedCornerFrame=false}, InsetsSource: {mType=ITYPE_LEFT_GESTURES, mFrame=[0,0][0,1600], mVisible=true, mInsetsRoundedCornerFrame=false}, InsetsSource: {mType=ITYPE_RIGHT_GESTURES, mFrame=[720,0][720,1600], mVisible=true, mInsetsRoundedCornerFrame=false}, InsetsSource: {mType=ITYPE_TOP_MANDATORY_GESTURES, mFrame=[0,0][720,69], mVisible=true, mInsetsRoundedCornerFrame=false}, InsetsSource: {mType=ITYPE_BOTTOM_MANDATORY_GESTURES, mFrame=[0,1504][720,1600], mVisible=true, mInsetsRoundedCornerFrame=false}, InsetsSource: {mType=ITYPE_LEFT_DISPLAY_CUTOUT, mFrame=[0,0][-100000,1600], mVisible=true, mInsetsRoundedCornerFrame=false}, InsetsSource: {mType=ITYPE_TOP_DISPLAY_CUTOUT, mFrame=[0,0][720,45], mVisible=true, mInsetsRoundedCornerFrame=false}, InsetsSource: {mType=ITYPE_RIGHT_DISPLAY_CUTOUT, mFrame=[100000,0][720,1600], mVisible=true, mInsetsRoundedCornerFrame=false}, InsetsSource: {mType=ITYPE_BOTTOM_DISPLAY_CUTOUT, mFrame=[0,100000][720,1600], mVisible=true, mInsetsRoundedCornerFrame=false}, InsetsSource: {mType=ITYPE_TOP_TAPPABLE_ELEMENT, mFrame=[0,0][720,48], mVisible=true, mInsetsRoundedCornerFrame=false}, InsetsSource: {mType=ITYPE_BOTTOM_TAPPABLE_ELEMENT, mFrame=[0,1504][720,1600], mVisible=true, mInsetsRoundedCornerFrame=false}, InsetsSource: {mType=ITYPE_IME, mFrame=[0,0][0,0], mVisibleFrame=[0,916][720,1600], mVisible=false, mInsetsRoundedCornerFrame=false} } host=com.excell44.educam.debug/com.excell44.educam.MainActivity from=android.view.ViewRootImpl.setView:1732
11-28 12:26:34.169 14731 14731 I ViewRootImpl@4a720a7[MainActivity]: setView = com.android.internal.policy.DecorView@22a6990 TM=true
11-28 12:26:34.171  1341  2978 D CoreBackPreview: Window{5b0207e u0 com.excell44.educam.debug/com.excell44.educam.MainActivity}: Setting back callback OnBackInvokedCallbackInfo{mCallback=android.window.IOnBackInvokedCallback$Stub$Proxy@861362c, mPriority=0}
11-28 12:26:34.175 14731 14731 I MSHandlerLifeCycle: removeMultiSplitHandler: no exist. decor=DecorView@22a6990[MainActivity]
11-28 12:26:34.216  1685  1685 I WifiHAL : Get link layer stats
11-28 12:26:34.216  1685  1685 I WifiHAL : GetLinkStatsCommand::create
11-28 12:26:34.216  1685  1685 D android.hardware.wifi@1.0-service-lazy: WifiRequest::create vendor command to iface 38, vendor_id=0x1a11, subcmd=0x1200, res=0
11-28 12:26:34.216  1685  1685 I android.hardware.wifi@1.0-service-lazy: WifiCommand::requestResponse err=-95
11-28 12:26:34.216  1685  1685 I WifiHAL : wifi_get_link_stats: result=-3
11-28 12:26:34.218  1341  1567 E WifiVendorHal: getWifiLinkLayerStats_1_5_Internal(l.1179) failed {.code = ERROR_NOT_SUPPORTED, .description = }
11-28 12:26:34.226  1341 11139 D SemWifiUsabilityStatsMonitor: onWifiUsabilityStats - seqNum 26221, isSameBssidAndFreq true
11-28 12:26:34.227  1341  1641 I SemWifiLinkQualityMonitor: Link Qos query: inf. ms / 0 Mbps
11-28 12:26:34.228  1737  1737 D NetworkController.WifiSignalController: notifyListener: visible=true, connected=true, inetCondition=1, isDefault=true, wifiTestReported=true, receivedInetCondition=-1, hideDuringMobileSwitching=false
11-28 12:26:34.230  1737  1862 D Tile.WifiTile: handleUpdateState isTransient=false transientEnabling =false cb.isTransient=false state.state = 2 mStateBeforeClick.value =false enabled =true
11-28 12:26:34.248  1737  1795 E IMGMapper: set:488 set: Unset optional value from type SMPTE2086
11-28 12:26:34.248  1737  1795 E IMGMapper: set:488 set: Unset optional value from type CTA861_3
11-28 12:26:34.259   766   766 I BufferQueueProducer: [StatusBar$_1737#83](this:0xb400007e9bb43838,id:-1,api:0,p:-1,c:766) queueBuffer: fps=0.33 dur=3009.47 max=3009.47 min=3009.47
11-28 12:26:34.333  1011  1106 I Light   : light data = 22.000000 .
11-28 12:26:34.340  1737  1862 D MobileStatusTracker(0/5): onSignalStrengthsChanged level=3, vendorLevel=2
11-28 12:26:34.343  1737  1862 D MobileSignalController(0/5): notifyListener: enabled=true, connected=true, dataConnected=false, networkType=LTE (4G), emergencyOnly=false, roaming=false, isDefault=false, dataActivity=, level=2, ca=false, mmWave=false, disabledDataIcon=false, simCard=ETC
11-28 12:26:34.344  1737  1862 D NetworkController: SignalStrength from intent slotId=0
11-28 12:26:34.533  1011  1106 I Light   : light data = 22.000000 .
11-28 12:26:34.597  1011  1106 I Accelerometer: acc data x = 1.529000, y = 0.810000, z = 9.662000 .
11-28 12:26:34.733  1011  1106 I Light   : light data = 22.000000 .
11-28 12:26:34.795  1018  1018 I thermal_repeater: socket -1
11-28 12:26:34.934  1011  1106 I Light   : light data = 22.000000 .
11-28 12:26:34.982  1737  1862 D MobileStatusTracker(1/4): onSignalStrengthsChanged level=3, vendorLevel=2
11-28 12:26:34.988  1737  1862 D MobileSignalController(1/4): notifyListener: enabled=true, connected=true, dataConnected=false, networkType=LTE (4G), emergencyOnly=false, roaming=false, isDefault=false, dataActivity=inout, level=2, ca=false, mmWave=false, disabledDataIcon=false, simCard=ETC
11-28 12:26:34.989  1737  1862 D NetworkController: SignalStrength from intent slotId=1
11-28 12:26:35.133  1011  1106 I Light   : light data = 22.000000 .
11-28 12:26:35.170   529   529 D io_stats: !@ 179,0 r 7321110 150934695 w 4334855 33656596 d 102587 20189576 f 0 0 iot 11926184 0 th 0 0 0 pt 0 inp 0 0 336556.590
11-28 12:26:35.267  1341  2978 I GenerationRegistry: mBackingStore.isClosed() : false
11-28 12:26:35.333  1011  1106 I Light   : light data = 22.000000 .
11-28 12:26:35.398  1011  1106 I Accelerometer: acc data x = 1.472000, y = 0.791000, z = 9.662000 .
11-28 12:26:35.533  1011  1106 I Light   : light data = 22.000000 .
11-28 12:26:35.624  1737  1862 D MobileStatusTracker(0/5): onSignalStrengthsChanged level=3, vendorLevel=2
11-28 12:26:35.627  1737  1862 D MobileSignalController(0/5): notifyListener: enabled=true, connected=true, dataConnected=false, networkType=LTE (4G), emergencyOnly=false, roaming=false, isDefault=false, dataActivity=, level=2, ca=false, mmWave=false, disabledDataIcon=false, simCard=ETC
11-28 12:26:35.630  1737  1862 D NetworkController: SignalStrength from intent slotId=0
11-28 12:26:35.650 14731 14731 I 44.educam.debug: hiddenapi: Accessing hidden method Landroid/os/SystemProperties;->addChangeCallback(Ljava/lang/Runnable;)V (runtime_flags=0, domain=platform, api=unsupported) from Landroidx/compose/ui/platform/AndroidComposeView$Companion; (domain=app) using reflection: allowed
11-28 12:26:35.733  1011  1106 I Light   : light data = 22.000000 .
11-28 12:26:35.933  1011  1106 I Light   : light data = 22.000000 .
11-28 12:26:36.108  1341  1378 I AppOps  : commitUidPendingStateLocked() :: UID - 10399, 200 > 200, 15 > 15
11-28 12:26:36.113  1341  1370 V WindowManager: *** APP TRANSITION TIMEOUT. displayId=0
11-28 12:26:36.113  1341  1370 V WindowManager: * transit=mNextAppTransitionRequests=[TRANSIT_OPEN, TRANSIT_OPEN], mNextAppTransitionFlags= state=APP_STATE_READY
11-28 12:26:36.113  1341  1370 V WindowManager: * ActivityRecord{7aeff7 u0 com.excell44.educam.debug/com.excell44.educam.MainActivity} t350}, allDrawn=false
11-28 12:26:36.130  1341  1370 V WindowManager: 	* mDisplayId=0 rootTaskId=350 mSession=Session{eabc883 14731:u0a10399} mClient=android.os.BinderProxy@7d62239
11-28 12:26:36.130  1341  1370 V WindowManager: 	* mOwnerUid=10399 showForAllUsers=false package=com.excell44.educam.debug appop=NONE
11-28 12:26:36.130  1341  1370 V WindowManager: 	* mAttrs={(0,0)(fillxfill) sim={forwardNavigation} layoutInDisplayCutoutMode=always ty=BASE_APPLICATION wanim=0x1030309
11-28 12:26:36.130  1341  1370 V WindowManager: 	*   fl=81810100
11-28 12:26:36.130  1341  1370 V WindowManager: 	*   pfl=16020040
11-28 12:26:36.130  1341  1370 V WindowManager: 	*   vsysui=2110
11-28 12:26:36.130  1341  1370 V WindowManager: 	*   apr=LIGHT_STATUS_BARS LIGHT_NAVIGATION_BARS
11-28 12:26:36.130  1341  1370 V WindowManager: 	*   bhv=DEFAULT
11-28 12:26:36.130  1341  1370 V WindowManager: 	*   fitSides= naviIconColor=0}
11-28 12:26:36.130  1341  1370 V WindowManager: 	* Requested w=-1 h=-1 mLayoutSeq=-1
11-28 12:26:36.130  1341  1370 V WindowManager: 	* mBaseLayer=21000 mSubLayer=0	* mToken=ActivityRecord{7aeff7 u0 com.excell44.educam.debug/com.excell44.educam.MainActivity} t350}
11-28 12:26:36.130  1341  1370 V WindowManager: 	* mActivityRecord=ActivityRecord{7aeff7 u0 com.excell44.educam.debug/com.excell44.educam.MainActivity} t350}
11-28 12:26:36.130  1341  1370 V WindowManager: 	* mAppDied=false	* drawnStateEvaluated=false	* mightAffectAllDrawn=true
11-28 12:26:36.130  1341  1370 V WindowManager: 	* mViewVisibility=0x4 mHaveFrame=false mObscured=false
11-28 12:26:36.130  1341  1370 V WindowManager: 	* mRelayoutCalled=false mLayoutNeeded=false
11-28 12:26:36.130  1341  1370 V WindowManager: 	* mGivenContentInsets=[0,0][0,0] mGivenVisibleInsets=[0,0][0,0]
11-28 12:26:36.130  1341  1370 V WindowManager: 	* mFullConfiguration={1.5 624mcc2mnc [fr_FR] ldltr sw360dp w360dp h728dp 320dpi nrml long port finger -keyb/v/h -nav/h winConfig={ mBounds=Rect(0, 0 - 720, 1600) mAppBounds=Rect(0, 45 - 720, 1504) mMaxBounds=Rect(0, 0 - 720, 1600) mDisplayRotation=ROTATION_0 mWindowingMode=fullscreen mDisplayWindowingMode=fullscreen mActivityType=standard mAlwaysOnTop=undefined mRotation=ROTATION_0 mPopOver=off mStageConfig=undefined mFreeformTaskPinningState=unpinned mFreeformStashState=undefined} as.16 s.1 fontWeightAdjustment=300 ff=0 bf=1 bts=1 themeSeq=1 nightDim=-1}
11-28 12:26:36.130  1341  1370 V WindowManager: 	* mLastReportedConfiguration={0.0 ?mcc?mnc ?localeList ?layoutDir ?swdp ?wdp ?hdp ?density ?lsize ?long ?ldr ?wideColorGamut ?orien ?uimode ?night ?touch ?keyb/?/? ?nav/? winConfig={ mBounds=Rect(0, 0 - 0, 0) mAppBounds=null mMaxBounds=Rect(0, 0 - 0, 0) mDisplayRotation=undefined mWindowingMode=undefined mDisplayWindowingMode=undefined mActivityType=undefined mAlwaysOnTop=undefined mRotation=undefined mPopOver=undefined mStageConfig=undefined mFreeformTaskPinningState=undefined mFreeformStashState=undefined} ?fontWeightAdjustment ff=0 bf=-1 bts=-1 themeSeq=0 nightDim=-1}
11-28 12:26:36.130  1341  1370 V WindowManager: 	* mHasSurface=false isReadyForDisplay()=false mWindowRemovalAllowed=false
11-28 12:26:36.130  1341  1370 V WindowManager: 	* Frames: parent=[0,0][0,0] display=[0,0][0,0] frame=[0,0][0,0] last=[0,0][0,0] insetsChanged=false
11-28 12:26:36.130  1341  1370 V WindowManager: 	*  surface=[0,0][0,0]
11-28 12:26:36.130  1341  1370 V WindowManager: 	* WindowStateAnimator{b03c4fb com.excell44.educam.debug/com.excell44.educam.MainActivity}:
11-28 12:26:36.130  1341  1370 V WindowManager: 	*   mDrawState=NO_SURFACE	*    mLastHidden=false
11-28 12:26:36.130  1341  1370 V WindowManager: 	*   mEnterAnimationPending=true	*   mSystemDecorRect=[0,0][0,0]
11-28 12:26:36.130  1341  1370 V WindowManager: 	*   mShownAlpha=0.0 mAlpha=1.0 mLastAlpha=0.0
11-28 12:26:36.130  1341  1370 V WindowManager: 	* mForceSeamlesslyRotate=false seamlesslyRotate: pending=null	* isOnScreen=false
11-28 12:26:36.130  1341  1370 V WindowManager: 	* isVisible=false
11-28 12:26:36.130  1341  1370 V WindowManager: 	* keepClearAreas: restricted=[], unrestricted=[]
11-28 12:26:36.133  1011  1106 I Light   : light data = 22.000000 .
11-28 12:26:36.133  1341  1370 D WindowManager: Loading animation for app transition. transit=TRANSIT_OLD_TASK_OPEN enter=true frame=Rect(0, 0 - 0, 0) insets=Rect(0, 0 - 0, 0) surfaceInsets=Rect(0, 0 - 0, 0)
11-28 12:26:36.139   766  4886 I SurfaceFlinger: id=18995 createSurf flag=20004, DimAnimationLayer for Task=350#18995
11-28 12:26:36.142  1341  1370 I WindowManager: Reparenting to leash, surface=Surface(name=Task=350)/@0x8b9d0d6, leashParent=Surface(name=DefaultTaskDisplayArea)/@0xc975a6b
11-28 12:26:36.143   766  4886 I SurfaceFlinger: id=18996 createSurf flag=24004, Surface(name=Task=350)/@0x8b9d0d6 - animation-leash of app_transition#18996
11-28 12:26:36.145  1341  1370 D WindowManager: makeSurface duration=3 leash=Surface(name=Surface(name=Task=350)/@0x8b9d0d6 - animation-leash of app_transition)/@0x3e5c156
11-28 12:26:36.147   738   839 I hwcomposer: [HWCDisplay] [Display_0 (type:1)] fps:1.509401,dur:1987.54,max:1885.72,min:18.55  
11-28 12:26:36.150  1341  1370 I WindowManager: Cancelling animation restarting=true, leash=Surface(name=Surface(name=528b8b0 StatusBar)/@0x97829b3 - animation-leash of insets_animation)/@0x69cf388
11-28 12:26:36.150  1341  1370 I WindowManager: Reparenting to original parent: Surface(name=WindowToken{e4213f3 type=2000 android.os.BinderProxy@654f12d})/@0x8507b70, destroy=false, surface=Surface(name=528b8b0 StatusBar)/@0x97829b3
11-28 12:26:36.150  1341  1370 I WindowManager: Reparenting to leash, surface=Surface(name=528b8b0 StatusBar)/@0x97829b3, leashParent=Surface(name=WindowToken{e4213f3 type=2000 android.os.BinderProxy@654f12d})/@0x8507b70
11-28 12:26:36.151   766  4886 I SurfaceFlinger: id=18997 createSurf flag=24000, Surface(name=528b8b0 StatusBar)/@0x97829b3 - animation-leash of insets_animation#18997
11-28 12:26:36.152  1341  1370 D WindowManager: makeSurface duration=1 leash=Surface(name=Surface(name=528b8b0 StatusBar)/@0x97829b3 - animation-leash of insets_animation)/@0x7d21ec4
11-28 12:26:36.152  1341  1370 I WindowManager: Cancelling animation restarting=true, leash=Surface(name=Surface(name=ab6e286 NavigationBar0)/@0x400176e - animation-leash of insets_animation)/@0xcbc946
11-28 12:26:36.153  1341  1370 I WindowManager: Reparenting to original parent: Surface(name=WindowToken{f660761 type=2019 android.os.BinderProxy@4e54f6b})/@0x841ae0f, destroy=false, surface=Surface(name=ab6e286 NavigationBar0)/@0x400176e
11-28 12:26:36.153  1341  1370 I WindowManager: Reparenting to leash, surface=Surface(name=ab6e286 NavigationBar0)/@0x400176e, leashParent=Surface(name=WindowToken{f660761 type=2019 android.os.BinderProxy@4e54f6b})/@0x841ae0f
11-28 12:26:36.153   766  4886 I SurfaceFlinger: id=18998 createSurf flag=24000, Surface(name=ab6e286 NavigationBar0)/@0x400176e - animation-leash of insets_animation#18998
11-28 12:26:36.154  1341  1370 D WindowManager: makeSurface duration=2 leash=Surface(name=Surface(name=ab6e286 NavigationBar0)/@0x400176e - animation-leash of insets_animation)/@0xf949ce2
11-28 12:26:36.157  1737  1737 D SamsungLightBarControlHelper: onStatusBarAppearanceChanged() -  sbModeChanged:false, statusBarMode:MODE_TRANSPARENT, barState:SHADE, isKeyguardShowing:false, navbarColorManagedByIme:false, stackAppearancesChanged:true, (AppearanceRegion{LIGHT_STATUS_BARS bounds=[0,0][720,1600]}, ), packageName:com.excell44.educam.debug
11-28 12:26:36.158  1737  1737 D NavigationBar: onSystemBarAttributesChanged() -  displayId:0, appearance:8, packageName: com.excell44.educam.debug (APPEARANCE_LIGHT_STATUS_BARS ), navbarColorManagedByIme:false
11-28 12:26:36.161  1737  1737 D SamsungLightBarControlHelper: updateStatus(BLACK icon) NumStacks:1, StatusBarMode:MODE_TRANSPARENT, lightBarBounds:[Rect(0, 0 - 720, 1600)], StatusBarState:SHADE, packageName:com.excell44.educam.debug, isWhiteKeyguardStatusBarBySettings:false
11-28 12:26:36.161  1341  1370 D WindowManager: updateSystemBarAttributes: displayId=0, win=Window{5b0207e u0 com.excell44.educam.debug/com.excell44.educam.MainActivity}, navColorWin=null, focusedCanBeNavColorWin=false, behavior=1, appearance=8, statusBarAppearanceRegions=[AppearanceRegion{LIGHT_STATUS_BARS bounds=[0,0][720,1600]}], requestedVisibilities=, from=com.android.server.wm.DisplayPolicy.finishPostLayoutPolicyLw:2527 com.android.server.wm.DisplayContent.applySurfaceChangesTransaction:5699 com.android.server.wm.RootWindowContainer.applySurfaceChangesTransaction:1234 
11-28 12:26:36.162   766  1004 I SurfaceFlinger: id=18999 createSurf flag=80000, 2bf0ff6 ActivityRecordInputSink com.excell44.educam.debug/com.excell44.educam.MainActivity#18999
11-28 12:26:36.172  1737  1737 I ViewRootImpl@a308e6[NotificationShade]: performTraversals mFirst=false windowShouldResize=false viewVisibilityChanged=false mForceNextWindowRelayout=false params={(0,0)(fillxfill) gr=TOP CENTER_VERTICAL sim={adjust=resize} layoutInDisplayCutoutMode=always ty=NOTIFICATION_SHADE fmt=TRANSLUCENT
11-28 12:26:36.172  1737  1737 I ViewRootImpl@a308e6[NotificationShade]:   fl=81840048
11-28 12:26:36.172  1737  1737 I ViewRootImpl@a308e6[NotificationShade]:   pfl=1b000000
11-28 12:26:36.172  1737  1737 I ViewRootImpl@a308e6[NotificationShade]:   vsysui=2000
11-28 12:26:36.172  1737  1737 I ViewRootImpl@a308e6[NotificationShade]:   apr=LIGHT_STATUS_BARS
11-28 12:26:36.172  1737  1737 I ViewRootImpl@a308e6[NotificationShade]:   bhv=SHOW_TRANSIENT_BARS_BY_SWIPE naviIconColor=0
11-28 12:26:36.172  1737  1737 I ViewRootImpl@a308e6[NotificationShade]:   sfl=40000}
11-28 12:26:36.173  1737  1795 E IMGMapper: set:488 set: Unset optional value from type SMPTE2086
11-28 12:26:36.173  1737  1795 E IMGMapper: set:488 set: Unset optional value from type CTA861_3
11-28 12:26:36.175  1341  2976 V WindowManager: Relayout Window{724ac9e u0 NotificationShade}: viewVisibility=4 req=720x1600 d0
11-28 12:26:36.176   766   766 I Layer   : id=18988 removeFromCurrentState Surface(name=528b8b0 StatusBar)/@0x97829b3 - animation-leash of insets_animation#18988 (140)
11-28 12:26:36.176   766   766 I Layer   : id=18989 removeFromCurrentState Surface(name=ab6e286 NavigationBar0)/@0x400176e - animation-leash of insets_animation#18989 (140)
11-28 12:26:36.176   766   766 I BufferQueueProducer: [StatusBar$_1737#83](this:0xb400007e9bb43838,id:-1,api:0,p:-1,c:766) queueBuffer: fps=0.52 dur=1917.46 max=1917.46 min=1917.46
11-28 12:26:36.176   766   766 I SurfaceFlinger: id=18988 Removed Surface(name=528b8b0 StatusBar)/@0x97829b3 - animation-leash of insets_animation#18988 (140)
11-28 12:26:36.176   766   766 I SurfaceFlinger: id=18989 Removed Surface(name=ab6e286 NavigationBar0)/@0x400176e - animation-leash of insets_animation#18989 (140)
11-28 12:26:36.177   766   766 I Layer   : id=18988 Destroyed Surface(name=528b8b0 StatusBar)/@0x97829b3 - animation-leash of insets_animation#18988
11-28 12:26:36.177   766   766 I Layer   : id=18989 Destroyed Surface(name=ab6e286 NavigationBar0)/@0x400176e - animation-leash of insets_animation#18989
11-28 12:26:36.181  1341  2976 V WindowManager: Relayout hash=724ac9e, pid=1737, syncId=-1: mAttrs={(0,0)(fillxfill) gr=TOP CENTER_VERTICAL sim={adjust=resize} layoutInDisplayCutoutMode=always ty=NOTIFICATION_SHADE fmt=TRANSLUCENT
11-28 12:26:36.181  1341  2976 V WindowManager:   fl=81840048
11-28 12:26:36.181  1341  2976 V WindowManager:   pfl=1b000000
11-28 12:26:36.181  1341  2976 V WindowManager:   vsysui=2000
11-28 12:26:36.181  1341  2976 V WindowManager:   apr=LIGHT_STATUS_BARS
11-28 12:26:36.181  1341  2976 V WindowManager:   bhv=SHOW_TRANSIENT_BARS_BY_SWIPE naviIconColor=0
11-28 12:26:36.181  1341  2976 V WindowManager:   sfl=40000}
11-28 12:26:36.182  1737  1737 I ViewRootImpl@a308e6[NotificationShade]: Relayout returned: old=(0,0,720,1600) new=(0,0,720,1600) req=(720,1600)4 dur=9 res=0x0 s={false 0x0} ch=false seqId=2
11-28 12:26:36.192  1737  1737 I FaceWidgetPositionAlgorithm: getClockContainerHeight() supplier = 216, bottom margin = 0, real height = 584
11-28 12:26:36.192   766   766 D SurfaceFlinger: Display 0 HWC layers:
11-28 12:26:36.192   766   766 D SurfaceFlinger:  SOLID_COLOR |              | 0000 |  Unknown  |    0.0    0.0    0.0    0.0 |    0    0  720 1600 | DimAnimationLayer for Task=350#18995
11-28 12:26:36.192   766   766 D SurfaceFlinger:      DEVICE | 0xb400007e7ae88200 | 0100 | RGBA_8888    |    0.0    0.0  720.0   48.0 |    0    0  720   48 | StatusBar$_1737#83
11-28 12:26:36.192   766   766 D SurfaceFlinger:      DEVICE | 0xb400007e9ba7cd60 | 0100 | RGBA_8888    |    0.0    0.0  720.0   96.0 |    0 1504  720 1600 | NavigationBar0$_1737#78
11-28 12:26:36.192   766   766 D SurfaceFlinger: 
11-28 12:26:36.192  1737  1737 I FaceWidgetPositionAlgorithm: getClockContainerHeight() supplier = 216, bottom margin = 48, real height = 584
11-28 12:26:36.193  1737  1737 I FaceWidgetPositionAlgorithm: getMediaContainerHeight() height = 0 container Visibility = 8, isValid = false, mIsDozing = false, fraction = 1.0, source = 0, target = 0
11-28 12:26:36.193  1737  1737 I FaceWidgetPositionAlgorithm: getMediaContainerHeight() supplier = 0
11-28 12:26:36.199  1011  1106 I Accelerometer: acc data x = 1.548000, y = 0.791000, z = 9.682000 .
11-28 12:26:36.210  1737  1795 E IMGMapper: set:488 set: Unset optional value from type SMPTE2086
11-28 12:26:36.210  1737  1795 E IMGMapper: set:488 set: Unset optional value from type CTA861_3
11-28 12:26:36.219  1737  1795 E IMGMapper: set:488 set: Unset optional value from type SMPTE2086
11-28 12:26:36.219  1737  1795 E IMGMapper: set:488 set: Unset optional value from type CTA861_3
11-28 12:26:36.230  1737  1795 E IMGMapper: set:488 set: Unset optional value from type SMPTE2086
11-28 12:26:36.230  1737  1795 E IMGMapper: set:488 set: Unset optional value from type CTA861_3
11-28 12:26:36.250  1737  1795 E IMGMapper: set:488 set: Unset optional value from type SMPTE2086
11-28 12:26:36.250  1737  1795 E IMGMapper: set:488 set: Unset optional value from type CTA861_3
11-28 12:26:36.256  1737  1862 D MobileStatusTracker(1/4): onSignalStrengthsChanged level=3, vendorLevel=2
11-28 12:26:36.258  1737  1862 D MobileSignalController(1/4): notifyListener: enabled=true, connected=true, dataConnected=false, networkType=LTE (4G), emergencyOnly=false, roaming=false, isDefault=false, dataActivity=inout, level=2, ca=false, mmWave=false, disabledDataIcon=false, simCard=ETC
11-28 12:26:36.259  1737  1862 D NetworkController: SignalStrength from intent slotId=1
11-28 12:26:36.268  1737  1795 E IMGMapper: set:488 set: Unset optional value from type SMPTE2086
11-28 12:26:36.268  1737  1795 E IMGMapper: set:488 set: Unset optional value from type CTA861_3
11-28 12:26:36.282  1737  1795 E IMGMapper: set:488 set: Unset optional value from type SMPTE2086
11-28 12:26:36.282  1737  1795 E IMGMapper: set:488 set: Unset optional value from type CTA861_3
11-28 12:26:36.301  1737  1795 E IMGMapper: set:488 set: Unset optional value from type SMPTE2086
11-28 12:26:36.302  1737  1795 E IMGMapper: set:488 set: Unset optional value from type CTA861_3
11-28 12:26:36.332  1011  1106 I Light   : light data = 22.000000 .
11-28 12:26:36.363  1737  1795 E IMGMapper: set:488 set: Unset optional value from type SMPTE2086
11-28 12:26:36.363  1737  1795 E IMGMapper: set:488 set: Unset optional value from type CTA861_3
11-28 12:26:36.372   766   766 I BufferQueueProducer: [NavigationBar0$_1737#78](this:0xb400007e9bb3a838,id:-1,api:0,p:-1,c:766) queueBuffer: fps=2.16 dur=9730.72 max=9201.69 min=13.69
11-28 12:26:36.381  1737  1795 E IMGMapper: set:488 set: Unset optional value from type SMPTE2086
11-28 12:26:36.381  1737  1795 E IMGMapper: set:488 set: Unset optional value from type CTA861_3
11-28 12:26:36.399  1737  1795 E IMGMapper: set:488 set: Unset optional value from type SMPTE2086
11-28 12:26:36.399  1737  1795 E IMGMapper: set:488 set: Unset optional value from type CTA861_3
11-28 12:26:36.414  1737  1795 E IMGMapper: set:488 set: Unset optional value from type SMPTE2086
11-28 12:26:36.414  1737  1795 E IMGMapper: set:488 set: Unset optional value from type CTA861_3
11-28 12:26:36.431  1737  1795 E IMGMapper: set:488 set: Unset optional value from type SMPTE2086
11-28 12:26:36.431  1737  1795 E IMGMapper: set:488 set: Unset optional value from type CTA861_3
11-28 12:26:36.447  1737  1795 E IMGMapper: set:488 set: Unset optional value from type SMPTE2086
11-28 12:26:36.448  1737  1795 E IMGMapper: set:488 set: Unset optional value from type CTA861_3
11-28 12:26:36.463  1737  1795 E IMGMapper: set:488 set: Unset optional value from type SMPTE2086
11-28 12:26:36.463  1737  1795 E IMGMapper: set:488 set: Unset optional value from type CTA861_3
11-28 12:26:36.482  1737  1795 E IMGMapper: set:488 set: Unset optional value from type SMPTE2086
11-28 12:26:36.482  1737  1795 E IMGMapper: set:488 set: Unset optional value from type CTA861_3
11-28 12:26:36.532  1011  1106 I Light   : light data = 22.000000 .
11-28 12:26:36.557  1341  1371 I WindowManager: Reparenting to original parent: Surface(name=DefaultTaskDisplayArea)/@0xc975a6b, destroy=true, surface=Surface(name=Task=350)/@0x8b9d0d6
11-28 12:26:36.572   766   766 I Layer   : id=18996 removeFromCurrentState Surface(name=Task=350)/@0x8b9d0d6 - animation-leash of app_transition#18996 (138)
11-28 12:26:36.573   766   766 I Layer   : id=18995 removeFromCurrentState DimAnimationLayer for Task=350#18995 (138)
11-28 12:26:36.573   766   766 I SurfaceFlinger: id=18995 Removed DimAnimationLayer for Task=350#18995 (138)
11-28 12:26:36.573   766   766 I SurfaceFlinger: id=18996 Removed Surface(name=Task=350)/@0x8b9d0d6 - animation-leash of app_transition#18996 (138)
11-28 12:26:36.574   766   766 I Layer   : id=18996 Destroyed Surface(name=Task=350)/@0x8b9d0d6 - animation-leash of app_transition#18996
11-28 12:26:36.577   766   766 I Layer   : id=18995 Destroyed DimAnimationLayer for Task=350#18995
11-28 12:26:36.583   766   766 D SurfaceFlinger: Display 0 HWC layers:
11-28 12:26:36.583   766   766 D SurfaceFlinger:      DEVICE | 0xb400007e9ba7ce40 | 0100 | RGBA_8888    |    0.0    0.0  720.0   48.0 |    0    0  720   48 | StatusBar$_1737#83
11-28 12:26:36.583   766   766 D SurfaceFlinger:      DEVICE | 0xb400007e9ba7c580 | 0100 | RGBA_8888    |    0.0    0.0  720.0   96.0 |    0 1504  720 1600 | NavigationBar0$_1737#78
11-28 12:26:36.583   766   766 D SurfaceFlinger: 
11-28 12:26:36.597 14731 14735 I 44.educam.debug: Compiler allocated 6178KB to compile void android.view.ViewRootImpl.performTraversals()
11-28 12:26:36.676 14731 14731 I ViewRootImpl@4a720a7[MainActivity]: performTraversals params={(0,0)(fillxfill) sim={adjust=pan forwardNavigation} layoutInDisplayCutoutMode=always ty=BASE_APPLICATION wanim=0x1030309
11-28 12:26:36.676 14731 14731 I ViewRootImpl@4a720a7[MainActivity]:   fl=81810100
11-28 12:26:36.676 14731 14731 I ViewRootImpl@4a720a7[MainActivity]:   pfl=16020040
11-28 12:26:36.676 14731 14731 I ViewRootImpl@4a720a7[MainActivity]:   vsysui=2110
11-28 12:26:36.676 14731 14731 I ViewRootImpl@4a720a7[MainActivity]:   apr=LIGHT_STATUS_BARS LIGHT_NAVIGATION_BARS
11-28 12:26:36.676 14731 14731 I ViewRootImpl@4a720a7[MainActivity]:   bhv=DEFAULT
11-28 12:26:36.676 14731 14731 I ViewRootImpl@4a720a7[MainActivity]:   fitSides= naviIconColor=0}
11-28 12:26:36.683 14731 14731 I ViewRootImpl@4a720a7[MainActivity]: performTraversals mFirst=true windowShouldResize=true viewVisibilityChanged=false mForceNextWindowRelayout=false params={(0,0)(fillxfill) sim={adjust=pan forwardNavigation} layoutInDisplayCutoutMode=always ty=BASE_APPLICATION wanim=0x1030309
11-28 12:26:36.683 14731 14731 I ViewRootImpl@4a720a7[MainActivity]:   fl=81810100
11-28 12:26:36.683 14731 14731 I ViewRootImpl@4a720a7[MainActivity]:   pfl=16020040
11-28 12:26:36.683 14731 14731 I ViewRootImpl@4a720a7[MainActivity]:   vsysui=2110
11-28 12:26:36.683 14731 14731 I ViewRootImpl@4a720a7[MainActivity]:   apr=LIGHT_STATUS_BARS LIGHT_NAVIGATION_BARS
11-28 12:26:36.683 14731 14731 I ViewRootImpl@4a720a7[MainActivity]:   bhv=DEFAULT
11-28 12:26:36.683 14731 14731 I ViewRootImpl@4a720a7[MainActivity]:   fitSides= naviIconColor=0}
11-28 12:26:36.685  1341  2976 V WindowManager: Relayout Window{5b0207e u0 com.excell44.educam.debug/com.excell44.educam.MainActivity}: viewVisibility=0 req=720x1600 d0
11-28 12:26:36.685  1341  2976 D RestrictionPolicy: isScreenCaptureEnabled : ret=true userId=0
11-28 12:26:36.687   766  1004 I BufferQueueDebug: [com.excell44.educam.debug/com.excell44.educam.MainActivity$_14731#19000](this:0xb400007e76411838,id:-1,api:0,p:-1,c:-1) BufferQueue core=(766:/system/bin/surfaceflinger)
11-28 12:26:36.687   766  1004 I SurfaceFlinger: id=19000 createSurf flag=40004, com.excell44.educam.debug/com.excell44.educam.MainActivity$_14731#19000
11-28 12:26:36.689  1341  2976 D WindowManager: makeSurface duration=3 name=com.excell44.educam.debug/com.excell44.educam.MainActivity$_14731
11-28 12:26:36.694  1341  2976 D WindowManager: updateSystemBarAttributes: displayId=0, win=Window{5b0207e u0 com.excell44.educam.debug/com.excell44.educam.MainActivity}, navColorWin=Window{5b0207e u0 com.excell44.educam.debug/com.excell44.educam.MainActivity}, focusedCanBeNavColorWin=false, behavior=1, appearance=24, statusBarAppearanceRegions=[AppearanceRegion{LIGHT_STATUS_BARS bounds=[0,0][720,1600]}], requestedVisibilities=, from=com.android.server.wm.DisplayPolicy.finishPostLayoutPolicyLw:2527 com.android.server.wm.DisplayContent.applySurfaceChangesTransaction:5699 com.android.server.wm.RootWindowContainer.applySurfaceChangesTransaction:1234 
11-28 12:26:36.694  1737  1737 D NavigationBar: onSystemBarAttributesChanged() -  displayId:0, appearance:24, packageName: com.excell44.educam.debug (APPEARANCE_LIGHT_STATUS_BARS APPEARANCE_LIGHT_NAVIGATION_BARS ), navbarColorManagedByIme:false
11-28 12:26:36.698  1737  1737 D SamsungLightBarControlHelper: updateNavigation(Black button) isLightBar:false, hasLightBarNavigationBarFlag:true, packageName:com.excell44.educam.debug, DirectReplying:false, NavBarColorManagerdByIme:false, ForceDarkForScrim:false, QsCustomizing:false, PanelHasWhiteBg:true
11-28 12:26:36.702  1341  2976 V WindowManager: Changing focus from null to Window{5b0207e u0 com.excell44.educam.debug/com.excell44.educam.MainActivity} displayId=0 Callers=com.android.server.wm.RootWindowContainer.updateFocusedWindowLocked:595 com.android.server.wm.WindowManagerService.updateFocusedWindowLocked:6803 com.android.server.wm.WindowManagerService.relayoutWindow:2813 com.android.server.wm.Session.relayout:274 
11-28 12:26:36.702  1341  2976 D MARsPolicyManager: onPackageResumedFG pkgName = com.excell44.educam.debug, userId = 0
11-28 12:26:36.703  1341  2976 D StatusBarManagerService: notifyRequestedSystemKey recent=false home=false
11-28 12:26:36.708  1341  2976 V WindowManager: Relayout hash=5b0207e, pid=14731, syncId=-1: mAttrs={(0,0)(fillxfill) sim={adjust=pan forwardNavigation} layoutInDisplayCutoutMode=always ty=BASE_APPLICATION wanim=0x1030309
11-28 12:26:36.708  1341  2976 V WindowManager:   fl=81810100
11-28 12:26:36.708  1341  2976 V WindowManager:   pfl=16020040
11-28 12:26:36.708  1341  2976 V WindowManager:   vsysui=2110
11-28 12:26:36.708  1341  2976 V WindowManager:   apr=LIGHT_STATUS_BARS LIGHT_NAVIGATION_BARS
11-28 12:26:36.708  1341  2976 V WindowManager:   bhv=DEFAULT
11-28 12:26:36.708  1341  2976 V WindowManager:   fitSides= naviIconColor=0}
11-28 12:26:36.714  1737  1795 E IMGMapper: set:488 set: Unset optional value from type SMPTE2086
11-28 12:26:36.714  1737  1795 E IMGMapper: set:488 set: Unset optional value from type CTA861_3
11-28 12:26:36.717 14731 14731 I ViewRootImpl@4a720a7[MainActivity]: updateBlastSurfaceIfNeeded mBlastBufferQueue=null isSameSurfaceControl=false
11-28 12:26:36.718 14731 14731 D BufferQueueConsumer: [](id:398b00000000,api:0,p:-1,c:14731) connect: controlledByApp=false
11-28 12:26:36.721 14731 14731 I BLASTBufferQueue: new BLASTBufferQueue, mName= ViewRootImpl@4a720a7[MainActivity] mNativeObject= 0xb400007d9e50f080 sc.mNativeObject= 0xb400007da8d81960 caller= android.view.ViewRootImpl.updateBlastSurfaceIfNeeded:2909 android.view.ViewRootImpl.relayoutWindow:9847 android.view.ViewRootImpl.performTraversals:3884 android.view.ViewRootImpl.doTraversal:3116 android.view.ViewRootImpl$TraversalRunnable.run:10885 android.view.Choreographer$CallbackRecord.run:1301 android.view.Choreographer$CallbackRecord.run:1309 android.view.Choreographer.doCallbacks:923 android.view.Choreographer.doFrame:852 android.view.Choreographer$FrameDisplayEventReceiver.run:1283 
11-28 12:26:36.721 14731 14731 I BLASTBufferQueue: update, w= 720 h= 1600 mName = ViewRootImpl@4a720a7[MainActivity] mNativeObject= 0xb400007d9e50f080 sc.mNativeObject= 0xb400007da8d81960 format= -1 caller= android.graphics.BLASTBufferQueue.<init>:84 android.view.ViewRootImpl.updateBlastSurfaceIfNeeded:2909 android.view.ViewRootImpl.relayoutWindow:9847 android.view.ViewRootImpl.performTraversals:3884 android.view.ViewRootImpl.doTraversal:3116 android.view.ViewRootImpl$TraversalRunnable.run:10885 
11-28 12:26:36.724 14731 14731 E FBI     : Can't load library: dlopen failed: library "libmagtsync.so" not found
11-28 12:26:36.725 14731 14731 I ViewRootImpl@4a720a7[MainActivity]: Relayout returned: old=(0,0,720,1600) new=(0,0,720,1600) req=(720,1600)0 dur=33 res=0x3 s={true 0xb400007da328a800} ch=true seqId=0
11-28 12:26:36.729 14731 14731 I ViewRootImpl@4a720a7[MainActivity]: mThreadedRenderer.initialize() mSurface={isValid=true 0xb400007da328a800} hwInitialized=true
11-28 12:26:36.730  1737  1795 E IMGMapper: set:488 set: Unset optional value from type SMPTE2086
11-28 12:26:36.730  1737  1795 E IMGMapper: set:488 set: Unset optional value from type CTA861_3
11-28 12:26:36.731   766  1004 E HWComposer: getSupportedContentTypes: getSupportedContentTypes failed for display 0: Unsupported (8)
11-28 12:26:36.733  1011  1106 I Light   : light data = 22.000000 .
11-28 12:26:36.734  1091 25234 D AALLightSensor: oldLux=18 [SA:22 LA:20] newLux=18 (oriLux: 22)
11-28 12:26:36.734 14731 14751 D OpenGLRenderer: eglCreateWindowSurface
11-28 12:26:36.737   766   766 D SurfaceFlinger: [input] inputWindowCommands.focusRequests size is 1
11-28 12:26:36.740   766   963 D SurfaceFlinger: [input] setFocusedWindow: 5b0207e com.excell44.educam.debug/com.excell44.educam.MainActivity
11-28 12:26:36.741  1341  2978 D InputDispatcher: Focus request (0): 5b0207e com.excell44.educam.debug/com.excell44.educam.MainActivity but waiting because NOT_VISIBLE
11-28 12:26:36.745  1737  1795 E IMGMapper: set:488 set: Unset optional value from type SMPTE2086
11-28 12:26:36.745  1737  1795 E IMGMapper: set:488 set: Unset optional value from type CTA861_3
11-28 12:26:36.746   478  1391 I servicemanager: Could not find android.hardware.graphics.allocator.IAllocator/default in the VINTF manifest.
11-28 12:26:36.748 14731 14755 E ion     : ioctl c0044901 failed with code -1: Invalid argument
11-28 12:26:36.764  1737  1795 E IMGMapper: set:488 set: Unset optional value from type SMPTE2086
11-28 12:26:36.764  1737  1795 E IMGMapper: set:488 set: Unset optional value from type CTA861_3
11-28 12:26:36.780  1737  1795 E IMGMapper: set:488 set: Unset optional value from type SMPTE2086
11-28 12:26:36.780  1737  1795 E IMGMapper: set:488 set: Unset optional value from type CTA861_3
11-28 12:26:36.796  1737  1795 E IMGMapper: set:488 set: Unset optional value from type SMPTE2086
11-28 12:26:36.796  1737  1795 E IMGMapper: set:488 set: Unset optional value from type CTA861_3
11-28 12:26:36.802 14731 14731 I ViewRootImpl@4a720a7[MainActivity]: reportNextDraw android.view.ViewRootImpl.performTraversals:4438 android.view.ViewRootImpl.doTraversal:3116 android.view.ViewRootImpl$TraversalRunnable.run:10885 android.view.Choreographer$CallbackRecord.run:1301 android.view.Choreographer$CallbackRecord.run:1309 
11-28 12:26:36.802 14731 14731 I ViewRootImpl@4a720a7[MainActivity]: Setup new sync id=0
11-28 12:26:36.803 14731 14731 I ViewRootImpl@4a720a7[MainActivity]: Setting syncFrameCallback
11-28 12:26:36.803 14731 14731 I ViewRootImpl@4a720a7[MainActivity]: registerCallbacksForSync syncBuffer=false
11-28 12:26:36.812  1737  1795 E IMGMapper: set:488 set: Unset optional value from type SMPTE2086
11-28 12:26:36.813  1737  1795 E IMGMapper: set:488 set: Unset optional value from type CTA861_3
11-28 12:26:36.824  1341  1483 D SensorService: [SO] 1.548 0.849 9.624
11-28 12:26:36.829  1737  1795 E IMGMapper: set:488 set: Unset optional value from type SMPTE2086
11-28 12:26:36.829  1737  1795 E IMGMapper: set:488 set: Unset optional value from type CTA861_3
11-28 12:26:36.843 14731 14758 I ViewRootImpl@4a720a7[MainActivity]: Received frameDrawingCallback syncResult=0 frameNum=1.
11-28 12:26:36.843 14731 14758 I ViewRootImpl@4a720a7[MainActivity]: Setting up sync and frameCommitCallback
11-28 12:26:36.849  1737  1795 E IMGMapper: set:488 set: Unset optional value from type SMPTE2086
11-28 12:26:36.849  1737  1795 E IMGMapper: set:488 set: Unset optional value from type CTA861_3
