11-29 13:05:27.736   144   228 E IptablesRestoreController: COMMIT
11-29 13:05:27.736   144   228 E IptablesRestoreController: 
11-29 13:05:27.736   144   228 E IptablesRestoreController: -------  ERROR -------
11-29 13:05:27.736   144   228 E IptablesRestoreController: ip6tables-restore: line 3 failed
11-29 13:05:27.736   144   228 E IptablesRestoreController: ----------------------
11-29 13:05:27.737   144   226 E TrafficController: Failed to set the counterSet: Bad file descriptor, fd: -1
11-29 13:05:27.742   948  1178 D AppLovinSdk: [PersistentPostbackManager] Enqueued postback: PostbackRequest{uniqueId='a56b74ad-d50c-4872-af27-e4419208f832', communicatorRequestId='null', httpMethod='null', targetUrl='https://rt.applovin.com/4.0/pix', backupUrl='https://rt.applvn.com/4.0/pix', attemptNumber=0, isEncodingEnabled=true, isGzipBodyEncoding=false, isAllowedPreInitEvent=true, shouldFireInWebView=false}
11-29 13:05:27.743   948  1178 D AppLovinSdk: [PersistentPostbackManager] Preparing to submit postback: PostbackRequest{uniqueId='a56b74ad-d50c-4872-af27-e4419208f832', communicatorRequestId='null', httpMethod='null', targetUrl='https://rt.applovin.com/4.0/pix', backupUrl='https://rt.applvn.com/4.0/pix', attemptNumber=0, isEncodingEnabled=true, isGzipBodyEncoding=false, isAllowedPreInitEvent=true, shouldFireInWebView=false}
11-29 13:05:27.743   948  1178 D AppLovinSdk: [PersistentPostbackManager] Submitting postback: PostbackRequest{uniqueId='a56b74ad-d50c-4872-af27-e4419208f832', communicatorRequestId='null', httpMethod='null', targetUrl='https://rt.applovin.com/4.0/pix', backupUrl='https://rt.applvn.com/4.0/pix', attemptNumber=1, isEncodingEnabled=true, isGzipBodyEncoding=false, isAllowedPreInitEvent=true, shouldFireInWebView=false}
11-29 13:05:27.744   948  1178 I AppLovinSdk: [TaskRunnable:submitTrackEventPostback] OTHER queue finished task TaskRunnable:submitTrackEventPostback
11-29 13:05:27.748   948  1178 I AppLovinSdk: [ConnectionManager] Sending POST request to id=#904780740 "rt.applovin.com/4.0/pix"...
11-29 13:05:27.749   948  1178 I AppLovinSdk: [TaskDispatchPostback] OTHER queue finished task TaskDispatchPostback
11-29 13:05:27.759   948  1273 E EGL_adreno: tid 1273: eglSurfaceAttrib(1640): error 0x3009 (EGL_BAD_MATCH)
11-29 13:05:27.759   948  1273 W OpenGLRenderer: Failed to set EGL_SWAP_BEHAVIOR on surface 0xd190ce80, error=EGL_BAD_MATCH
11-29 13:05:27.779   948  1374 W AppLovinSdk: [NetworkCommunicationThread] Failed to make HTTP request
11-29 13:05:27.781   948  1179 E AppLovinSdk: [ConnectionManager] Failed POST returned -1009 in 0.03 s over wifi to #904780740 "rt.applovin.com/4.0/pix"
11-29 13:05:27.781   948  1179 E AppLovinSdk: [TaskRepeatRequest] Failed to dispatch postback. Error code: -1009 URL: https://rt.applovin.com/4.0/pix
11-29 13:05:27.781   948  1179 I AppLovinSdk: [PersistentPostbackManager] Failed to submit postback: PostbackRequest{uniqueId='a56b74ad-d50c-4872-af27-e4419208f832', communicatorRequestId='null', httpMethod='null', targetUrl='https://rt.applovin.com/4.0/pix', backupUrl='https://rt.applvn.com/4.0/pix', attemptNumber=1, isEncodingEnabled=true, isGzipBodyEncoding=false, isAllowedPreInitEvent=true, shouldFireInWebView=false} with error code: -1009; will retry later...
11-29 13:05:27.783   167   753 D gralloc_gmin: gralloc_alloc: Creating ashmem region of size 2363392
11-29 13:05:27.805   167   410 D gralloc_gmin: gralloc_alloc: Creating ashmem region of size 2363392
11-29 13:05:27.830   565   993 D         : HostConnection::get() New Host Connection established 0x7faba91de800, tid 993
11-29 13:05:27.909   167   882 W SurfaceFlinger: Attempting to set client state on removed layer: Surface(name=AppWindowToken{15886 token=Token{6189561 ActivityRecord{663a0c8 u0 com.microvirt.launcher2/com.microvirt.launcher.Launcher t2}}})/@0x3763de7 - animation-leash#0
11-29 13:05:27.910   167   882 W SurfaceFlinger: Attempting to destroy on removed layer: Surface(name=AppWindowToken{15886 token=Token{6189561 ActivityRecord{663a0c8 u0 com.microvirt.launcher2/com.microvirt.launcher.Launcher t2}}})/@0x3763de7 - animation-leash#0
11-29 13:05:28.013   167   753 W SurfaceFlinger: Attempting to set client state on removed layer: com.android.settings/com.android.settings.applications.InstalledAppDetails#0
11-29 13:05:28.013   167   753 W SurfaceFlinger: Attempting to destroy on removed layer: com.android.settings/com.android.settings.applications.InstalledAppDetails#0
11-29 13:05:28.027   167   882 W SurfaceFlinger: Attempting to destroy on removed layer: AppWindowToken{169dd6c token=Token{48a261f ActivityRecord{65e25be u0 com.android.settings/.applications.InstalledAppDetails t81}}}#0
11-29 13:05:28.027   167   882 W SurfaceFlinger: Attempting to destroy on removed layer: Task=81#0
11-29 13:05:28.053   415   979 I ConfigStore: android::hardware::configstore::V1_0::ISurfaceFlingerConfigs::hasWideColorDisplay retrieved: 0
11-29 13:05:28.053   415   979 I ConfigStore: android::hardware::configstore::V1_0::ISurfaceFlingerConfigs::hasHDRDisplay retrieved: 0
11-29 13:05:28.053   415   979 I OpenGLRenderer: Initialized EGL, version 1.4
11-29 13:05:28.053   415   979 D OpenGLRenderer: Swap behavior 1
11-29 13:05:28.054   415   979 E EGL_adreno: CreateContext rcMajorVersion:3, minorVersion:2
11-29 13:05:28.066   415   979 D EGL_adreno: eglCreateContext: 0x7fab9f43e2c0: maj 3 min 2 rcv 3
11-29 13:05:28.066   415   979 E EGL_adreno: [getAttribValue] Bad attribute idx
11-29 13:05:28.066   415   979 D EGL_adreno: eglGetConfigAttrib: bad attrib 0x3339
11-29 13:05:28.216   948  1273 E EGL_adreno: [getAttribValue] Bad attribute idx
11-29 13:05:28.216   948  1273 D EGL_adreno: eglGetConfigAttrib: bad attrib 0x3339
11-29 13:05:28.217   167   753 D gralloc_gmin: gralloc_alloc: Creating ashmem region of size 8192
11-29 13:05:28.221   167   753 I chatty  : uid=1000(system) Binder:167_4 identical 1 line
11-29 13:05:28.223   167   753 D gralloc_gmin: gralloc_alloc: Creating ashmem region of size 8192
11-29 13:05:28.233   948  1273 E EGL_adreno: tid 1273: eglSurfaceAttrib(1640): error 0x3009 (EGL_BAD_MATCH)
11-29 13:05:28.233   948  1273 W OpenGLRenderer: Failed to set EGL_SWAP_BEHAVIOR on surface 0xd2f97100, error=EGL_BAD_MATCH
11-29 13:05:28.263   948  1273 W OpenGLRenderer: Incorrectly called buildLayer on View: j2, destroying layer...
11-29 13:05:28.271   167   753 D gralloc_gmin: gralloc_alloc: Creating ashmem region of size 2363392
11-29 13:05:28.526   565   565 W StaticLayout: maxLineHeight should not be -1.  maxLines:1 lineCount:1
11-29 13:05:28.527   565   565 W StaticLayout: maxLineHeight should not be -1.  maxLines:1 lineCount:1
11-29 13:05:29.515   415  2693 I ActivityManager: START u0 {act=android.intent.action.MAIN cat=[android.intent.category.LAUNCHER] flg=0x10200000 cmp=com.excell44.educam.debug/com.excell44.educam.MainActivity bnds=[446,136][551,360]} from uid 10016
11-29 13:05:29.525   948   948 W Settings: Setting android_id has moved from android.provider.Settings.System to android.provider.Settings.Secure, returning read-only value.
11-29 13:05:29.535   948   948 D FirebaseSessions: App backgrounded on com.microvirt.launcher2
11-29 13:05:29.546   167   410 D gralloc_gmin: gralloc_alloc: Creating ashmem region of size 2363392
11-29 13:05:29.558  3458  3458 I Zygote  : seccomp disabled by setenforce 0
11-29 13:05:29.559  3458  3458 I 44.educam.debu: Late-enabling -Xcheck:jni
11-29 13:05:29.570   415   431 I ActivityManager: Start proc 3458:com.excell44.educam.debug/u0a90 for activity com.excell44.educam.debug/com.excell44.educam.MainActivity
11-29 13:05:29.594   167   410 D gralloc_gmin: gralloc_alloc: Creating ashmem region of size 2363392
11-29 13:05:29.720  3458  3458 W 44.educam.debu: Unexpected CPU variant for X86 using defaults: x86
11-29 13:05:29.771  1083  1988 E NetworkScheduler.ATC: Called cancelTask for already completed task com.google.android.gms/.measurement.PackageMeasurementTaskService{u=0 tag="Measurement.PackageMeasurementTaskService.UPLOAD_TASK_TAG" trigger=window{start=0s,end=1s,earliest=-33s,latest=-32s} requirements=[NET_CONNECTED] attributes=[PERSISTED] scheduled=-33s last_run=-33s exec_window_multiplier=1.0000 jid=N/A status=ACTIVE retries=0 client_lib=GMS_TASK_SCHEDULER-220920000} :1 [CONTEXT service_id=218 ]
11-29 13:05:29.790   144   226 E TrafficController: Failed to set the counterSet: Bad file descriptor, fd: -1
11-29 13:05:29.940   167   753 W SurfaceFlinger: Attempting to destroy on removed layer: 1a3f28e Sys2038:com.microvirt.launcher2/com.microvirt.launcher.Launcher#0
11-29 13:05:30.271  1083  1327 E NetworkScheduler.ATC: Called cancelTask for already completed task com.google.android.gms/.measurement.PackageMeasurementTaskService{u=0 tag="Measurement.PackageMeasurementTaskService.UPLOAD_TASK_TAG" trigger=window{start=0s,end=1s,earliest=-33s,latest=-32s} requirements=[NET_CONNECTED] attributes=[PERSISTED] scheduled=-33s last_run=-33s exec_window_multiplier=1.0000 jid=N/A status=ACTIVE retries=0 client_lib=GMS_TASK_SCHEDULER-220920000} :1 [CONTEXT service_id=218 ]
11-29 13:05:30.342  1083  1988 E NetworkScheduler.ATC: Called cancelTask for already completed task com.google.android.gms/.measurement.PackageMeasurementTaskService{u=0 tag="Measurement.PackageMeasurementTaskService.UPLOAD_TASK_TAG" trigger=window{start=0s,end=1s,earliest=-33s,latest=-32s} requirements=[NET_CONNECTED] attributes=[PERSISTED] scheduled=-33s last_run=-33s exec_window_multiplier=1.0000 jid=N/A status=ACTIVE retries=0 client_lib=GMS_TASK_SCHEDULER-220920000} :1 [CONTEXT service_id=218 ]
11-29 13:05:30.697  1083  1988 I NetworkScheduler.Stats: Task com.google.android.gms/com.google.android.gms.auth.account.be.legacy.AuthCronService started execution. cause:4 exec_start_elapsed_seconds: 164 [CONTEXT service_id=218 ]
11-29 13:05:30.727  1083  1327 I NetworkScheduler.Stats: Task com.google.android.gms/com.google.android.gms.auth.account.be.legacy.AuthCronService finished executing. cause:4 result: 1 elapsed_millis: 41 uptime_millis: 41 exec_start_elapsed_seconds: 164 [CONTEXT service_id=218 ]
11-29 13:05:30.732   415   641 D SntpClient: request time failed: java.net.UnknownHostException: Unable to resolve host "2.android.pool.ntp.org": No address associated with hostname
11-29 13:05:30.788  1083  1988 I NetworkScheduler.Stats: Task com.google.android.gms/com.google.android.gms.gcm.gmsproc.GcmInGmsTaskService started execution. cause:5 exec_start_elapsed_seconds: 164 [CONTEXT service_id=218 ]
11-29 13:05:30.797  1043  1221 I GCM-GMS : Registering GMS 745476177629
11-29 13:05:30.831  1083  1988 E GCM     : Missing checkin config file
11-29 13:05:30.831  1083  1988 W GCM     : GCM FAILED TO INITIALIZE - missing checkin
11-29 13:05:30.836  1043  1221 W GCM-GMS : Failed to get registration: java.io.IOException: AUTHENTICATION_FAILED
11-29 13:05:30.841  1083  1327 I NetworkScheduler.Stats: Task com.google.android.gms/com.google.android.gms.gcm.gmsproc.GcmInGmsTaskService finished executing. cause:5 result: 3 elapsed_millis: 71 uptime_millis: 71 exec_start_elapsed_seconds: 164 [CONTEXT service_id=218 ]
11-29 13:05:30.877  1083  1988 I NetworkScheduler.Stats: Task com.google.android.gms/com.google.android.gms.gcm.gmsproc.GcmInGmsTaskService started execution. cause:5 exec_start_elapsed_seconds: 165 [CONTEXT service_id=218 ]
11-29 13:05:30.878  1043  2946 I GCM-GMS : Registering GMS for direct boot.
11-29 13:05:30.927  1083  1988 E GCM     : Missing checkin config file
11-29 13:05:30.927  1083  1988 W GCM     : GCM FAILED TO INITIALIZE - missing checkin
11-29 13:05:30.935  1043  2946 W GCM-GMS : Failed to get direct boot token: java.io.IOException: AUTHENTICATION_FAILED
11-29 13:05:30.943  1083  1327 I NetworkScheduler.Stats: Task com.google.android.gms/com.google.android.gms.gcm.gmsproc.GcmInGmsTaskService finished executing. cause:5 result: 3 elapsed_millis: 77 uptime_millis: 77 exec_start_elapsed_seconds: 165 [CONTEXT service_id=218 ]
11-29 13:05:31.654   415   426 D WificondControl: Scan result ready event
11-29 13:05:31.699   948  2495 I FA      : Application backgrounded at: timestamp_millis: 1764392729695
11-29 13:05:34.250  3458  3458 D SessionsDependencies: Dependency to CRASHLYTICS added.
11-29 13:05:34.283  3458  3458 I FirebaseApp: Device unlocked: initializing all Firebase APIs for app [DEFAULT]
11-29 13:05:34.289  3458  3458 W 44.educam.debu: Accessing hidden method Landroid/content/Context;->getOpPackageName()Ljava/lang/String; (light greylist, linking)
11-29 13:05:34.329  3458  3501 W 44.educam.debu: Unsupported class loader
11-29 13:05:34.349  3458  3501 I DynamiteModule: Considering local module com.google.android.gms.measurement.dynamite:117 and remote module com.google.android.gms.measurement.dynamite:67
11-29 13:05:34.349  3458  3501 I DynamiteModule: Selected local version of com.google.android.gms.measurement.dynamite
11-29 13:05:34.452  3458  3458 D FirebaseSessions: Initializing Firebase Sessions SDK.
11-29 13:05:34.470  3458  3458 I FirebaseCrashlytics: Initializing Firebase Crashlytics 19.0.3 for com.excell44.educam.debug
11-29 13:05:34.512  3458  3503 I FA      : App measurement initialized, version: 97001
11-29 13:05:34.513  3458  3503 I FA      : To enable debug logging run: adb shell setprop log.tag.FA VERBOSE
11-29 13:05:34.516  3458  3503 I FA      : To enable faster debug mode event logging run:
11-29 13:05:34.516  3458  3503 I FA      :   adb shell setprop debug.firebase.analytics.app com.excell44.educam.debug
11-29 13:05:34.530  3458  3458 D SessionsDependencies: Subscriber CRASHLYTICS registered.
11-29 13:05:34.555  3458  3458 E FirebaseCrashlytics: .
11-29 13:05:34.555  3458  3458 E FirebaseCrashlytics: .     |  | 
11-29 13:05:34.555  3458  3458 E FirebaseCrashlytics: .     |  |
11-29 13:05:34.555  3458  3458 E FirebaseCrashlytics: .     |  |
11-29 13:05:34.556  3458  3458 E FirebaseCrashlytics: .   \ |  | /
11-29 13:05:34.556  3458  3458 E FirebaseCrashlytics: .    \    /
11-29 13:05:34.556  3458  3458 E FirebaseCrashlytics: .     \  /
11-29 13:05:34.556  3458  3458 E FirebaseCrashlytics: .      \/
11-29 13:05:34.556  3458  3458 E FirebaseCrashlytics: .
11-29 13:05:34.556  3458  3458 E FirebaseCrashlytics: The Crashlytics build ID is missing. This occurs when the Crashlytics Gradle plugin is missing from your app's build configuration. Please review the Firebase Crashlytics onboarding instructions at https://firebase.google.com/docs/crashlytics/get-started?platform=android#add-plugin
11-29 13:05:34.556  3458  3458 E FirebaseCrashlytics: .
11-29 13:05:34.556  3458  3458 E FirebaseCrashlytics: .      /\
11-29 13:05:34.556  3458  3458 E FirebaseCrashlytics: .     /  \
11-29 13:05:34.556  3458  3458 E FirebaseCrashlytics: .    /    \
11-29 13:05:34.556  3458  3458 E FirebaseCrashlytics: .   / |  | \
11-29 13:05:34.556  3458  3458 E FirebaseCrashlytics: .     |  |
11-29 13:05:34.556  3458  3458 I chatty  : uid=10090(com.excell44.educam.debug) identical 1 line
11-29 13:05:34.556  3458  3458 E FirebaseCrashlytics: .     |  |
11-29 13:05:34.556  3458  3458 E FirebaseCrashlytics: .
11-29 13:05:34.558  3458  3458 D AndroidRuntime: Shutting down VM
11-29 13:05:34.568  3458  3458 E AndroidRuntime: FATAL EXCEPTION: main
11-29 13:05:34.568  3458  3458 E AndroidRuntime: Process: com.excell44.educam.debug, PID: 3458
11-29 13:05:34.568  3458  3458 E AndroidRuntime: java.lang.RuntimeException: Unable to get provider com.google.firebase.provider.FirebaseInitProvider: java.lang.IllegalStateException: The Crashlytics build ID is missing. This occurs when the Crashlytics Gradle plugin is missing from your app's build configuration. Please review the Firebase Crashlytics onboarding instructions at https://firebase.google.com/docs/crashlytics/get-started?platform=android#add-plugin
11-29 13:05:34.568  3458  3458 E AndroidRuntime: 	at android.app.ActivityThread.installProvider(ActivityThread.java:6396)
11-29 13:05:34.568  3458  3458 E AndroidRuntime: 	at android.app.ActivityThread.installContentProviders(ActivityThread.java:5938)
11-29 13:05:34.568  3458  3458 E AndroidRuntime: 	at android.app.ActivityThread.handleBindApplication(ActivityThread.java:5853)
11-29 13:05:34.568  3458  3458 E AndroidRuntime: 	at android.app.ActivityThread.access$1100(ActivityThread.java:199)
11-29 13:05:34.568  3458  3458 E AndroidRuntime: 	at android.app.ActivityThread$H.handleMessage(ActivityThread.java:1650)
11-29 13:05:34.568  3458  3458 E AndroidRuntime: 	at android.os.Handler.dispatchMessage(Handler.java:106)
11-29 13:05:34.568  3458  3458 E AndroidRuntime: 	at android.os.Looper.loop(Looper.java:193)
11-29 13:05:34.568  3458  3458 E AndroidRuntime: 	at android.app.ActivityThread.main(ActivityThread.java:6669)
11-29 13:05:34.568  3458  3458 E AndroidRuntime: 	at java.lang.reflect.Method.invoke(Native Method)
11-29 13:05:34.568  3458  3458 E AndroidRuntime: 	at com.android.internal.os.RuntimeInit$MethodAndArgsCaller.run(RuntimeInit.java:493)
11-29 13:05:34.568  3458  3458 E AndroidRuntime: 	at com.android.internal.os.ZygoteInit.main(ZygoteInit.java:858)
11-29 13:05:34.568  3458  3458 E AndroidRuntime: Caused by: java.lang.IllegalStateException: The Crashlytics build ID is missing. This occurs when the Crashlytics Gradle plugin is missing from your app's build configuration. Please review the Firebase Crashlytics onboarding instructions at https://firebase.google.com/docs/crashlytics/get-started?platform=android#add-plugin
11-29 13:05:34.568  3458  3458 E AndroidRuntime: 	at com.google.firebase.crashlytics.internal.common.CrashlyticsCore.onPreExecute(CrashlyticsCore.java:145)
11-29 13:05:34.568  3458  3458 E AndroidRuntime: 	at com.google.firebase.crashlytics.FirebaseCrashlytics.init(FirebaseCrashlytics.java:179)
11-29 13:05:34.568  3458  3458 E AndroidRuntime: 	at com.google.firebase.crashlytics.CrashlyticsRegistrar.buildCrashlytics(CrashlyticsRegistrar.java:72)
11-29 13:05:34.568  3458  3458 E AndroidRuntime: 	at com.google.firebase.crashlytics.CrashlyticsRegistrar.$r8$lambda$XFR966Xtld0zGICMasGRYAhWin4(Unknown Source:0)
11-29 13:05:34.568  3458  3458 E AndroidRuntime: 	at com.google.firebase.crashlytics.CrashlyticsRegistrar$$ExternalSyntheticLambda0.create(D8$$SyntheticClass:0)
11-29 13:05:34.568  3458  3458 E AndroidRuntime: 	at com.google.firebase.tracing.ComponentMonitor.lambda$processRegistrar$0(ComponentMonitor.java:38)
11-29 13:05:34.568  3458  3458 E AndroidRuntime: 	at com.google.firebase.tracing.ComponentMonitor$$ExternalSyntheticLambda0.create(D8$$SyntheticClass:0)
11-29 13:05:34.568  3458  3458 E AndroidRuntime: 	at com.google.firebase.components.ComponentRuntime.lambda$discoverComponents$0$com-google-firebase-components-ComponentRuntime(ComponentRuntime.java:160)
11-29 13:05:34.568  3458  3458 E AndroidRuntime: 	at com.google.firebase.components.ComponentRuntime$$ExternalSyntheticLambda2.get(D8$$SyntheticClass:0)
11-29 13:05:34.568  3458  3458 E AndroidRuntime: 	at com.google.firebase.components.Lazy.get(Lazy.java:53)
11-29 13:05:34.568  3458  3458 E AndroidRuntime: 	at com.google.firebase.components.ComponentRuntime.doInitializeEagerComponents(ComponentRuntime.java:322)
11-29 13:05:34.568  3458  3458 E AndroidRuntime: 	at com.google.firebase.components.ComponentRuntime.initializeEagerComponents(ComponentRuntime.java:312)
11-29 13:05:34.568  3458  3458 E AndroidRuntime: 	at com.google.firebase.FirebaseApp.initializeAllApis(FirebaseApp.java:607)
11-29 13:05:34.568  3458  3458 E AndroidRuntime: 	at com.google.firebase.FirebaseApp.initializeApp(FirebaseApp.java:300)
11-29 13:05:34.568  3458  3458 E AndroidRuntime: 	at com.google.firebase.FirebaseApp.initializeApp(FirebaseApp.java:264)
11-29 13:05:34.568  3458  3458 E AndroidRuntime: 	at com.google.firebase.FirebaseApp.initializeApp(FirebaseApp.java:249)
11-29 13:05:34.568  3458  3458 E AndroidRuntime: 	at com.google.firebase.provider.FirebaseInitProvider.onCreate(FirebaseInitProvider.java:69)
11-29 13:05:34.568  3458  3458 E AndroidRuntime: 	at android.content.ContentProvider.attachInfo(ContentProvider.java:1919)
11-29 13:05:34.568  3458  3458 E AndroidRuntime: 	at android.content.ContentProvider.attachInfo(ContentProvider.java:1894)
11-29 13:05:34.568  3458  3458 E AndroidRuntime: 	at com.google.firebase.provider.FirebaseInitProvider.attachInfo(FirebaseInitProvider.java:61)
11-29 13:05:34.568  3458  3458 E AndroidRuntime: 	at android.app.ActivityThread.installProvider(ActivityThread.java:6391)
11-29 13:05:34.568  3458  3458 E AndroidRuntime: 	... 10 more
11-29 13:05:34.584   415   426 W ActivityManager:   Force finishing activity com.excell44.educam.debug/com.excell44.educam.MainActivity
11-29 13:05:34.589   415   430 I ActivityManager: Showing crash dialog for package com.excell44.educam.debug u0
11-29 13:05:34.596   415   429 W BroadcastQueue: Background execution not allowed: receiving Intent { act=android.intent.action.DROPBOX_ENTRY_ADDED flg=0x10 (has extras) } to com.google.android.gms/.stats.service.DropBoxEntryAddedReceiver
11-29 13:05:34.689   902   902 E xytools : crash_event: EduCam, com.excell44.educam.debug, 1.0, crashTypecrash
11-29 13:05:34.695  3458  3513 D NetworkSecurityConfig: No Network Security Config specified, using platform default
11-29 13:05:34.713   415   424 I system_server: Background concurrent copying GC freed 58875(3MB) AllocSpace objects, 73(2MB) LOS objects, 42% free, 8MB/14MB, paused 121us total 105.995ms
11-29 13:05:34.755   415   430 W Looper  : Slow dispatch took 168ms android.ui h=com.android.server.am.ActivityManagerService$UiHandler c=null m=1
11-29 13:05:34.766  3458  3513 E FirebaseCrashlytics: Settings request failed.
11-29 13:05:34.785   167   243 D gralloc_gmin: gralloc_alloc: Creating ashmem region of size 782336
11-29 13:05:34.786   415   979 E EGL_adreno: [getAttribValue] Bad attribute idx
11-29 13:05:34.786   415   979 D EGL_adreno: eglGetConfigAttrib: bad attrib 0x3339
11-29 13:05:34.798   167   243 D gralloc_gmin: gralloc_alloc: Creating ashmem region of size 782336
11-29 13:05:34.813   167   243 D gralloc_gmin: gralloc_alloc: Creating ashmem region of size 782336
11-29 13:05:34.827   415   979 E EGL_adreno: tid 979: eglSurfaceAttrib(1640): error 0x3009 (EGL_BAD_MATCH)
11-29 13:05:34.827   415   979 W OpenGLRenderer: Failed to set EGL_SWAP_BEHAVIOR on surface 0x7fab9fe91080, error=EGL_BAD_MATCH
11-29 13:05:34.827   415   979 D gralloc_gmin: gralloc_alloc: Creating ashmem region of size 593920
11-29 13:05:34.845   565   993 E ndroid.systemu: No package ID ff found for ID 0xffffffff.
11-29 13:05:34.846   565   993 E IconLoader: Could not find icon drawable from resource
11-29 13:05:34.846   565   993 E IconLoader: android.content.res.Resources$NotFoundException: Resource ID #0xffffffff
11-29 13:05:34.846   565   993 E IconLoader: 	at android.content.res.ResourcesImpl.getValueForDensity(ResourcesImpl.java:225)
11-29 13:05:34.846   565   993 E IconLoader: 	at android.content.res.Resources.getDrawableForDensity(Resources.java:887)
11-29 13:05:34.846   565   993 E IconLoader: 	at android.content.res.Resources.getDrawable(Resources.java:827)
11-29 13:05:34.846   565   993 E IconLoader: 	at com.android.systemui.shared.recents.model.IconLoader.createNewIconForTask(IconLoader.java:118)
11-29 13:05:34.846   565   993 E IconLoader: 	at com.android.systemui.shared.recents.model.IconLoader.getAndInvalidateIfModified(IconLoader.java:94)
11-29 13:05:34.846   565   993 E IconLoader: 	at com.android.systemui.shared.recents.model.RecentsTaskLoader.getAndUpdateActivityIcon(RecentsTaskLoader.java:325)
11-29 13:05:34.846   565   993 E IconLoader: 	at com.android.systemui.shared.recents.model.RecentsTaskLoadPlan.executePlan(RecentsTaskLoadPlan.java:188)
11-29 13:05:34.846   565   993 E IconLoader: 	at com.android.systemui.shared.recents.model.RecentsTaskLoader.loadTasks(RecentsTaskLoader.java:173)
11-29 13:05:34.846   565   993 E IconLoader: 	at com.android.systemui.recents.RecentsImpl$TaskStackListenerImpl.onTaskStackChangedBackground(RecentsImpl.java:184)
11-29 13:05:34.846   565   993 E IconLoader: 	at com.android.systemui.shared.system.TaskStackChangeListeners.onTaskStackChanged(TaskStackChangeListeners.java:80)
11-29 13:05:34.846   565   993 E IconLoader: 	at android.app.ITaskStackListener$Stub.onTransact(ITaskStackListener.java:50)
11-29 13:05:34.846   565   993 E IconLoader: 	at android.os.Binder.execTransact(Binder.java:731)
11-29 13:05:34.847  3458  3508 W InstallationId: Error getting authentication token.
11-29 13:05:34.847  3458  3508 W InstallationId: com.google.firebase.installations.FirebaseInstallationsException: Firebase Installations Service is unavailable. Please try again later.
11-29 13:05:34.847  3458  3508 W InstallationId: 	at com.google.firebase.installations.remote.FirebaseInstallationServiceClient.createFirebaseInstallation(FirebaseInstallationServiceClient.java:209)
11-29 13:05:34.847  3458  3508 W InstallationId: 	at com.google.firebase.installations.FirebaseInstallations.registerFidWithServer(FirebaseInstallations.java:533)
11-29 13:05:34.847  3458  3508 W InstallationId: 	at com.google.firebase.installations.FirebaseInstallations.doNetworkCallIfNecessary(FirebaseInstallations.java:387)
11-29 13:05:34.847  3458  3508 W InstallationId: 	at com.google.firebase.installations.FirebaseInstallations.lambda$doRegistrationOrRefresh$3$com-google-firebase-installations-FirebaseInstallations(FirebaseInstallations.java:372)
11-29 13:05:34.847  3458  3508 W InstallationId: 	at com.google.firebase.installations.FirebaseInstallations$$ExternalSyntheticLambda1.run(D8$$SyntheticClass:0)
11-29 13:05:34.847  3458  3508 W InstallationId: 	at com.google.firebase.concurrent.SequentialExecutor$1.run(SequentialExecutor.java:117)
11-29 13:05:34.847  3458  3508 W InstallationId: 	at com.google.firebase.concurrent.SequentialExecutor$QueueWorker.workOnQueue(SequentialExecutor.java:229)
11-29 13:05:34.847  3458  3508 W InstallationId: 	at com.google.firebase.concurrent.SequentialExecutor$QueueWorker.run(SequentialExecutor.java:174)
11-29 13:05:34.847  3458  3508 W InstallationId: 	at java.util.concurrent.ThreadPoolExecutor.runWorker(ThreadPoolExecutor.java:1167)
11-29 13:05:34.847  3458  3508 W InstallationId: 	at java.util.concurrent.ThreadPoolExecutor$Worker.run(ThreadPoolExecutor.java:641)
11-29 13:05:34.847  3458  3508 W InstallationId: 	at com.google.firebase.concurrent.CustomThreadFactory.lambda$newThread$0$com-google-firebase-concurrent-CustomThreadFactory(CustomThreadFactory.java:47)
11-29 13:05:34.847  3458  3508 W InstallationId: 	at com.google.firebase.concurrent.CustomThreadFactory$$ExternalSyntheticLambda0.run(D8$$SyntheticClass:0)
11-29 13:05:34.847  3458  3508 W InstallationId: 	at java.lang.Thread.run(Thread.java:764)
11-29 13:05:34.863  3458  3515 D SessionConfigFetcher: Fetching settings from server.
11-29 13:05:34.876  3458  3537 E SessionConfigFetcher: Error failing to fetch the remote configs: Unable to resolve host "firebase-settings.crashlytics.com": No address associated with hostname
11-29 13:05:34.885  3458  3508 D LifecycleServiceBinder: Binding service to application.
11-29 13:05:35.087   415   429 W ActivityManager: Activity pause timeout for ActivityRecord{e0c4aa8 u0 com.excell44.educam.debug/com.excell44.educam.MainActivity t82 f}
11-29 13:05:35.124   948  1273 E EGL_adreno: [getAttribValue] Bad attribute idx
11-29 13:05:35.124   948  1273 D EGL_adreno: eglGetConfigAttrib: bad attrib 0x3339
11-29 13:05:35.126   167   410 D gralloc_gmin: gralloc_alloc: Creating ashmem region of size 2363392
11-29 13:05:35.127   948   948 D FirebaseSessions: App foregrounded on com.microvirt.launcher2
11-29 13:05:35.129   948   948 I onReceive: mBindOnResumeCallbacks:0
11-29 13:05:35.165   948  3549 W System.err: java.net.UnknownHostException: Unable to resolve host "www.microvirt.com": No address associated with hostname
11-29 13:05:35.165   948  3549 W System.err: 	at java.net.Inet6AddressImpl.lookupHostByName(Inet6AddressImpl.java:157)
11-29 13:05:35.165   948  3549 W System.err: 	at java.net.Inet6AddressImpl.lookupAllHostAddr(Inet6AddressImpl.java:105)
11-29 13:05:35.165   948  3549 W System.err: 	at java.net.InetAddress.getAllByName(InetAddress.java:1154)
11-29 13:05:35.165   948  3549 W System.err: 	at okhttp3.Dns.lambda$static$0(Unknown Source:2)
11-29 13:05:35.165   948  3549 W System.err: 	at okhttp3.Dns.a(Unknown Source:0)
11-29 13:05:35.165   948  3549 W System.err: 	at okhttp3.c.lookup(Unknown Source:0)
11-29 13:05:35.165   948  3549 W System.err: 	at okhttp3.internal.connection.RouteSelector.resetNextInetSocketAddress(Unknown Source:129)
11-29 13:05:35.165   948  3549 W System.err: 	at okhttp3.internal.connection.RouteSelector.nextProxy(Unknown Source:20)
11-29 13:05:35.165   948  3549 W System.err: 	at okhttp3.internal.connection.RouteSelector.next(Unknown Source:17)
11-29 13:05:35.165   948  3549 W System.err: 	at okhttp3.internal.connection.ExchangeFinder.findConnection(Unknown Source:129)
11-29 13:05:35.165   948  3549 W System.err: 	at okhttp3.internal.connection.ExchangeFinder.findHealthyConnection(Unknown Source:0)
11-29 13:05:35.165   948  3549 W System.err: 	at okhttp3.internal.connection.ExchangeFinder.find(Unknown Source:22)
11-29 13:05:35.165   948  3549 W System.err: 	at okhttp3.internal.connection.Transmitter.newExchange(Unknown Source:16)
11-29 13:05:35.165   948  3549 W System.err: 	at okhttp3.internal.connection.ConnectInterceptor.intercept(Unknown Source:23)
11-29 13:05:35.166   948  3549 W System.err: 	at okhttp3.internal.http.RealInterceptorChain.proceed(SourceFile:10)
11-29 13:05:35.166   948  3549 W System.err: 	at okhttp3.internal.http.RealInterceptorChain.proceed(SourceFile:1)
11-29 13:05:35.166   948  3549 W System.err: 	at okhttp3.internal.cache.CacheInterceptor.intercept(Unknown Source:132)
11-29 13:05:35.166   948  3549 W System.err: 	at okhttp3.internal.http.RealInterceptorChain.proceed(SourceFile:10)
11-29 13:05:35.166   948  3549 W System.err: 	at okhttp3.internal.http.RealInterceptorChain.proceed(SourceFile:1)
11-29 13:05:35.166   948  3549 W System.err: 	at okhttp3.internal.http.BridgeInterceptor.intercept(Unknown Source:161)
11-29 13:05:35.166   948  3549 W System.err: 	at okhttp3.internal.http.RealInterceptorChain.proceed(SourceFile:10)
11-29 13:05:35.166   948  3549 W System.err: 	at okhttp3.internal.http.RetryAndFollowUpInterceptor.intercept(Unknown Source:23)
11-29 13:05:35.166   948  3549 W System.err: 	at okhttp3.internal.http.RealInterceptorChain.proceed(SourceFile:10)
11-29 13:05:35.166   948  3549 W System.err: 	at okhttp3.internal.http.RealInterceptorChain.proceed(SourceFile:1)
11-29 13:05:35.166   948  3549 W System.err: 	at p4.c$a.intercept(Unknown Source:99)
11-29 13:05:35.166   948  3549 W System.err: 	at okhttp3.internal.http.RealInterceptorChain.proceed(SourceFile:10)
11-29 13:05:35.166   948  3549 W System.err: 	at okhttp3.internal.http.RealInterceptorChain.proceed(SourceFile:1)
11-29 13:05:35.166   948  3549 W System.err: 	at okhttp3.RealCall.getResponseWithInterceptorChain(Unknown Source:120)
11-29 13:05:35.166   948  3549 W System.err: 	at okhttp3.RealCall.getResponseWithInterceptorChainP(Unknown Source:0)
11-29 13:05:35.166   948  3549 W System.err: 	at okhttp3.OkHttpOkHttp3Extension.okhttp3RealCall_getResponseWithInterceptorChain(OkHttpSourceFile:27)
11-29 13:05:35.166   948  3549 W System.err: 	at okhttp3.RealCall.execute(Unknown Source:28)
11-29 13:05:35.166   948  3549 W System.err: 	at retrofit2.OkHttpCall.execute(Unknown Source:20)
11-29 13:05:35.166   948  3549 W System.err: 	at retrofit2.DefaultCallAdapterFactory$ExecutorCallbackCall.execute(Unknown Source:2)
11-29 13:05:35.166   948  3549 W System.err: 	at p4.d.h(Unknown Source:22)
11-29 13:05:35.166   948  3549 W System.err: 	at com.microvirt.launcher.search.XYSearch.v(Unknown Source:0)
11-29 13:05:35.166   948  3549 W System.err: 	at com.microvirt.launcher.search.XYSearch.d(Unknown Source:0)
11-29 13:05:35.166   948  3549 W System.err: 	at u4.k.run(Unknown Source:2)
11-29 13:05:35.166   948  3549 W System.err: 	at java.lang.Thread.run(Thread.java:764)
11-29 13:05:35.166   948  3549 W System.err: Caused by: android.system.GaiException: android_getaddrinfo failed: EAI_NODATA (No address associated with hostname)
11-29 13:05:35.166   948  3549 W System.err: 	at libcore.io.Linux.android_getaddrinfo(Native Method)
11-29 13:05:35.166   948  3549 W System.err: 	at libcore.io.BlockGuardOs.android_getaddrinfo(BlockGuardOs.java:172)
11-29 13:05:35.166   948  3549 W System.err: 	at java.net.Inet6AddressImpl.lookupHostByName(Inet6AddressImpl.java:137)
11-29 13:05:35.166   948  3549 W System.err: 	... 37 more
11-29 13:05:35.198   415   430 W Looper  : Slow dispatch took 380ms android.ui h=android.view.Choreographer$FrameHandler c=android.view.Choreographer$FrameDisplayEventReceiver@a05bd5b m=0
11-29 13:05:35.201   415   430 W Looper  : Slow delivery took 343ms android.ui h=android.view.Choreographer$FrameHandler c=android.view.Choreographer$FrameDisplayEventReceiver@a05bd5b m=0
11-29 13:05:35.204   415   430 W Looper  : Drained
11-29 13:05:35.208   948  1273 E EGL_adreno: tid 1273: eglSurfaceAttrib(1640): error 0x3009 (EGL_BAD_MATCH)
11-29 13:05:35.208   948  1273 W OpenGLRenderer: Failed to set EGL_SWAP_BEHAVIOR on surface 0xd190ce80, error=EGL_BAD_MATCH
11-29 13:05:35.232   167   243 D gralloc_gmin: gralloc_alloc: Creating ashmem region of size 2363392
11-29 13:05:35.259   144   226 E TrafficController: Failed to delete the counterSet: Bad file descriptor
11-29 13:05:35.356   167   410 D gralloc_gmin: gralloc_alloc: Creating ashmem region of size 8192
11-29 13:05:35.356   948  1273 E EGL_adreno: [getAttribValue] Bad attribute idx
11-29 13:05:35.356   948  1273 D EGL_adreno: eglGetConfigAttrib: bad attrib 0x3339
11-29 13:05:35.359   167   410 D gralloc_gmin: gralloc_alloc: Creating ashmem region of size 8192
11-29 13:05:35.362   167   410 D gralloc_gmin: gralloc_alloc: Creating ashmem region of size 8192
11-29 13:05:35.375   948  1273 E EGL_adreno: tid 1273: eglSurfaceAttrib(1640): error 0x3009 (EGL_BAD_MATCH)
11-29 13:05:35.376   948  1273 W OpenGLRenderer: Failed to set EGL_SWAP_BEHAVIOR on surface 0xf33793c0, error=EGL_BAD_MATCH
11-29 13:05:35.577   565   565 W StaticLayout: maxLineHeight should not be -1.  maxLines:1 lineCount:1
11-29 13:05:35.577   565   565 W StaticLayout: maxLineHeight should not be -1.  maxLines:1 lineCount:1
11-29 13:05:35.663   948  1273 W OpenGLRenderer: Incorrectly called buildLayer on View: j2, destroying layer...
11-29 13:05:35.667   167   882 D gralloc_gmin: gralloc_alloc: Creating ashmem region of size 2363392
11-29 13:05:36.246   144   202 E Netd    : Failed to dump IPv4 sockets struct tcp_info: No such file or directory
11-29 13:05:36.246   144   202 E TcpSocketMonitor: Failed to poll TCP socket info: No such file or directory
11-29 13:05:37.687   415   426 W ActivityManager:   Force finishing activity com.excell44.educam.debug/com.excell44.educam.MainActivity
11-29 13:05:37.694   167   882 W SurfaceFlinger: Attempting to destroy on removed layer: AppWindowToken{a1fc566 token=Token{feb29c1 ActivityRecord{e0c4aa8 u0 com.excell44.educam.debug/com.excell44.educam.MainActivity t82}}}#0
11-29 13:05:37.697   415   426 I ActivityManager: Killing 3458:com.excell44.educam.debug/u0a90 (adj 0): crash
11-29 13:05:37.701   415   432 W libprocessgroup: kill(-3458, 9) failed: No such process
11-29 13:05:37.740   415   432 W libprocessgroup: kill(-3458, 9) failed: No such process
11-29 13:05:37.740   415   432 I libprocessgroup: Successfully killed process cgroup uid 10090 pid 3458 in 39ms
11-29 13:05:37.750   146   146 I Zygote  : Process 3458 exited due to signal (9)
11-29 13:05:37.828   167   882 W SurfaceFlinger: Attempting to destroy on removed layer: f56e47b Application Error: com.excell44.educam.debug#0
11-29 13:05:45.249  1043  1043 D BoundBrokerSvc: onUnbind: Intent { act=com.google.android.gms.measurement.START pkg=com.google.android.gms }
11-29 13:05:45.269   144   228 W IptablesRestoreController: iptables-restore process 3586 terminated status=256
11-29 13:05:45.276   144   228 W IptablesRestoreController: iptables-restore process 3592 terminated status=256
11-29 13:05:45.276   144   228 E IptablesRestoreController: iptables error:
11-29 13:05:45.276   144   228 E IptablesRestoreController: ------- COMMAND -------
11-29 13:05:45.276   144   228 E IptablesRestoreController: *filter
11-29 13:05:45.276   144   228 E IptablesRestoreController: -I bw_happy_box -m owner --uid-owner 10041 --jump RETURN
11-29 13:05:45.276   144   228 E IptablesRestoreController: COMMIT
11-29 13:05:45.276   144   228 E IptablesRestoreController: 
11-29 13:05:45.276   144   228 E IptablesRestoreController: -------  ERROR -------
11-29 13:05:45.276   144   228 E IptablesRestoreController: ip6tables-restore: line 3 failed
11-29 13:05:45.276   144   228 E IptablesRestoreController: ----------------------
11-29 13:05:45.277   144   226 E TrafficController: Failed to delete the counterSet: Bad file descriptor
11-29 13:06:00.800  1083  1988 I NetworkScheduler.Stats: Task com.google.android.gms/com.google.android.gms.auth.account.be.legacy.AuthCronService started execution. cause:4 exec_start_elapsed_seconds: 194 [CONTEXT service_id=218 ]
11-29 13:06:00.813  1083  1988 I NetworkScheduler.Stats: Task com.google.android.gms/com.google.android.gms.auth.account.be.legacy.AuthCronService finished executing. cause:4 result: 1 elapsed_millis: 35 uptime_millis: 35 exec_start_elapsed_seconds: 194 [CONTEXT service_id=218 ]
11-29 13:06:06.247   144   202 E Netd    : Failed to dump IPv4 sockets struct tcp_info: No such file or directory
11-29 13:06:06.247   144   202 E TcpSocketMonitor: Failed to poll TCP socket info: No such file or directory
11-29 13:06:10.461   144   998 W DnsTlsSocket: SSL_connect error 5, errno=111
11-29 13:06:10.461   144   998 E DnsTlsSocket: Failed to increment eventfd by -9223372036854775808
11-29 13:06:10.467   415   525 E ConnectivityService: Can't set TCP buffer sizes:java.io.FileNotFoundException: /sys/kernel/ipv4/tcp_rmem_min (No such file or directory)
11-29 13:06:23.999  1083  3711 W ddrm    : [{0}] Failed to resolve name. status={1}
11-29 13:06:30.890   415   641 D SntpClient: request time failed: java.net.UnknownHostException: Unable to resolve host "2.android.pool.ntp.org": No address associated with hostname
11-29 13:06:30.899  1083  1988 I NetworkScheduler.Stats: Task com.google.android.gms/com.google.android.gms.auth.account.be.legacy.AuthCronService started execution. cause:4 exec_start_elapsed_seconds: 225 [CONTEXT service_id=218 ]
11-29 13:06:30.910  1083  1988 I NetworkScheduler.Stats: Task com.google.android.gms/com.google.android.gms.auth.account.be.legacy.AuthCronService finished executing. cause:4 result: 1 elapsed_millis: 30 uptime_millis: 30 exec_start_elapsed_seconds: 225 [CONTEXT service_id=218 ]
11-29 13:06:36.249   144   202 E Netd    : Failed to dump IPv4 sockets struct tcp_info: No such file or directory
11-29 13:06:36.249   144   202 E TcpSocketMonitor: Failed to poll TCP socket info: No such file or directory
11-29 13:07:00.974  1083  2896 I NetworkScheduler.Stats: Task com.google.android.gms/com.google.android.gms.auth.account.be.legacy.AuthCronService started execution. cause:4 exec_start_elapsed_seconds: 255 [CONTEXT service_id=218 ]
11-29 13:07:00.982  1083  2896 I NetworkScheduler.Stats: Task com.google.android.gms/com.google.android.gms.auth.account.be.legacy.AuthCronService finished executing. cause:4 result: 1 elapsed_millis: 30 uptime_millis: 30 exec_start_elapsed_seconds: 255 [CONTEXT service_id=218 ]
11-29 13:07:06.277   144   202 E Netd    : Failed to dump IPv4 sockets struct tcp_info: No such file or directory
11-29 13:07:06.277   144   202 E TcpSocketMonitor: Failed to poll TCP socket info: No such file or directory
11-29 13:07:25.230  1083  2896 E GCM     : Missing checkin config file
11-29 13:07:25.231  1083  2896 W GCM     : GCM FAILED TO INITIALIZE - missing checkin
11-29 13:07:25.231  1083  2896 E WakeLock: GCM_HB_ALARM release without a matched acquire!
11-29 13:07:25.231  1083  2896 W WakeLock: GCM_HB_ALARM counter does not exist
11-29 13:07:25.235  1083  2896 E GCM     : Missing checkin config file
11-29 13:07:25.235  1083  2896 W GCM     : GCM FAILED TO INITIALIZE - missing checkin
11-29 13:07:25.235  1083  2896 E WakeLock: GCM_HB_ALARM release without a matched acquire!
11-29 13:07:25.235  1083  2896 W WakeLock: GCM_HB_ALARM counter does not exist
11-29 13:07:25.236   415   525 D ConnectivityService: reportNetworkConnectivity(100, false) by 10041
11-29 13:07:25.236   415   989 D NetworkMonitor/NetworkAgentInfo [WIFI () - 100]: Forcing reevaluation for UID 10041
11-29 13:07:25.236   415   989 D NetworkMonitor/NetworkAgentInfo [WIFI () - 100]: Validation disabled.
11-29 13:07:25.237   415   525 D ConnectivityService: NetworkAgentInfo [WIFI () - 100] validation passed
11-29 13:07:36.281   144   202 E Netd    : Failed to dump IPv4 sockets struct tcp_info: No such file or directory
11-29 13:07:36.281   144   202 E TcpSocketMonitor: Failed to poll TCP socket info: No such file or directory
11-29 13:07:38.727  1083  1327 I NetworkScheduler.Stats: Task com.google.android.gms/com.google.android.gms.auth.account.be.legacy.AuthCronService started execution. cause:4 exec_start_elapsed_seconds: 292 [CONTEXT service_id=218 ]
11-29 13:07:38.730  1083  1988 I NetworkScheduler.Stats: Task com.google.android.gms/com.google.android.gms.auth.account.be.legacy.AuthCronService finished executing. cause:4 result: 1 elapsed_millis: 42 uptime_millis: 42 exec_start_elapsed_seconds: 292 [CONTEXT service_id=218 ]
11-29 13:07:38.762  1083  1327 I NetworkScheduler.Stats: Task com.google.android.gms/com.google.android.gms.gcm.gmsproc.GcmInGmsTaskService started execution. cause:5 exec_start_elapsed_seconds: 292 [CONTEXT service_id=218 ]
11-29 13:07:38.762  1043  1221 I GCM-GMS : Registering GMS 745476177629
11-29 13:07:38.771  1083  1327 E GCM     : Missing checkin config file
11-29 13:07:38.771  1083  1327 W GCM     : GCM FAILED TO INITIALIZE - missing checkin
11-29 13:07:38.773  1043  1221 W GCM-GMS : Failed to get registration: java.io.IOException: AUTHENTICATION_FAILED
11-29 13:07:38.776  1083  1988 I NetworkScheduler.Stats: Task com.google.android.gms/com.google.android.gms.gcm.gmsproc.GcmInGmsTaskService finished executing. cause:5 result: 3 elapsed_millis: 21 uptime_millis: 21 exec_start_elapsed_seconds: 292 [CONTEXT service_id=218 ]
11-29 13:07:38.799  1043  2946 I GCM-GMS : Registering GMS for direct boot.
11-29 13:07:38.799  1083  1327 I NetworkScheduler.Stats: Task com.google.android.gms/com.google.android.gms.gcm.gmsproc.GcmInGmsTaskService started execution. cause:5 exec_start_elapsed_seconds: 293 [CONTEXT service_id=218 ]
11-29 13:07:38.810  1083  1327 E GCM     : Missing checkin config file
11-29 13:07:38.810  1083  1327 W GCM     : GCM FAILED TO INITIALIZE - missing checkin
11-29 13:07:38.812  1043  2946 W GCM-GMS : Failed to get direct boot token: java.io.IOException: AUTHENTICATION_FAILED
11-29 13:07:38.815  1083  1988 I NetworkScheduler.Stats: Task com.google.android.gms/com.google.android.gms.gcm.gmsproc.GcmInGmsTaskService finished executing. cause:5 result: 3 elapsed_millis: 24 uptime_millis: 24 exec_start_elapsed_seconds: 293 [CONTEXT service_id=218 ]
11-29 13:07:39.454   415  2108 D WificondControl: Scan result ready event
11-29 13:07:50.884  1083  1988 I GMS_MM_Logger: Memory Metric Logging not allowed. Stopping.
11-29 13:07:52.514  1759  3990 I GMS_MM_Logger: Memory Metric Logging not allowed. Stopping.
11-29 13:08:03.288  1043  2946 I GMS_MM_Logger: Memory Metric Logging not allowed. Stopping.
11-29 13:08:06.283   144   202 E Netd    : Failed to dump IPv4 sockets struct tcp_info: No such file or directory
11-29 13:08:06.283   144   202 E TcpSocketMonitor: Failed to poll TCP socket info: No such file or directory
11-29 13:08:06.655   415  4038 D SntpClient: request time failed: java.net.UnknownHostException: Unable to resolve host "2.android.pool.ntp.org": No address associated with hostname
11-29 13:08:06.655   415  4038 E NtpTimeHelper: requestTime failed
11-29 13:08:08.754  1083  1978 W NetworkScheduler: Error inserting period=3620000 preferred_charging_state=1 preferred_network_type=1 target_class=com.google.android.gms.measurement.PackageMeasurementTaskService required_network_type=0 runtime=1764392696613 required_idleness_state=0 source=16 service_kind=0 target_package=com.google.android.gms persistence_level=1 source_version=220920000 last_runtime=0 user_id=0 job_id=-1 requires_charging=0 tag=Measurement.PackageMeasurementTaskService.UPLOAD_TASK_TAG flex_time=1809000 task_type=0 retry_strategy={"maximum_backoff_seconds":{"3600":0},"initial_backoff_seconds":{"30":0},"retry_policy":{"0":0}}, error message: UNIQUE constraint failed: pending_ops.tag, pending_ops.target_class, pending_ops.target_package, pending_ops.user_id (code 2067 SQLITE_CONSTRAINT_UNIQUE) [CONTEXT service_id=218 ]
11-29 13:08:08.813  1083  1327 I NetworkScheduler.Stats: Task com.google.android.gms/com.google.android.gms.auth.account.be.legacy.AuthCronService started execution. cause:4 exec_start_elapsed_seconds: 323 [CONTEXT service_id=218 ]
11-29 13:08:08.822  1083  1327 I NetworkScheduler.Stats: Task com.google.android.gms/com.google.android.gms.auth.account.be.legacy.AuthCronService finished executing. cause:4 result: 1 elapsed_millis: 34 uptime_millis: 34 exec_start_elapsed_seconds: 323 [CONTEXT service_id=218 ]
11-29 13:08:09.049   128   128 W hwservicemanager: getTransport: Cannot find entry android.hardware.memtrack@1.0::IMemtrack/default in either framework or device manifest.
11-29 13:08:09.379   128   128 W hwservicemanager: getTransport: Cannot find entry android.hardware.memtrack@1.0::IMemtrack/default in either framework or device manifest.
11-29 13:08:19.647  1574  1695 I PlayCommon: [73] adgc.k(22): Preparing logs for uploading
11-29 13:08:19.656  1574  1695 I PlayCommon: [73] adgc.k(135): Connecting to server for timestamp: https://play.googleapis.com/play/log/timestamp
11-29 13:08:19.680  1574  1695 E PlayCommon: [73] adgc.k(136): Failed to connect to server for server timestamp: java.net.UnknownHostException: Unable to resolve host "play.googleapis.com": No address associated with hostname
11-29 13:08:19.684  1574  1695 W PlayCommon: [73] adgc.m(1): No account for auth token provided
11-29 13:08:19.685  1574  1695 I PlayCommon: [73] adgc.k(169): Connecting to server: https://play.googleapis.com/play/log?format=raw&proto_v2=true
11-29 13:08:19.688  1574  1695 E PlayCommon: [73] adgc.k(175): Failed to connect to server for log upload.
11-29 13:08:20.054  1083  4082 W ddrm    : [{0}] Failed to resolve name. status={1}
11-29 13:08:21.589   128   128 W hwservicemanager: getTransport: Cannot find entry android.hardware.memtrack@1.0::IMemtrack/default in either framework or device manifest.
11-29 13:08:36.294   144   202 E Netd    : Failed to dump IPv4 sockets struct tcp_info: No such file or directory
11-29 13:08:36.294   144   202 E TcpSocketMonitor: Failed to poll TCP socket info: No such file or directory
11-29 13:08:38.916  1083  1327 I NetworkScheduler.Stats: Task com.google.android.gms/com.google.android.gms.auth.account.be.legacy.AuthCronService started execution. cause:4 exec_start_elapsed_seconds: 353 [CONTEXT service_id=218 ]
11-29 13:08:38.928  1083  1327 I NetworkScheduler.Stats: Task com.google.android.gms/com.google.android.gms.auth.account.be.legacy.AuthCronService finished executing. cause:4 result: 1 elapsed_millis: 41 uptime_millis: 41 exec_start_elapsed_seconds: 353 [CONTEXT service_id=218 ]
11-29 13:09:06.297   144   202 E Netd    : Failed to dump IPv4 sockets struct tcp_info: No such file or directory
11-29 13:09:06.297   144   202 E TcpSocketMonitor: Failed to poll TCP socket info: No such file or directory
11-29 13:09:08.994  1083  1988 I NetworkScheduler.Stats: Task com.google.android.gms/com.google.android.gms.auth.account.be.legacy.AuthCronService started execution. cause:4 exec_start_elapsed_seconds: 383 [CONTEXT service_id=218 ]
11-29 13:09:09.001  1083  1327 I NetworkScheduler.Stats: Task com.google.android.gms/com.google.android.gms.auth.account.be.legacy.AuthCronService finished executing. cause:4 result: 1 elapsed_millis: 47 uptime_millis: 47 exec_start_elapsed_seconds: 383 [CONTEXT service_id=218 ]
11-29 13:09:36.395   144   202 E Netd    : Failed to dump IPv4 sockets struct tcp_info: No such file or directory
11-29 13:09:36.395   144   202 E TcpSocketMonitor: Failed to poll TCP socket info: No such file or directory
11-29 13:09:39.112  1083  1988 I NetworkScheduler.Stats: Task com.google.android.gms/com.google.android.gms.auth.account.be.legacy.AuthCronService started execution. cause:4 exec_start_elapsed_seconds: 413 [CONTEXT service_id=218 ]
11-29 13:09:39.117  1083  1988 I NetworkScheduler.Stats: Task com.google.android.gms/com.google.android.gms.auth.account.be.legacy.AuthCronService finished executing. cause:4 result: 1 elapsed_millis: 28 uptime_millis: 28 exec_start_elapsed_seconds: 413 [CONTEXT service_id=218 ]
11-29 13:10:06.396   144   202 E Netd    : Failed to dump IPv4 sockets struct tcp_info: No such file or directory
11-29 13:10:06.396   144   202 E TcpSocketMonitor: Failed to poll TCP socket info: No such file or directory
11-29 13:10:12.467   144   998 W DnsTlsSocket: SSL_connect error 5, errno=111
11-29 13:10:12.467   144   998 E DnsTlsSocket: Failed to increment eventfd by -9223372036854775808
11-29 13:10:12.469   415   525 E ConnectivityService: Can't set TCP buffer sizes:java.io.FileNotFoundException: /sys/kernel/ipv4/tcp_rmem_min (No such file or directory)
11-29 13:10:14.247  1083  4449 W ddrm    : [{0}] Failed to resolve name. status={1}
11-29 13:10:18.672   948  1115 I TRuntime.CctTransportBackend: Making request to: https://firebaselogging-pa.googleapis.com/v1/firelog/legacy/batchlog
