11-28 12:47:05.077 21370 21412 I ImsSim1Manager: [D] checkVoiceNetwork voice network : 2
11-28 12:47:05.078  1341  3016 I LocationAccessPolicy: checkLocationPermission - callingUid: 10050, callingPid: 28135, resultForFine: DENIED_HARD
11-28 12:47:05.078  1341  3016 I LocationAccessPolicy: checkLocationPermission - callingUid: 10050, callingPid: 28135, resultForCoarse: DENIED_HARD
11-28 12:47:05.079  1018  1018 I thermal_repeater: socket -1
11-28 12:47:05.080  1341  1633 V SemWifiBackOff.5G: checkAndSetup nrFrequencyRange=0 / prevNrFrequencyRange=0
11-28 12:47:05.080  2011  2195 I PdnController: isWifiConnected: [type: WIFI[], state: CONNECTED/CONNECTED, reason: (unspecified), extra: , failover: false, available: true, roaming: false]
11-28 12:47:05.080  1341  1633 V SemWifiBackOff.5G: restore back off mode, current: [NONE]
11-28 12:47:05.080  2011  2195 I RegiMgr-Handler<0>: onDataConnectionStateChanged(): networkType [EDGE], isWifiConnected [true]
11-28 12:47:05.081  1341  3016 W ContextImpl: Calling a method in the system process without a qualified user: android.app.ContextImpl.sendBroadcastMultiplePermissions:1285 com.android.server.TelephonyRegistry.broadcastServiceStateChanged:3123 com.android.server.TelephonyRegistry.notifyServiceStateForPhoneId:1630 com.android.internal.telephony.ITelephonyRegistry$Stub.onTransact:499 android.os.Binder.execTransactInternal:1321 
11-28 12:47:05.082  1341  3016 W ContextImpl: Calling a method in the system process without a qualified user: android.app.ContextImpl.sendBroadcastMultiplePermissions:1335 android.content.Context.sendBroadcastMultiplePermissions:2276 com.android.server.TelephonyRegistry.broadcastServiceStateChanged:3127 com.android.server.TelephonyRegistry.notifyServiceStateForPhoneId:1630 com.android.internal.telephony.ITelephonyRegistry$Stub.onTransact:499 
11-28 12:47:05.083  1737  1862 D MobileSignalController(0/5): notifyListener: enabled=true, connected=true, dataConnected=false, networkType=LTE (4G), emergencyOnly=false, roaming=false, isDefault=false, dataActivity=, level=4, ca=false, mmWave=false, disabledDataIcon=false, simCard=ETC
11-28 12:47:05.084  2011  2195 I PdnController: isWifiConnected: [type: WIFI[], state: CONNECTED/CONNECTED, reason: (unspecified), extra: , failover: false, available: true, roaming: false]
11-28 12:47:05.084  2011  2195 I ImsCallSessionManager: onDataConnectionStateChanged(): networkType [EDGE]isWifiConnected [true], phoneId [0]
11-28 12:47:05.085  2011  2195 I PhoneStateTracker<0>: notifySnapshotState: snapshotState=0 old=0
11-28 12:47:05.085  2011  2195 I RegiMgr-Handler: handleMessage: EVENT_NETWORK_TYPE
11-28 12:47:05.085  2011  2195 I RegiMgr-NetEvtCtr<0>: onNetworkChanged: suspendByIrat=false
11-28 12:47:05.085  2011  2195 I NetworkState: setAllCellInfo : Cleared by null set !!!!
11-28 12:47:05.086  1737  1737 D MultiSIMController: onReceive() - action = android.intent.action.SERVICE_STATE
11-28 12:47:05.086  1737  1737 D Tile.AirplaneModeTile: onReceive android.intent.action.SERVICE_STATE
11-28 12:47:05.086  1341  1378 W BroadcastQueue: Permission Denial: receiving Intent { act=android.intent.action.SERVICE_STATE flg=0x1000010 (has extras) } to com.google.android.cellbroadcastreceiver/com.android.cellbroadcastreceiver.CellBroadcastReceiver requires android.permission.READ_PHONE_STATE due to sender android (uid 1001)
11-28 12:47:05.086  1737  1737 D KeyguardUpdateMonitor: received broadcast android.intent.action.SERVICE_STATE
11-28 12:47:05.087  1737  1862 D NetworkController: ServiceState from intent slotId=0
11-28 12:47:05.087  1737  1737 V KeyguardUpdateMonitor: action android.intent.action.SERVICE_STATE serviceState={mVoiceRegState=0(IN_SERVICE), mDataRegState=0(IN_SERVICE), mChannelNumber=88, duplexMode()=0, mCellBandwidths=[], mOperatorAlphaLong=Orange, mOperatorAlphaShort=Orange, isManualNetworkSelection=false(automatic), getRilVoiceRadioTechnology=2(EDGE), getRilDataRadioTechnology=2(EDGE), mCssIndicator=unsupported, mNetworkId=*1, mSystemId=*1, mCdmaRoamingIndicator=-1, mCdmaDefaultRoamingIndicator=-1, VoiceRegType=0, Snap=0, MobileData=IN_SERVICE, MobileDataRoamingType=home, MobileDataRat=EDGE, PsOnly=false, FemtocellInd=0, SprDisplayRoam=false, OptRadioTech=0, MsimSubmode=0, mIsEmergencyOnly=false, isUsingCarrierAggregation=false, mArfcnRsrpBoost=0, mNetworkRegistrationInfos=[NetworkRegistrationInfo{ domain=CS transportType=WWAN registrationState=HOME roamingType=NOT_ROAMING accessNetworkTechnology=EDGE rejectCause=0 emergencyEnabled=false availableServices=[VOICE,SMS,VIDEO] cellIdentity=CellIdentityGsm:{ mLac=2***2 mCid=*3 mArfcn=88 mBsic=0x16 mMcc=624 mMnc=02 mAlphaLong=OrangeCaresAboutYou mAlphaShort=Be Safe mAdditionalPlmns={}} voiceSpecificInfo=VoiceSpecificRegistrationInfo { mCssSupported=false mRoamingIndicator=0 mSystemIsInPrl=0 mDefaultRoamingIndicator=0} dataSpecificInfo=null nrState=**** rRplmn=62402 isUsingCarrierAggregation=false}, NetworkRegistrationInfo{ domain=PS transportType=WWAN registrationState=HOME roamingType=NOT_ROAMING accessNetworkTechnology=EDGE rejectCause=0 emergencyEnabled=false availableServices=[DATA] cellIdentity=CellIdentityGsm:{ mLac=2***2 mCid=*3 mArfcn=88 mBsic=0x16 mMcc=624 mMnc=02 mAlphaLong=OrangeCaresAboutYou mAlphaShort=Be Safe mAdditionalPlmns={}} voiceSpecificInfo=null dataSpecificInfo=android.telephony.DataSpecificRegistrationInfo :{ maxDataCalls = 16 isDcNrRestricted = false isNrAvailable = false isEnDcAvailable = false LteVopsSupportInfo :  mVopsSupport = 1 mEmcBearerSupport = 1 } nrState=**** rRplmn=62402 isUsingCarrierAggregation=false}], mNrFrequencyRange=0, mOperatorAlphaLongRaw=OrangeCaresAboutYou, mOperatorAlphaShortRaw=Be Safe, mIsDataRoamingFromRegistration=false, mIsIwlanPreferred=false} subId=5
11-28 12:47:05.087  1737  1737 D MultiSIMController: MESSAGE_UPDATE_SERVICE_STATE
11-28 12:47:05.088  1341  1341 D SemWifiService: received: android.intent.action.SERVICE_STATE
11-28 12:47:05.088  1341  1378 W BroadcastQueue: Appop Denial: receiving Intent { act=android.intent.action.SERVICE_STATE flg=0x1000010 (has extras) } to ProcessRecord{c757401 1341:system/1000} (pid=1341, uid=1000) excludes appop android:read_phone_state due to sender android (uid 1001)
11-28 12:47:05.088  1341  3016 W ContextImpl: Calling a method in the system process without a qualified user: android.app.ContextImpl.sendBroadcastMultiplePermissions:1335 android.content.Context.sendBroadcastMultiplePermissions:2276 com.android.server.TelephonyRegistry.broadcastServiceStateChanged:3134 com.android.server.TelephonyRegistry.notifyServiceStateForPhoneId:1630 com.android.internal.telephony.ITelephonyRegistry$Stub.onTransact:499 
11-28 12:47:05.088  2011  2195 I RegiMgr-NetEvtCtr<0>: onNetworkEventChanged:Changed Event: Network type(13=>16), Voice network(13=>2)
11-28 12:47:05.089  2011  2195 I SmsServiceModule: regInfo: null
11-28 12:47:05.089  1341  1378 W BroadcastQueue: Appop Denial: receiving Intent { act=android.intent.action.SERVICE_STATE flg=0x1000010 (has extras) } to ProcessRecord{8536172 1737:com.android.systemui/u0a44} (pid=1737, uid=10044) excludes appop android:read_phone_state due to sender android (uid 1001)
11-28 12:47:05.089  2011  2195 I SmsServiceModule: disallow sms Service
11-28 12:47:05.089  2011  2195 I SmsServiceModule: Sms Service queryCapabilityStatus[0]: removeCapabilities CAPABILITY_TYPE_SMS
11-28 12:47:05.089  2011  2195 E CmcServiceHelper: disallow Call Service
11-28 12:47:05.089  2011  2195 E CmcServiceHelper: disallow Call Service
11-28 12:47:05.089  2011  2195 I UtServiceModule<0>: isUtEnabled with policy : CS_ALWAYS enabled = false
11-28 12:47:05.089  1737  1862 D NetworkController: IsPowerOffServiceState is false: 0
11-28 12:47:05.089  1737  1862 D Tile.AirplaneModeTile:  handleUpdateState: airplane mode is disabled : enter mSetting.getValue() == 0 mIsWiFiOnlyDevice false isNoSimState false !isPowerOffServiceState true
11-28 12:47:05.089  1737  1862 D Tile.AirplaneModeTile:  handleUpdateState:  value = false, state = 1
11-28 12:47:05.089  2011  2195 I SimManager: getRilSimOperator: ETC
11-28 12:47:05.089  2011  2195 I SimManager<0>: hasIsim: [false]
11-28 12:47:05.090  2011  2195 I SimManager: mSimState:LOADED, mIsimLoaded:false, hasIsim():false
11-28 12:47:05.090  1341  1378 W BroadcastQueue: Appop Denial: receiving Intent { act=android.intent.action.SERVICE_STATE flg=0x1000010 (has extras) } to ProcessRecord{8829cd8 1711:com.android.phone/1001} (pid=1711, uid=1001) excludes appop android:read_phone_state due to sender android (uid 1001)
11-28 12:47:05.090  2011  2195 I SimManager: getRilSimOperator: ETC
11-28 12:47:05.090  2011  2195 I SimManager<0>: hasIsim: [false]
11-28 12:47:05.090  1341  1378 W BroadcastQueue: Appop Denial: receiving Intent { act=android.intent.action.SERVICE_STATE flg=0x1000010 (has extras) } to ProcessRecord{c757401 1341:system/1000} (pid=1341, uid=1000) excludes appop android:read_phone_state due to sender android (uid 1001)
11-28 12:47:05.090  2011  2195 I RegiMgr-NetEvtCtr<0>: onNetworkEventChanged: tryRegister by phoneID
11-28 12:47:05.090  2011  2195 I RegiMgr<0>: tryRegister:
11-28 12:47:05.090  2011  2195 I GeolocationCon: handleMessage : what = SERVICE_STATE_CHANGED
11-28 12:47:05.090  1341  1378 W BroadcastQueue: Permission Denial: receiving Intent { act=android.intent.action.SERVICE_STATE flg=0x1000010 (has extras) } to com.google.android.cellbroadcastreceiver/com.android.cellbroadcastreceiver.CellBroadcastReceiver requires android.permission.ACCESS_FINE_LOCATION due to sender android (uid 1001)
11-28 12:47:05.091  2011  2195 I GeolocationCon: profile is null
11-28 12:47:05.092  1341  3016 W ContextImpl: Calling a method in the system process without a qualified user: android.app.ContextImpl.sendBroadcastMultiplePermissions:1335 android.content.Context.sendBroadcastMultiplePermissions:2276 com.android.server.TelephonyRegistry.broadcastServiceStateChanged:3138 com.android.server.TelephonyRegistry.notifyServiceStateForPhoneId:1630 com.android.internal.telephony.ITelephonyRegistry$Stub.onTransact:499 
11-28 12:47:05.093  2011  2195 I GeolocationCon<0>: onNetworkCountryIsoChanged: mCountryIso = cm, iso = cm
11-28 12:47:05.093  2011  2195 I RegiMgr-Handler: handleMessage: EVENT_DO_PENDING_UPDATE_REGISTRATION
11-28 12:47:05.093  1341  1378 W BroadcastQueue: Appop Denial: receiving Intent { act=android.intent.action.SERVICE_STATE flg=0x1000010 (has extras) } to ProcessRecord{c757401 1341:system/1000} (pid=1341, uid=1000) excludes appop android:fine_location due to sender android (uid 1001)
11-28 12:47:05.094  1711  1711 D ServiceStateProvider: subId=5
11-28 12:47:05.094  1341  1378 W BroadcastQueue: Appop Denial: receiving Intent { act=android.intent.action.SERVICE_STATE flg=0x1000010 (has extras) } to ProcessRecord{8536172 1737:com.android.systemui/u0a44} (pid=1737, uid=10044) excludes appop android:fine_location due to sender android (uid 1001)
11-28 12:47:05.095  1341  1378 W BroadcastQueue: Appop Denial: receiving Intent { act=android.intent.action.SERVICE_STATE flg=0x1000010 (has extras) } to ProcessRecord{8829cd8 1711:com.android.phone/1001} (pid=1711, uid=1001) excludes appop android:fine_location due to sender android (uid 1001)
11-28 12:47:05.095  1341  1378 W BroadcastQueue: Appop Denial: receiving Intent { act=android.intent.action.SERVICE_STATE flg=0x1000010 (has extras) } to ProcessRecord{c757401 1341:system/1000} (pid=1341, uid=1000) excludes appop android:fine_location due to sender android (uid 1001)
11-28 12:47:05.095  1341  1378 W BroadcastQueue: Appop Denial: receiving Intent { act=android.intent.action.SERVICE_STATE flg=0x1000010 (has extras) } to ProcessRecord{c757401 1341:system/1000} (pid=1341, uid=1000) excludes appop android:read_phone_state due to sender android (uid 1001)
11-28 12:47:05.096  1341  1378 W BroadcastQueue: Appop Denial: receiving Intent { act=android.intent.action.SERVICE_STATE flg=0x1000010 (has extras) } to ProcessRecord{8536172 1737:com.android.systemui/u0a44} (pid=1737, uid=10044) excludes appop android:read_phone_state due to sender android (uid 1001)
11-28 12:47:05.096  1341  1378 W BroadcastQueue: Appop Denial: receiving Intent { act=android.intent.action.SERVICE_STATE flg=0x1000010 (has extras) } to ProcessRecord{8829cd8 1711:com.android.phone/1001} (pid=1711, uid=1001) excludes appop android:read_phone_state due to sender android (uid 1001)
11-28 12:47:05.096  1341  1378 W BroadcastQueue: Appop Denial: receiving Intent { act=android.intent.action.SERVICE_STATE flg=0x1000010 (has extras) } to ProcessRecord{c757401 1341:system/1000} (pid=1341, uid=1000) excludes appop android:read_phone_state due to sender android (uid 1001)
11-28 12:47:05.097  1341  1378 W BroadcastQueue: Permission Denial: receiving Intent { act=android.intent.action.SERVICE_STATE flg=0x1000010 (has extras) } to com.google.android.cellbroadcastreceiver/com.android.cellbroadcastreceiver.CellBroadcastReceiver requires android.permission.READ_PHONE_STATE due to sender android (uid 1001)
11-28 12:47:05.099  1737  1737 D KeyguardUpdateMonitor: handleServiceStateChange(subId=5, serviceState={mVoiceRegState=0(IN_SERVICE), mDataRegState=0(IN_SERVICE), mChannelNumber=88, duplexMode()=0, mCellBandwidths=[], mOperatorAlphaLong=Orange, mOperatorAlphaShort=Orange, isManualNetworkSelection=false(automatic), getRilVoiceRadioTechnology=2(EDGE), getRilDataRadioTechnology=2(EDGE), mCssIndicator=unsupported, mNetworkId=*1, mSystemId=*1, mCdmaRoamingIndicator=-1, mCdmaDefaultRoamingIndicator=-1, VoiceRegType=0, Snap=0, MobileData=IN_SERVICE, MobileDataRoamingType=home, MobileDataRat=EDGE, PsOnly=false, FemtocellInd=0, SprDisplayRoam=false, OptRadioTech=0, MsimSubmode=0, mIsEmergencyOnly=false, isUsingCarrierAggregation=false, mArfcnRsrpBoost=0, mNetworkRegistrationInfos=[NetworkRegistrationInfo{ domain=CS transportType=WWAN registrationState=HOME roamingType=NOT_ROAMING accessNetworkTechnology=EDGE rejectCause=0 emergencyEnabled=false availableServices=[VOICE,SMS,VIDEO] cellIdentity=CellIdentityGsm:{ mLac=2***2 mCid=*3 mArfcn=88 mBsic=0x16 mMcc=624 mMnc=02 mAlphaLong=OrangeCaresAboutYou mAlphaShort=Be Safe mAdditionalPlmns={}} voiceSpecificInfo=VoiceSpecificRegistrationInfo { mCssSupported=false mRoamingIndicator=0 mSystemIsInPrl=0 mDefaultRoamingIndicator=0} dataSpecificInfo=null nrState=**** rRplmn=62402 isUsingCarrierAggregation=false}, NetworkRegistrationInfo{ domain=PS transportType=WWAN registrationState=HOME roamingType=NOT_ROAMING accessNetworkTechnology=EDGE rejectCause=0 emergencyEnabled=false availableServices=[DATA] cellIdentity=CellIdentityGsm:{ mLac=2***2 mCid=*3 mArfcn=88 mBsic=0x16 mMcc=624 mMnc=02 mAlphaLong=OrangeCaresAboutYou mAlphaShort=Be Safe mAdditionalPlmns={}} voiceSpecificInfo=null dataSpecificInfo=android.telephony.DataSpecificRegistrationInfo :{ maxDataCalls = 16 isDcNrRestricted = false isNrAvailable = false isEnDcAvailable = false LteVopsSupportInfo :  mVopsSupport = 1 mEmcBearerSupport = 1 } nrState=**** rRplmn=62402 isUsingCarrierAggregation=false}], mNrFrequencyRange=0, mOperatorAlphaLongRaw=OrangeCaresAboutYou, mOperatorAlphaShortRaw=Be Safe, mIsDataRoamingFromRegistration=false, mIsIwlanPreferred=false}
11-28 12:47:05.099  1737  1737 D CarrierTextController: onRefreshCarrierInfo(), mTelephonyCapable: true
11-28 12:47:05.099  1737  1737 D CarrierTextController: updateCarrierText(): 2
11-28 12:47:05.099  1737  1737 D CarrierTextController: Handling (subId=5): 5 Orange
11-28 12:47:05.099  1737  1737 D CarrierTextController: carrierTextForSimState = Orange
11-28 12:47:05.100  1737  1737 D CarrierTextController: SIM ready and in service: subId=5, ss={mVoiceRegState=0(IN_SERVICE), mDataRegState=0(IN_SERVICE), mChannelNumber=88, duplexMode()=0, mCellBandwidths=[], mOperatorAlphaLong=Orange, mOperatorAlphaShort=Orange, isManualNetworkSelection=false(automatic), getRilVoiceRadioTechnology=2(EDGE), getRilDataRadioTechnology=2(EDGE), mCssIndicator=unsupported, mNetworkId=*1, mSystemId=*1, mCdmaRoamingIndicator=-1, mCdmaDefaultRoamingIndicator=-1, VoiceRegType=0, Snap=0, MobileData=IN_SERVICE, MobileDataRoamingType=home, MobileDataRat=EDGE, PsOnly=false, FemtocellInd=0, SprDisplayRoam=false, OptRadioTech=0, MsimSubmode=0, mIsEmergencyOnly=false, isUsingCarrierAggregation=false, mArfcnRsrpBoost=0, mNetworkRegistrationInfos=[NetworkRegistrationInfo{ domain=CS transportType=WWAN registrationState=HOME roamingType=NOT_ROAMING accessNetworkTechnology=EDGE rejectCause=0 emergencyEnabled=false availableServices=[VOICE,SMS,VIDEO] cellIdentity=CellIdentityGsm:{ mLac=2***2 mCid=*3 mArfcn=88 mBsic=0x16 mMcc=624 mMnc=02 mAlphaLong=OrangeCaresAboutYou mAlphaShort=Be Safe mAdditionalPlmns={}} voiceSpecificInfo=VoiceSpecificRegistrationInfo { mCssSupported=false mRoamingIndicator=0 mSystemIsInPrl=0 mDefaultRoamingIndicator=0} dataSpecificInfo=null nrState=**** rRplmn=62402 isUsingCarrierAggregation=false}, NetworkRegistrationInfo{ domain=PS transportType=WWAN registrationState=HOME roamingType=NOT_ROAMING accessNetworkTechnology=EDGE rejectCause=0 emergencyEnabled=false availableServices=[DATA] cellIdentity=CellIdentityGsm:{ mLac=2***2 mCid=*3 mArfcn=88 mBsic=0x16 mMcc=624 mMnc=02 mAlphaLong=OrangeCaresAboutYou mAlphaShort=Be Safe mAdditionalPlmns={}} voiceSpecificInfo=null dataSpecificInfo=android.telephony.DataSpecificRegistrationInfo :{ maxDataCalls = 16 isDcNrRestricted = false isNrAvailable = false isEnDcAvailable = false LteVopsSupportInfo :  mVopsSupport = 1 mEmcBearerSupport = 1 } nrState=**** rRplmn=62402 isUsingCarrierAggregation=false}], mNrFrequencyRange=0, mOperatorAlphaLongRaw=OrangeCaresAboutYou, mOperatorAlphaShortRaw=Be Safe, mIsDataRoamingFromRegistration=false, mIsIwlanPreferred=false}
11-28 12:47:05.100  1737  1737 D CarrierTextController: Handling (subId=4): 5 Orange CM
11-28 12:47:05.100  1737  1737 D CarrierTextController: carrierTextForSimState = Orange CM
11-28 12:47:05.101  1737  1737 D CarrierTextController: SIM ready and in service: subId=4, ss={mVoiceRegState=0(IN_SERVICE), mDataRegState=0(IN_SERVICE), mChannelNumber=1300, duplexMode()=1, mCellBandwidths=[], mOperatorAlphaLong=OrangeCaresAboutYou, mOperatorAlphaShort=Be Safe, isManualNetworkSelection=false(automatic), getRilVoiceRadioTechnology=14(LTE), getRilDataRadioTechnology=14(LTE), mCssIndicator=unsupported, mNetworkId=*1, mSystemId=*1, mCdmaRoamingIndicator=-1, mCdmaDefaultRoamingIndicator=-1, VoiceRegType=0, Snap=0, MobileData=IN_SERVICE, MobileDataRoamingType=home, MobileDataRat=LTE, PsOnly=false, FemtocellInd=0, SprDisplayRoam=false, OptRadioTech=0, MsimSubmode=0, mIsEmergencyOnly=false, isUsingCarrierAggregation=false, mArfcnRsrpBoost=0, mNetworkRegistrationInfos=[NetworkRegistrationInfo{ domain=CS transportType=WWAN registrationState=HOME roamingType=NOT_ROAMING accessNetworkTechnology=LTE rejectCause=0 emergencyEnabled=false availableServices=[VOICE,SMS,VIDEO] cellIdentity=CellIdentityLte:{ mCi=2****23 mPci=2147483647 mTac=4***4 mEarfcn=1300 mBands=[3] mBandwidth=2147483647 mMcc=624 mMnc=02 mAlphaLong=OrangeCaresAboutYou mAlphaShort=Be Safe mAdditionalPlmns={} mCsgInfo=null} voiceSpecificInfo=VoiceSpecificRegistrationInfo { mCssSupported=false mRoamingIndicator=0 mSystemIsInPrl=0 mDefaultRoamingIndicator=0} dataSpecificInfo=null nrState=**** rRplmn=62402 isUsingCarrierAggregation=false}, NetworkRegistrationInfo{ domain=PS transportType=WWAN registrationState=HOME roamingType=NOT_ROAMING accessNetworkTechnology=LTE rejectCause=0 emergencyEnabled=false availableServices=[DATA] cellIdentity=CellIdentityLte:{ mCi=2****23 mPci=0 mTac=4***4 mEarfcn=1300 mBands=[3] mBandwidth=2147483647 mMcc=624 mMnc=02 mAlphaLong=OrangeCaresAboutYou mAlphaShort=Be Safe mAdditionalPlmns={} mCsgInfo=null} voiceSpecificInfo=null dataSpecificInfo=android.telephony.DataSpecificRegistrationInfo :{ maxDataCalls = 16 isDcNrRestricted = false isNrAvailable = false isEnDcAvailable = false LteVopsSupportInfo :  mVopsSupport = 3 mEmcBearerSupport = 3 } nrState=**** rRplmn=62402 isUsingCarrierAggregation=false}], mNrFrequencyRange=0, mOperatorAlphaLongRaw=OrangeCaresAboutYou, mOperatorAlphaShortRaw=Be Safe, mIsDataRoamingFromRegistration=false, mIsIwlanPreferred=false}
11-28 12:47:05.101  1737  1737 D CarrierTextController: setText : Orange | Orange CM
11-28 12:47:05.101  1737  1737 D FaceWidgetPagesController: onRefreshCarrierInfo()
11-28 12:47:05.102  1737  1737 D FaceWidgetClockRoamManager: isNetworkRoamingState id=5
11-28 12:47:05.103  1737  1737 D FaceWidgetClockRoamManager: isNetworkRoamingState false
11-28 12:47:05.103  1737  1737 D FaceWidgetClockRoamManager: onRefreshCarrierInfo(pre, now): false, false
11-28 12:47:05.103  1737  1737 D FaceWidgetClockPage: onRefreshCarrierInfo : isChanged false mIsRoaming false
11-28 12:47:05.104  9573  9573 D CellBroadcastReceiver: onReceive Intent { act=android.intent.action.SERVICE_STATE flg=0x1000010 cmp=com.google.android.cellbroadcastreceiver/com.android.cellbroadcastreceiver.CellBroadcastReceiver (has extras) }
11-28 12:47:05.105  9573  9573 D CellBroadcastReceiver: onServiceStateChanged, ss: 0
11-28 12:47:05.105  9573  9573 D CellBroadcastReceiver: networkOperator: 62402
11-28 12:47:05.105  9573  9573 D CellBroadcastReceiver: update supported roaming operator as 
11-28 12:47:05.107  1341  1980 D SLocation: CellLocationManager - onCellLocationChanged 5 / 0
11-28 12:47:05.111  1737  1862 D MobileStatusTracker(0/5): onDisplayInfoChanged: telephonyDisplayInfo=TelephonyDisplayInfo {network=EDGE, override=NONE}
11-28 12:47:05.113  1737  1862 D MobileSignalController(0/5): notifyListener: enabled=true, connected=true, dataConnected=false, networkType=EDGE (E), emergencyOnly=false, roaming=false, isDefault=false, dataActivity=, level=4, ca=false, mmWave=false, disabledDataIcon=false, simCard=ETC
11-28 12:47:05.114  1711  1711 I Telephony: TelecomAccountRegistry$AccountEntry: isRttCurrentlySupported -- regular acct,, hasVoiceAvailability: false, isRttSupported: false, alwaysAllowWhileRoaming: false, isRoaming: false, isOnWfc: false
11-28 12:47:05.115  1711  1711 I Telephony: TelecomAccountRegistry$AccountEntry: isRttCurrentlySupported -- regular acct,, hasVoiceAvailability: false, isRttSupported: false, alwaysAllowWhileRoaming: false, isRoaming: false, isOnWfc: false
11-28 12:47:05.115  1711  1711 V PhoneGlobals: handleServiceStateChanged
11-28 12:47:05.115  1711  1711 D NotificationMgr: updateNetworkSelection, Use Samsung codes instead of AOSP codes
11-28 12:47:05.115  1711  1711 V PhoneGlobals: subId=5, mDefaultDataSubId=-1, ss roaming=false
11-28 12:47:05.120  1737  1862 D MobileStatusTracker(0/5): onDataActivity: direction=0
11-28 12:47:05.125 17364 17384 E IMGMapper: set:488 set: Unset optional value from type SMPTE2086
11-28 12:47:05.125 17364 17384 E IMGMapper: set:488 set: Unset optional value from type CTA861_3
11-28 12:47:05.130  1341  1980 D SLocation: SGeofenceCellManager - cellList : 2
11-28 12:47:05.160 17364 17384 E IMGMapper: set:488 set: Unset optional value from type SMPTE2086
11-28 12:47:05.161 17364 17384 E IMGMapper: set:488 set: Unset optional value from type CTA861_3
11-28 12:47:05.187 17364 17384 E IMGMapper: set:488 set: Unset optional value from type SMPTE2086
11-28 12:47:05.188 17364 17384 E IMGMapper: set:488 set: Unset optional value from type CTA861_3
11-28 12:47:05.217 17364 17384 E IMGMapper: set:488 set: Unset optional value from type SMPTE2086
11-28 12:47:05.217 17364 17384 E IMGMapper: set:488 set: Unset optional value from type CTA861_3
11-28 12:47:05.226  1011  1106 I Light   : light data = 13.000000 .
11-28 12:47:05.244 17364 17384 E IMGMapper: set:488 set: Unset optional value from type SMPTE2086
11-28 12:47:05.245 17364 17384 E IMGMapper: set:488 set: Unset optional value from type CTA861_3
11-28 12:47:05.274 17364 17384 E IMGMapper: set:488 set: Unset optional value from type SMPTE2086
11-28 12:47:05.274 17364 17384 E IMGMapper: set:488 set: Unset optional value from type CTA861_3
11-28 12:47:05.302 17364 17384 E IMGMapper: set:488 set: Unset optional value from type SMPTE2086
11-28 12:47:05.303 17364 17384 E IMGMapper: set:488 set: Unset optional value from type CTA861_3
11-28 12:47:05.315   738   839 I hwcomposer: [HWCDisplay] [Display_0 (type:1)] fps:30.147846,dur:1028.27,max:83.13,min:14.82  
11-28 12:47:05.334 17364 17384 E IMGMapper: set:488 set: Unset optional value from type SMPTE2086
11-28 12:47:05.334 17364 17384 E IMGMapper: set:488 set: Unset optional value from type CTA861_3
11-28 12:47:05.363 17364 17384 E IMGMapper: set:488 set: Unset optional value from type SMPTE2086
11-28 12:47:05.363 17364 17384 E IMGMapper: set:488 set: Unset optional value from type CTA861_3
11-28 12:47:05.388 25952 26105 I EPDG -- [EPDGService]: Event received: SERVICE_STOP_CHECK
11-28 12:47:05.392 25952 26105 I EPDG -- SIM0 [Operator]: getSubId(): subID is : 5
11-28 12:47:05.394 17364 17384 E IMGMapper: set:488 set: Unset optional value from type SMPTE2086
11-28 12:47:05.394 17364 17384 E IMGMapper: set:488 set: Unset optional value from type CTA861_3
11-28 12:47:05.403 25952 26105 I EPDG -- SIM1 [Operator]: getSubId(): subID is : 4
11-28 12:47:05.410 25952 26105 I EPDG -- SIM0 [Operator]: getSubId(): subID is : 5
11-28 12:47:05.422 17364 17384 E IMGMapper: set:488 set: Unset optional value from type SMPTE2086
11-28 12:47:05.422 17364 17384 E IMGMapper: set:488 set: Unset optional value from type CTA861_3
11-28 12:47:05.426  2011 16755 I EntitlementContentProvider<0>: isVoWiFiEntitlementRequired: false
11-28 12:47:05.426  1011  1106 I Light   : light data = 13.000000 .
11-28 12:47:05.431 25952 26105 I EPDG -- SIM0 [EpdgEntitlement]: isEntitlementRequired : false
11-28 12:47:05.433 25952 26105 I EPDG -- SIM1 [Operator]: getSubId(): subID is : 4
11-28 12:47:05.437  2011 16755 I EntitlementContentProvider<1>: isVoWiFiEntitlementRequired: false
11-28 12:47:05.440 25952 26105 I EPDG -- SIM1 [EpdgEntitlement]: isEntitlementRequired : false
11-28 12:47:05.440 25952 26105 I EPDG -- [EPDGService]: scheduleTerminateEvent after : 5 secs.
11-28 12:47:05.452 17364 17384 E IMGMapper: set:488 set: Unset optional value from type SMPTE2086
11-28 12:47:05.453 17364 17384 E IMGMapper: set:488 set: Unset optional value from type CTA861_3
11-28 12:47:05.461   766   766 I BufferQueueProducer: [com.excell44.educam.debug/com.excell44.educam.MainActivity$_17364#19263](this:0xb400007e9bbb6838,id:-1,api:0,p:-1,c:766) queueBuffer: fps=31.12 dur=1028.18 max=83.18 min=15.53
11-28 12:47:05.482 17364 17384 E IMGMapper: set:488 set: Unset optional value from type SMPTE2086
11-28 12:47:05.482 17364 17384 E IMGMapper: set:488 set: Unset optional value from type CTA861_3
11-28 12:47:05.513 17364 17384 E IMGMapper: set:488 set: Unset optional value from type SMPTE2086
11-28 12:47:05.513 17364 17384 E IMGMapper: set:488 set: Unset optional value from type CTA861_3
11-28 12:47:05.542 17364 17384 E IMGMapper: set:488 set: Unset optional value from type SMPTE2086
11-28 12:47:05.543 17364 17384 E IMGMapper: set:488 set: Unset optional value from type CTA861_3
11-28 12:47:05.574 17364 17384 E IMGMapper: set:488 set: Unset optional value from type SMPTE2086
11-28 12:47:05.574 17364 17384 E IMGMapper: set:488 set: Unset optional value from type CTA861_3
11-28 12:47:05.603 17364 17384 E IMGMapper: set:488 set: Unset optional value from type SMPTE2086
11-28 12:47:05.604 17364 17384 E IMGMapper: set:488 set: Unset optional value from type CTA861_3
11-28 12:47:05.626  1011  1106 I Light   : light data = 13.000000 .
11-28 12:47:05.632 17364 17384 E IMGMapper: set:488 set: Unset optional value from type SMPTE2086
11-28 12:47:05.633 17364 17384 E IMGMapper: set:488 set: Unset optional value from type CTA861_3
11-28 12:47:05.661 17364 17384 E IMGMapper: set:488 set: Unset optional value from type SMPTE2086
11-28 12:47:05.661 17364 17384 E IMGMapper: set:488 set: Unset optional value from type CTA861_3
11-28 12:47:05.688 17364 17384 E IMGMapper: set:488 set: Unset optional value from type SMPTE2086
11-28 12:47:05.689 17364 17384 E IMGMapper: set:488 set: Unset optional value from type CTA861_3
11-28 12:47:05.718 17364 17384 E IMGMapper: set:488 set: Unset optional value from type SMPTE2086
11-28 12:47:05.719 17364 17384 E IMGMapper: set:488 set: Unset optional value from type CTA861_3
11-28 12:47:05.747 17364 17384 E IMGMapper: set:488 set: Unset optional value from type SMPTE2086
11-28 12:47:05.747 17364 17384 E IMGMapper: set:488 set: Unset optional value from type CTA861_3
11-28 12:47:05.775 17364 17384 E IMGMapper: set:488 set: Unset optional value from type SMPTE2086
11-28 12:47:05.775 17364 17384 E IMGMapper: set:488 set: Unset optional value from type CTA861_3
11-28 12:47:05.805 17364 17384 E IMGMapper: set:488 set: Unset optional value from type SMPTE2086
11-28 12:47:05.805 17364 17384 E IMGMapper: set:488 set: Unset optional value from type CTA861_3
11-28 12:47:05.816  1011  1106 I Accelerometer: acc data x = 1.453000, y = 0.772000, z = 9.605000 .
11-28 12:47:05.826  1011  1106 I Light   : light data = 10.000000 .
11-28 12:47:05.834 17364 17384 E IMGMapper: set:488 set: Unset optional value from type SMPTE2086
11-28 12:47:05.835 17364 17384 E IMGMapper: set:488 set: Unset optional value from type CTA861_3
11-28 12:47:05.866 17364 17384 E IMGMapper: set:488 set: Unset optional value from type SMPTE2086
11-28 12:47:05.866 17364 17384 E IMGMapper: set:488 set: Unset optional value from type CTA861_3
11-28 12:47:05.896 17364 17384 E IMGMapper: set:488 set: Unset optional value from type SMPTE2086
11-28 12:47:05.897 17364 17384 E IMGMapper: set:488 set: Unset optional value from type CTA861_3
11-28 12:47:05.943 17364 17384 E IMGMapper: set:488 set: Unset optional value from type SMPTE2086
11-28 12:47:05.943 17364 17384 E IMGMapper: set:488 set: Unset optional value from type CTA861_3
11-28 12:47:05.977 17364 17384 E IMGMapper: set:488 set: Unset optional value from type SMPTE2086
11-28 12:47:05.977 17364 17384 E IMGMapper: set:488 set: Unset optional value from type CTA861_3
11-28 12:47:06.004 17364 17384 E IMGMapper: set:488 set: Unset optional value from type SMPTE2086
11-28 12:47:06.005 17364 17384 E IMGMapper: set:488 set: Unset optional value from type CTA861_3
11-28 12:47:06.026  1011  1106 I Light   : light data = 9.000000 .
11-28 12:47:06.031 17364 17384 E IMGMapper: set:488 set: Unset optional value from type SMPTE2086
11-28 12:47:06.032 17364 17384 E IMGMapper: set:488 set: Unset optional value from type CTA861_3
11-28 12:47:06.058 17364 17384 E IMGMapper: set:488 set: Unset optional value from type SMPTE2086
11-28 12:47:06.059 17364 17384 E IMGMapper: set:488 set: Unset optional value from type CTA861_3
11-28 12:47:06.080 21370 21370 I RCS-ImsCommonModel: [D] setNetworkValue needToUiUpdate : true
11-28 12:47:06.080 21370 21370 I RCS-ImsCommonModel: [D] refreshNetworkCache ServiceCarrier : , opStyle : , needToUiUpdate : true
11-28 12:47:06.082 17364 17384 E IMGMapper: set:488 set: Unset optional value from type SMPTE2086
11-28 12:47:06.082 17364 17384 E IMGMapper: set:488 set: Unset optional value from type CTA861_3
11-28 12:47:06.084  2011 16755 I ImsServiceStub<0>: isServiceAvailable: VoImsFeature : (mmtel-video) is not supported
11-28 12:47:06.088  2011 16755 I ImsServiceSwitchEur[0]:  isRcsEnabled: false mDefaultSms false mUpsmEnabled false mEmergencyEnabled false
11-28 12:47:06.088  2011 16755 I ImsServiceStub<0>: isServiceAvailable: presence, rat: -1, profileFind:false, Enabled:false
11-28 12:47:06.092   529   529 D io_stats: !@ 179,0 r 7382604 151862775 w 4347993 33885016 d 102600 20291976 f 0 0 iot 11959932 0 th 0 0 0 pt 0 inp 0 0 337787.511
11-28 12:47:06.093  2011 16755 I ImsServiceSwitchEur[0]:  isRcsEnabled: false mDefaultSms false mUpsmEnabled false mEmergencyEnabled false
11-28 12:47:06.093  2011 16755 I ImsServiceStub<0>: isServiceAvailable: options, rat: -1, profileFind:false, Enabled:false
11-28 12:47:06.097  2011 16755 I ImsServiceSwitchEur[0]:  isRcsEnabled: false mDefaultSms false mUpsmEnabled false mEmergencyEnabled false
11-28 12:47:06.097  2011 16755 I ImsServiceStub<0>: isServiceAvailable: im, rat: -1, profileFind:false, Enabled:false
11-28 12:47:06.100  2011 16755 I ImsServiceSwitchEur[0]:  isRcsEnabled: false mDefaultSms false mUpsmEnabled false mEmergencyEnabled false
11-28 12:47:06.101  2011 16755 I ImsServiceStub<0>: isServiceAvailable: im, rat: -1, profileFind:false, Enabled:false
11-28 12:47:06.104  2011 16755 I ImsServiceSwitchEur[0]:  isRcsEnabled: false mDefaultSms false mUpsmEnabled false mEmergencyEnabled false
11-28 12:47:06.105  2011 16755 I ImsServiceStub<0>: isServiceAvailable: ft, rat: -1, profileFind:false, Enabled:false
11-28 12:47:06.108 17364 17384 E IMGMapper: set:488 set: Unset optional value from type SMPTE2086
11-28 12:47:06.108 17364 17384 E IMGMapper: set:488 set: Unset optional value from type CTA861_3
11-28 12:47:06.109  2011  2857 I ImsServiceSwitchEur[0]:  isRcsEnabled: false mDefaultSms false mUpsmEnabled false mEmergencyEnabled false
11-28 12:47:06.109  2011  2857 I ImsServiceStub<0>: isServiceAvailable: slm, rat: -1, profileFind:false, Enabled:false
11-28 12:47:06.113  2011 16755 I ImsServiceSwitchEur[0]:  isRcsEnabled: false mDefaultSms false mUpsmEnabled false mEmergencyEnabled false
11-28 12:47:06.114  2011 16755 I ImsServiceStub<0>: isServiceAvailable: ft_http, rat: -1, profileFind:false, Enabled:false
11-28 12:47:06.125 21370 21370 I RCS-ImsCommonModel: [D] isLvcAvailable : false, isEabAvailable : false, isImAvailable : false, isRcsMsgAvailable : false, isLvcDmEnabled : true
11-28 12:47:06.125 21370 21370 I RCS-ImsCommonModel: [D] refresh additional network cache
11-28 12:47:06.128 21370 21370 I RCS-ImsCommonModel: [D] Sim1 voLTE registration : false, network type : UNKNOWN
11-28 12:47:06.130 17364 17384 E IMGMapper: set:488 set: Unset optional value from type SMPTE2086
11-28 12:47:06.130 17364 17384 E IMGMapper: set:488 set: Unset optional value from type CTA861_3
11-28 12:47:06.132 21370 21370 I RCS-ImsCommonModel: [D] no ims registration
11-28 12:47:06.132 21370 21370 I RCS-ImsCommonModel: [D] isEpdgOrWifi : false
11-28 12:47:06.134 21370 21370 I RCS-ImsCommonModel: [D] getImsRegistered : false
11-28 12:47:06.137 21370 21370 I RCS-ImsCommonModel: [D] getRcsRegistered : false
11-28 12:47:06.139 21370 21370 I RCS-ImsCommonModel: [D] (mIsSim1VoLteAvailable : false), (mIsImsRegistered : false), (mIsSim1VoWiFiEnabled : false), (mRcsSim1Registered :false), (mIsSim1RcsUpSupported :false), [[[refreshUi]]] end : false
11-28 12:47:06.139 21370 21370 I RCS-ImsUiManager: [D] onImsNetworkValueChanged
11-28 12:47:06.139 21370 21370 I RCS-ImsCommonModel: [D] mImsSim1ServiceFeatureSet is ready : mSim1ImsInitialized
11-28 12:47:06.156 17364 17384 E IMGMapper: set:488 set: Unset optional value from type SMPTE2086
11-28 12:47:06.156 17364 17384 E IMGMapper: set:488 set: Unset optional value from type CTA861_3
11-28 12:47:06.178 17364 17384 E IMGMapper: set:488 set: Unset optional value from type SMPTE2086
11-28 12:47:06.179 17364 17384 E IMGMapper: set:488 set: Unset optional value from type CTA861_3
11-28 12:47:06.205 17364 17384 E IMGMapper: set:488 set: Unset optional value from type SMPTE2086
11-28 12:47:06.205 17364 17384 E IMGMapper: set:488 set: Unset optional value from type CTA861_3
11-28 12:47:06.226  1011  1106 I Light   : light data = 10.000000 .
11-28 12:47:06.227 17364 17384 E IMGMapper: set:488 set: Unset optional value from type SMPTE2086
11-28 12:47:06.228 17364 17384 E IMGMapper: set:488 set: Unset optional value from type CTA861_3
11-28 12:47:06.255 17364 17384 E IMGMapper: set:488 set: Unset optional value from type SMPTE2086
11-28 12:47:06.256 17364 17384 E IMGMapper: set:488 set: Unset optional value from type CTA861_3
11-28 12:47:06.277 17364 17384 E IMGMapper: set:488 set: Unset optional value from type SMPTE2086
11-28 12:47:06.277 17364 17384 E IMGMapper: set:488 set: Unset optional value from type CTA861_3
11-28 12:47:06.299 17364 17384 E IMGMapper: set:488 set: Unset optional value from type SMPTE2086
11-28 12:47:06.300 17364 17384 E IMGMapper: set:488 set: Unset optional value from type CTA861_3
11-28 12:47:06.323 17364 17384 E IMGMapper: set:488 set: Unset optional value from type SMPTE2086
11-28 12:47:06.323 17364 17384 E IMGMapper: set:488 set: Unset optional value from type CTA861_3
11-28 12:47:06.343   738   839 I hwcomposer: [HWCDisplay] [Display_0 (type:1)] fps:35.024780,dur:1027.84,max:50.67,min:15.31  
11-28 12:47:06.346 17364 17384 E IMGMapper: set:488 set: Unset optional value from type SMPTE2086
11-28 12:47:06.346 17364 17384 E IMGMapper: set:488 set: Unset optional value from type CTA861_3
11-28 12:47:06.371 17364 17384 E IMGMapper: set:488 set: Unset optional value from type SMPTE2086
11-28 12:47:06.371 17364 17384 E IMGMapper: set:488 set: Unset optional value from type CTA861_3
11-28 12:47:06.394 17364 17384 E IMGMapper: set:488 set: Unset optional value from type SMPTE2086
11-28 12:47:06.394 17364 17384 E IMGMapper: set:488 set: Unset optional value from type CTA861_3
11-28 12:47:06.415 17364 17384 E IMGMapper: set:488 set: Unset optional value from type SMPTE2086
11-28 12:47:06.415 17364 17384 E IMGMapper: set:488 set: Unset optional value from type CTA861_3
11-28 12:47:06.426  1011  1106 I Light   : light data = 13.000000 .
11-28 12:47:06.440 17364 17384 E IMGMapper: set:488 set: Unset optional value from type SMPTE2086
11-28 12:47:06.440 17364 17384 E IMGMapper: set:488 set: Unset optional value from type CTA861_3
11-28 12:47:06.463 17364 17384 E IMGMapper: set:488 set: Unset optional value from type SMPTE2086
11-28 12:47:06.464 17364 17384 E IMGMapper: set:488 set: Unset optional value from type CTA861_3
11-28 12:47:06.473   766   766 I BufferQueueProducer: [com.excell44.educam.debug/com.excell44.educam.MainActivity$_17364#19263](this:0xb400007e9bbb6838,id:-1,api:0,p:-1,c:766) queueBuffer: fps=36.57 dur=1011.84 max=50.21 min=15.60
11-28 12:47:06.485 17364 17384 E IMGMapper: set:488 set: Unset optional value from type SMPTE2086
11-28 12:47:06.485 17364 17384 E IMGMapper: set:488 set: Unset optional value from type CTA861_3
11-28 12:47:06.505 17364 17384 E IMGMapper: set:488 set: Unset optional value from type SMPTE2086
11-28 12:47:06.505 17364 17384 E IMGMapper: set:488 set: Unset optional value from type CTA861_3
11-28 12:47:06.528 17364 17384 E IMGMapper: set:488 set: Unset optional value from type SMPTE2086
11-28 12:47:06.528 17364 17384 E IMGMapper: set:488 set: Unset optional value from type CTA861_3
11-28 12:47:06.553 17364 17384 E IMGMapper: set:488 set: Unset optional value from type SMPTE2086
11-28 12:47:06.554 17364 17384 E IMGMapper: set:488 set: Unset optional value from type CTA861_3
11-28 12:47:06.576 17364 17384 E IMGMapper: set:488 set: Unset optional value from type SMPTE2086
11-28 12:47:06.577 17364 17384 E IMGMapper: set:488 set: Unset optional value from type CTA861_3
11-28 12:47:06.598 17364 17384 E IMGMapper: set:488 set: Unset optional value from type SMPTE2086
11-28 12:47:06.598 17364 17384 E IMGMapper: set:488 set: Unset optional value from type CTA861_3
11-28 12:47:06.617  1011  1106 I Accelerometer: acc data x = 1.434000, y = 0.657000, z = 9.586000 .
11-28 12:47:06.620 17364 17384 E IMGMapper: set:488 set: Unset optional value from type SMPTE2086
11-28 12:47:06.621 17364 17384 E IMGMapper: set:488 set: Unset optional value from type CTA861_3
11-28 12:47:06.626  1011  1106 I Light   : light data = 13.000000 .
11-28 12:47:06.637  1341  1370 W ActivityTaskManager: Launch timeout has expired, giving up wake lock!
11-28 12:47:06.648 17364 17384 E IMGMapper: set:488 set: Unset optional value from type SMPTE2086
11-28 12:47:06.649 17364 17384 E IMGMapper: set:488 set: Unset optional value from type CTA861_3
11-28 12:47:06.670 17364 17384 E IMGMapper: set:488 set: Unset optional value from type SMPTE2086
11-28 12:47:06.670 17364 17384 E IMGMapper: set:488 set: Unset optional value from type CTA861_3
11-28 12:47:06.690 17364 17384 E IMGMapper: set:488 set: Unset optional value from type SMPTE2086
11-28 12:47:06.690 17364 17384 E IMGMapper: set:488 set: Unset optional value from type CTA861_3
11-28 12:47:06.698  1108  1306 D SemNativeCarrierFeature_vendor: getInstance
11-28 12:47:06.703  1108  1291 D SemNativeCarrierFeature_vendor: getInstance
11-28 12:47:06.706  1108  1306 D SemNativeCarrierFeature_vendor: getInstance
11-28 12:47:06.711  1108  1291 D SemNativeCarrierFeature_vendor: getInstance
11-28 12:47:06.718 17364 17384 E IMGMapper: set:488 set: Unset optional value from type SMPTE2086
11-28 12:47:06.718 17364 17384 E IMGMapper: set:488 set: Unset optional value from type CTA861_3
11-28 12:47:06.740 17364 17384 E IMGMapper: set:488 set: Unset optional value from type SMPTE2086
11-28 12:47:06.740 17364 17384 E IMGMapper: set:488 set: Unset optional value from type CTA861_3
11-28 12:47:06.746  1711  1711 D ServiceStateProvider: subId=5
11-28 12:47:06.759 17364 17384 E IMGMapper: set:488 set: Unset optional value from type SMPTE2086
11-28 12:47:06.760 17364 17384 E IMGMapper: set:488 set: Unset optional value from type CTA861_3
11-28 12:47:06.786 17364 17384 E IMGMapper: set:488 set: Unset optional value from type SMPTE2086
11-28 12:47:06.786 17364 17384 E IMGMapper: set:488 set: Unset optional value from type CTA861_3
11-28 12:47:06.809 17364 17384 E IMGMapper: set:488 set: Unset optional value from type SMPTE2086
11-28 12:47:06.809 17364 17384 E IMGMapper: set:488 set: Unset optional value from type CTA861_3
11-28 12:47:06.826  1011  1106 I Light   : light data = 13.000000 .
11-28 12:47:06.860   750   776 I mtkpower@impl: [setMode] type:5, enabled:0
11-28 12:47:06.864  1341  1370 I ActivityManager: PendingStartActivityUids startActivity to updateOomAdj delay:10005ms, uid:10400
11-28 12:47:06.905 17364 17384 E IMGMapper: set:488 set: Unset optional value from type SMPTE2086
11-28 12:47:06.906 17364 17384 E IMGMapper: set:488 set: Unset optional value from type CTA861_3
11-28 12:47:06.921 17364 17369 I 44.educam.debug: Background concurrent copying GC freed 3659KB AllocSpace bytes, 3(60KB) LOS objects, 50% free, 5914KB/11MB, paused 191us,996us total 106.284ms
11-28 12:47:07.017 21370 21370 I RCS-ImsUiManager: [D] refreshUi ImsOpStyle : , isSupportDuoVideoCall : true
11-28 12:47:07.018 21370 21370 I RCS-ImsUiVideoCallCommon: [D] checkImsVtCallEnabled(0)
11-28 12:47:07.018 21370 21370 I RCS-ImsUiVideoCallCommon: [D] DM_ITEM_VIDEO_ENABLED(SIM1) is not available
11-28 12:47:07.018 21370 21370 I RCS-ImsUiVideoCallCommon: [D] ImsContactsConstants.VT_STATE.NOT_SUPPORT
11-28 12:47:07.018 21370 21370 I RCS-ImsUiVideoCallCommon: [D] Sim slot ID : 0, VtCallState : 0
11-28 12:47:07.018 21370 21370 I TelephonyDataSource: [D] isMultiSimModel - getActiveModemCount() : 2
11-28 12:47:07.018 21370 21370 I TelephonyDataSource: [D] CscFeatureUtil.isSupportEsim() :false, FloatingFeatureUtil.isSupportEmbeddedSim() : false, slotSwitch : 
11-28 12:47:07.018 21370 21370 I SimModel: [D] isMultiSimModel : true
11-28 12:47:07.018 21370 21370 I RCS-ImsUiVideoCallCommon: [D] checkImsVtCallEnabled(1)
11-28 12:47:07.018 21370 21370 I RCS-ImsCommonMultiSimModel: [D] getImsSim2ServiceFeatureSet
11-28 12:47:07.018 21370 21370 I RCS-ImsUiVideoCallCommon: [D] DM_ITEM_VIDEO_ENABLED(SIM2) is not available
11-28 12:47:07.018 21370 21370 I RCS-ImsUiVideoCallCommon: [D] ImsContactsConstants.VT_STATE.NOT_SUPPORT
11-28 12:47:07.018 21370 21370 I RCS-ImsUiVideoCallCommon: [D] Sim slot ID : 1, VtCallState : 0
11-28 12:47:07.018 21370 21370 I RCS-ImsUiManager: [D] updateUi : 101
11-28 12:47:07.019 21370 21370 I RCS-ImsUiManager: [D] updateImsDefaultConfig(0) : vt_call_enabled
11-28 12:47:07.021  2011 16755 I ImsServiceStub<0>: isServiceAvailable: VoImsFeature : (mmtel-video) is not supported
11-28 12:47:07.022 21370 21370 I RCS-ImsCommonMultiSimModel: [D] isVideoCallEnabled(0) : false
11-28 12:47:07.027  1011  1106 I Light   : light data = 13.000000 .
11-28 12:47:07.098  1685  1685 I WifiHAL : Get link layer stats
11-28 12:47:07.099  1685  1685 I WifiHAL : GetLinkStatsCommand::create
11-28 12:47:07.099  1685  1685 D android.hardware.wifi@1.0-service-lazy: WifiRequest::create vendor command to iface 38, vendor_id=0x1a11, subcmd=0x1200, res=0
11-28 12:47:07.099  1685  1685 I android.hardware.wifi@1.0-service-lazy: WifiCommand::requestResponse err=-95
11-28 12:47:07.099  1685  1685 I WifiHAL : wifi_get_link_stats: result=-3
11-28 12:47:07.101  1341  1567 E WifiVendorHal: getWifiLinkLayerStats_1_5_Internal(l.1179) failed {.code = ERROR_NOT_SUPPORTED, .description = }
11-28 12:47:07.110  1341 11139 D SemWifiUsabilityStatsMonitor: onWifiUsabilityStats - seqNum 26300, isSameBssidAndFreq true
11-28 12:47:07.112  1341  1641 I SemWifiLinkQualityMonitor: Link Qos query: inf. ms / 0 Mbps
11-28 12:47:07.113  1737  1737 D NetworkController.WifiSignalController: notifyListener: visible=true, connected=true, inetCondition=1, isDefault=true, wifiTestReported=true, receivedInetCondition=-1, hideDuringMobileSwitching=false
11-28 12:47:07.115  1737  1862 D Tile.WifiTile: handleUpdateState isTransient=false transientEnabling =false cb.isTransient=false state.state = 2 mStateBeforeClick.value =false enabled =true
11-28 12:47:07.131  1737  1795 E IMGMapper: set:488 set: Unset optional value from type SMPTE2086
11-28 12:47:07.131  1737  1795 E IMGMapper: set:488 set: Unset optional value from type CTA861_3
11-28 12:47:07.136   766   766 I BufferQueueProducer: [StatusBar$_1737#83](this:0xb400007e9bb43838,id:-1,api:0,p:-1,c:766) queueBuffer: fps=1.49 dur=6021.35 max=5190.70 min=16.13
11-28 12:47:07.226  1011  1106 I Light   : light data = 13.000000 .
11-28 12:47:07.419  1011  1106 I Accelerometer: acc data x = 1.434000, y = 0.696000, z = 9.624000 .
11-28 12:47:07.426  1011  1106 I Light   : light data = 13.000000 .
11-28 12:47:07.441 17364 17364 I Choreographer: Skipped 31 frames!  The application may be doing too much work on its main thread.
11-28 12:47:07.444 17364 17384 E IMGMapper: set:488 set: Unset optional value from type SMPTE2086
11-28 12:47:07.444 17364 17384 E IMGMapper: set:488 set: Unset optional value from type CTA861_3
11-28 12:47:07.453   738   839 I hwcomposer: [HWCDisplay] [Display_0 (type:1)] fps:21.626150,dur:1109.77,max:313.50,min:15.22  
11-28 12:47:07.603 17364 17384 E IMGMapper: set:488 set: Unset optional value from type SMPTE2086
11-28 12:47:07.604 17364 17384 E IMGMapper: set:488 set: Unset optional value from type CTA861_3
11-28 12:47:07.612  1711  1753 I System.out: Broadcasting: Intent { act=com.sec.intent.action.SARDEVICE_CP flg=0x10000000 (has extras) }
11-28 12:47:07.613 17364 17384 E IMGMapper: set:488 set: Unset optional value from type SMPTE2086
11-28 12:47:07.613 17364 17384 E IMGMapper: set:488 set: Unset optional value from type CTA861_3
11-28 12:47:07.616   741   741 D IMGMemtrackHAL: hal_get_memory: memtrack cache rebuild was required
11-28 12:47:07.616  1341  1521 D MotionRecognitionService: [SAR]  onReceive : SARDEVICE_CP, callAction = off deviceID = 557063 slot = 0 device_ext = 0
11-28 12:47:07.616  1341  1521 I MotionRecognitionService: [SAR] id : 0 cmd :off
11-28 12:47:07.616  1341  1521 I MotionRecognitionService: [SAR] id : 1 cmd :off
11-28 12:47:07.616  1341  1521 I MotionRecognitionService: [SAR] id : 2 cmd :off
11-28 12:47:07.616  1341  1521 W MotionRecognitionService: DEFAULT
11-28 12:47:07.616  1341  1521 I MotionRecognitionService: [SAR] id : 15 cmd :off
11-28 12:47:07.616  1341  1521 W MotionRecognitionService: DEFAULT
11-28 12:47:07.616  1341  1521 I MotionRecognitionService: [SAR] id : 19 cmd :off
11-28 12:47:07.617  1711  2359 I System.out: Broadcast completed: result=0
11-28 12:47:07.617   766   766 I BufferQueueProducer: [com.excell44.educam.debug/com.excell44.educam.MainActivity$_17364#19263](this:0xb400007e9bbb6838,id:-1,api:0,p:-1,c:766) queueBuffer: fps=15.74 dur=1143.74 max=530.09 min=16.26
11-28 12:47:07.626  1011  1106 I Light   : light data = 13.000000 .
11-28 12:47:07.642 17364 17384 E IMGMapper: set:488 set: Unset optional value from type SMPTE2086
11-28 12:47:07.642 17364 17384 E IMGMapper: set:488 set: Unset optional value from type CTA861_3
11-28 12:47:07.715 17364 17384 E IMGMapper: set:488 set: Unset optional value from type SMPTE2086
11-28 12:47:07.715 17364 17384 E IMGMapper: set:488 set: Unset optional value from type CTA861_3
11-28 12:47:07.727  1737  1862 D MobileStatusTracker(1/4): onServiceStateChanged voiceState=0 dataState=0
11-28 12:47:07.731   732   732 D AudioALSAHardware: +setParameters(): l_call_2g_tdma=false
