11-28 12:40:41.159  1341  1980 E SemContextManager: SemContextService is null. Please check SENSORHUB feature.
11-28 12:40:41.159  1341  1980 D SLocation: SLocationCoreSem - SemContext.TYPE_SLOCATION_CORE_SEM is not available
11-28 12:40:41.160  1341  1980 D SLocation: ARDistanceLibManager - request distance diff to AR Distance Library
11-28 12:40:41.160  1341  1980 E SemContextManager: SemContextService is null. Please check SENSORHUB feature.
11-28 12:40:41.160  1341  1980 D SLocation: SLocationCoreSem - SemContext.TYPE_SLOCATION_CORE_SEM is not available
11-28 12:40:41.160  1341  1980 D SLocation: PositionManager - receive fused location
11-28 12:40:41.160 23825 23914 I FusedLocation: (REDACTED) location delivery to %s blocked - too close
11-28 12:40:41.166  1015  1103 D MNLD    : mnld_nfw_mnl2agps_location_sync: ret = 51
11-28 12:40:41.166  1015  1103 D MNLD    : mnld_nfw_mnl2agps_location_sync: mnl2agps_location_sync success
11-28 12:40:41.167  1017  1025 D agps    : [agps][n][AGPS] [MNL] mnl2agps [153]
11-28 12:40:41.167  1017  1025 D agps    : Xed[V_8;|(7C0x)+x\HWcp=;h[Zi=R7&%D`L;2$5=8=-2LG1C`L-5q0!&/(")1yL:5d."",/)"#sA$&`/"pA-@q-xx~~     yiSBDG5(b.yO5AFp-pN:<m.qS83ABAo-yiUI7"3=62b%x|lpyiSI5(7CH8$-CBj%x|lpy
11-28 12:40:41.168  1011  1106 I Accelerometer: acc data x = 1.395000, y = 0.772000, z = 9.605000 .
11-28 12:40:41.171  1341  2978 D ActivityTaskManager: SafeActivityOptions created, mOriginalCallingPid=23825, mOriginalCallingUid=10165, options=ActivityOptions(215653579), mPackageName=null, mAnimationType=-1, mStartX=0, mStartY=0, mWidth=0, mHeight=0, caller=com.android.server.am.PendingIntentRecord.sendInner:471 com.android.server.am.ActivityManagerService.sendIntentSender:6592 com.android.server.am.ActivityManagerService.sendIntentSender:6581 android.app.IActivityManager$Stub.onTransact:4849 com.android.server.am.ActivityManagerService.onTransact:3119 android.os.Binder.execTransactInternal:1321 android.os.Binder.execTransact:1280 
11-28 12:40:41.174  1341  3025 E AppOps  : attributionTag SLocationService not declared in manifest of android
11-28 12:40:41.175  1737  1795 E IMGMapper: set:488 set: Unset optional value from type SMPTE2086
11-28 12:40:41.175  1737  1795 E IMGMapper: set:488 set: Unset optional value from type CTA861_3
11-28 12:40:41.175  1341  1980 D SLocation: PositionManager - PassiveonLocationChanged network 1764330041163
11-28 12:40:41.175  1341  1980 D SLocation: ARDistanceBigData - BIGDATA ARD - receive location
11-28 12:40:41.175  1341  1980 D SLocation: ARDistanceBigData - BIGDATA ARD disabled, onReceiveLocation
11-28 12:40:41.175  1341  1980 D SLocation: GeofenceLocationFilter - location sent before 29, need to filter / provider : network, accuracy : 20.6888
11-28 12:40:41.175  1341  1980 I SLocation: GeofenceLocationFilter - alarm set, next time to send location : 1383245613, com.samsung.android.location.geofence.geopoint.d@4dccca8
11-28 12:40:41.175  1341  3025 V LocationManagerService: passive provider registration 1000/android[SensorNotificationService]/7F7192C7 dropped delivery - too close
11-28 12:40:41.177  1341  2978 D ActivityManager: Received SERVICE intent 0x5b022eb Key{startService pkg=com.google.android.gms/current_semantic_location intent=act=com.google.android.gms.semanticlocation.ACTION_LOCATION cmp=com.google.android.gms/.semanticlocation.service.SemanticLocationService flags=0x2000000 u=0} requestCode=0 from uid 10165
11-28 12:40:41.177  1341  1980 E SemContextManager: SemContextService is null. Please check SENSORHUB feature.
11-28 12:40:41.177  1341  1980 D SLocation: SLocationCoreSem - SemContext.TYPE_SLOCATION_CORE_SEM is not available
11-28 12:40:41.177  1341  1980 D SLocation: ARDistanceLibManager - request distance diff to AR Distance Library
11-28 12:40:41.177  1341  1980 E SemContextManager: SemContextService is null. Please check SENSORHUB feature.
11-28 12:40:41.177  1341  1980 D SLocation: SLocationCoreSem - SemContext.TYPE_SLOCATION_CORE_SEM is not available
11-28 12:40:41.187 23825 23825 D BoundBrokerSvc: onRebind: Intent { act=com.google.android.gms.auth.aang.events.services.START dat=chimera-action:/... cmp=com.google.android.gms/.chimera.PersistentApiService }
11-28 12:40:41.188  1011  1106 I Light   : light data = 11.000000 .
11-28 12:40:41.192  1737  1795 E IMGMapper: set:488 set: Unset optional value from type SMPTE2086
11-28 12:40:41.192  1737  1795 E IMGMapper: set:488 set: Unset optional value from type CTA861_3
11-28 12:40:41.209  1737  1795 E IMGMapper: set:488 set: Unset optional value from type SMPTE2086
11-28 12:40:41.209  1737  1795 E IMGMapper: set:488 set: Unset optional value from type CTA861_3
11-28 12:40:41.225  1737  1795 E IMGMapper: set:488 set: Unset optional value from type SMPTE2086
11-28 12:40:41.225  1737  1795 E IMGMapper: set:488 set: Unset optional value from type CTA861_3
11-28 12:40:41.241  1737  1795 E IMGMapper: set:488 set: Unset optional value from type SMPTE2086
11-28 12:40:41.241  1737  1795 E IMGMapper: set:488 set: Unset optional value from type CTA861_3
11-28 12:40:41.242 23825 15788 I TFLite-in-PlayServices: Created interpreter.
11-28 12:40:41.260  1737  1795 E IMGMapper: set:488 set: Unset optional value from type SMPTE2086
11-28 12:40:41.260  1737  1795 E IMGMapper: set:488 set: Unset optional value from type CTA861_3
11-28 12:40:41.273 23825 15788 I TFLite-in-PlayServices: Created interpreter.
11-28 12:40:41.276  1737  1795 E IMGMapper: set:488 set: Unset optional value from type SMPTE2086
11-28 12:40:41.277  1737  1795 E IMGMapper: set:488 set: Unset optional value from type CTA861_3
11-28 12:40:41.288 23825 15788 I SemanticLocation: (REDACTED) [Inferrer] %s%s
11-28 12:40:41.294  1737  1795 E IMGMapper: set:488 set: Unset optional value from type SMPTE2086
11-28 12:40:41.294  1737  1795 E IMGMapper: set:488 set: Unset optional value from type CTA861_3
11-28 12:40:41.309  1737  1795 E IMGMapper: set:488 set: Unset optional value from type SMPTE2086
11-28 12:40:41.309  1737  1795 E IMGMapper: set:488 set: Unset optional value from type CTA861_3
11-28 12:40:41.325  1737  1795 E IMGMapper: set:488 set: Unset optional value from type SMPTE2086
11-28 12:40:41.326  1737  1795 E IMGMapper: set:488 set: Unset optional value from type CTA861_3
11-28 12:40:41.343  1711  1753 I System.out: Broadcasting: Intent { act=com.sec.intent.action.SARDEVICE_CP flg=0x10000000 (has extras) }
11-28 12:40:41.343  1737  1795 E IMGMapper: set:488 set: Unset optional value from type SMPTE2086
11-28 12:40:41.343  1737  1795 E IMGMapper: set:488 set: Unset optional value from type CTA861_3
11-28 12:40:41.347  1341  1521 D MotionRecognitionService: [SAR]  onReceive : SARDEVICE_CP, callAction = on deviceID = 557063 slot = 0 device_ext = 0
11-28 12:40:41.347  1341  1521 I MotionRecognitionService: [SAR] id : 0 cmd :on
11-28 12:40:41.347  1341  1521 I MotionRecognitionService: [SAR] id : 1 cmd :on
11-28 12:40:41.347  1341  1521 I MotionRecognitionService: [SAR] id : 2 cmd :on
11-28 12:40:41.347  1341  1521 W MotionRecognitionService: DEFAULT
11-28 12:40:41.347  1341  1521 I MotionRecognitionService: [SAR] id : 15 cmd :on
11-28 12:40:41.347  1341  1521 W MotionRecognitionService: DEFAULT
11-28 12:40:41.347  1341  1521 I MotionRecognitionService: [SAR] id : 19 cmd :on
11-28 12:40:41.349  1711  1923 I System.out: Broadcast completed: result=0
11-28 12:40:41.360  1737  1795 E IMGMapper: set:488 set: Unset optional value from type SMPTE2086
11-28 12:40:41.360  1737  1795 E IMGMapper: set:488 set: Unset optional value from type CTA861_3
11-28 12:40:41.376  1737  1795 E IMGMapper: set:488 set: Unset optional value from type SMPTE2086
11-28 12:40:41.376  1737  1795 E IMGMapper: set:488 set: Unset optional value from type CTA861_3
11-28 12:40:41.389  1011  1106 I Light   : light data = 12.000000 .
11-28 12:40:41.393  1737  1795 E IMGMapper: set:488 set: Unset optional value from type SMPTE2086
11-28 12:40:41.393  1737  1795 E IMGMapper: set:488 set: Unset optional value from type CTA861_3
11-28 12:40:41.410  1737  1795 E IMGMapper: set:488 set: Unset optional value from type SMPTE2086
11-28 12:40:41.411  1737  1795 E IMGMapper: set:488 set: Unset optional value from type CTA861_3
11-28 12:40:41.428  1737  1795 E IMGMapper: set:488 set: Unset optional value from type SMPTE2086
11-28 12:40:41.428  1737  1795 E IMGMapper: set:488 set: Unset optional value from type CTA861_3
11-28 12:40:41.444  1737  1795 E IMGMapper: set:488 set: Unset optional value from type SMPTE2086
11-28 12:40:41.444  1737  1795 E IMGMapper: set:488 set: Unset optional value from type CTA861_3
11-28 12:40:41.461  1737  1795 E IMGMapper: set:488 set: Unset optional value from type SMPTE2086
11-28 12:40:41.461  1737  1795 E IMGMapper: set:488 set: Unset optional value from type CTA861_3
11-28 12:40:41.477  1737  1795 E IMGMapper: set:488 set: Unset optional value from type SMPTE2086
11-28 12:40:41.477  1737  1795 E IMGMapper: set:488 set: Unset optional value from type CTA861_3
11-28 12:40:41.495  1737  1795 E IMGMapper: set:488 set: Unset optional value from type SMPTE2086
11-28 12:40:41.495  1737  1795 E IMGMapper: set:488 set: Unset optional value from type CTA861_3
11-28 12:40:41.511  1737  1795 E IMGMapper: set:488 set: Unset optional value from type SMPTE2086
11-28 12:40:41.511  1737  1795 E IMGMapper: set:488 set: Unset optional value from type CTA861_3
11-28 12:40:41.528  1737  1795 E IMGMapper: set:488 set: Unset optional value from type SMPTE2086
11-28 12:40:41.528  1737  1795 E IMGMapper: set:488 set: Unset optional value from type CTA861_3
11-28 12:40:41.543  1737  1795 E IMGMapper: set:488 set: Unset optional value from type SMPTE2086
11-28 12:40:41.543  1737  1795 E IMGMapper: set:488 set: Unset optional value from type CTA861_3
11-28 12:40:41.559  1737  1795 E IMGMapper: set:488 set: Unset optional value from type SMPTE2086
11-28 12:40:41.559  1737  1795 E IMGMapper: set:488 set: Unset optional value from type CTA861_3
11-28 12:40:41.576  1737  1795 E IMGMapper: set:488 set: Unset optional value from type SMPTE2086
11-28 12:40:41.576  1737  1795 E IMGMapper: set:488 set: Unset optional value from type CTA861_3
11-28 12:40:41.588  1011  1106 I Light   : light data = 12.000000 .
11-28 12:40:41.593  1737  1795 E IMGMapper: set:488 set: Unset optional value from type SMPTE2086
11-28 12:40:41.593  1737  1795 E IMGMapper: set:488 set: Unset optional value from type CTA861_3
11-28 12:40:41.609  1737  1795 E IMGMapper: set:488 set: Unset optional value from type SMPTE2086
11-28 12:40:41.609  1737  1795 E IMGMapper: set:488 set: Unset optional value from type CTA861_3
11-28 12:40:41.625  1737  1795 E IMGMapper: set:488 set: Unset optional value from type SMPTE2086
11-28 12:40:41.625  1737  1795 E IMGMapper: set:488 set: Unset optional value from type CTA861_3
11-28 12:40:41.643  1737  1795 E IMGMapper: set:488 set: Unset optional value from type SMPTE2086
11-28 12:40:41.643  1737  1795 E IMGMapper: set:488 set: Unset optional value from type CTA861_3
11-28 12:40:41.659  1737  1795 E IMGMapper: set:488 set: Unset optional value from type SMPTE2086
11-28 12:40:41.659  1737  1795 E IMGMapper: set:488 set: Unset optional value from type CTA861_3
11-28 12:40:41.675  1737  1795 E IMGMapper: set:488 set: Unset optional value from type SMPTE2086
11-28 12:40:41.676  1737  1795 E IMGMapper: set:488 set: Unset optional value from type CTA861_3
11-28 12:40:41.692  1737  1795 E IMGMapper: set:488 set: Unset optional value from type SMPTE2086
11-28 12:40:41.692  1737  1795 E IMGMapper: set:488 set: Unset optional value from type CTA861_3
11-28 12:40:41.704 25952 26105 I EPDG -- [EPDGService]: Event received: SERVICE_STOP_CHECK
11-28 12:40:41.706 25952 26105 I EPDG -- SIM0 [Operator]: getSubId(): subID is : 5
11-28 12:40:41.708  1737  1795 E IMGMapper: set:488 set: Unset optional value from type SMPTE2086
11-28 12:40:41.708  1737  1795 E IMGMapper: set:488 set: Unset optional value from type CTA861_3
11-28 12:40:41.712 25952 26105 I EPDG -- SIM1 [Operator]: getSubId(): subID is : 4
11-28 12:40:41.719 25952 26105 I EPDG -- SIM0 [Operator]: getSubId(): subID is : 5
11-28 12:40:41.725  1737  1795 E IMGMapper: set:488 set: Unset optional value from type SMPTE2086
11-28 12:40:41.725  1737  1795 E IMGMapper: set:488 set: Unset optional value from type CTA861_3
11-28 12:40:41.731  2011 16755 I EntitlementContentProvider<0>: isVoWiFiEntitlementRequired: false
11-28 12:40:41.734 25952 26105 I EPDG -- SIM0 [EpdgEntitlement]: isEntitlementRequired : false
11-28 12:40:41.735 25952 26105 I EPDG -- SIM1 [Operator]: getSubId(): subID is : 4
11-28 12:40:41.741  1737  1795 E IMGMapper: set:488 set: Unset optional value from type SMPTE2086
11-28 12:40:41.741  1737  1795 E IMGMapper: set:488 set: Unset optional value from type CTA861_3
11-28 12:40:41.741  2011 16755 I EntitlementContentProvider<1>: isVoWiFiEntitlementRequired: false
11-28 12:40:41.745 25952 26105 I EPDG -- SIM1 [EpdgEntitlement]: isEntitlementRequired : false
11-28 12:40:41.745 25952 26105 I EPDG -- [EPDGService]: scheduleTerminateEvent after : 5 secs.
11-28 12:40:41.758  1737  1795 E IMGMapper: set:488 set: Unset optional value from type SMPTE2086
11-28 12:40:41.758  1737  1795 E IMGMapper: set:488 set: Unset optional value from type CTA861_3
11-28 12:40:41.775   529   529 D io_stats: !@ 179,0 r 7337970 151166579 w 4340299 33695196 d 102593 20208008 f 0 0 iot 11937720 0 th 0 0 0 pt 0 inp 0 0 337403.194
11-28 12:40:41.777  1737  1795 E IMGMapper: set:488 set: Unset optional value from type SMPTE2086
11-28 12:40:41.777  1737  1795 E IMGMapper: set:488 set: Unset optional value from type CTA861_3
11-28 12:40:41.788  1011  1106 I Light   : light data = 11.000000 .
11-28 12:40:41.791  1737  1795 E IMGMapper: set:488 set: Unset optional value from type SMPTE2086
11-28 12:40:41.792  1737  1795 E IMGMapper: set:488 set: Unset optional value from type CTA861_3
11-28 12:40:41.809  1737  1795 E IMGMapper: set:488 set: Unset optional value from type SMPTE2086
11-28 12:40:41.809  1737  1795 E IMGMapper: set:488 set: Unset optional value from type CTA861_3
11-28 12:40:41.817   738   839 I hwcomposer: [HWCDisplay] [Display_0 (type:1)] fps:60.287445,dur:1011.82,max:17.78,min:15.59  
11-28 12:40:41.825  1737  1795 E IMGMapper: set:488 set: Unset optional value from type SMPTE2086
11-28 12:40:41.825  1737  1795 E IMGMapper: set:488 set: Unset optional value from type CTA861_3
11-28 12:40:41.843  1737  1795 E IMGMapper: set:488 set: Unset optional value from type SMPTE2086
11-28 12:40:41.843  1737  1795 E IMGMapper: set:488 set: Unset optional value from type CTA861_3
11-28 12:40:41.856  1737  1795 E IMGMapper: set:488 set: Unset optional value from type SMPTE2086
11-28 12:40:41.856  1737  1795 E IMGMapper: set:488 set: Unset optional value from type CTA861_3
11-28 12:40:41.873  1737  1795 E IMGMapper: set:488 set: Unset optional value from type SMPTE2086
11-28 12:40:41.874  1737  1795 E IMGMapper: set:488 set: Unset optional value from type CTA861_3
11-28 12:40:41.892  1737  1795 E IMGMapper: set:488 set: Unset optional value from type SMPTE2086
11-28 12:40:41.892  1737  1795 E IMGMapper: set:488 set: Unset optional value from type CTA861_3
11-28 12:40:41.907  1737  1795 E IMGMapper: set:488 set: Unset optional value from type SMPTE2086
11-28 12:40:41.907  1737  1795 E IMGMapper: set:488 set: Unset optional value from type CTA861_3
11-28 12:40:41.923  1737  1795 E IMGMapper: set:488 set: Unset optional value from type SMPTE2086
11-28 12:40:41.923  1737  1795 E IMGMapper: set:488 set: Unset optional value from type CTA861_3
11-28 12:40:41.940  1737  1795 E IMGMapper: set:488 set: Unset optional value from type SMPTE2086
11-28 12:40:41.940  1737  1795 E IMGMapper: set:488 set: Unset optional value from type CTA861_3
11-28 12:40:41.942  1341  2978 D SGM:GameManager: identifyForegroundApp. com.excell44.educam.debug, mCurrentUserId: 0, callerUserId: 0
11-28 12:40:41.942  1341  2978 D SGM:PkgDataHelper: getGamePkgData(). com.excell44.educam.debug
11-28 12:40:41.942 28491 28521 I PolicyManager: [#CMH#] Is foreground game app: false
11-28 12:40:41.957  1737  1795 E IMGMapper: set:488 set: Unset optional value from type SMPTE2086
11-28 12:40:41.957  1737  1795 E IMGMapper: set:488 set: Unset optional value from type CTA861_3
11-28 12:40:41.968  1011  1106 I Accelerometer: acc data x = 1.434000, y = 0.810000, z = 9.605000 .
11-28 12:40:41.973  1737  1795 E IMGMapper: set:488 set: Unset optional value from type SMPTE2086
11-28 12:40:41.974  1737  1795 E IMGMapper: set:488 set: Unset optional value from type CTA861_3
11-28 12:40:41.980   766   766 I BufferQueueProducer: [NotificationShade$_1737#19005](this:0xb400007e9bb46838,id:-1,api:0,p:-1,c:766) queueBuffer: fps=60.33 dur=1011.12 max=17.16 min=15.95
11-28 12:40:41.988  1011  1106 I Light   : light data = 11.000000 .
11-28 12:40:41.991  1737  1795 E IMGMapper: set:488 set: Unset optional value from type SMPTE2086
11-28 12:40:41.991  1737  1795 E IMGMapper: set:488 set: Unset optional value from type CTA861_3
11-28 12:40:42.007  1737  1795 E IMGMapper: set:488 set: Unset optional value from type SMPTE2086
11-28 12:40:42.007  1737  1795 E IMGMapper: set:488 set: Unset optional value from type CTA861_3
11-28 12:40:42.019  1737  1862 D MobileStatusTracker(1/4): onSignalStrengthsChanged level=2, vendorLevel=2
11-28 12:40:42.022  1737  1862 D MobileSignalController(1/4): notifyListener: enabled=true, connected=true, dataConnected=false, networkType=LTE (4G), emergencyOnly=false, roaming=false, isDefault=false, dataActivity=inout, level=2, ca=false, mmWave=false, disabledDataIcon=false, simCard=ETC
11-28 12:40:42.022  1737  1862 D NetworkController: SignalStrength from intent slotId=1
11-28 12:40:42.024  1737  1795 E IMGMapper: set:488 set: Unset optional value from type SMPTE2086
11-28 12:40:42.024  1737  1795 E IMGMapper: set:488 set: Unset optional value from type CTA861_3
11-28 12:40:42.042  1737  1795 E IMGMapper: set:488 set: Unset optional value from type SMPTE2086
11-28 12:40:42.042  1737  1795 E IMGMapper: set:488 set: Unset optional value from type CTA861_3
11-28 12:40:42.056  1737  1795 E IMGMapper: set:488 set: Unset optional value from type SMPTE2086
11-28 12:40:42.056  1737  1795 E IMGMapper: set:488 set: Unset optional value from type CTA861_3
11-28 12:40:42.074  1737  1795 E IMGMapper: set:488 set: Unset optional value from type SMPTE2086
11-28 12:40:42.074  1737  1795 E IMGMapper: set:488 set: Unset optional value from type CTA861_3
11-28 12:40:42.091  1737  1795 E IMGMapper: set:488 set: Unset optional value from type SMPTE2086
11-28 12:40:42.091  1737  1795 E IMGMapper: set:488 set: Unset optional value from type CTA861_3
11-28 12:40:42.107  1737  1795 E IMGMapper: set:488 set: Unset optional value from type SMPTE2086
11-28 12:40:42.108  1737  1795 E IMGMapper: set:488 set: Unset optional value from type CTA861_3
11-28 12:40:42.124  1737  1795 E IMGMapper: set:488 set: Unset optional value from type SMPTE2086
11-28 12:40:42.124  1737  1795 E IMGMapper: set:488 set: Unset optional value from type CTA861_3
11-28 12:40:42.141  1737  1795 E IMGMapper: set:488 set: Unset optional value from type SMPTE2086
11-28 12:40:42.141  1737  1795 E IMGMapper: set:488 set: Unset optional value from type CTA861_3
11-28 12:40:42.157  1737  1795 E IMGMapper: set:488 set: Unset optional value from type SMPTE2086
11-28 12:40:42.157  1737  1795 E IMGMapper: set:488 set: Unset optional value from type CTA861_3
11-28 12:40:42.175  1737  1795 E IMGMapper: set:488 set: Unset optional value from type SMPTE2086
11-28 12:40:42.176  1737  1795 E IMGMapper: set:488 set: Unset optional value from type CTA861_3
11-28 12:40:42.189  1737  1795 E IMGMapper: set:488 set: Unset optional value from type SMPTE2086
11-28 12:40:42.189  1737  1795 E IMGMapper: set:488 set: Unset optional value from type CTA861_3
11-28 12:40:42.189 23825 23825 D BoundBrokerSvc: onRebind: Intent { act=com.google.android.gms.libs.gmscorelogger.service.START dat=chimera-action:/... cmp=com.google.android.gms/.chimera.PersistentDirectBootAwareApiService }
11-28 12:40:42.191  1011  1106 I Light   : light data = 11.000000 .
11-28 12:40:42.205  1737  1795 E IMGMapper: set:488 set: Unset optional value from type SMPTE2086
11-28 12:40:42.205  1737  1795 E IMGMapper: set:488 set: Unset optional value from type CTA861_3
11-28 12:40:42.223  1737  1795 E IMGMapper: set:488 set: Unset optional value from type SMPTE2086
11-28 12:40:42.223  1737  1795 E IMGMapper: set:488 set: Unset optional value from type CTA861_3
11-28 12:40:42.240  1737  1795 E IMGMapper: set:488 set: Unset optional value from type SMPTE2086
11-28 12:40:42.240  1737  1795 E IMGMapper: set:488 set: Unset optional value from type CTA861_3
11-28 12:40:42.255  1737  1795 E IMGMapper: set:488 set: Unset optional value from type SMPTE2086
11-28 12:40:42.255  1737  1795 E IMGMapper: set:488 set: Unset optional value from type CTA861_3
11-28 12:40:42.273  1737  1795 E IMGMapper: set:488 set: Unset optional value from type SMPTE2086
11-28 12:40:42.273  1737  1795 E IMGMapper: set:488 set: Unset optional value from type CTA861_3
11-28 12:40:42.290  1737  1795 E IMGMapper: set:488 set: Unset optional value from type SMPTE2086
11-28 12:40:42.290  1737  1795 E IMGMapper: set:488 set: Unset optional value from type CTA861_3
11-28 12:40:42.306  1737  1795 E IMGMapper: set:488 set: Unset optional value from type SMPTE2086
11-28 12:40:42.306  1737  1795 E IMGMapper: set:488 set: Unset optional value from type CTA861_3
11-28 12:40:42.322  1737  1795 E IMGMapper: set:488 set: Unset optional value from type SMPTE2086
11-28 12:40:42.323  1737  1795 E IMGMapper: set:488 set: Unset optional value from type CTA861_3
11-28 12:40:42.340  1737  1795 E IMGMapper: set:488 set: Unset optional value from type SMPTE2086
11-28 12:40:42.340  1737  1795 E IMGMapper: set:488 set: Unset optional value from type CTA861_3
11-28 12:40:42.357  1737  1795 E IMGMapper: set:488 set: Unset optional value from type SMPTE2086
11-28 12:40:42.357  1737  1795 E IMGMapper: set:488 set: Unset optional value from type CTA861_3
11-28 12:40:42.372  1737  1795 E IMGMapper: set:488 set: Unset optional value from type SMPTE2086
11-28 12:40:42.372  1737  1795 E IMGMapper: set:488 set: Unset optional value from type CTA861_3
11-28 12:40:42.388  1011  1106 I Light   : light data = 11.000000 .
11-28 12:40:42.389  1737  1795 E IMGMapper: set:488 set: Unset optional value from type SMPTE2086
11-28 12:40:42.389  1737  1795 E IMGMapper: set:488 set: Unset optional value from type CTA861_3
11-28 12:40:42.406  1737  1795 E IMGMapper: set:488 set: Unset optional value from type SMPTE2086
11-28 12:40:42.406  1737  1795 E IMGMapper: set:488 set: Unset optional value from type CTA861_3
11-28 12:40:42.422  1737  1795 E IMGMapper: set:488 set: Unset optional value from type SMPTE2086
11-28 12:40:42.423  1737  1795 E IMGMapper: set:488 set: Unset optional value from type CTA861_3
11-28 12:40:42.441  1737  1795 E IMGMapper: set:488 set: Unset optional value from type SMPTE2086
11-28 12:40:42.441  1737  1795 E IMGMapper: set:488 set: Unset optional value from type CTA861_3
11-28 12:40:42.454  1737  1795 E IMGMapper: set:488 set: Unset optional value from type SMPTE2086
11-28 12:40:42.454  1737  1795 E IMGMapper: set:488 set: Unset optional value from type CTA861_3
11-28 12:40:42.472  1737  1795 E IMGMapper: set:488 set: Unset optional value from type SMPTE2086
11-28 12:40:42.472  1737  1795 E IMGMapper: set:488 set: Unset optional value from type CTA861_3
11-28 12:40:42.489  1737  1795 E IMGMapper: set:488 set: Unset optional value from type SMPTE2086
11-28 12:40:42.489  1737  1795 E IMGMapper: set:488 set: Unset optional value from type CTA861_3
11-28 12:40:42.505  1737  1795 E IMGMapper: set:488 set: Unset optional value from type SMPTE2086
11-28 12:40:42.505  1737  1795 E IMGMapper: set:488 set: Unset optional value from type CTA861_3
11-28 12:40:42.521  1737  1795 E IMGMapper: set:488 set: Unset optional value from type SMPTE2086
11-28 12:40:42.521  1737  1795 E IMGMapper: set:488 set: Unset optional value from type CTA861_3
11-28 12:40:42.538  1737  1795 E IMGMapper: set:488 set: Unset optional value from type SMPTE2086
11-28 12:40:42.538  1737  1795 E IMGMapper: set:488 set: Unset optional value from type CTA861_3
11-28 12:40:42.555  1737  1795 E IMGMapper: set:488 set: Unset optional value from type SMPTE2086
11-28 12:40:42.555  1737  1795 E IMGMapper: set:488 set: Unset optional value from type CTA861_3
11-28 12:40:42.561  1341  1483 D SensorService: [SO] 1.453 0.772 9.548
11-28 12:40:42.571  1737  1795 E IMGMapper: set:488 set: Unset optional value from type SMPTE2086
11-28 12:40:42.571  1737  1795 E IMGMapper: set:488 set: Unset optional value from type CTA861_3
11-28 12:40:42.588  1737  1795 E IMGMapper: set:488 set: Unset optional value from type SMPTE2086
11-28 12:40:42.588  1011  1106 I Light   : light data = 10.000000 .
11-28 12:40:42.588  1737  1795 E IMGMapper: set:488 set: Unset optional value from type CTA861_3
11-28 12:40:42.598  1341  1404 D PowerManagerService: UserActivityState : 1 -> 4 groupId=0
11-28 12:40:42.598  1341  1404 I PowerGroup: Napping power group (groupId=0, uid=1000)...
11-28 12:40:42.598  1341  1404 D InputManager-JNI: setInteractiveForInternalDisplay(true)
11-28 12:40:42.598  1341  1404 I PowerManagerService: Nap time (uid 1000)...
11-28 12:40:42.601  1341  1404 I PowerManagerService: [PWL] On : 337401015 (3005 ms ago)
11-28 12:40:42.601  1341  1404 I PowerManagerService: [PWL]  mStayOn: false  mWakeLockSummary & WAKE_LOCK_STAY_AWAKE: 0  mUserActivitySummary: 0x4
11-28 12:40:42.601  1341  1404 D PowerManagerService: handleSandman : startDreaming: false  (canDreamLocked: false  canDozeLocked: false)  groupId=0
11-28 12:40:42.601  1341  1404 I PowerManagerService: !@Screen__Off(d) - 276 :  dream(timeout) (timeout) groupId=0
11-28 12:40:42.602  1341  1404 I PowerGroup: Powering off display group due to timeout (groupId= 0, uid= 1000)...
11-28 12:40:42.602  1341  1404 D InputManager-JNI: setInteractiveForInternalDisplay(false)
11-28 12:40:42.602  1341  1404 I PowerManagerService: Going to sleep due to timeout (uid 1000)...
11-28 12:40:42.603  1341  1404 D InputManager-JNI: setInteractive(false)
11-28 12:40:42.604  1341  1404 D PowerManagerService: displayReady: false groupId=0
11-28 12:40:42.604  1341  1404 D PowerManagerService: Setting HAL interactive mode to false
11-28 12:40:42.605  1341  1541 D InputMethodManagerService: isImeSwitcherDisabledPackage : false
11-28 12:40:42.605  1341  1404 D DisplayPowerController[0]: animateScreenStateChange: target=1, mLogicalDisplay.isEnabled()=true
11-28 12:40:42.605  1341  1404 D ColorFade: ColorFade start [PREPARE]  : mode=3
11-28 12:40:42.605  1341  1404 D ColorFade: ColorFade start display info.
11-28 12:40:42.606  1737  1795 E IMGMapper: set:488 set: Unset optional value from type SMPTE2086
11-28 12:40:42.606  1737  1795 E IMGMapper: set:488 set: Unset optional value from type CTA861_3
11-28 12:40:42.607   750   776 I mtkpower@impl: [setMode] type:7, enabled:0
11-28 12:40:42.608   750   798 I libPowerHal: [perfUserScnDisableAll] 
11-28 12:40:42.608   766   851 E HWComposer: getSupportedContentTypes: getSupportedContentTypes failed for display 0: Unsupported (8)
11-28 12:40:42.610  1341  1404 D ColorFade: ColorFade end display info.
11-28 12:40:42.610  1341  1404 D ColorFade: ColorFade start screenshot.
11-28 12:40:42.611   750   776 I mtkpower@impl: [setMode] Disable All
11-28 12:40:42.613  1341  1341 I PhoneWindowManagerExt: onPowerGroupWakefulnessChanged groupId =  0 / wakefulness + 2 / pmSleepReason = 0 / globalWakefulness = 2
11-28 12:40:42.617  1341  1502 I UMR     : B|Compact com.google.android.apps.messaging(31145)
11-28 12:40:42.617  1341  1341 I MdnieScenarioControlService: action  :  com.samsung.server.PowerManagerService.action.USER_ACTIVITY
11-28 12:40:42.619  1341  1502 I UMR     : E|Compact d_rss=0KB
11-28 12:40:42.620  1737  1795 E IMGMapper: set:488 set: Unset optional value from type SMPTE2086
11-28 12:40:42.620  1737  1795 E IMGMapper: set:488 set: Unset optional value from type CTA861_3
11-28 12:40:42.623   766   766 I SurfaceFlinger: operator()(), mtkRenderCntDebug 1150, screenshot (StatusBar$_1737#83)
11-28 12:40:42.623   766   766 I SurfaceFlinger: operator()(), mtkRenderCntDebug 1150, screenshot (NotificationShade$_1737#19005)
11-28 12:40:42.623  1341  1341 I WindowManager: Started going to sleep... (why=OFF_BECAUSE_OF_TIMEOUT)
11-28 12:40:42.624  1341  1341 I PhoneWindowManagerExt: onPowerGroupWakefulnessChanged groupId =  0 / wakefulness + 3 / pmSleepReason = 2 / globalWakefulness = 3
11-28 12:40:42.625  1737  1750 D KeyguardViewMediator: onStartedGoingToSleep(3)
11-28 12:40:42.628  1341  1368 D SEP_UNION_SemUnionMainServiceImpl: screenTurnOff 
11-28 12:40:42.628  1341  1368 D SEP_UNION_FriendsManagerService: screenTurnOff 
11-28 12:40:42.630  1341  1404 D ColorFade: ColorFade end screenshot.
11-28 12:40:42.631   766  1004 I SurfaceFlinger: id=19008 createSurf flag=80004, ColorFade_d0#19008
11-28 12:40:42.633   766   851 I BufferQueueDebug: [ColorFade BLAST_d0#19009](this:0xb400007e75692838,id:-1,api:0,p:-1,c:-1) BufferQueue core=(766:/system/bin/surfaceflinger)
11-28 12:40:42.633   766   851 I SurfaceFlinger: id=19009 createSurf flag=40400, ColorFade BLAST_d0#19009
11-28 12:40:42.635  1341  1404 D BufferQueueConsumer: [](id:53d0000033d,api:0,p:-1,c:1341) connect: controlledByApp=false
11-28 12:40:42.636  1341  1404 I BLASTBufferQueue: new BLASTBufferQueue, mName= ColorFade mNativeObject= 0xb400007cda556400 sc.mNativeObject= 0xb400007d14370060 caller= com.android.server.display.ColorFade.createSurfaceControl:756 com.android.server.display.ColorFade.prepare:256 com.android.server.display.DisplayPowerState.prepareColorFade:233 com.android.server.display.DisplayPowerController.animateScreenStateChange:3342 com.android.server.display.DisplayPowerController.updatePowerState:1873 com.android.server.display.DisplayPowerController.-$$Nest$mupdatePowerState:0 com.android.server.display.DisplayPowerController$DisplayControllerHandler.handleMessage:4197 android.os.Handler.dispatchMessage:106 android.os.Looper.loopOnce:226 android.os.Looper.loop:313 
11-28 12:40:42.636  1341  1404 I BLASTBufferQueue: update, w= 720 h= 1600 mName = ColorFade mNativeObject= 0xb400007cda556400 sc.mNativeObject= 0xb400007d14370060 format= -1 caller= android.graphics.BLASTBufferQueue.<init>:84 com.android.server.display.ColorFade.createSurfaceControl:756 com.android.server.display.ColorFade.prepare:256 com.android.server.display.DisplayPowerState.prepareColorFade:233 com.android.server.display.DisplayPowerController.animateScreenStateChange:3342 com.android.server.display.DisplayPowerController.updatePowerState:1873 
11-28 12:40:42.638  1341  1404 D ColorFade: ColorFade start egl and surface.
11-28 12:40:42.642  1737  1795 E IMGMapper: set:488 set: Unset optional value from type SMPTE2086
11-28 12:40:42.642  1737  1795 E IMGMapper: set:488 set: Unset optional value from type CTA861_3
11-28 12:40:42.645  1341  1404 D ColorFade: ColorFade setScreenshot
11-28 12:40:42.646  1341  1404 D BufferQueueConsumer: [](id:53d0000033e,api:0,p:-1,c:1341) connect: controlledByApp=true
11-28 12:40:42.647  1341  1404 E IMGMapper: set:488 set: Unset optional value from type SMPTE2086
11-28 12:40:42.647  1341  1404 E IMGMapper: set:488 set: Unset optional value from type CTA861_3
11-28 12:40:42.647  1737  1737 D PickupController: onStartedGoingToSleep() 
11-28 12:40:42.648  1737  1737 I PluginLockMediatorImpl: onStartedGoingToSleep why :3
11-28 12:40:42.648  1341  1404 D BufferQueueConsumer: [SurfaceTexture-275-1341-274](id:53d0000033e,api:0,p:-1,c:1341) disconnect
11-28 12:40:42.649  1341  1404 D ColorFade: ColorFade end egl and surface.
11-28 12:40:42.649  1341  1404 D ColorFade: ColorFade start init GL.
11-28 12:40:42.654  1341  1404 D ColorFade: ColorFade end init GL.
11-28 12:40:42.654  1341  1404 D ColorFade: ColorFade start setColorFadeNightDim
11-28 12:40:42.654  1737  1737 D PluginLockDelegateApp: onStartedGoingToSleep enabled: true aodClockTransition : false
11-28 12:40:42.654  1341  1404 D ColorFade: ColorFade end setColorFadeNightDim
11-28 12:40:42.654  1341  1404 D ColorFade: ColorFade start dejank.
11-28 12:40:42.655  1737  1737 I DymLock|DynamicLockManager: onStartedGoingToSleep : dls_state = 2
11-28 12:40:42.655  1737  1737 D KeyguardUpdateMonitor: updateBiometricListeningState()
11-28 12:40:42.655  1737  1737 D KeyguardViewMediator: handleMessage 17
11-28 12:40:42.655  1737  1737 D KeyguardViewMediator: handleNotifyStartedGoingToSleep
11-28 12:40:42.655  1737  1795 E IMGMapper: set:488 set: Unset optional value from type SMPTE2086
11-28 12:40:42.655  1737  1795 E IMGMapper: set:488 set: Unset optional value from type CTA861_3
11-28 12:40:42.658  1737  1737 D SecLifecycle: wakefulness=3
11-28 12:40:42.658  1737  1737 D KeyguardWallpaperEventHandler: onStartedGoingToSleep())
11-28 12:40:42.658  1737  1737 D KeyguardWallpaperEventHandler: sendMessage(), what = 833 , obj = null , arg1 = -1 , arg2 = -1
11-28 12:40:42.658  1341  1404 E IMGMapper: set:488 set: Unset optional value from type SMPTE2086
11-28 12:40:42.658  1341  1404 E IMGMapper: set:488 set: Unset optional value from type CTA861_3
11-28 12:40:42.658  1737  1737 D KeyguardEditModeController: onStartedGoingToSleep
11-28 12:40:42.658  1341  1404 I BLASTBufferQueue: [ColorFade#547](f:0,a:0) onFrameAvailable the first frame is available
11-28 12:40:42.660  1341  1404 I BLASTBufferQueue: [ColorFade#547](f:0,a:1) acquireNextBufferLocked size=720x1600 mFrameNumber=1 applyTransaction=true mTimestamp=337404077487570(auto) mPendingTransactions.size=0 graphicBufferId=5759551146633 transform=0
11-28 12:40:42.661  1737  1737 D FaceWidgetViewModel: onStartedGoingToSleep()
11-28 12:40:42.661  1737  1737 D FaceWidgetMusicPageShownManager: mCurrentMediaData is NULL
11-28 12:40:42.661  1737  1737 D FaceWidgetMusicPageShownManager: updateMusicPageShownState() show = false, reattach = false, reason = sleep
11-28 12:40:42.661  1737  1737 D FaceWidgetMusicPageShownManager: skip to show media panel
11-28 12:40:42.662  1737  1737 D KeyguardSecIndicationPolicy:  remove Item pos = DEFAULT                             , id =  2309, 
11-28 12:40:42.667  1737  1795 E IMGMapper: set:488 set: Unset optional value from type SMPTE2086
11-28 12:40:42.667  1341  1404 E IMGMapper: set:488 set: Unset optional value from type SMPTE2086
11-28 12:40:42.667  1737  1795 E IMGMapper: set:488 set: Unset optional value from type CTA861_3
11-28 12:40:42.667  1341  1404 E IMGMapper: set:488 set: Unset optional value from type CTA861_3
11-28 12:40:42.671  1737  1737 D SecVolume.SecVolumeStore: dispatch [ACTION_DISMISS_REQUESTED] with [STATE_NO_DISPATCH]
11-28 12:40:42.672  1737  1737 D SecVolume.SecVolumeStore:   > New State : [STATE_NO_DISPATCH]
11-28 12:40:42.674  1341  1404 E IMGMapper: set:488 set: Unset optional value from type SMPTE2086
11-28 12:40:42.674  1341  1404 E IMGMapper: set:488 set: Unset optional value from type CTA861_3
11-28 12:40:42.675  1341  1404 D ColorFade: ColorFade end dejank.
11-28 12:40:42.675  1341  1404 D ColorFade: ColorFade End [PREPARE]  : mode=3, <Time> displayInfo: 5, screenshot: 20, createSurface : 8, egl : 11, initGl : 5, nightModeTime : 0, dejank : 21, totalPrepare : 70
11-28 12:40:42.675  1341  1404 D DisplayPowerController[0]: ColorFade: onAnimationStart
11-28 12:40:42.675  1341  1404 D DisplayPowerController[0]: saveBrightnessInfo: brt:0.42745098 adjBrt:0.42745098 min:0.039215688 max:1.0 hbm:0 tp:Infinity throttler:0
11-28 12:40:42.676  1341  1341 D BrightnessSynchronizer: onDisplayChanged() : displayId=0
11-28 12:40:42.677  1341  1341 D BrightnessSynchronizer: updateScreenBrightness: type=2 mPreferredSettingValue=0.42745098(109) currentBrightnessInt=109 currentBrightnessIntFromFloat=109(0.42745098)
11-28 12:40:42.677   766   766 D BufferStateLayer: ColorFade BLAST_d0#19009 setBuffer frameId=1, bufferId=5759551146633 fenceId=683, w= 720, h=1600
11-28 12:40:42.677   766   766 I BufferQueueProducer: [NavigationBar0$_1737#78](this:0xb400007e9bb3a838,id:-1,api:0,p:-1,c:766) queueBuffer: fps=1.11 dur=2705.83 max=2654.44 min=16.60
11-28 12:40:42.677  1737  1795 E IMGMapper: set:488 set: Unset optional value from type SMPTE2086
11-28 12:40:42.677  1737  1795 E IMGMapper: set:488 set: Unset optional value from type CTA861_3
11-28 12:40:42.684   766   766 D SurfaceFlinger: Display 0 HWC layers:
11-28 12:40:42.684   766   766 D SurfaceFlinger:      DEVICE | 0xb400007e779067a0 | 0102 | RGBA_8888    |    0.0    0.0  720.0 1600.0 |    0    0  720 1600 | ColorFade BLAST_d0#19009
11-28 12:40:42.684   766   766 D SurfaceFlinger: 
11-28 12:40:42.693  1737  1795 E IMGMapper: set:488 set: Unset optional value from type SMPTE2086
11-28 12:40:42.693  1737  1795 E IMGMapper: set:488 set: Unset optional value from type CTA861_3
11-28 12:40:42.700  1737  1795 E IMGMapper: set:488 set: Unset optional value from type SMPTE2086
11-28 12:40:42.700  1737  1795 E IMGMapper: set:488 set: Unset optional value from type CTA861_3
11-28 12:40:42.701  1341  1404 E IMGMapper: set:488 set: Unset optional value from type SMPTE2086
11-28 12:40:42.701  1341  1404 E IMGMapper: set:488 set: Unset optional value from type CTA861_3
11-28 12:40:42.708  1737  1795 E IMGMapper: set:488 set: Unset optional value from type SMPTE2086
11-28 12:40:42.708  1737  1795 E IMGMapper: set:488 set: Unset optional value from type CTA861_3
11-28 12:40:42.713  1737  1737 D KeyguardSecIndicationPolicy:  remove Item pos = DEFAULT                             , id =  2312, 
11-28 12:40:42.714  1737  1737 D KeyguardSecIndicationPolicy:   update top pos = DEFAULT, item = [id=2312|ty=BATTERY|pr=40|txt=Chargement termin|ti=duration=3000|an=false] -> [id=2314|ty=UNLOCK_GUIDE|pr=25|txt=Faire glisser un doigt pour ouvrir|ti=duration=PERSISTENT|an=false]
11-28 12:40:42.715  1737  1795 E IMGMapper: set:488 set: Unset optional value from type SMPTE2086
11-28 12:40:42.715  1737  1795 E IMGMapper: set:488 set: Unset optional value from type CTA861_3
11-28 12:40:42.717  1737  1737 I FaceWidgetPositionAlgorithm: getClockContainerHeight() supplier = 216, bottom margin = 48, real height = 584
11-28 12:40:42.717  1737  1737 I FaceWidgetPositionAlgorithm: getMediaContainerHeight() height = 0 container Visibility = 8, isValid = false, mIsDozing = false, fraction = 1.0, source = 0, target = 0
11-28 12:40:42.717  1737  1737 I FaceWidgetPositionAlgorithm: getMediaContainerHeight() supplier = 0
11-28 12:40:42.718  1737  1737 I FaceWidgetPositionAlgorithm: getMediaContainerHeight() height = 0 container Visibility = 8, isValid = false, mIsDozing = false, fraction = 1.0, source = 0, target = 0
11-28 12:40:42.718  1737  1737 I FaceWidgetPositionAlgorithm: getMediaContainerHeight() supplier = 0
11-28 12:40:42.718  1737  1737 I FaceWidgetPositionAlgorithm: getClockContainerHeight() supplier = 216, bottom margin = 0, real height = 584
11-28 12:40:42.718  1341  1404 E IMGMapper: set:488 set: Unset optional value from type SMPTE2086
11-28 12:40:42.718  1341  1404 E IMGMapper: set:488 set: Unset optional value from type CTA861_3
11-28 12:40:42.720  1737  1737 I FaceWidgetPositionAlgorithm: getClockContainerHeight() supplier = 216, bottom margin = 48, real height = 584
11-28 12:40:42.720  1737  1737 I FaceWidgetPositionAlgorithm: getMediaContainerHeight() height = 0 container Visibility = 8, isValid = false, mIsDozing = false, fraction = 1.0, source = 0, target = 0
11-28 12:40:42.720  1737  1737 I FaceWidgetPositionAlgorithm: getMediaContainerHeight() supplier = 0
11-28 12:40:42.720  1737  1737 I FaceWidgetPositionAlgorithm: getClockContainerHeight() supplier = 216, bottom margin = 0, real height = 584
11-28 12:40:42.731  1737  1795 E IMGMapper: set:488 set: Unset optional value from type SMPTE2086
11-28 12:40:42.731  1737  1795 E IMGMapper: set:488 set: Unset optional value from type CTA861_3
11-28 12:40:42.734  1341  1404 E IMGMapper: set:488 set: Unset optional value from type SMPTE2086
11-28 12:40:42.734  1341  1404 E IMGMapper: set:488 set: Unset optional value from type CTA861_3
11-28 12:40:42.736  1737  1795 E IMGMapper: set:488 set: Unset optional value from type SMPTE2086
11-28 12:40:42.736  1737  1795 E IMGMapper: set:488 set: Unset optional value from type CTA861_3
11-28 12:40:42.742  1737  1795 E IMGMapper: set:488 set: Unset optional value from type SMPTE2086
11-28 12:40:42.742  1737  1795 E IMGMapper: set:488 set: Unset optional value from type CTA861_3
11-28 12:40:42.747  1737  1795 E IMGMapper: set:488 set: Unset optional value from type SMPTE2086
11-28 12:40:42.747  1737  1795 E IMGMapper: set:488 set: Unset optional value from type CTA861_3
11-28 12:40:42.750  1341  1404 E IMGMapper: set:488 set: Unset optional value from type SMPTE2086
11-28 12:40:42.750  1341  1404 E IMGMapper: set:488 set: Unset optional value from type CTA861_3
11-28 12:40:42.755  1737  1795 E IMGMapper: set:488 set: Unset optional value from type SMPTE2086
11-28 12:40:42.755  1737  1795 E IMGMapper: set:488 set: Unset optional value from type CTA861_3
11-28 12:40:42.759  1737  1795 E IMGMapper: set:488 set: Unset optional value from type SMPTE2086
11-28 12:40:42.760  1737  1795 E IMGMapper: set:488 set: Unset optional value from type CTA861_3
11-28 12:40:42.766  1341  1404 E IMGMapper: set:488 set: Unset optional value from type SMPTE2086
11-28 12:40:42.766  1341  1404 E IMGMapper: set:488 set: Unset optional value from type CTA861_3
11-28 12:40:42.769  1011  1106 I Accelerometer: acc data x = 1.434000, y = 0.830000, z = 9.605000 .
11-28 12:40:42.770  1737  1795 E IMGMapper: set:488 set: Unset optional value from type SMPTE2086
11-28 12:40:42.771  1737  1795 E IMGMapper: set:488 set: Unset optional value from type CTA861_3
11-28 12:40:42.775  1737  1795 E IMGMapper: set:488 set: Unset optional value from type SMPTE2086
11-28 12:40:42.775  1737  1795 E IMGMapper: set:488 set: Unset optional value from type CTA861_3
11-28 12:40:42.785  1341  1404 E IMGMapper: set:488 set: Unset optional value from type SMPTE2086
11-28 12:40:42.785  1341  1404 E IMGMapper: set:488 set: Unset optional value from type CTA861_3
11-28 12:40:42.788  1011  1106 I Light   : light data = 11.000000 .
11-28 12:40:42.790  1737  1795 E IMGMapper: set:488 set: Unset optional value from type SMPTE2086
11-28 12:40:42.790  1737  1795 E IMGMapper: set:488 set: Unset optional value from type CTA861_3
11-28 12:40:42.795  1737  1795 E IMGMapper: set:488 set: Unset optional value from type SMPTE2086
11-28 12:40:42.795  1737  1795 E IMGMapper: set:488 set: Unset optional value from type CTA861_3
11-28 12:40:42.801  1341  1404 E IMGMapper: set:488 set: Unset optional value from type SMPTE2086
11-28 12:40:42.801  1341  1404 E IMGMapper: set:488 set: Unset optional value from type CTA861_3
11-28 12:40:42.806  1737  1795 E IMGMapper: set:488 set: Unset optional value from type SMPTE2086
11-28 12:40:42.806  1737  1795 E IMGMapper: set:488 set: Unset optional value from type CTA861_3
11-28 12:40:42.810  1737  1795 E IMGMapper: set:488 set: Unset optional value from type SMPTE2086
11-28 12:40:42.810  1737  1795 E IMGMapper: set:488 set: Unset optional value from type CTA861_3
11-28 12:40:42.817  1341  1404 E IMGMapper: set:488 set: Unset optional value from type SMPTE2086
11-28 12:40:42.818  1341  1404 E IMGMapper: set:488 set: Unset optional value from type CTA861_3
11-28 12:40:42.823  1737  1795 E IMGMapper: set:488 set: Unset optional value from type SMPTE2086
11-28 12:40:42.823  1737  1795 E IMGMapper: set:488 set: Unset optional value from type CTA861_3
11-28 12:40:42.828   738   839 I hwcomposer: [HWCDisplay] [Display_0 (type:1)] fps:60.294460,dur:1011.70,max:20.52,min:12.98  
11-28 12:40:42.835  1341  1404 E IMGMapper: set:488 set: Unset optional value from type SMPTE2086
11-28 12:40:42.835  1341  1404 E IMGMapper: set:488 set: Unset optional value from type CTA861_3
11-28 12:40:42.839  1737  1795 E IMGMapper: set:488 set: Unset optional value from type SMPTE2086
11-28 12:40:42.839  1737  1795 E IMGMapper: set:488 set: Unset optional value from type CTA861_3
11-28 12:40:42.849  1341  1404 E IMGMapper: set:488 set: Unset optional value from type SMPTE2086
11-28 12:40:42.849  1341  1404 E IMGMapper: set:488 set: Unset optional value from type CTA861_3
11-28 12:40:42.853  1737  1795 E IMGMapper: set:488 set: Unset optional value from type SMPTE2086
11-28 12:40:42.853  1737  1795 E IMGMapper: set:488 set: Unset optional value from type CTA861_3
11-28 12:40:42.867  1341  1404 E IMGMapper: set:488 set: Unset optional value from type SMPTE2086
11-28 12:40:42.867  1341  1404 E IMGMapper: set:488 set: Unset optional value from type CTA861_3
11-28 12:40:42.870  1737  1795 E IMGMapper: set:488 set: Unset optional value from type SMPTE2086
11-28 12:40:42.870  1737  1795 E IMGMapper: set:488 set: Unset optional value from type CTA861_3
11-28 12:40:42.882  1685  1685 I WifiHAL : Get link layer stats
11-28 12:40:42.882  1685  1685 I WifiHAL : GetLinkStatsCommand::create
11-28 12:40:42.882  1685  1685 D android.hardware.wifi@1.0-service-lazy: WifiRequest::create vendor command to iface 38, vendor_id=0x1a11, subcmd=0x1200, res=0
11-28 12:40:42.883  1685  1685 I android.hardware.wifi@1.0-service-lazy: WifiCommand::requestResponse err=-95
11-28 12:40:42.883  1685  1685 I WifiHAL : wifi_get_link_stats: result=-3
11-28 12:40:42.884  1341  1567 E WifiVendorHal: getWifiLinkLayerStats_1_5_Internal(l.1179) failed {.code = ERROR_NOT_SUPPORTED, .description = }
11-28 12:40:42.885  1341  1404 E IMGMapper: set:488 set: Unset optional value from type SMPTE2086
11-28 12:40:42.885  1341  1404 E IMGMapper: set:488 set: Unset optional value from type CTA861_3
11-28 12:40:42.888  1737  1795 E IMGMapper: set:488 set: Unset optional value from type SMPTE2086
11-28 12:40:42.888  1737  1795 E IMGMapper: set:488 set: Unset optional value from type CTA861_3
11-28 12:40:42.894  1341 11139 D SemWifiUsabilityStatsMonitor: onWifiUsabilityStats - seqNum 26241, isSameBssidAndFreq true
11-28 12:40:42.895  1341  1641 I SemWifiLinkQualityMonitor: Link Qos query: inf. ms / 0 Mbps
11-28 12:40:42.900  1341  1404 E IMGMapper: set:488 set: Unset optional value from type SMPTE2086
11-28 12:40:42.901  1341  1404 E IMGMapper: set:488 set: Unset optional value from type CTA861_3
11-28 12:40:42.903  1737  1795 E IMGMapper: set:488 set: Unset optional value from type SMPTE2086
11-28 12:40:42.903  1737  1795 E IMGMapper: set:488 set: Unset optional value from type CTA861_3
11-28 12:40:42.917  1341  1404 E IMGMapper: set:488 set: Unset optional value from type SMPTE2086
11-28 12:40:42.917  1341  1404 E IMGMapper: set:488 set: Unset optional value from type CTA861_3
11-28 12:40:42.920  1737  1795 E IMGMapper: set:488 set: Unset optional value from type SMPTE2086
11-28 12:40:42.920  1737  1795 E IMGMapper: set:488 set: Unset optional value from type CTA861_3
11-28 12:40:42.934  1341  1404 E IMGMapper: set:488 set: Unset optional value from type SMPTE2086
11-28 12:40:42.934  1341  1404 E IMGMapper: set:488 set: Unset optional value from type CTA861_3
11-28 12:40:42.936  1341  1404 D DisplayPowerState: !@ColorFade entry displayId=0
11-28 12:40:42.936  1737  1795 E IMGMapper: set:488 set: Unset optional value from type SMPTE2086
11-28 12:40:42.937  1341  1404 D DisplayPowerController[0]: ColorFade: onAnimationEnd
11-28 12:40:42.937  1737  1795 E IMGMapper: set:488 set: Unset optional value from type CTA861_3
11-28 12:40:42.950  1341  1404 E IMGMapper: set:488 set: Unset optional value from type SMPTE2086
11-28 12:40:42.951  1341  1404 E IMGMapper: set:488 set: Unset optional value from type CTA861_3
11-28 12:40:42.953  1341  1404 D DisplayPowerController[0]: animateScreenStateChange: target=1, mLogicalDisplay.isEnabled()=true
11-28 12:40:42.953  1341  1404 I DisplayPowerController[0]: Blocking screen off
11-28 12:40:42.953  1341  1404 D DisplayPowerController[0]: mWindowManagerPolicy.screenTurningOff()
11-28 12:40:42.953  1341  1404 V KeyguardServiceDelegate: onScreenTurningOff()
11-28 12:40:42.953  1737  1795 E IMGMapper: set:488 set: Unset optional value from type SMPTE2086
11-28 12:40:42.953  1737  1795 E IMGMapper: set:488 set: Unset optional value from type CTA861_3
11-28 12:40:42.954  1341  1404 I DisplayPowerController[0]: Unblocked screen off after 1 ms
11-28 12:40:42.954   748   748 I SehLight: lcd : 0+
11-28 12:40:42.954  1091  1188 D TRS     : ccorr table index=0
11-28 12:40:42.954   748   748 I SehLight: lcd : 0-
11-28 12:40:42.954  1091  1188 D TRS     : [PQ_SERVICE] setPQParamWithFilter configFlag: 1
11-28 12:40:42.955  1341  1370 D DisplayPowerController[0]: [api] WindowManagerPolicy.ScreenOffListener : called onScreenOff()
11-28 12:40:42.956  1341  1404 D DisplayPowerController[0]: mWindowManagerPolicy.screenTurnedOff()
11-28 12:40:42.956  1341  1404 I WindowManager: Display0 turned off...
11-28 12:40:42.956  1341  1389 D BatteryExternalStatsWorker: update stats : screen-state (1)
11-28 12:40:42.956  1091  1187 D AAL     : onBacklightChanged: 393/1023 -> 0/1023(phy:0/4095)
11-28 12:40:42.956  1091  1187 D AAL     : onBacklightChanged: change screen state 3(On) -> 0(Off)
11-28 12:40:42.956  1091  1187 D AALLightSensor: AALLightSensor setEnabled 1-->0
11-28 12:40:42.956  1737 17355 D KeyguardService: onScreenTurningOff
11-28 12:40:42.957  1737  1737 D SecLifecycle: screenState=3
11-28 12:40:42.957  1341  1376 D SensorService: Calling activate off 5
11-28 12:40:42.957  1011  1011 I Light   : enable: handle:4, en:0 

11-28 12:40:42.957  1341  1404 D ActivityTaskManager: Top Process State changed to PROCESS_STATE_TOP_SLEEPING#2
11-28 12:40:42.958  1341  1404 V KeyguardServiceDelegate: onScreenTurnedOff()
11-28 12:40:42.958  1341  1368 I WindowOrientationListener: WindowOrientationListener disabled
11-28 12:40:42.959  1737 17355 D KeyguardViewMediator: onScreenTurnedOff
