11-28 12:40:42.959  1091  1187 D AALLightSensor: AALLightSensor Disabled ret=0
11-28 12:40:42.959  1091  1187 D AAL     : EventTriggerSetting: [EvtTrigger] Screen off
11-28 12:40:42.960  1091  1187 D AAL     : LABC: LABC after setTarget isSmoothBacklight=1 
11-28 12:40:42.960  1341  1368 D SensorService: Calling activate off 1600221811
11-28 12:40:42.960  1341  1368 D SensorService: [SO] activate (ident=0xb400007dad6aed80, enabled=0)
11-28 12:40:42.962  1341  1368 D SensorManager: unregisterListener :: com.android.server.wm.WindowOrientationListener$OrientationSensorJudge@6ef647a
11-28 12:40:42.963  1737  1737 D SecLifecycle: screenState=0
11-28 12:40:42.965  1737  1737 V Navbar.Store: ----handleEvent(0) OnUpdateRemoteViewContainer(leftContainer=android.widget.LinearLayout{144c7f I.E...... ......I. 0,0-79,96 #7f0b04f6 app:id/left_remoteview}, rightContainer=android.widget.LinearLayout{12d744c I.E...... ......I. 641,0-720,96 #7f0b07aa app:id/right_remoteview}, contextualButtonVisible=false, darkIntensity=0.0) [Module] SamsungNavigationBarView
11-28 12:40:42.966  1737  1737 V Navbar.Store: ------[Band]REMOTE_VIEW_PACK_SET_REMOTEVIEW_CONTAINER
11-28 12:40:42.966  1737  1737 V Navbar.Store: --------apply(0) UpdateRemoteViewContainer
11-28 12:40:42.966  1737  1737 V Navbar.Store: --------apply(0) UpdateRemoteViewDarkIntensity
11-28 12:40:42.967  1341  1404 E Surface : freeAllBuffers: 1 buffers were freed while being dequeued!
11-28 12:40:42.967  1737  1737 V Navbar.Store: handleEvent(0) OnUpdateSysUiStateFlag(noArguments=true) [Module] SamsungNavigationBarView
11-28 12:40:42.967  1737  1737 V Navbar.Store: --[Band]GESTURE_PACK_UPDATE_SYSTEMUI_STATE_FLAG
11-28 12:40:42.967  1737  1737 V Navbar.Store: --[Band] (afterAction) GESTURE_PACK_UPDATE_SYSTEMUI_STATE_FLAG
11-28 12:40:42.968  1341  1404 E Surface : getSlotFromBufferLocked: unknown buffer: 0xb400007cda0d8720
11-28 12:40:42.968  1341  1404 E IMGSRV  : :795: QueueCancelBufferWrapper: Failed to cancel buffer 0xb400007d9e7bd110 (-22)
11-28 12:40:42.968  1737  1795 E IMGMapper: set:488 set: Unset optional value from type SMPTE2086
11-28 12:40:42.969  1737  1795 E IMGMapper: set:488 set: Unset optional value from type CTA861_3
11-28 12:40:42.969  1341  1404 D DisplayPowerController[0]: Animating brightness: target=10(0.04), rate=0,000, rateAtHbm=0,000, reason=screen_off[0] -> low_pwr[9]
11-28 12:40:42.969  8930  9001 I TouchInteractionService: onActiveNavBarRegionChanges, region : SkRegion((461,1504,640,1600))
11-28 12:40:42.970  8930  9001 I TouchInteractionService: onActiveNavBarRegionChanges, region : SkRegion((461,1504,640,1600))
11-28 12:40:42.971  1341  1404 D DisplayPowerController[0]: saveBrightnessInfo: brt:0.42745098 adjBrt:0.039215688 min:0.039215688 max:1.0 hbm:0 tp:Infinity throttler:0
11-28 12:40:42.971  1341  1404 V DisplayPowerController[0]: Brightness [0.03529412] reason changing to: 'screen_off [ low_pwr ]', previous reason: 'manual [ low_pwr ]'.
11-28 12:40:42.971  1341  1404 I DisplayPowerController[0]: BrightnessEvent: disp=0, brt=0.03529412, rcmdBrt=NaN, preBrt=NaN, lux=0.0, preLux=0.0, hbmMax=1.0, hbmMode=off, thrmMax=1.0, flags=, reason=screen_off [ low_pwr ]
11-28 12:40:42.971  1341  1404 D DisplayPowerController[0]: animateScreenStateChange: target=1, mLogicalDisplay.isEnabled()=true
11-28 12:40:42.971  1341  1675 D DisplayManagerService: !@display_state requestDisplayStateInternal: ON -> OFF displayId=0
11-28 12:40:42.971  1341  1675 D SemInputDeviceManagerService: currentDisplayState[1]:ON(2)
11-28 12:40:42.971  1341  1675 D SemInputDeviceManagerService: EARLY: Logical: OFF(1) Physical: OFF(1) [Using: OFF(1)] displayType: 1
11-28 12:40:42.972  1341  1675 D LocalDisplayAdapter: notifyStateChangeStart: com.samsung.android.hardware.secinputdev.SemInputDeviceManagerService$8@48e53a3 took 1 ms
11-28 12:40:42.972  1341  1675 D LocalDisplayAdapter: !@display_state: ON -> OFF (id:0)
11-28 12:40:42.972   766   766 D SurfaceFlinger: Setting power mode 0 on display 0
11-28 12:40:42.972  1341  1370 I DisplayDeviceRepository: Display device changed state: "cran intgr", OFF
11-28 12:40:42.972   738   839 I hwcomposer: [HWCDisplay] Display(0) SetPowerMode(0)  
11-28 12:40:42.973  1091  1187 D AAL     : EventTriggerSetting: [EvtTrigger] Screen off
11-28 12:40:42.973  1091  1187 D AAL     : 11-28 12:40:42.960 BL=   0,ESS= 256, 
11-28 12:40:42.975  1341  1370 I InputManager-JNI: Viewport [0] to add: local:0, isActive: false
11-28 12:40:42.975  1341  1370 D InputManager-JNI: Viewport [0] type:1, displayId=0, uniqueId=local:0, orientation=0, logicalFrame=[0, 0][720, 1600], physicalFrame=[0, 0][720, 1600], deviceSize=[720, 1600]
11-28 12:40:42.976  1341  2566 D LiftUpHandler: [LTW] Not support: Lift to wake sensor type.
11-28 12:40:42.976  1341  1341 D SGM:GameManager: onDisplayChanged. displyId: 0, state: 1
11-28 12:40:42.976  1341  1532 I InputReader: Reconfiguring input devices, changes=DISPLAY_INFO | 
11-28 12:40:42.976  1341  1532 I InputReader: Device reconfigured: id=5, name='mtk-tpd', size 720x1600, orientation 0, mode 1, display id 0
11-28 12:40:42.977  1341  1341 I SemMdnieManagerService: DisplayListener onDisplayChanged
11-28 12:40:42.977  1341  1519 D MotionRecognitionService: Inject screen on / off : 0
11-28 12:40:42.977  1341  1519 D SensorService: Motion injection
11-28 12:40:42.978  1341  1544 D SGM:FgCheckThread: onLooperPrepared(), msg: MSG_LCD_OFF
11-28 12:40:42.978  1341  1544 D SGM:FgCheckThread: sendFocusOutConditionally() - mPrevNotiPkg: KILL_YOURSELF, userId: 0
11-28 12:40:42.983  1737  1737 D DisplayLifecycle: updateDisplay id = 0
11-28 12:40:42.984  1341  1371 W SurfaceControl: Invalid layer stack -1
11-28 12:40:42.984  1341  1371 D DisplayDevice: setLayerStackLocked, layerStack=-1, uniqueId=local:0
11-28 12:40:42.985 23825 23825 I NearbyDiscovery: (REDACTED) FastPairDisplayObserver: %s -> %s
11-28 12:40:42.986 23825 23944 I NearbyDiscovery: (REDACTED) PureOffloadFastPairScanner: eventType=%s, isInternalReq=%s, isScanning=%s, isScanningAllowed=%s
11-28 12:40:42.988  1341  1341 D BrightnessSynchronizer: onDisplayChanged() : displayId=0
11-28 12:40:42.988  1341  1341 D BrightnessSynchronizer: updateScreenBrightness: type=2 mPreferredSettingValue=0.42745098(109) currentBrightnessInt=109 currentBrightnessIntFromFloat=109(0.42745098)
11-28 12:40:42.989  1341  1389 D BatteryExternalStatsWorker: Update CPU state
11-28 12:40:42.989  1341  1389 D BatteryExternalStatsWorker: mStats lock released
11-28 12:40:42.989  1341  1389 D BatteryExternalStatsWorker: done updateExternalStatsLocked
11-28 12:40:42.990  1091  1187 D AAL     : EventTriggerSetting: [EvtTrigger] Screen off
11-28 12:40:42.992  8930 15097 I TouchInteractionService: onActiveNavBarRegionChanges, region : SkRegion((461,1504,640,1600))
11-28 12:40:42.995  1737  1862 D MobileStatusTracker(0/5): onDataActivity: direction=0
11-28 12:40:42.997  9366  9366 I HBD     : b currentConnectionState : false 
11-28 12:40:42.997 23825 23944 I NearbyDiscovery: (REDACTED) ApFastPairScanner: isScreenOn=%s, isLocationEnabled=%s, disableLocationRequirement=%s, isDiscoveryScanningEnabled=%s, during24GhzWifiWarmingUpPeriod=%s
11-28 12:40:42.997  1737  1862 D MobileStatusTracker(0/5): onDataActivity: direction=0
11-28 12:40:42.998 23825 23944 I BluetoothAdapter: STATE_BLE_ON
11-28 12:40:42.998 23825 23944 I BluetoothAdapter: appoCount is = 1
11-28 12:40:42.999 23825 23944 I NearbyDiscovery: (REDACTED) ApFastPairScanner: eventType=%s, intReq=%s, scanning=%s, scanAllowed=%s, bleEnabled=%s, lockScanRate=%s, startScanningByLowPowerMode=%s
11-28 12:40:42.999 23825 23944 I NearbyDiscovery: (REDACTED) ApFastPairScanner: Stopping scan, %s
11-28 12:40:42.999 23825 23944 I BluetoothAdapter: STATE_BLE_ON
11-28 12:40:43.000 23825 23944 I BluetoothAdapter: appoCount is = 1 G/S = 1/0
11-28 12:40:43.000 23825 23944 D BluetoothLeScanner: Stop Scan with callback
11-28 12:40:43.001  1737  1862 D MobileStatusTracker(1/4): onDataActivity: direction=3
11-28 12:40:43.003  2478  2488 D ActivityAttributionService: notifyActivityAttributionInfo UID=1002 packageName=com.android.bluetooth deviceAddress=no_active_device_address
11-28 12:40:43.003  2478  2672 I bt_stack: [INFO:le_scanning_manager.cc(178)] Scan in shim layer stopped
11-28 12:40:43.003  2478  2694 W bt_stack: le_address_manager :: scan() - Unregister
11-28 12:40:43.004  2478  2694 W bt_stack: Stop LeSetExtendedScan
11-28 12:40:43.004  2478  2672 I bt_stack: [INFO:le_scanning_manager.cc(198)] ScanFilterParamSetup in shim layer
11-28 12:40:43.005  1737  1862 D MobileStatusTracker(1/4): onDataActivity: direction=3
11-28 12:40:43.006  2478  2488 D BtGatt.ContextMap: remove() - id: 1
11-28 12:40:43.006  2478  2488 E BtGatt.ContextMap: remove() - removed: 1
11-28 12:40:43.006  2478  2488 I bt_stack: [INFO:le_scanning_manager.cc(172)] Unregister in shim layer, scanner_id:1
11-28 12:40:43.006  2478  2674 E BtGatt.GattService: [GSIM LOG]: gsimLogHandler, msg: MESSAGE_SCAN_STOP, appName: com.google.uid.shared, scannerId: 1, reportDelayMillis=0
11-28 12:40:43.008  2478  2674 E LeAppInfo: updateScanStopInfo(), There is NO scan process with :                              com.google.uid.shared|    Normal|  Balanced|    Filter|      true|
11-28 12:40:43.009  2478  2694 W bt_stack: Received command complete with op_code LE_SET_RANDOM_ADDRESS
11-28 12:40:43.185   766   766 D SurfaceFlinger: Finished setting power mode 0 on display 0
11-28 12:40:43.186  1341  1675 D SurfaceControl: Excessive delay in setPowerMode()
11-28 12:40:43.186  1341  1675 D LocalDisplayAdapter: !@display_state: OFF took 214 ms
11-28 12:40:43.186   766   766 I BufferQueueProducer: [NotificationShade$_1737#19005](this:0xb400007e9bb46838,id:-1,api:0,p:-1,c:766) queueBuffer: fps=49.75 dur=1206.00 max=227.71 min=13.18
11-28 12:40:43.186  1341  1675 D SemInputDeviceManagerService: currentDisplayState[1]:OFF(1)
11-28 12:40:43.186  1341  1675 D SemInputDeviceManagerService: LATE: Logical: OFF(1) Physical: OFF(1) [Using: OFF(1)] displayType: 1
11-28 12:40:43.187  1341  1675 D LocalDisplayAdapter: notifyStateChangeFinish: com.samsung.android.hardware.secinputdev.SemInputDeviceManagerService$8@48e53a3 took 1 ms
11-28 12:40:43.187   766   766 D DisplayDevice: setLayerStack : layerstack=-1, Display 0 (internal, primary, "Primary display")
11-28 12:40:43.187   750   776 I mtkpower@impl: [setMode] type:9, enabled:1
11-28 12:40:43.187   750   776 E mtkpower@impl: [setMode] unknown type
11-28 12:40:43.187  1341  1675 D DisplayPowerController[0]: setActualDisplayState: ON -> OFF
11-28 12:40:43.188  1341  1404 D DisplayPowerController[0]: animateScreenStateChange: target=1, mLogicalDisplay.isEnabled()=true
11-28 12:40:43.189  1341  1404 D DisplayPowerController[0]: animateScreenStateChange: target=1, mLogicalDisplay.isEnabled()=true
11-28 12:40:43.189  1341  1404 D PowerManagerService: displayReady: true groupId=0
11-28 12:40:43.189  1341  1404 D PowerManagerService: handleSandman : startDreaming: true  (canDreamLocked: false  canDozeLocked: true)  groupId=0
11-28 12:40:43.189  1341  1404 D PowerManagerService: handleSandman : startDream(true)
11-28 12:40:43.190  1341  1404 I DreamManagerService: Entering dreamland.
11-28 12:40:43.193  1341  1404 I PowerManagerService: Dozing...
11-28 12:40:43.195  1341  1367 I DreamController: Starting dream: name=ComponentInfo{com.android.systemui/com.android.systemui.doze.DozeService}, isPreviewMode=false, canDoze=true, userId=0
11-28 12:40:43.200  1737  1737 D LocationControllerImpl: onReceive() = android.intent.action.CLOSE_SYSTEM_DIALOGS
11-28 12:40:43.206 26119 26119 I Dc.AppErrorDialogActivity: receive android.intent.action.CLOSE_SYSTEM_DIALOGS
11-28 12:40:43.209  1737  1737 D SecQSLayoutDetail: action:android.intent.action.CLOSE_SYSTEM_DIALOGS
11-28 12:40:43.209  1737  1737 D QSMoreButton: action:android.intent.action.CLOSE_SYSTEM_DIALOGS
11-28 12:40:43.209  1737  1737 D QSButtonsContainer: action:android.intent.action.CLOSE_SYSTEM_DIALOGS
11-28 12:40:43.210  1737  1737 D PopupUI.PopupUI: PopupUIReceiver.onReceive() action : android.intent.action.CLOSE_SYSTEM_DIALOGS
11-28 12:40:43.210  1737  1737 D SecVolume.SecVolumeStore: dispatch [ACTION_DISMISS_REQUESTED] with [STATE_NO_DISPATCH]
11-28 12:40:43.210  1737  1737 D SecVolume.SecVolumeStore:   > New State : [STATE_NO_DISPATCH]
11-28 12:40:43.210 26119 26119 I Dc.AppErrorDialogActivity: receive android.intent.action.CLOSE_SYSTEM_DIALOGS
11-28 12:40:43.218  1737  1737 I DozeService: onCreate: com.android.systemui.doze.DozeService@5d080b2
11-28 12:40:43.218  1737  1737 D PluginInstanceManager: startListening
11-28 12:40:43.218  1737  1925 D PluginInstanceManager: queryAll com.samsung.systemui.action.PLUGIN_CLOCK_PACK
11-28 12:40:43.220  1737  1925 D PluginInstanceManager: Found 1 plugins
11-28 12:40:43.221  1737  1925 D PluginInstanceManager: createPlugin
11-28 12:40:43.223  1737  1737 D DozeService: onDreamingStarted: 
11-28 12:40:43.225  1341  2976 D PowerManagerService: [PWL] sb release: PowerManagerService.Display
11-28 12:40:43.226  1737  2533 D KeyguardViewMediator: onDreamingStarted
11-28 12:40:43.226  1341  1404 D PowerManagerService: [api] DreamReceiver: onReceive: android.intent.action.DREAMING_STARTED
11-28 12:40:43.226  1737  1737 D KeyguardSecAffordanceView: reset right:false
11-28 12:40:43.227  1737  1737 D KeyguardSecAffordanceView: reset right:true
11-28 12:40:43.229  1737  1737 I FaceWidgetPositionAlgorithm: getClockContainerHeight() supplier = 216, bottom margin = 48, real height = 584
11-28 12:40:43.229  1737  1737 I FaceWidgetPositionAlgorithm: getMediaContainerHeight() height = 0 container Visibility = 8, isValid = false, mIsDozing = false, fraction = 1.0, source = 0, target = 0
11-28 12:40:43.229  1737  1737 I FaceWidgetPositionAlgorithm: getMediaContainerHeight() supplier = 0
11-28 12:40:43.229  1737  1737 I FaceWidgetPositionAlgorithm: getClockContainerHeight() supplier = 216, bottom margin = 0, real height = 584
11-28 12:40:43.231  1737  1737 D MultiSIMPreferredSlotBar: setExpanded : false mShowing : true
11-28 12:40:43.231  1737  1737 D MultiSIMController: unRegisterSimCardManagerCallback : mSimCardManagerService is null 
11-28 12:40:43.231  1737  1737 D MultiSIMPreferredSlotBar: setExpanded : false mShowing : true
11-28 12:40:43.231  1737  1737 D MultiSIMController: unRegisterSimCardManagerCallback : mSimCardManagerService is null 
11-28 12:40:43.231  1737  1737 D MultiSIMPreferredSlotBar: setExpanded : false mShowing : true
11-28 12:40:43.231  1737  1737 D MultiSIMController: unRegisterSimCardManagerCallback : mSimCardManagerService is null 
11-28 12:40:43.232  1737  1737 I FaceWidgetPositionAlgorithm: getClockContainerHeight() supplier = 216, bottom margin = 48, real height = 584
11-28 12:40:43.232  1737  1737 I FaceWidgetPositionAlgorithm: getMediaContainerHeight() height = 0 container Visibility = 8, isValid = false, mIsDozing = false, fraction = 1.0, source = 0, target = 0
11-28 12:40:43.232  1737  1737 I FaceWidgetPositionAlgorithm: getMediaContainerHeight() supplier = 0
11-28 12:40:43.232  1737  1737 I FaceWidgetPositionAlgorithm: getClockContainerHeight() supplier = 216, bottom margin = 0, real height = 584
11-28 12:40:43.234  1737  1737 D KeyguardTouchAnimator: reset unlockExecuted=false
11-28 12:40:43.234  1737  1737 D KeyguardEditModeAnimatorController: reset true
11-28 12:40:43.234  1737  1737 D KeyguardTouchAnimator: resetChildViewVI(): false
11-28 12:40:43.234  1737  1737 D KeyguardTouchDymLockInjector: resetDynamicLock mIsDynamicLockEnabled: false
11-28 12:40:43.234  1737  1737 D CentralSurfaces: updateQsExpansionEnabled - QS Expand enabled: false
11-28 12:40:43.235  1737  1737 D SecPanelLogger: updateQsExpansionEnabled() return:false = isDeviceProvisioned:true && (mUserSetup:true || mUserSwitcherController_null?false || !isSimpleUserSwitcher:true) && !isShadeDisabled:true && DISABLE2_QUICK_SETTINGS:true && !mDozing:false && !ONLY_CORE_APPS:true |  StatusBarState:KEYGUARD
11-28 12:40:43.235  1737  1737 D SecPanelLogger:  - com.android.systemui.statusbar.phone.CentralSurfacesImpl.updateQsExpansionEnabled:2023
11-28 12:40:43.235  1737  1737 D SecPanelLogger:  - com.android.systemui.statusbar.phone.CentralSurfacesImpl$23.onDozingChanged:5462
11-28 12:40:43.235  1737  1737 D SecPanelLogger:  - com.android.systemui.statusbar.StatusBarStateControllerImpl.setIsDozing:324
11-28 12:40:43.235  1737  1737 I KeyguardViewMediator: setLockScreenShown true true
11-28 12:40:43.235  1737  1737 W NotificationEntryMgr: While running New Pipeline: updateNotifications(reason=onDozingChanged)
11-28 12:40:43.236  1737  1737 I FaceWidgetPositionAlgorithm: getClockContainerHeight() supplier = 216, bottom margin = 48, real height = 584
11-28 12:40:43.236  1737  1737 I FaceWidgetPositionAlgorithm: getMediaContainerHeight() height = 0 container Visibility = 8, isValid = false, mIsDozing = false, fraction = 1.0, source = 0, target = 0
11-28 12:40:43.236  1737  1737 I FaceWidgetPositionAlgorithm: getMediaContainerHeight() supplier = 0
11-28 12:40:43.239  1737  1737 I FaceWidgetPositionAlgorithm: setup() mStatusBarHeight = 48, mDarkAmount = 1.0, mQsTopPadding = 584, notificationStackHeight = 0, mPanelExpansion = 0.0, mHeight = 1600, mFaceWidgetContainerHeight = 584, mCurrentClockType = 50009, notificationType = 0, hasVisibleNotifs = false
11-28 12:40:43.239  1737  1737 I FaceWidgetPositionAlgorithm: getMediaContainerHeight() height = 0 container Visibility = 8, isValid = false, mIsDozing = false, fraction = 1.0, source = 0, target = 0
11-28 12:40:43.239  1737  1737 I FaceWidgetPositionAlgorithm: getMediaContainerHeight() supplier = 0
11-28 12:40:43.240  1711  1753 I System.out: Broadcasting: Intent { act=com.sec.intent.action.SARDEVICE_CP flg=0x10000000 (has extras) }
11-28 12:40:43.241  1341  1370 V UsbDeviceManager: onKeyguardStateChanged: isShowing:true secure:false user:0
11-28 12:40:43.243  1737  1737 I FaceWidgetPositionAlgorithm: getClockContainerHeight() supplier = 216, bottom margin = 0, real height = 584
11-28 12:40:43.243  1341  1547 D StorageManagerService: handleMessage -> H_KEYGUARD_CHANGED isShowing=false
11-28 12:40:43.244  1341  1541 D InputMethodManagerService: isImeSwitcherDisabledPackage : false
11-28 12:40:43.245  1341  1521 D MotionRecognitionService: [SAR]  onReceive : SARDEVICE_CP, callAction = off deviceID = 557063 slot = 0 device_ext = 0
11-28 12:40:43.245  1341  1521 I MotionRecognitionService: [SAR] id : 0 cmd :off
11-28 12:40:43.245  1341  1521 I MotionRecognitionService: [SAR] id : 1 cmd :off
11-28 12:40:43.245  1341  1521 I MotionRecognitionService: [SAR] id : 2 cmd :off
11-28 12:40:43.245  1341  1521 W MotionRecognitionService: DEFAULT
11-28 12:40:43.245  1341  1521 I MotionRecognitionService: [SAR] id : 15 cmd :off
11-28 12:40:43.245  1341  1521 W MotionRecognitionService: DEFAULT
11-28 12:40:43.245  1341  1521 I MotionRecognitionService: [SAR] id : 19 cmd :off
11-28 12:40:43.246  1711  1721 I System.out: Broadcast completed: result=0
11-28 12:40:43.246  1737  1737 D CentralSurfaces: updateQsExpansionEnabled - QS Expand enabled: false
11-28 12:40:43.248  1737  1737 D SecQpScrimControlHelper:  secVisible?false (scrimState:AOD) (1stFrc:1, 2ndFrc:0, drgDown:0, PanelEx:false)   (dlyGed:0, dlySec:0)   [N(0,8|ff43769a)-B(0|ff43769a)]   (expanded:true, tracking:false, qsBottomVisible:false) MassBlur(a:1.0   thm(a:1, rtEnabled:false) park(panel_on?false)   kgd(fw:false, gw:false, ocl:false)   (assetsSeq:16, themeSeq:1, uiMode:17)   GED[F(0|ff000000)-N(0|0)-B(0,|ff000000)-Duration:800], caller:transitionTo(state:AOD)
11-28 12:40:43.249  1737  1737 D SecQpScrimView sec_qp_scrim_notifications: setViewAlpha(0,00 >> 0,80)
11-28 12:40:43.249  1737  1737 D ScrimController: State changed to AOD, blankScreen=false, animation=-1
11-28 12:40:43.253  1737  1737 I ViewRootImpl@a308e6[NotificationShade]: reportNextDraw android.view.ViewRootImpl.setReportNextDraw:11855 com.android.systemui.statusbar.phone.ScrimController.dispatchScrimsVisible:1313 com.android.systemui.statusbar.phone.ScrimController.updateScrimColor:1400 com.android.systemui.statusbar.phone.ScrimController.updateScrim:1613 com.android.systemui.statusbar.phone.ScrimController.setScrimAlpha:1341 
11-28 12:40:43.254  1737  1737 D ScrimController: updateScrimColor main=0xfff0f0f3 front=0xff000000|1.000000|0 noti=0xfff0f0f3|0.000000|8 behind=0xff000000|0.000000|0 vis=2
11-28 12:40:43.255  1737  1737 D KeyguardIndication: setVisible() false in dozing
11-28 12:40:43.255  8930  9001 I TouchInteractionService: onSystemUiStateChanged, stateFlags : 2097606 |overview_disabled|home_disabled|navbar_hidden|notif_visible|keygrd_visible|device_dozing|
11-28 12:40:43.255  8930  8930 I RecentsAnimationDeviceState: setSystemUiFlags, stateFlags : 2097606
11-28 12:40:43.255  8930  8930 I TouchInteractionService: onSystemUiFlagsChanged, lastSysUIFlags : 454
11-28 12:40:43.256  1737  1737 D KeyguardSecIndicationPolicy:  remove Item pos = DEFAULT, type =     LEGACY_TRANSIENT
11-28 12:40:43.257  1737  1737 D KeyguardSecIndicationPolicy:  add T Event pos = DEFAULT, type =              BATTERY, id =  2316, text = Chargement termin, duration = 3000
11-28 12:40:43.257  1737  1737 D KeyguardSecIndicationPolicy:   update top pos = DEFAULT, item = [id=2314|ty=UNLOCK_GUIDE|pr=25|txt=Faire glisser un doigt pour ouvrir|ti=duration=PERSISTENT|an=false] -> [id=2316|ty=BATTERY|pr=40|txt=Chargement termin|ti=duration=3000|an=false]
11-28 12:40:43.257  1737  1737 D KeyguardSecIndicationController: onIndicationChanged() return - keyguard is not visible, pos = DEFAULT, item = [id=2316|ty=BATTERY|pr=40|txt=Chargement termin|ti=duration=3000|an=false]
11-28 12:40:43.258  1737  1737 D KeyguardSecIndicationPolicy: update Event pos = DEFAULT, type =      BATTERY_RESTING, id =  2317, text = Chargement termin
11-28 12:40:43.258  1737  1737 D KeyguardSecIndicationPolicy:  remove Item pos = DEFAULT, type =           OWNER_INFO
11-28 12:40:43.258  1737  1737 D KeyguardSecIndicationController: addBatteryAndOwnerInfoIndication() battery status = BatteryStatus{status=5,level=100,plugged=2,health=2,maxChargingWattage=2500000,remaining=-1ultraFastCharger=0}
11-28 12:40:43.258  1737  1737 D KeyguardSecAffordanceView: reset right:false
11-28 12:40:43.258  1737  1737 D KeyguardSecAffordanceView: reset right:true
11-28 12:40:43.260  1737  1737 D SecQSFragmentAnimator_QSCinema: [panelExpanding:true] qsExpanded:false, qsFullyExpanded:false, qsExpansionPosition:0, qsExpandImmediate:false, qsCollapsingWhilePanelClosing:false &&&  panelExpansionFraction:1, panelExpansionDragDownPxAmount:644 ***   panelExpanded:true, panelExpanding:false %%%   barState:1, overScrolling:false, userId:-1, isRunningPanelOnHeightAnimation:false
11-28 12:40:43.264  1737  1737 I FaceWidgetPositionAlgorithm: getClockContainerHeight() supplier = 216, bottom margin = 48, real height = 584
11-28 12:40:43.264  1737  1737 I FaceWidgetPositionAlgorithm: getMediaContainerHeight() height = 0 container Visibility = 8, isValid = false, mIsDozing = false, fraction = 1.0, source = 0, target = 0
11-28 12:40:43.264  1737  1737 I FaceWidgetPositionAlgorithm: getMediaContainerHeight() supplier = 0
11-28 12:40:43.265  1737  1737 I FaceWidgetPositionAlgorithm: getClockContainerHeight() supplier = 216, bottom margin = 0, real height = 584
11-28 12:40:43.266  1737  1737 D KeyguardTouchAnimator: reset unlockExecuted=false
11-28 12:40:43.266  1737  1737 D KeyguardEditModeAnimatorController: reset true
11-28 12:40:43.266  1737  1737 D KeyguardTouchAnimator: resetChildViewVI(): false
11-28 12:40:43.266  1737  1737 D KeyguardTouchDymLockInjector: resetDynamicLock mIsDynamicLockEnabled: false
11-28 12:40:43.266  1737  1737 D KeyguardVisible: isKeyguardForDozing=false
11-28 12:40:43.266  1737  1737 D SecPanelLogger: makeExpandedVisible(force:true) mExpandedVisible:true, panelsEnabled: true
11-28 12:40:43.267  1737  1862 D Tile.WifiTile: handleUpdateState isTransient=false transientEnabling =false cb.isTransient=false state.state = 2 mStateBeforeClick.value =false enabled =true
11-28 12:40:43.267  1737  1737 D CentralSurfaces: Received new disable state: enaiHbcRsokt.qingr (unchanged)
11-28 12:40:43.268  1737  1737 D CentralSurfaces: Received new disable state: enaiHbcRsokt.qingr (unchanged)
11-28 12:40:43.268  1737  1737 D SecPanelLogger: makeExpandedVisible(force:true) mExpandedVisible:true, panelsEnabled: true
11-28 12:40:43.269  1737  1737 D CentralSurfaces: Received new disable state: enaiHbcRsokt.qingr (unchanged)
11-28 12:40:43.269  1737  1737 D CentralSurfaces: Received new disable state: enaiHbcRsokt.qingr (unchanged)
11-28 12:40:43.270  1737  1737 D KeyguardWallpaperController: mWallpaperView.reset()
11-28 12:40:43.270  1737  1862 D Tile.BluetoothTile:  handleUpdateState enabled = false connected = false connecting = false changedState =false bluetoothState = 10 enabledChanging = false state = BooleanState[spec=Bluetooth,icon=ResourceIcon[resId=0x7f0809bd],iconSupplier=null,label=Bluetooth,secondaryLabel=null,contentDescription=Bluetooth,Dsactiv,stateDescription=null,dualLabelContentDescription=null,expandedAccessibilityClassName=null,disabledByPolicy=false,dualTarget=true,isTransient=false,state=1,slash="null",sideViewCustomDrawable=null,tileClassName=null,value=false,forceExpandIcon=false]
11-28 12:40:43.270  1737  1737 D KeyguardViewBase: show()
11-28 12:40:43.270  1737  1737 V KeyguardSecurityView: showPrimarySecurityScreen(turningOff=false)
11-28 12:40:43.270  1737  1737 D KeyguardSecurityView: showSecurityScreen(None)
11-28 12:40:43.270  1737  1737 D KeyguardVisible: isKeyguardForDozing=false
11-28 12:40:43.270  1737  1737 D SecPanelLogger: makeExpandedVisible(force:true) mExpandedVisible:true, panelsEnabled: true
11-28 12:40:43.271  1737  1737 D CentralSurfaces: Received new disable state: enaiHbcRsokt.qingr (unchanged)
11-28 12:40:43.271  1737  1737 D CentralSurfaces: Received new disable state: enaiHbcRsokt.qingr (unchanged)
11-28 12:40:43.272  1737  1737 D SecPanelLogger: makeExpandedVisible(force:true) mExpandedVisible:true, panelsEnabled: true
11-28 12:40:43.272  1737  1737 D CentralSurfaces: Received new disable state: enaiHbcRsokt.qingr (unchanged)
11-28 12:40:43.273  1737  1737 D CentralSurfaces: Received new disable state: enaiHbcRsokt.qingr (unchanged)
11-28 12:40:43.273 18907 18907 I NgaVisSearch: onLockscreenShown
11-28 12:40:43.273  1737  1862 D Tile.RotationLockTile:  handleUpdateState: false orientation = true
11-28 12:40:43.274  1737  1737 D KeyguardWallpaperController: mWallpaperView.reset()
11-28 12:40:43.274  1737  1737 D DozeScreenState: transitionTo INITIALIZED shouldWaitForTransitionToAodUi : false
11-28 12:40:43.274  1737  1737 D DozeScreenState: setDozeScreenState(1, shouldWaitForTransitionToAodUi = false)
11-28 12:40:43.274 18907 18907 I NgaVisSearch: hide
11-28 12:40:43.274 18907 18907 I NgaVisSearch: hideInternal
11-28 12:40:43.274  1737  1862 D NetworkController: IsPowerOffServiceState is false: 0
11-28 12:40:43.275  1737  1862 D Tile.AirplaneModeTile:  handleUpdateState: airplane mode is disabled : enter mSetting.getValue() == 0 mIsWiFiOnlyDevice false isNoSimState false !isPowerOffServiceState true
11-28 12:40:43.275  1737  1862 D Tile.AirplaneModeTile:  handleUpdateState:  value = false, state = 1
11-28 12:40:43.275  1341  2976 D PowerManagerService: [api] setDozeOverrideFromDreamManager: screenState: OFF mode: 0x0 screenBrightness: -1 shouldWait: false
11-28 12:40:43.275  1341  2976 D PowerManagerService: [api] acquire WakeLock DOZE_WAKE_LOCK                 'DreamManagerService' (uid=1000 pid=1341 displayId=-1 lock=8f3d1eb)
11-28 12:40:43.275  1341  2976 D PowerManagerService: displayReady: false groupId=0
11-28 12:40:43.276  1341  1404 D DisplayPowerController[0]: animateScreenStateChange: target=1, mLogicalDisplay.isEnabled()=true
11-28 12:40:43.276  1341  1404 D PowerManagerService: [PWL] sb acquire: PowerManagerService.Display
11-28 12:40:43.278  1341  1404 D PowerManagerService: displayReady: true groupId=0
11-28 12:40:43.278  1737  1737 D DozeService: startClockPack: mClockPackPlugin=null
11-28 12:40:43.279  1341  1404 D PowerManagerService: [PWL] sb acquire: PowerManagerService.Broadcasts
11-28 12:40:43.279  1341  1341 I WindowManager: Finished going to sleep... (why=OFF_BECAUSE_OF_TIMEOUT)
11-28 12:40:43.279  1737  1737 D PluginInstanceManager: onPluginConnected
11-28 12:40:43.279  1737  1737 I PluginClockPackImpl: onCreate()
11-28 12:40:43.280  1737  1737 I ClockPack: !@ClockPack: constructor
11-28 12:40:43.280  1737  2533 D KeyguardViewMediator: onFinishedGoingToSleep(3)
11-28 12:40:43.281  1737  1737 I AbsSettings: clearCacheInner
11-28 12:40:43.281  1737  1737 I AbsSettings: clearCacheInner
11-28 12:40:43.281  1737  2533 E KeyguardViewMediator: resetStateLocked
11-28 12:40:43.281  1341  1404 D PowerManagerService: [PWL] sb release: PowerManagerService.Display
11-28 12:40:43.281  1737  1737 I DBManager: createSQLiteOpenHelperAdapter : mDBAdapter is NOT NULL.
11-28 12:40:43.282  1737  1737 W DeviceType: readFingerprintSensor : No file for sensor pos
11-28 12:40:43.283  1737  1737 D DozeService: onPluginConnected: PluginClockPack plugin=com.samsung.android.app.clockpack.plugin.PluginClockPackImpl@f067a62
11-28 12:40:43.283  1737  1737 D DozeService: startClockPack: mClockPackPlugin=com.samsung.android.app.clockpack.plugin.PluginClockPackImpl@f067a62
11-28 12:40:43.283  1737  1737 I PluginClockPackImpl: onDreamingStarted()
11-28 12:40:43.283  1737  1737 I ClockPack: !@ClockPack: onStart
11-28 12:40:43.285  1737  1737 I MODManager: register
11-28 12:40:43.287  1341  2976 D AODManagerService: registerAODDozeCallbackInternal
11-28 12:40:43.288  1737  1737 D KeyguardUpdateMonitor: handleDreamingStateChanged() dreaming : false -> true, screen saver : false -> false
11-28 12:40:43.290  1737  1737 I FaceWidgetPositionAlgorithm: getClockContainerHeight() supplier = 216, bottom margin = 48, real height = 584
11-28 12:40:43.290  1737  1737 I FaceWidgetPositionAlgorithm: getMediaContainerHeight() height = 0 container Visibility = 8, isValid = false, mIsDozing = false, fraction = 1.0, source = 0, target = 0
11-28 12:40:43.290  1737  1737 I FaceWidgetPositionAlgorithm: getMediaContainerHeight() supplier = 0
11-28 12:40:43.291  1737  1737 I FaceWidgetPositionAlgorithm: getClockContainerHeight() supplier = 216, bottom margin = 0, real height = 584
11-28 12:40:43.298  1737  1737 I FaceWidgetPositionAlgorithm: getClockContainerHeight() supplier = 216, bottom margin = 48, real height = 584
11-28 12:40:43.298  1737  1737 I FaceWidgetPositionAlgorithm: getMediaContainerHeight() height = 0 container Visibility = 8, isValid = false, mIsDozing = false, fraction = 1.0, source = 0, target = 0
11-28 12:40:43.298  1737  1737 I FaceWidgetPositionAlgorithm: getMediaContainerHeight() supplier = 0
11-28 12:40:43.298  1737  1737 I FaceWidgetPositionAlgorithm: getClockContainerHeight() supplier = 216, bottom margin = 0, real height = 584
11-28 12:40:43.301  1737  1737 I ViewRootImpl@a308e6[NotificationShade]: Setup new sync id=782
11-28 12:40:43.302  1737  1737 I ViewRootImpl@a308e6[NotificationShade]: Setting syncFrameCallback
11-28 12:40:43.302  1737  1737 I ViewRootImpl@a308e6[NotificationShade]: registerCallbacksForSync syncBuffer=false
11-28 12:40:43.305  1737  1883 I ViewRootImpl@a308e6[NotificationShade]: Received frameDrawingCallback syncResult=0 frameNum=183.
11-28 12:40:43.306  1737  1883 I ViewRootImpl@a308e6[NotificationShade]: Setting up sync and frameCommitCallback
11-28 12:40:43.309  1737  1795 E IMGMapper: set:488 set: Unset optional value from type SMPTE2086
11-28 12:40:43.310  1737  1795 E IMGMapper: set:488 set: Unset optional value from type CTA861_3
11-28 12:40:43.311  1737  1795 I ViewRootImpl@a308e6[NotificationShade]: Received frameCommittedCallback lastAttemptedDrawFrameNum=183 didProduceBuffer=true
11-28 12:40:43.311  1341  1519 D MotionRecognitionService: Receiver: ACTION_SCREEN_OFF
11-28 12:40:43.312  1737  1737 I ViewRootImpl@a308e6[NotificationShade]: onSyncComplete
11-28 12:40:43.312  1737  1737 I ViewRootImpl@a308e6[NotificationShade]: setupSync seqId=2 mSyncId=782 fn=183 caller=android.view.ViewRootImpl$$ExternalSyntheticLambda11.accept:6 android.window.SurfaceSyncer.lambda$setupSync$1$android-window-SurfaceSyncer:128 android.window.SurfaceSyncer$$ExternalSyntheticLambda1.accept:8 android.window.SurfaceSyncer$SyncSet.checkIfSyncIsComplete:382 android.window.SurfaceSyncer$SyncSet.markSyncReady:359 android.window.SurfaceSyncer.markSyncReady:151 android.view.ViewRootImpl.performTraversals:4503 
11-28 12:40:43.313  1737  1737 I ViewRootImpl@a308e6[NotificationShade]: reportDrawFinished seqId=2 mSyncId=-1 fn=183 mSurfaceChangedTransaction=0xb400007d2e72b000
11-28 12:40:43.313  1341  1527 D WindowManager: finishDrawingWindow: Window{724ac9e u0 NotificationShade} mDrawState=HAS_DRAWN seqId=2
11-28 12:40:43.314  1737  1737 D NetworkController.WifiSignalController: notifyListener: visible=true, connected=true, inetCondition=1, isDefault=true, wifiTestReported=true, receivedInetCondition=-1, hideDuringMobileSwitching=false
11-28 12:40:43.314  1737  1862 D Tile.WifiTile: handleUpdateState isTransient=false transientEnabling =false cb.isTransient=false state.state = 2 mStateBeforeClick.value =false enabled =true
11-28 12:40:43.314  1737  1737 D MobileSignalController(1/4): notifyListener: enabled=true, connected=true, dataConnected=false, networkType=LTE (4G), emergencyOnly=false, roaming=false, isDefault=false, dataActivity=inout, level=2, ca=false, mmWave=false, disabledDataIcon=false, simCard=ETC
11-28 12:40:43.315  1737  1737 D MobileSignalController(0/5): notifyListener: enabled=true, connected=true, dataConnected=false, networkType=EDGE (E), emergencyOnly=false, roaming=false, isDefault=false, dataActivity=, level=4, ca=false, mmWave=false, disabledDataIcon=false, simCard=ETC
11-28 12:40:43.315  1341  1341 E PocketModeEvent: ACTION_SCREEN_OFF
11-28 12:40:43.315  1341  1341 E PocketModeEvent: currentState : 1
11-28 12:40:43.316  1341  1371 D SurfaceControl: applyGlobalTransaction called, mName=finishDrawing_syncId(2)_NotificationShade
11-28 12:40:43.316  1737  1862 D Tile.WifiTile: handleUpdateState isTransient=false transientEnabling =false cb.isTransient=false state.state = 2 mStateBeforeClick.value =false enabled =true
11-28 12:40:43.317  1341  1519 D MotionRecognitionService: SCREEN_OFF: setAccIntStatus
11-28 12:40:43.317  1341  1519 D MotionRecognitionService: SCREEN_OFF END
11-28 12:40:43.317  1341  1341 D PocketModeEvent: aod_setting : off
11-28 12:40:43.318  1341  1523 E PocketModeEvent: MSG_TYPE_STOP_SENSING
11-28 12:40:43.318  1737  1862 D Tile.BluetoothTile:  handleUpdateState enabled = false connected = false connecting = false changedState =false bluetoothState = 10 enabledChanging = false state = BooleanState[spec=Bluetooth,icon=ResourceIcon[resId=0x7f0809bd],iconSupplier=null,label=Bluetooth,secondaryLabel=null,contentDescription=Bluetooth,Dsactiv,stateDescription=null,dualLabelContentDescription=null,expandedAccessibilityClassName=null,disabledByPolicy=false,dualTarget=true,isTransient=false,state=1,slash="null",sideViewCustomDrawable=null,tileClassName=null,value=false,forceExpandIcon=false]
11-28 12:40:43.319  1341  1519 D MotionRecognitionService: Not supported calibratedLux type sensor [3]
11-28 12:40:43.319  1737  1737 D KeyguardUpdateMonitor: handleKeyguardReset
11-28 12:40:43.319  1737  1737 D KeyguardUpdateMonitor: updateBiometricListeningState()
11-28 12:40:43.319  1737  1737 D DozeScreenState: setDozeScreenState(1, shouldWaitForTransitionToAodUi = false)
11-28 12:40:43.320  1737  1737 D KeyguardViewMediator: handleMessage 5
11-28 12:40:43.320  1737  1737 D KeyguardViewMediator: handleNotifyFinishedGoingToSleep
11-28 12:40:43.320  1737  1737 D KeyguardViewMediator: handleMessage 3
11-28 12:40:43.320  1737  1737 D KeyguardViewMediator: handleReset
11-28 12:40:43.320  1737  1737 D KeyguardSecAffordanceView: reset right:false
11-28 12:40:43.321  1737  1737 D KeyguardSecAffordanceView: reset right:true
11-28 12:40:43.321  1737  1737 D KeyguardTouchAnimator: reset unlockExecuted=false
11-28 12:40:43.321  1737  1737 D KeyguardEditModeAnimatorController: reset true
11-28 12:40:43.321  1737  1737 D KeyguardTouchAnimator: resetChildViewVI(): false
11-28 12:40:43.321  1737  1737 D KeyguardTouchDymLockInjector: resetDynamicLock mIsDynamicLockEnabled: false
11-28 12:40:43.321  1737  1737 D KeyguardVisible: isKeyguardForDozing=false
11-28 12:40:43.321  1737  1737 D SecPanelLogger: makeExpandedVisible(force:true) mExpandedVisible:true, panelsEnabled: true
11-28 12:40:43.321  1737  1737 D CentralSurfaces: Received new disable state: enaiHbcRsokt.qingr (unchanged)
11-28 12:40:43.322  1737  1737 D CentralSurfaces: Received new disable state: enaiHbcRsokt.qingr (unchanged)
11-28 12:40:43.322  1737  1862 D Tile.RotationLockTile:  handleUpdateState: false orientation = true
11-28 12:40:43.323  1737  1737 D SecPanelLogger: makeExpandedVisible(force:true) mExpandedVisible:true, panelsEnabled: true
11-28 12:40:43.323  1737  1737 D CentralSurfaces: Received new disable state: enaiHbcRsokt.qingr (unchanged)
11-28 12:40:43.324  1737  1737 D CentralSurfaces: Received new disable state: enaiHbcRsokt.qingr (unchanged)
11-28 12:40:43.325  1737  1737 D KeyguardWallpaperController: mWallpaperView.reset()
11-28 12:40:43.325  1737  1737 D KeyguardViewBase: show()
11-28 12:40:43.325  1737  1737 V KeyguardSecurityView: showPrimarySecurityScreen(turningOff=false)
11-28 12:40:43.325  1737  1737 D KeyguardSecurityView: showSecurityScreen(None)
11-28 12:40:43.326  1737  1737 D SecPowerUI.Notification: dismissUnintentionallyLcdOnNotice
11-28 12:40:43.326  1737  1862 D Tile.RotationLockTile:  handleUpdateState: false orientation = true
11-28 12:40:43.326  1737  1737 D KeyguardUpdateMonitor: updateBiometricListeningState()
11-28 12:40:43.327  1737  1737 D SecLifecycle: wakefulness=0
11-28 12:40:43.327  1737  1737 D KeyguardWallpaperEventHandler: onFinishedGoingToSleep()
11-28 12:40:43.327  1737  1737 D KeyguardWallpaperEventHandler: sendMessage(), what = 835 , obj = null , arg1 = -1 , arg2 = -1
11-28 12:40:43.327 18907 18907 I NgaVisSearch: onLockscreenShown
11-28 12:40:43.327  1737  2010 D KeyguardWallpaperController: mWallpaperView.onPause() visibility = 4 shouldControlScreenOff = false
11-28 12:40:43.327  1737  2010 D KeyguardAnimatedWallpaper: onPause() - screenTurnedOff
11-28 12:40:43.327  1737  2010 D KeyguardAnimatedWallpaper: stopAnimation
11-28 12:40:43.327 18907 18907 I NgaVisSearch: hide
11-28 12:40:43.328  1737  1737 D KeyguardSecIndicationPolicy:    removeAll
11-28 12:40:43.328 18907 18907 I NgaVisSearch: hideInternal
11-28 12:40:43.328  1737  1737 D KeyguardSecIndicationPolicy:   update top pos = DEFAULT, item = [id=2316|ty=BATTERY|pr=40|txt=Chargement termin|ti=duration=3000|an=false] -> [id=0|ty=EMPTY_LOW|pr=1|txt=|ti=duration=PERSISTENT|an=false]
11-28 12:40:43.330  1737  1737 D KeyguardSecIndicationPolicy: update Event pos = BIOMETRIC_ERROR, type =           EMPTY_HIGH, id =  2318, text = 
11-28 12:40:43.330  1737  1862 D Tile.RotationLockTile:  handleUpdateState: false orientation = true
11-28 12:40:43.331  1737  1737 D KeyguardSecIndicationPolicy:   update top pos = BIOMETRIC_ERROR, item = [id=2315|ty=EMPTY_HIGH|pr=45|txt=|ti=duration=PERSISTENT|an=false] -> [id=2318|ty=EMPTY_HIGH|pr=45|txt=|ti=duration=PERSISTENT|an=false]
11-28 12:40:43.331  1737  1862 D NetworkController: IsPowerOffServiceState is false: 0
11-28 12:40:43.331  1737  1862 D Tile.AirplaneModeTile:  handleUpdateState: airplane mode is disabled : enter mSetting.getValue() == 0 mIsWiFiOnlyDevice false isNoSimState false !isPowerOffServiceState true
11-28 12:40:43.332  1737  1862 D Tile.AirplaneModeTile:  handleUpdateState:  value = false, state = 1
11-28 12:40:43.333  1737  1737 D SecQSFragmentAnimator_QSCinema: [panelExpanding:false] qsExpanded:false, qsFullyExpanded:false, qsExpansionPosition:0, qsExpandImmediate:false, qsCollapsingWhilePanelClosing:false &&&  panelExpansionFraction:1, panelExpansionDragDownPxAmount:644 ***   panelExpanded:true, panelExpanding:true %%%   barState:1, overScrolling:false, userId:-1, isRunningPanelOnHeightAnimation:false
11-28 12:40:43.335  1737  1737 V SecQSFragmentAnimatorBase: onPanelOpened
11-28 12:40:43.335  1737  1737 V QsExpandAnimator: onPanelOpened 
11-28 12:40:43.337  1737  1737 D SecPanelLogger: makeExpandedVisible(force:true) mExpandedVisible:true, panelsEnabled: true
11-28 12:40:43.338  1737  1737 D CentralSurfaces: Received new disable state: enaiHbcRsokt.qingr (unchanged)
11-28 12:40:43.339  1737  1737 D CentralSurfaces: Received new disable state: enaiHbcRsokt.qingr (unchanged)
11-28 12:40:43.339  1737  1737 D SecPanelLogger: makeExpandedVisible(force:true) mExpandedVisible:true, panelsEnabled: true
11-28 12:40:43.340  1737  1737 D CentralSurfaces: Received new disable state: enaiHbcRsokt.qingr (unchanged)
11-28 12:40:43.341  1737  1737 D CentralSurfaces: Received new disable state: enaiHbcRsokt.qingr (unchanged)
11-28 12:40:43.341  1737  1737 D KeyguardWallpaperController: mWallpaperView.reset()
11-28 12:40:43.342  1737  1737 D FaceWidgetViewModel: onFinishedGoingToSleep
11-28 12:40:43.342  1737  1737 D FaceWidgetViewModel: updateInfoParameters(sleep) isAODState = false, clockSidePadding = (48, 48), musicSidePadding = (20, 20)
11-28 12:40:43.342  1737  1737 I FaceWidgetWindowManager: removeAllViews
11-28 12:40:43.343  1737  1737 D FaceWidgetClockPage: updateClockSuspendState() reason = sleep, suspend=true, kv=true, wa=true, di=false, wu=false, aodDash=false
11-28 12:40:43.343  1737  1737 I KeyguardThemeDigitalClockView_LOCK_SCREEN: suspend : mSuspend = false, enable = true
11-28 12:40:43.343  1737  1737 I KeyguardThemeDigitalClockView_LOCK_SCREEN: onSuspendStateChanged: to true
11-28 12:40:43.350   732  1614 D AudioALSAHardware: +setParameters(): screen_state=off
11-28 12:40:43.350   732  1614 D AudioALSAStreamOut: +setScreenState(), flag 10, mode 0
11-28 12:40:43.350   732  1614 D AudioALSAStreamOut: +setScreenState(), flag 4, mode 0
11-28 12:40:43.350   732  1614 D AudioALSAHardware: -setParameters(): screen_state=off
11-28 12:40:43.353  1737  1737 I KeyguardThemeDigitalClockView_LOCK_SCREEN: onTimeChanged : [DateTimeInfo : date = ven. 28 novembre, hourMin = 12:40, hourMinSec = , hour = 12, minute = 40, amPm  = , colon = :, second = , timezone = null, isLeftOfAmPm = false, ttsDate = vendredi 28 novembre]
11-28 12:40:43.353  1737  1737 D FaceWidgetClockPage: preUpdateWithAODClockColor() return - clock pack model
11-28 12:40:43.353  1737  1737 D KeyguardSecBottomAreaView: mCanIndicationAreaUpdate set to false
11-28 12:40:43.354  1341  1635 D SemWifiP2pGoPowerSave: handleScreenState: false
11-28 12:40:43.355  1341  1635 D SemWifiApSmartClient: LCD is OFF,so stop client advertize
11-28 12:40:43.356  1341  1635 D SemWifiApPowerSaveImpl: Lcd OFF
11-28 12:40:43.356  1341  1635 D SemWifiApPowerSaveImpl: sendMessage cmd: POWER_STATE_MACHINE_STATE_COMMANDS
11-28 12:40:43.356  1341  1635 D SemWifiSwitchForIndividualAppsService: stopTCPMonitoring : already stopped
11-28 12:40:43.356  1341  1657 D WifiConnectivityMonitor: Fetch Detect Mode : 1
11-28 12:40:43.356  1341  1657 D WifiConnectivityMonitor: MultiNetwork : false || false
11-28 12:40:43.356  1341  1657 D WifiConnectivityMonitor: MultiNetwork legacy (1000) false
11-28 12:40:43.357  1341  1660 D SemWifiRssiBasePoller: RSSI_BASE_STOP
11-28 12:40:43.359   750   776 I mtkpower@impl: [setMode] type:1, enabled:1
11-28 12:40:43.359   750   776 E mtkpower@impl: [setMode] unknown type
11-28 12:40:43.362  1341  1599 D LocationManagerService: screen interactive is now false
11-28 12:40:43.370  1737  1737 I FaceWidgetPositionAlgorithm: getClockContainerHeight() supplier = 216, bottom margin = 48, real height = 584
11-28 12:40:43.371  1737  1737 I FaceWidgetPositionAlgorithm: getMediaContainerHeight() height = 0 container Visibility = 8, isValid = false, mIsDozing = false, fraction = 1.0, source = 0, target = 0
11-28 12:40:43.371  1737  1737 I FaceWidgetPositionAlgorithm: getMediaContainerHeight() supplier = 0
11-28 12:40:43.371  1737  1737 I FaceWidgetPositionAlgorithm: getClockContainerHeight() supplier = 216, bottom margin = 0, real height = 584
11-28 12:40:43.376  1737  1737 I FaceWidgetPositionAlgorithm: getClockContainerHeight() supplier = 216, bottom margin = 48, real height = 584
11-28 12:40:43.376  1737  1737 I FaceWidgetPositionAlgorithm: getMediaContainerHeight() height = 0 container Visibility = 8, isValid = false, mIsDozing = false, fraction = 1.0, source = 0, target = 0
11-28 12:40:43.377  1737  1737 I FaceWidgetPositionAlgorithm: getMediaContainerHeight() supplier = 0
11-28 12:40:43.377  1737  1737 I FaceWidgetPositionAlgorithm: getClockContainerHeight() supplier = 216, bottom margin = 0, real height = 584
11-28 12:40:43.378  1737  1737 V QsExpandAnimator: setQsExpansionPosition 0.0
11-28 12:40:43.379  1737  1737 D KeyguardSecIndicationController: changeBiometricErrorIndication = 
11-28 12:40:43.380  1737  1737 D Tile.BluetoothTile: onBluetoothStateChange = false
11-28 12:40:43.380  1737  1737 D KeyguardUpdateMonitor: handleKeyguardReset
11-28 12:40:43.380  1737  1737 D KeyguardUpdateMonitor: updateBiometricListeningState()
11-28 12:40:43.380  1737  1737 V QsExpandAnimator: updateAnimators
11-28 12:40:43.380  1737  1737 V QsExpandAnimator: clearAnimationState 
11-28 12:40:43.381  1737  1737 V QsExpandAnimator: updateViews
11-28 12:40:43.382  1737  1862 D Tile.BluetoothTile:  handleUpdateState enabled = false connected = false connecting = false changedState =false bluetoothState = 10 enabledChanging = false state = BooleanState[spec=Bluetooth,icon=ResourceIcon[resId=0x7f0809bd],iconSupplier=null,label=Bluetooth,secondaryLabel=null,contentDescription=Bluetooth,Dsactiv,stateDescription=null,dualLabelContentDescription=null,expandedAccessibilityClassName=null,disabledByPolicy=false,dualTarget=true,isTransient=false,state=1,slash="null",sideViewCustomDrawable=null,tileClassName=null,value=false,forceExpandIcon=false]
11-28 12:40:43.383  1737  1737 V QsExpandAnimator: updateTileAnimator
11-28 12:40:43.384  1737  1737 V QsExpandAnimator: updateHeaderAnimator
11-28 12:40:43.384  1737  1737 V QsExpandAnimator: updateBarAnimator
11-28 12:40:43.384  1737  1737 V QsExpandAnimator: setQsExpansionPosition 0.0
11-28 12:40:43.384  1737  1737 V QsExpandAnimator: onAnimationAtStart
11-28 12:40:43.385  1737  1737 D FaceWidgetContainerObserver: onChanged() FaceWidgetContainerLiveData{mIsContainerVisible=true, mClipLayoutVisibility=0, mRotation=0, mIsOwnerVisible=0, mOwnerInfoGravity=17, mAdditionalInfoGravity=17, mClockSideStartPadding=48, mClockSideEndPadding=48, mMusicSideStartPadding=20, mMusicSideEndPadding=20, mInfoSideStartPadding=48, mInfoSideEndPadding=48, mClipLayoutWidth = -1, mIsUpdateOwnerInfoText=true, mAdditionalInfoRemoteView=null, mHasCMAS=false, mIsAdditionalViewGoingToSleep=true, mConfig=CustomConfiguration{fontScale=1.5, screenLayout=268435810, orientation=1, screenWidthDp=360, screenHeightDp=728, smallestScreenWidthDp=360, densityDpi=320, uiMode=17, isRTL=false, mConfiguration={1.5 624mcc2mnc [fr_FR] ldltr sw360dp w360dp h728dp 320dpi nrml long port finger -keyb/v/h -nav/h winConfig={ mBounds=Rect(0, 0 - 720, 1600) mAppBounds=Rect(0, 45 - 720, 1504) mMaxBounds=Rect(0, 0 - 720, 1600) mDisplayRotation=ROTATION_0 mWindowingMode=fullscreen mDisplayWindowingMode=fullscreen mActivityType=undefined mAlwaysOnTop=undefined mRotation=ROTATION_0 mPopOver=undefined mStageConfig=undefined mFreeformTaskPinningState=undefined mFreeformStashState=undefined} as.16 s.323 fontWeightAdjustment=300 ff=0 bf=1 bts=1 themeSeq=1 nightDim=-1}}}
11-28 12:40:43.386  1737  1737 D FaceWidgetPagesController: onGravityChanged()
11-28 12:40:43.386  1737  1737 D FaceWidgetClockPage: setClockGravity() gravity = 49
11-28 12:40:43.393  1737  1737 I FaceWidgetPositionAlgorithm: getClockContainerHeight() supplier = 216, bottom margin = 48, real height = 584
11-28 12:40:43.393  1737  1737 I FaceWidgetPositionAlgorithm: getMediaContainerHeight() height = 0 container Visibility = 8, isValid = false, mIsDozing = false, fraction = 1.0, source = 0, target = 0
11-28 12:40:43.393  1737  1737 I FaceWidgetPositionAlgorithm: getMediaContainerHeight() supplier = 0
11-28 12:40:43.393  1737  1737 I FaceWidgetPositionAlgorithm: getClockContainerHeight() supplier = 216, bottom margin = 0, real height = 584
11-28 12:40:43.394  1341  1341 I MdnieScenarioControlService: action  :  android.intent.action.SCREEN_OFF
11-28 12:40:43.395  1341  1341 I AdaptiveDisplaySolutionService: action  :  android.intent.action.SCREEN_OFF
11-28 12:40:43.396  1737  1737 I FaceWidgetPositionAlgorithm: getClockContainerHeight() supplier = 216, bottom margin = 48, real height = 584
11-28 12:40:43.396  1737  1737 I FaceWidgetPositionAlgorithm: getMediaContainerHeight() height = 0 container Visibility = 8, isValid = false, mIsDozing = false, fraction = 1.0, source = 0, target = 0
11-28 12:40:43.396  1737  1737 I FaceWidgetPositionAlgorithm: getMediaContainerHeight() supplier = 0
11-28 12:40:43.396  1737  1737 I FaceWidgetPositionAlgorithm: getClockContainerHeight() supplier = 216, bottom margin = 0, real height = 584
11-28 12:40:43.397  1341  1980 I SLocation: DeviceStatusNotiManager - received action : android.intent.action.SCREEN_OFF
11-28 12:40:43.403  1737  1737 D AppController: screen_off : unregist SensorManager 
11-28 12:40:43.404  1341  1527 D SensorService: Calling activate off 1600221811
11-28 12:40:43.404  1341  1527 D SensorService: [SO] activate (ident=0xb400007d14577d00, enabled=0)
11-28 12:40:43.404  1341  1527 D SensorService: [SO] AR_init (mode=0)
11-28 12:40:43.404  1341  1527 D SensorService: [SO] Reset Rotation oldrotation [100] (mode=0)
11-28 12:40:43.405  1011  1011 I Accelerometer: enable: handle:0, en:0

