
11-28 12:44:01.002  1341  9273 D NandswapHandler: nandswap start for non-activity com.google.android.apps.messaging(pid 31145) action:3 adj:250 type:1
11-28 12:44:01.021 12735 12735 I SEMS:LocalContact_13.0.02: [ContactLog][main][ContactHashObserverService] onStartJob
11-28 12:44:01.024 12735 12735 I SEMS:LocalContact_13.0.02: [ContactLog][main][LocalContactApiSourceImpl] isGetAccountPermissionsNeeded: false
11-28 12:44:01.030 12735 15925 I SEMS:LocalContact_13.0.02: [ContactLog][RxCachedThreadScheduler-7][ConditionSourceImpl] android.permission.READ_CONTACTS isGranted: true
11-28 12:44:01.030 12735 15925 I SEMS:LocalContact_13.0.02: [ContactLog][RxCachedThreadScheduler-7][ConditionSourceImpl] android.permission.GET_ACCOUNTS isGranted: true
11-28 12:44:01.033 12735 15925 I SEMS:Registration_13.7.13: [AgreementLog][RxCachedThreadScheduler-7][MobileServiceAgreement] isAgreementProcedureNeeded
11-28 12:44:01.040 12735 15925 I SEMS:Registration_13.7.13: [AgreementLog][RxCachedThreadScheduler-7][AgreementPao] getForceUpdateNeeded : needed = false
11-28 12:44:01.040 12735 15925 I SEMS:Registration_13.7.13: [AgreementLog][RxCachedThreadScheduler-7][ForegroundStepBuilder] isForceUpdateStepPassed : passed
11-28 12:44:01.044 12735 15925 I Policy_13.0.02: [RxCachedThreadScheduler-7][GetServicePolicyUseCase] getServicePolicy
11-28 12:44:01.053 12735 15918 I Policy_13.0.02: [RxCachedThreadScheduler-6][MobileServicePolicy] getServicePolicy success
11-28 12:44:01.056 12735 15925 I SEMS:Registration_13.7.13: [AgreementLog][RxCachedThreadScheduler-7][ForegroundStepBuilder] isNoticeStepPassed = true / socialServiceState = SERVICE_NORMAL
11-28 12:44:01.059 12735 15925 I SEMS:Registration_13.7.13: [AgreementLog][RxCachedThreadScheduler-7][ForegroundStepBuilder] isSALogInStepPassed = true
11-28 12:44:01.059 12735 15925 I SEMS:Common_13.7.13: [CommonLog][RxCachedThreadScheduler-7][SaServiceInfo] expired : false
11-28 12:44:01.059 12735 15925 I SEMS:Registration_13.7.13: [AgreementLog][RxCachedThreadScheduler-7][AgreementStepBuilder] isRequestSaAccessTokenStepPassed = true
11-28 12:44:01.059 12735 15925 I SEMS:Registration_13.7.13: [AgreementLog][RxCachedThreadScheduler-7][ForegroundStepBuilder] isSALogInStepPassed = true
11-28 12:44:01.059 12735 15925 I SEMS:Registration_13.7.13: [AgreementLog][RxCachedThreadScheduler-7][ForegroundStepBuilder] isInformationSecurityStepPassed : ret = true
11-28 12:44:01.065 12735 15925 I SEMS:Registration_13.7.13: [AgreementLog][RxCachedThreadScheduler-7][ForegroundStepManager] [IMPORTANT] isAgreementProcedureNeeded = false
11-28 12:44:01.065 12735 15925 I SEMS:Registration_13.7.13: [AgreementLog][RxCachedThreadScheduler-7][AgreementPao] getPreference : key = is_data_deletion_only / defaultValue = false / ret = false
11-28 12:44:01.075 12735 15918 I SEMS:LocalContact_13.0.02: [ContactLog][RxCachedThreadScheduler-6][PreferenceSourceImpl] getContactLastUpdatedTime: 1764308328575
11-28 12:44:01.095 31145 15898 W TikTokListenableWorker: TikTokListenableWorker was cancelled while running client worker: com.google.android.apps.messaging.shared.contacts.sync.incremental.ContactsChangeWorker
11-28 12:44:01.121  1341  2976 D PackageManager: setEnabledSetting : userId = 0 packageName = com.google.android.apps.messaging cmp = androidx.work.impl.background.systemalarm.RescheduleReceiver newState = 1 callingPackage = 10163/com.google.android.apps.messaging
11-28 12:44:01.122  1341  2976 D ApplicationPolicy: getApplicationStateEnabled : pkg = com.google.android.apps.messaging userId : 0
11-28 12:44:01.123  1341  2976 D ApplicationPolicy: getApplicationComponentState : pkg = com.google.android.apps.messaging userId : 0
11-28 12:44:01.130 12735 15926 I SEMS:LocalContact_13.0.02: [ContactLog][RxCachedThreadScheduler-8][ContactSourceImpl] getContactDataCursor: 0
11-28 12:44:01.141 28535 28538 I d.process.acore: Method exceeds compiler instruction limit: 19824 in android.database.Cursor com.android.providers.contacts.ContactsProvider2.c4(android.net.Uri, java.lang.String[], java.lang.String, java.lang.String[], java.lang.String, long, android.os.CancellationSignal, com.android.providers.contacts.util.sec.KnoxUtils)
11-28 12:44:01.159 31145 15896 W TikTokListenableWorker: TikTokListenableWorker was cancelled while running client worker: com.google.android.apps.messaging.shared.contacts.sync.incremental.DeletedContactsWorker
11-28 12:44:01.160 12735 15925 I SEMS:LocalContact_13.0.02: [ContactLog][RxCachedThreadScheduler-7][ContactSourceImpl] getAllContactIdCursor: 379
11-28 12:44:01.180  1341  1357 D PackageManager: setEnabledSetting : userId = 0 packageName = com.google.android.apps.messaging cmp = androidx.work.impl.background.systemalarm.RescheduleReceiver newState = 1 callingPackage = 10163/com.google.android.apps.messaging
11-28 12:44:01.181  1341  1357 D ApplicationPolicy: getApplicationStateEnabled : pkg = com.google.android.apps.messaging userId : 0
11-28 12:44:01.182  1341  1357 D ApplicationPolicy: getApplicationComponentState : pkg = com.google.android.apps.messaging userId : 0
11-28 12:44:01.196 12735 15925 I SEMS:LocalContact_13.0.02: [ContactLog][RxCachedThreadScheduler-7][ContactHashDao] contactIdSet: 379, contactIdSetInLocal: 379
11-28 12:44:01.200 12735 15925 I SEMS:LocalContact_13.0.02: [ContactLog][RxCachedThreadScheduler-7][ContactHashDao] syncRemovedContact: 0
11-28 12:44:01.201 12735 15925 I SEMS:LocalContact_13.0.02: [ContactLog][RxCachedThreadScheduler-7][ContactHashObserverService] scheduleJob
11-28 12:44:01.201  1341  9273 D NandswapHandler: nandswap end for non-activity com.google.android.apps.messaging(pid 31145) ret:1 adj:900 sadj:900
11-28 12:44:01.212 12735 15925 I SEMS:LocalContact_13.0.02: [ContactLog][RxCachedThreadScheduler-7][ContactHashObserverService] schedule result: true
11-28 12:44:01.213 12735 15925 I SEMS:LocalContact_13.0.02: [ContactLog][RxCachedThreadScheduler-7][ContactHashObserverService] onStartJob complete
11-28 12:44:01.216 31145 15898 I WM-WorkerWrapper: Work [ id=8262f2fe-96c1-448b-8652-76e9b9fb11c7, tags={ com.google.apps.tiktok.contrib.work.TikTokListenableWorker, TikTokWorker#com.google.android.apps.messaging.shared.contacts.sync.incremental.ContactsChangeWorker } ] was cancelled
11-28 12:44:01.216 31145 15898 I WM-WorkerWrapper: java.util.concurrent.CancellationException: Task was cancelled.
11-28 12:44:01.216 31145 15898 I WM-WorkerWrapper: 	at jso.j(PG:3)
11-28 12:44:01.216 31145 15898 I WM-WorkerWrapper: 	at jso.get(PG:4)
11-28 12:44:01.216 31145 15898 I WM-WorkerWrapper: 	at jmb.run(PG:1)
11-28 12:44:01.216 31145 15898 I WM-WorkerWrapper: 	at jrl.run(PG:1)
11-28 12:44:01.216 31145 15898 I WM-WorkerWrapper: 	at bjmy.run(PG:1)
11-28 12:44:01.216 31145 15898 I WM-WorkerWrapper: 	at java.util.concurrent.ThreadPoolExecutor.runWorker(ThreadPoolExecutor.java:1156)
11-28 12:44:01.216 31145 15898 I WM-WorkerWrapper: 	at java.util.concurrent.ThreadPoolExecutor$Worker.run(ThreadPoolExecutor.java:651)
11-28 12:44:01.216 31145 15898 I WM-WorkerWrapper: 	at bjmd.run(PG:2)
11-28 12:44:01.216 31145 15898 I WM-WorkerWrapper: 	at bjmk.run(PG:3)
11-28 12:44:01.216 31145 15898 I WM-WorkerWrapper: 	at java.lang.Thread.run(Thread.java:1119)
11-28 12:44:01.230 31145 15898 I WM-WorkerWrapper: Work [ id=00deb909-dc60-48a9-913e-b3ed21ec9858, tags={ com.google.apps.tiktok.contrib.work.TikTokListenableWorker, TikTokWorker#com.google.android.apps.messaging.shared.contacts.sync.incremental.DeletedContactsWorker } ] was cancelled
11-28 12:44:01.230 31145 15898 I WM-WorkerWrapper: java.util.concurrent.CancellationException: Task was cancelled.
11-28 12:44:01.230 31145 15898 I WM-WorkerWrapper: 	at jso.j(PG:3)
11-28 12:44:01.230 31145 15898 I WM-WorkerWrapper: 	at jso.get(PG:4)
11-28 12:44:01.230 31145 15898 I WM-WorkerWrapper: 	at jmb.run(PG:1)
11-28 12:44:01.230 31145 15898 I WM-WorkerWrapper: 	at jrl.run(PG:1)
11-28 12:44:01.230 31145 15898 I WM-WorkerWrapper: 	at bjmy.run(PG:1)
11-28 12:44:01.230 31145 15898 I WM-WorkerWrapper: 	at java.util.concurrent.ThreadPoolExecutor.runWorker(ThreadPoolExecutor.java:1156)
11-28 12:44:01.230 31145 15898 I WM-WorkerWrapper: 	at java.util.concurrent.ThreadPoolExecutor$Worker.run(ThreadPoolExecutor.java:651)
11-28 12:44:01.230 31145 15898 I WM-WorkerWrapper: 	at bjmd.run(PG:2)
11-28 12:44:01.230 31145 15898 I WM-WorkerWrapper: 	at bjmk.run(PG:3)
11-28 12:44:01.230 31145 15898 I WM-WorkerWrapper: 	at java.lang.Thread.run(Thread.java:1119)
11-28 12:44:01.911   529   529 D io_stats: !@ 179,0 r 7339410 151180735 w 4340862 33698900 d 102594 20210056 f 0 0 iot 11939008 0 th 0 0 0 pt 0 inp 0 0 337603.330
11-28 12:44:03.330  1341  1394 D MARsPolicyManager: triggerAction called!
11-28 12:44:03.330  1341  1394 I NSLocationMonitor: getGPSUsingApps() called
11-28 12:44:03.330  1341  1394 W NSLocationMonitor: NSMonitorService is not connected, return null
11-28 12:44:03.764 25952 26105 I EPDG -- [EPDGService]: Event received: SERVICE_STOP_CHECK
11-28 12:44:03.766 25952 26105 I EPDG -- SIM0 [Operator]: getSubId(): subID is : 5
11-28 12:44:03.773 25952 26105 I EPDG -- SIM1 [Operator]: getSubId(): subID is : 4
11-28 12:44:03.780 25952 26105 I EPDG -- SIM0 [Operator]: getSubId(): subID is : 5
11-28 12:44:03.791  2011 16755 I EntitlementContentProvider<0>: isVoWiFiEntitlementRequired: false
11-28 12:44:03.795 25952 26105 I EPDG -- SIM0 [EpdgEntitlement]: isEntitlementRequired : false
11-28 12:44:03.797 25952 26105 I EPDG -- SIM1 [Operator]: getSubId(): subID is : 4
11-28 12:44:03.803  2011 16755 I EntitlementContentProvider<1>: isVoWiFiEntitlementRequired: false
11-28 12:44:03.806 25952 26105 I EPDG -- SIM1 [EpdgEntitlement]: isEntitlementRequired : false
11-28 12:44:03.807 25952 26105 I EPDG -- [EPDGService]: scheduleTerminateEvent after : 5 secs.
11-28 12:44:04.909  1341  1598 W DeviceStorageMonitorService: updateBroadcasts(/data) oldLevel:0, newLevel:0, seq:1
11-28 12:44:04.911  1341  1598 D DeviceStorageMonitorService: Available File Node Number is [12836354]
11-28 12:44:04.911  1341  1598 W DeviceStorageMonitorService: updateBroadcasts_filenode(/data) fn_oldLevel:0, fn_newLevel:0, seq:1
11-28 12:44:05.055  1018  1018 I thermal_repeater: socket -1
11-28 12:44:05.914   529   529 D io_stats: !@ 179,0 r 7339410 151180735 w 4340874 33698940 d 102594 20210056 f 0 0 iot 11939040 0 th 0 0 0 pt 0 inp 0 0 337607.333
11-28 12:44:07.915   529   529 D io_stats: !@ 179,0 r 7339411 151180755 w 4340879 33699000 d 102594 20210056 f 0 0 iot 11939068 0 th 0 0 0 pt 0 inp 0 0 337609.335
11-28 12:44:08.640 18811 18811 I wpa_supplicant: Heartbeat 2478
11-28 12:44:08.809 25952 26105 I EPDG -- [EPDGService]: Event received: SERVICE_STOP_CHECK
11-28 12:44:08.811 25952 26105 I EPDG -- SIM0 [Operator]: getSubId(): subID is : 5
11-28 12:44:08.818 25952 26105 I EPDG -- SIM1 [Operator]: getSubId(): subID is : 4
11-28 12:44:08.825 25952 26105 I EPDG -- SIM0 [Operator]: getSubId(): subID is : 5
11-28 12:44:08.837  2011 16755 I EntitlementContentProvider<0>: isVoWiFiEntitlementRequired: false
11-28 12:44:08.842 25952 26105 I EPDG -- SIM0 [EpdgEntitlement]: isEntitlementRequired : false
11-28 12:44:08.844 25952 26105 I EPDG -- SIM1 [Operator]: getSubId(): subID is : 4
11-28 12:44:08.850  2011 16755 I EntitlementContentProvider<1>: isVoWiFiEntitlementRequired: false
11-28 12:44:08.853 25952 26105 I EPDG -- SIM1 [EpdgEntitlement]: isEntitlementRequired : false
11-28 12:44:08.854 25952 26105 I EPDG -- [EPDGService]: scheduleTerminateEvent after : 5 secs.
11-28 12:44:09.122  1341  1532 D InputReader: Input event(3): value=1 when=337610.540970
11-28 12:44:09.122  1341  1532 D InputReader: !@notifyKey(116), action=0
11-28 12:44:09.123  1341  1532 D InputManager-JNI: !@interceptKeyBeforeQueueing(116), action=0, interactive=false
11-28 12:44:09.123  1341  1532 D WindowManager: interceptKeyTq keycode=26 interactive=false keyguardActive=true policyFlags=2000000
11-28 12:44:09.123  1341  1532 D PhoneWindowManagerExt: interceptKeyTq code=26 down=true repeatCount=0 displayId=-1 interactive=false
11-28 12:44:09.123  1341  1532 D PhoneWindowManagerExt: systemKeyEventRequested REMOVE_PASS
11-28 12:44:09.123  1341  1532 D WindowManager: interceptKeyTq interceptKeyResult=8
11-28 12:44:09.127  1341  1532 D PhoneWindowManagerExt: HINT_DEVICE_WAKEUP acquire()
11-28 12:44:09.127  1341  1532 I SemDvfsHyPerManager: acquire hyper - DEVICE_WAKEUP/1341@21, type = -999
11-28 12:44:09.128  1341  1532 D PowerManagerService: [api] wakeUp (uid: 1000 pid: 1341) eventTime = 337610540
11-28 12:44:09.128  1341  1532 I PowerManagerService: !@Screen__On  - 276 :  wakeUp:  (uid: 1000 pid: 1341) (power_button) (7ms) groupId=0
11-28 12:44:09.128   747   781 I HYPER-HAL: [RequestManager.cpp]acquire(): Acquired ID : 928224  [1341 / 21]    HINT : DEVICE_WAKEUP    list : 
11-28 12:44:09.129   747   781 I mtkpower_client: perf_lock_acq, hdl:0, dur:0, num:2, tid:781
11-28 12:44:09.129  1341  1532 I PowerGroup: Waking up power group from Dozing (groupId=0, uid=1000, reason=power_button, details=android.policy:POWER)...
11-28 12:44:09.129  1341  1532 D InputManager-JNI: setInteractiveForInternalDisplay(true)
11-28 12:44:09.129  1341  1532 I PowerManagerService: Waking up from Dozing (uid=1000, reason=power_button, details=android.policy:POWER)...
11-28 12:44:09.130   747   781 I mtkpower_client: ret_hdl:51922
11-28 12:44:09.130   747   781 I mtkpower_client: perf_lock_acq, hdl:0, dur:0, num:2, tid:781
11-28 12:44:09.130   750   798 I libPowerHal: [perfLockAcq] idx:1 hdl:51922 hint:-1 pid:747 duration:0 lock_user:vendor.samsung. => ret_hdl:51922
11-28 12:44:09.131   750   798 I libPowerHal: vendor.samsung.: cpu_ctrl set cpu freq: -1 -1 1138000 -1
11-28 12:44:09.131  1341  1532 D PowerManagerNotifier: startedEarlyWakingUp: interactive: true reason: 1
11-28 12:44:09.131  1341  1532 V KeyguardServiceDelegate: startedEarlyWakingUp reason=1
11-28 12:44:09.131   747   781 I mtkpower_client: ret_hdl:51923
11-28 12:44:09.131   750   798 I libPowerHal: [perfLockAcq] idx:2 hdl:51923 hint:-1 pid:747 duration:0 lock_user:vendor.samsung. => ret_hdl:51923
11-28 12:44:09.131  1341  1532 D InputManager-JNI: setInteractive(true)
11-28 12:44:09.131  1737  2533 D KeyguardViewMediator: startedEarlyWakingUp
11-28 12:44:09.132   750   798 I libPowerHal: vendor.samsung.: cpu_ctrl set cpu freq: 1879000 -1 1138000 -1
11-28 12:44:09.132  1341  1341 E ActivityManager: Cancel pending or running compactions as system is awake
11-28 12:44:09.132  1737  1737 D KeyguardUpdateMonitor: handleStartedEarlyWakingUp start 1
11-28 12:44:09.132  1737  1737 V KeyguardUpdateMonitor: Ignoring stopListeningForFace()
11-28 12:44:09.132  1341  1532 D PowerManagerService: [PWL] sb acquire: PowerManagerService.Broadcasts
11-28 12:44:09.133  1341  1541 D InputMethodManagerService: isImeSwitcherDisabledPackage : false
11-28 12:44:09.134  1341  1532 D PowerManagerService: UserActivityState : 4 -> 1 groupId=0
11-28 12:44:09.135  1341  1532 D PowerManagerService: displayReady: false groupId=0
11-28 12:44:09.135  1341  1404 D DisplayPowerController[0]: animateScreenStateChange: target=2, mLogicalDisplay.isEnabled()=true
11-28 12:44:09.135   741   741 D IMGMemtrackHAL: hal_get_memory: memtrack cache rebuild was required
11-28 12:44:09.136  1341  1404 I DisplayPowerController[0]: Blocking screen on until initial contents have been drawn.
11-28 12:44:09.136  1341  1532 D PowerManagerService: [PWL] sb acquire: PowerManagerService.Display
11-28 12:44:09.136  1341  1404 D DisplayPowerController[0]: mWindowManagerPolicy.screenTurningOn() +
11-28 12:44:09.136  1341  1404 I WindowManager: Display 0 turning on...
11-28 12:44:09.137  1341  1404 I WindowManager: screenTurningOn(+), before calling onScreenTurningOn to KeyguardDelegate
11-28 12:44:09.137  1341  1404 V KeyguardServiceDelegate: onScreenTurnedOn(showListener = com.android.server.policy.PhoneWindowManager$1@974510)
11-28 12:44:09.137  1341  1389 D BatteryExternalStatsWorker: update stats : screen-state (1)
11-28 12:44:09.137  1341  1404 I WindowManager: screenTurningOn(-), after calling onScreenTurningOn to KeyguardDelegate
11-28 12:44:09.137   977  2826 I CameraService: onUidStateChanged: uid=10044, procState is changed. (5 -> 1)
11-28 12:44:09.137  1341  1404 D DisplayPowerController[0]: mWindowManagerPolicy.screenTurningOn() -
11-28 12:44:09.138  1341  1532 D InputManager-JNI: !@handleInterceptActions(116), action=0, wmActions=0
11-28 12:44:09.138  1341  1404 D DisplayPowerController[0]: Animating brightness: target=98(0.38), rate=0,000, rateAtHbm=0,000, reason=manual[109] -> low_pwr[98]
11-28 12:44:09.139  1341  1341 I AppOps  : updateUidProcState uid: 10044 procState: 1 capability:15
11-28 12:44:09.139  1341  1341 I AppOps  : commitUidPendingStateLocked() :: UID - 10044, 500 > 100, 15 > 15
11-28 12:44:09.139  1341  1341 I WindowManager: Started waking up... (why=ON_BECAUSE_OF_USER)
11-28 12:44:09.139  1341  1341 V KeyguardServiceDelegate: onStartedWakingUp()
11-28 12:44:09.139  1737  1737 D KeyguardViewMediator: handleMessage 1002
11-28 12:44:09.140  1737  1737 D KeyguardViewMediator: handleNotifyScreenTurningOn wakeAndUnlock=false, bioUnlock=false hasShow=false, pendingLock=false, hasCb=true, interval=993050, hasOccluded=false
11-28 12:44:09.140  1737  1737 D KeyguardViewMediator: notifyDrawn 2ms
11-28 12:44:09.140  1341  1404 D DisplayPowerController[0]: saveBrightnessInfo: brt:0.42745098 adjBrt:0.38470587 min:0.039215688 max:1.0 hbm:0 tp:Infinity throttler:0
11-28 12:44:09.140  1341  1404 V DisplayPowerController[0]: Brightness [0.38470587] reason changing to: 'manual [ low_pwr ]', previous reason: 'screen_off [ low_pwr ]'.
11-28 12:44:09.140  1341  1404 I DisplayPowerController[0]: BrightnessEvent: disp=0, brt=0.38470587, rcmdBrt=NaN, preBrt=NaN, lux=0.0, preLux=0.0, hbmMax=1.0, hbmMode=off, thrmMax=1.0, flags=, reason=manual [ low_pwr ]
11-28 12:44:09.140  1737  1737 D SecLifecycle: screenState=1
11-28 12:44:09.141  1341  1404 D DisplayPowerController[0]: animateScreenStateChange: target=2, mLogicalDisplay.isEnabled()=true
11-28 12:44:09.141  1341  2978 V KeyguardServiceDelegate: **** SHOWN CALLED ****
11-28 12:44:09.141  1341  2978 D WindowManager: mKeyguardDelegate.ShowListener.onDrawn.
11-28 12:44:09.141  1341  1368 W WindowManager: Setting mKeyguardDrawComplete
11-28 12:44:09.141  1737  1737 W KeyguardSliceViewCtrl: Keyguard slice not bound yet?
11-28 12:44:09.141  1737  2533 D KeyguardViewMediator: onStartedWakingUp, seq = 551 wakeReason = 1
11-28 12:44:09.141  1737  2533 D KeyguardViewMediator: notifyStartedWakingUp
11-28 12:44:09.142  1341  1341 D PowerManagerNotifier: handleEarlyInteractiveChange reason = 1
11-28 12:44:09.142  1737  1737 D KeyguardViewMediator: handleMessage 14
11-28 12:44:09.142  1737  1737 D KeyguardViewMediator: handleNotifyWakingUp
11-28 12:44:09.142  1341  1675 D DisplayManagerService: !@display_state requestDisplayStateInternal: OFF -> ON displayId=0
11-28 12:44:09.143  1341  1675 D SemInputDeviceManagerService: currentDisplayState[1]:OFF(1)
11-28 12:44:09.143  1341  1675 D SemInputDeviceManagerService: EARLY: Logical: ON(2) Physical: ON(2) [Using: ON(2)] displayType: 1
11-28 12:44:09.143  1341  1675 D LocalDisplayAdapter: notifyStateChangeStart: com.samsung.android.hardware.secinputdev.SemInputDeviceManagerService$8@48e53a3 took 0 ms
11-28 12:44:09.143  1341  1675 D LocalDisplayAdapter: !@display_state: OFF -> ON (id:0)
11-28 12:44:09.143   750   776 I mtkpower@impl: [setMode] type:9, enabled:0
11-28 12:44:09.143   750   776 E mtkpower@impl: [setMode] unknown type
11-28 12:44:09.144  1341  1341 I PhoneWindowManagerExt: onPowerGroupWakefulnessChanged groupId =  0 / wakefulness + 1 / pmSleepReason = 1 / globalWakefulness = 1
11-28 12:44:09.144  1737  1737 I KeyguardViewMediator: setLockScreenShown true false
11-28 12:44:09.144  1341  1370 I DisplayDeviceRepository: Display device changed state: "Écran intégré", ON
11-28 12:44:09.144   766   766 D SurfaceFlinger: Setting power mode 2 on display 0
11-28 12:44:09.144  1737  1737 E KeyguardUpdateMonitor: handleStartedWakingUp start 1
11-28 12:44:09.144  1737  2049 D KeyguardViewMediator: updateSALogging 1
11-28 12:44:09.145   738   839 I hwcomposer: [HWCDisplay] Display(0) SetPowerMode(2)  
11-28 12:44:09.145  1737  2049 D SystemUIAnalytics: sendEventLog , , 1
11-28 12:44:09.148  1341  1370 I InputManager-JNI: Viewport [0] to add: local:0, isActive: true
11-28 12:44:09.148  1341 15928 D TspStateManager: wrote command: cmd=0, type=5
11-28 12:44:09.148  1341  1370 D InputManager-JNI: Viewport [0] type:1, displayId=0, uniqueId=local:0, orientation=0, logicalFrame=[0, 0][720, 1600], physicalFrame=[0, 0][720, 1600], deviceSize=[720, 1600]
11-28 12:44:09.148  1341  1341 D BrightnessSynchronizer: onDisplayChanged() : displayId=0
11-28 12:44:09.149  1737  1737 D PickupController: onStartedWakingUp() 
11-28 12:44:09.149  1737  1737 I DymLock|DynamicLockManager: onStartedWakingUp()
11-28 12:44:09.149  1737  1737 I DymLock|DynamicLockManager: notifyAction action[SCREEN_ON] arg[false]
11-28 12:44:09.149  1737  1737 I DymLock|BaseAnimator: setTouchIgnored() false
11-28 12:44:09.149  1737  1737 I DymLock|DynamicLockContainer: onStartedWakingUp() [0]
11-28 12:44:09.149  1737  1737 E KeyguardUpdateMonitor: handleStartedWakingUp end
11-28 12:44:09.150  1341  1368 I WindowManager: Waiting for drawn Window{724ac9e u0 NotificationShade}: removed=false visible=true mHasSurface=true drawState=1
11-28 12:44:09.151  1341  1540 D SemInputCommandService: checkTSPCmdlistAndRunCmdNoRead: not supported cmd: set_sip_mode,0
11-28 12:44:09.154  1341  1532 I InputReader: Reconfiguring input devices, changes=DISPLAY_INFO | 
11-28 12:44:09.154  1341  1532 I InputReader: Device reconfigured: id=5, name='mtk-tpd', size 720x1600, orientation 0, mode 1, display id 0
11-28 12:44:09.157  1341  1341 D BrightnessSynchronizer: updateScreenBrightness: type=2 mPreferredSettingValue=0.42745098(109) currentBrightnessInt=109 currentBrightnessIntFromFloat=109(0.42745098)
11-28 12:44:09.157  1341  1341 I MdnieScenarioControlService: action  :  com.samsung.server.PowerManagerService.action.USER_ACTIVITY
11-28 12:44:09.157  1341  2566 D LiftUpHandler: [LTW] Stopping by Screen On.
11-28 12:44:09.160  1341  2064 D DisplayDevice: setLayerStackLocked, layerStack=0, uniqueId=local:0
11-28 12:44:09.160  1341  1341 D SGM:GameManager: onDisplayChanged. displyId: 0, state: 2
11-28 12:44:09.161  1341  1341 D AODManagerService: requestReCalToTSP IsSingleTouchMode = false / previousDisplayState = OFF
11-28 12:44:09.161  1341  1341 I SemMdnieManagerService: DisplayListener onDisplayChanged
11-28 12:44:09.161  1341  1544 D SGM:FgCheckThread: onLooperPrepared(), msg: MSG_LCD_ON
11-28 12:44:09.161  1341  1544 D SGM:FgCheckThread: handleLcdOn(). isDeviceLocked: false, inKeyguardRestrictedInputMode: true
11-28 12:44:09.164  1737  1737 D DisplayLifecycle: updateDisplay id = 0
11-28 12:44:09.164  2478  2672 W BtGatt.ScanManager: handleRefreshScanParams() - scan queue emtpy, refresh scan params stopped
11-28 12:44:09.165  1341  1519 D MotionRecognitionService: Inject screen on / off : 1
11-28 12:44:09.165  1341  1519 D SensorService: Motion injection
11-28 12:44:09.167  1341  1544 D SGM:FgCheckThread: process is not found.
11-28 12:44:09.170  1341  2064 I WindowManager: Waiting for drawn Window{724ac9e u0 NotificationShade}: removed=false visible=true mHasSurface=true drawState=1
11-28 12:44:09.172  1737  2139 D QSClockBellTower: onReceive(android.intent.action.TIME_TICK) mTimeZoneString:null
11-28 12:44:09.172  1737 13489 I ViewRootImpl@a308e6[NotificationShade]: Resizing android.view.ViewRootImpl@c06cd72: frame = [0,0][720,1600] reportDraw = true forceLayout = false syncSeqId = 2
11-28 12:44:09.172  1737  2139 D QSClockBellTower: onReceive(android.intent.action.TIME_TICK) mTimeZoneString:null
11-28 12:44:09.172  1341  1389 D BatteryExternalStatsWorker: Update CPU state
11-28 12:44:09.172  1341  1389 D BatteryExternalStatsWorker: mStats lock released
11-28 12:44:09.172  1341  1389 D BatteryExternalStatsWorker: done updateExternalStatsLocked
11-28 12:44:09.173 23825 23825 I NearbyDiscovery: (REDACTED) FastPairDisplayObserver: %s -> %s
11-28 12:44:09.174 23825 23944 I NearbyDiscovery: (REDACTED) PureOffloadFastPairScanner: eventType=%s, isInternalReq=%s, isScanning=%s, isScanningAllowed=%s
11-28 12:44:09.175  1341  1371 I WindowManager: Waiting for drawn Window{724ac9e u0 NotificationShade}: removed=false visible=true mHasSurface=true drawState=1
11-28 12:44:09.175  1737  1862 D MobileStatusTracker(0/5): onDataActivity: direction=0
11-28 12:44:09.175 23825 23944 I NearbyDiscovery: (REDACTED) ApFastPairScanner: isScreenOn=%s, isLocationEnabled=%s, disableLocationRequirement=%s, isDiscoveryScanningEnabled=%s, during24GhzWifiWarmingUpPeriod=%s
11-28 12:44:09.177  1341  1541 D InputMethodManagerService: isImeSwitcherDisabledPackage : false
11-28 12:44:09.177 23825 23944 I BluetoothAdapter: STATE_BLE_ON
11-28 12:44:09.177 23825 23944 I BluetoothAdapter: appoCount is = 1
11-28 12:44:09.178 23825 23944 I NearbyDiscovery: (REDACTED) ApFastPairScanner: eventType=%s, intReq=%s, scanning=%s, scanAllowed=%s, bleEnabled=%s, lockScanRate=%s, startScanningByLowPowerMode=%s
11-28 12:44:09.179  1737  1862 D MobileStatusTracker(0/5): onDataActivity: direction=0
11-28 12:44:09.180 23825 23944 I NearbyDiscovery: (REDACTED) ApFastPairScanner: isScreenOn=%s, isLocationEnabled=%s, disableLocationRequirement=%s, isDiscoveryScanningEnabled=%s, during24GhzWifiWarmingUpPeriod=%s
11-28 12:44:09.182 23825 23944 I NearbyDiscovery: (REDACTED) ApFastPairScanner: Start scanning internally, %s
11-28 12:44:09.182  1341  1341 I HERMES#Service: hermesSecnvmPowerOn called!.
11-28 12:44:09.182  1341  1341 E DEVROOT#CIF:  VFI_processPdpCmd start
11-28 12:44:09.183 23825 23944 I BluetoothAdapter: STATE_BLE_ON
11-28 12:44:09.183 23825 23944 I BluetoothAdapter: appoCount is = 1 G/S = 1/0
11-28 12:44:09.184 23825 23944 I BluetoothAdapter: STATE_BLE_ON
11-28 12:44:09.185 23825 23944 I BluetoothAdapter: appoCount is = 1 G/S = 1/0
11-28 12:44:09.185 23825 23944 I BluetoothAdapter: STATE_BLE_ON
11-28 12:44:09.185 23825 23944 I BluetoothAdapter: appoCount is = 1 G/S = 1/0
11-28 12:44:09.186  1737  1862 D MobileStatusTracker(1/4): onDataActivity: direction=3
11-28 12:44:09.186   753   768 I DEVROOT#VND:  communicate start cmd:0xCF40, length:64
11-28 12:44:09.186  1341  1371 I WindowManager: Waiting for drawn Window{724ac9e u0 NotificationShade}: removed=false visible=true mHasSurface=true drawState=1
11-28 12:44:09.186   753   768 I DEVROOT#VND:  cmd [CF40] start...
11-28 12:44:09.186   753   768 E DEVROOT#VND:  Not supported command : CF40
11-28 12:44:09.186   753   768 I DEVROOT#VND:  cmd [CF40] end...[-15001]
11-28 12:44:09.187 23825 23944 D BluetoothLeScanner: Start Scan with callback
11-28 12:44:09.188   753   768 I DEVROOT#VND:  communicate end -15001 / length : 0
11-28 12:44:09.188  1341  1341 E DEVROOT#CIF:  Response buffer size is 0
11-28 12:44:09.188  1341  1341 E DEVROOT#CIF:  process_cmd was failed. (-15001)
11-28 12:44:09.188  1341  1341 E DEVROOT#CIF:  VFI_processPdpCmd end (-15001)
11-28 12:44:09.188  1341  1341 I HERMES#Service: notify key guard showing to hermesd ret : -15001
11-28 12:44:09.190  1737  1862 D MobileStatusTracker(1/4): onDataActivity: direction=3
11-28 12:44:09.191  1341  1370 V UsbDeviceManager: onKeyguardStateChanged: isShowing:true secure:false user:0
11-28 12:44:09.192  2478  2488 D BtGatt.ContextMap: add() - appUid: 10165, appPid: 23825, appName: com.google.uid.shared
11-28 12:44:09.192  1341  1519 D MotionRecognitionService: Receiver: ACTION_SCREEN_ON
11-28 12:44:09.192  2478  2488 I bt_stack: [INFO:le_scanning_manager.cc(165)] RegisterScanner in shim layer
11-28 12:44:09.193  1341  1547 D StorageManagerService: handleMessage -> H_KEYGUARD_CHANGED isShowing=false
11-28 12:44:09.194  2478  2606 D BtGatt.GattService: onScannerRegistered() - UUID=6285b9fd-aa10-45fc-9aa9-2fe5d4f9e05e, scannerId=1, status=0
11-28 12:44:09.195  9366  9366 I SurfaceView@e349089: releaseSurfaces: viewRoot = ViewRootImpl@bbe7c12[InputMethod]
11-28 12:44:09.195  1341  1341 E PocketModeEvent: ACTION_SCREEN_ON(by 1)
11-28 12:44:09.195  9366  9366 I SurfaceView@e349089: applyTransactionOnVriDraw: vri = ViewRootImpl@bbe7c12[InputMethod] fRS = true t = 0xb400007d2951f400 android.view.SurfaceView.releaseSurfaces:858 android.view.SurfaceView.updateSurface:998 android.view.SurfaceView.lambda$new$0$android-view-SurfaceView:200 
11-28 12:44:09.195  9366  9366 I SurfaceView@e349089: applyTransactionOnVriDraw: viewRoot.applyTransactionOnDrawFromReleaseSurfaces
11-28 12:44:09.196 23825 24063 D BluetoothLeScanner: onScannerRegistered() - status=0 scannerId=1 mScannerId=0
11-28 12:44:09.197  1341  1519 D MotionRecognitionService:   .isMotionEngineEnabled : true
11-28 12:44:09.197  9366  9366 I ViewRootImpl@bbe7c12[InputMethod]: applyTransactionOnDraw: mRemoved = false isHardwareEnabled = false t = 0xb400007d2951f400android.view.ViewRootImpl.applyTransactionOnDrawFromReleaseSurfaces:12850 android.view.SurfaceView.applyTransactionOnVriDraw:2046 android.view.SurfaceView.releaseSurfaces:858 android.view.SurfaceView.updateSurface:998 android.view.SurfaceView.lambda$new$0$android-view-SurfaceView:200 
11-28 12:44:09.197  1341  1519 D MotionRecognitionService: SCREEN_ON END
11-28 12:44:09.198  9366  9366 I SurfaceView@c7f51fb: releaseSurfaces: viewRoot = ViewRootImpl@bbe7c12[InputMethod]
11-28 12:44:09.198  1011  1011 I Proximity: batch: handle:7, flag:0,samplingPeriodNs:200000000 maxBatchReportLatencyNs:0

11-28 12:44:09.198  9366  9366 I SurfaceView@c7f51fb: applyTransactionOnVriDraw: vri = ViewRootImpl@bbe7c12[InputMethod] fRS = true t = 0xb400007d2951f500 android.view.SurfaceView.releaseSurfaces:858 android.view.SurfaceView.updateSurface:998 android.view.SurfaceView.lambda$new$0$android-view-SurfaceView:200 
11-28 12:44:09.198  9366  9366 I SurfaceView@c7f51fb: applyTransactionOnVriDraw: viewRoot.applyTransactionOnDrawFromReleaseSurfaces
11-28 12:44:09.198  1737  1795 E IMGMapper: set:488 set: Unset optional value from type SMPTE2086
11-28 12:44:09.199  1737  1795 E IMGMapper: set:488 set: Unset optional value from type CTA861_3
11-28 12:44:09.199  2478  2488 I BluetoothAdapter: STATE_BLE_ON
11-28 12:44:09.199  9366  9366 I ViewRootImpl@bbe7c12[InputMethod]: applyTransactionOnDraw: mRemoved = false isHardwareEnabled = false t = 0xb400007d2951f500android.view.ViewRootImpl.applyTransactionOnDrawFromReleaseSurfaces:12850 android.view.SurfaceView.applyTransactionOnVriDraw:2046 android.view.SurfaceView.releaseSurfaces:858 android.view.SurfaceView.updateSurface:998 android.view.SurfaceView.lambda$new$0$android-view-SurfaceView:200 
11-28 12:44:09.200  2478  2488 I BluetoothAdapter: bleAppCnt is = 1
11-28 12:44:09.200  9366  9366 I SurfaceView@529218: releaseSurfaces: viewRoot = ViewRootImpl@bbe7c12[InputMethod]
11-28 12:44:09.201  9366  9366 I SurfaceView@529218: applyTransactionOnVriDraw: vri = ViewRootImpl@bbe7c12[InputMethod] fRS = true t = 0xb400007d2951f600 android.view.SurfaceView.releaseSurfaces:858 android.view.SurfaceView.updateSurface:998 android.view.SurfaceView.lambda$new$0$android-view-SurfaceView:200 
11-28 12:44:09.201  9366  9366 I SurfaceView@529218: applyTransactionOnVriDraw: viewRoot.applyTransactionOnDrawFromReleaseSurfaces
11-28 12:44:09.201  9366  9366 I ViewRootImpl@bbe7c12[InputMethod]: applyTransactionOnDraw: mRemoved = false isHardwareEnabled = false t = 0xb400007d2951f600android.view.ViewRootImpl.applyTransactionOnDrawFromReleaseSurfaces:12850 android.view.SurfaceView.applyTransactionOnVriDraw:2046 android.view.SurfaceView.releaseSurfaces:858 android.view.SurfaceView.updateSurface:998 android.view.SurfaceView.lambda$new$0$android-view-SurfaceView:200 
11-28 12:44:09.202 15655 15655 D SurfaceView@1de8507: updateSurface: surface is not valid
11-28 12:44:09.202 15655 15655 I SurfaceView@1de8507: releaseSurfaces: viewRoot = ViewRootImpl@811a4b8[MainActivity]
11-28 12:44:09.203 15655 15655 I SurfaceView@1de8507: applyTransactionOnVriDraw: vri = ViewRootImpl@811a4b8[MainActivity] fRS = true t = 0xb400007d1719ea00 android.view.SurfaceView.releaseSurfaces:858 android.view.SurfaceView.updateSurface:998 android.view.SurfaceView.lambda$new$0$android-view-SurfaceView:200 
11-28 12:44:09.203 15655 15655 I SurfaceView@1de8507: applyTransactionOnVriDraw: viewRoot.applyTransactionOnDrawFromReleaseSurfaces
11-28 12:44:09.203 15655 15655 I ViewRootImpl@811a4b8[MainActivity]: from releaseSurfaces t.apply t = 0xb400007d1719ea00
11-28 12:44:09.203  1737  1737 D TextView: TextView : Paint's Alpha value = 255
11-28 12:44:09.204  1737  1737 D SFText  : setOwnerView
11-28 12:44:09.204  1737  1737 D SFText  : render() - Start!
11-28 12:44:09.204  9366  9366 I HBD     : b currentConnectionState : false 
11-28 12:44:09.205  1737  1795 E IMGMapper: set:488 set: Unset optional value from type SMPTE2086
11-28 12:44:09.205  1737  1795 E IMGMapper: set:488 set: Unset optional value from type CTA861_3
11-28 12:44:09.207  1011  1011 I Proximity: enable: handle:7, en:1 

11-28 12:44:09.208  2478  2488 D ActivityAttributionService: notifyActivityAttributionInfo UID=1002 packageName=com.android.bluetooth deviceAddress=no_active_device_address
11-28 12:44:09.208  2478  2672 I BluetoothAdapter: STATE_BLE_ON
11-28 12:44:09.209  1737  1737 D SFText_JNI: SFText_SetLayout - RH(3) (0x7fdabd420c)
11-28 12:44:09.209  1737  1737 D SFTextObject: RenderTextEffect(0xb400007d383cb120 / 3) >>> Start! - (w=328,h=175)
11-28 12:44:09.210  1737  1737 D SFEffect: AddText(0xb400007d2e854700) - (color:ffffffff)
11-28 12:44:09.210  2478  2672 I BluetoothAdapter: appoCount is = 1 G/S = 1/0
11-28 12:44:09.210  1737  1737 D SFEffect: InitEffect(0xb400007d2e854700)
11-28 12:44:09.211  1341  1523 D SensorManager: registerListener :: 8, TMD27123, 200000, 0, com.samsung.android.gesture.PocketProximityManager$1@9fe8de8
11-28 12:44:09.211  1341  1523 D PocketProximityManager: register normal proximity sensor
11-28 12:44:09.211  1341  1523 D PocketModeEvent: register prox type : 1
11-28 12:44:09.214  2478  2672 I BluetoothAdapter: STATE_BLE_ON
11-28 12:44:09.214  1011  1011 I Light   : batch: handle:4, flag:0,samplingPeriodNs:200000000 maxBatchReportLatencyNs:0

11-28 12:44:09.214  2478  2674 E BtGatt.GattService: [GSIM LOG]: gsimLogHandler, msg: MESSAGE_SCAN_START, appName: com.google.uid.shared, scannerId: 1, reportDelayMillis=0
11-28 12:44:09.214  2478  2672 I BluetoothAdapter: appoCount is = 1 G/S = 1/0
11-28 12:44:09.215 23825 23944 I NearbyDiscovery: (REDACTED) ApFastPairScanner: Start scanning, mode=%s
11-28 12:44:09.215  2478  2672 I BluetoothAdapter: STATE_BLE_ON
11-28 12:44:09.216  2478  2672 I BluetoothAdapter: appoCount is = 1 G/S = 1/0
11-28 12:44:09.216  1737  1737 D SFEffect: DoEffectPostProcessing(0xb400007d2e854700) - start
11-28 12:44:09.216  2478  2672 I bt_stack: [INFO:le_scanning_manager.cc(269)] ScanFilterEnable in shim layer
11-28 12:44:09.216  1737  1737 D Blender : Blender - SFE_BLEND_OTHER
11-28 12:44:09.217  1011  1011 I Light   : enable: handle:4, en:1 

11-28 12:44:09.217   733   745 D [BT]    : mtk_bt_op: BT_VND_OP_LPM_WAKE_SET_STATE
11-28 12:44:09.218  2478  2672 I bt_stack: [INFO:le_scanning_manager.cc(240)] ScanFilterAdd in shim layer
11-28 12:44:09.218  1341  1341 D NotificationService:      WAKELOCK/UP clear all delayed lists..
11-28 12:44:09.218  1341  1523 D SensorManager: registerListener :: 5, TMD27123, 200000, 0, com.samsung.android.gesture.PocketModeEvent$2@e23a73d
11-28 12:44:09.218  1341  1523 D PocketModeEvent: register light sensor
11-28 12:44:09.218  1341  1523 E PocketModeEvent: MSG_TYPE_START_SENSING
11-28 12:44:09.218  1737  1737 D SFEffect: DoEffectPostProcessing(0xb400007d2e854700) - end
11-28 12:44:09.218  1737  1737 D SFEffect: CompositeLayers(0xb400007d2e854700) - start
11-28 12:44:09.219  2478  2672 D BtGatt.ScanManager: configureFilterParamter() : onFoundTimeout | onLostTimeout | onFoundCount | numOfTrackingEntries | scanFilterRssiThreshold | trackableScanFilterRssiThreshold | matchMode
11-28 12:44:09.219  2478  2672 D BtGatt.ScanManager: configureFilterParamter() : __________500__|________10000__|___________1__|___________________0__|___________________-128__|____________________________-128__|________1_
11-28 12:44:09.219  2478  2672 I bt_stack: [INFO:le_scanning_manager.cc(198)] ScanFilterParamSetup in shim layer
11-28 12:44:09.219  1737  1737 D SFEffect: CompositeLayers(0xb400007d2e854700) - end
11-28 12:44:09.219  2478  2672 I bt_stack: [INFO:le_scanning_manager.cc(178)] Scan in shim layer started
11-28 12:44:09.219  2478  2694 W bt_stack: Start LeSetExtendedScan
11-28 12:44:09.219  2478  2694 W bt_stack: register_client :: client registered!!!
11-28 12:44:09.219  2478  2672 I bt_stack: [INFO:le_scanning_manager.cc(178)] Scan in shim layer stopped
11-28 12:44:09.220  2478  2694 W bt_stack: le_address_manager :: scan() - Unregister
11-28 12:44:09.220  2478  2694 W bt_stack: Stop LeSetExtendedScan
11-28 12:44:09.220  2478  2672 I bt_stack: [INFO:le_scanning_manager.cc(312)] SetScanParameters with scanning phys in shim layer: phy_cnt=1
11-28 12:44:09.220  2478  2672 I bt_stack: [INFO:le_scanning_manager.cc(318)] SetScanParameters: scan_type=1, scan_interval=1533, scan_window=306
11-28 12:44:09.220  2478  2672 I bt_stack: [INFO:le_scanning_manager.cc(178)] Scan in shim layer started
11-28 12:44:09.220  2478  2694 W bt_stack: Start LeSetExtendedScan
11-28 12:44:09.220  2478  2694 W bt_stack: register_client :: client registered!!!
11-28 12:44:09.223   732  1614 D AudioALSAHardware: +setParameters(): screen_state=on
11-28 12:44:09.223  1737  1737 D SFTextObject: RenderTextEffect(0xb400007d383cb120 / 3) <<< End.
11-28 12:44:09.223   732  1614 D AudioALSAStreamOut: +setScreenState(), flag 10, mode 1
11-28 12:44:09.223   732  1614 D AudioALSAStreamOut: +setScreenState(), flag 4, mode 1
11-28 12:44:09.224   732  1614 D AudioALSAHardware: -setParameters(): screen_state=on
11-28 12:44:09.224  1711  1753 I System.out: Broadcasting: Intent { act=com.sec.intent.action.CP_CHAN_INFO flg=0x1000000 (has extras) }
11-28 12:44:09.225  1737  1737 D SFText  : render() - End.
11-28 12:44:09.226  1341  1527 W ActivityManager: Broadcast Intent { act=com.sec.intent.action.CP_CHAN_INFO flg=0x1000010 (has extras) } not ordered but result callback requested!
11-28 12:44:09.229  1711  1721 I System.out: Broadcast completed: result=0
11-28 12:44:09.230  1711  1753 I System.out: Broadcasting: Intent { act=com.sec.intent.action.CP_CHAN_INFO flg=0x1000000 (has extras) }
11-28 12:44:09.232  1341  1635 D SemWifiP2pGoPowerSave: handleScreenState: true
11-28 12:44:09.233  1737  1795 E IMGMapper: set:488 set: Unset optional value from type SMPTE2086
11-28 12:44:09.233  1737  1795 E IMGMapper: set:488 set: Unset optional value from type CTA861_3
11-28 12:44:09.234  1341  1527 W ActivityManager: Broadcast Intent { act=com.sec.intent.action.CP_CHAN_INFO flg=0x1000010 (has extras) } not ordered but result callback requested!
11-28 12:44:09.236  1341  1635 D SemWifiApPowerSaveImpl: Lcd ON
11-28 12:44:09.236  1341  1635 D SemWifiApPowerSaveImpl: sendMessage cmd: POWER_STATE_MACHINE_STATE_COMMANDS
11-28 12:44:09.236  1341  1635 D SemWifiSwitchForIndividualAppsService: stopTCPMonitoring : already stopped
11-28 12:44:09.236  1341  1657 D WifiConnectivityMonitor: Fetch Detect Mode : 1
11-28 12:44:09.236  1711  1721 I System.out: Broadcast completed: result=0
11-28 12:44:09.237  1737  1737 D SecLifecycle: wakefulness=1
11-28 12:44:09.237  1737  1737 D KeyguardWallpaperEventHandler: onStartedWakingUp()
11-28 12:44:09.237  1737  1737 D KeyguardWallpaperEventHandler: sendMessage(), what = 834 , obj = null , arg1 = -1 , arg2 = -1
11-28 12:44:09.238  1737  1737 D KeyguardSecIndicationPolicy:  add T Event pos = DEFAULT, type =              BATTERY, id =  2319, text = Chargement terminé, duration = 3000
11-28 12:44:09.238  1737  2010 D KeyguardWallpaperController: mWallpaperView.onResume()
11-28 12:44:09.239  1737  1737 D KeyguardSecIndicationPolicy:   update top pos = DEFAULT, item = [id=0|ty=EMPTY_LOW|pr=1|txt=|ti=duration=PERSISTENT|an=false] -> [id=2319|ty=BATTERY|pr=40|txt=Chargement terminé|ti=duration=3000|an=false]
11-28 12:44:09.239  1737  1795 E IMGMapper: set:488 set: Unset optional value from type SMPTE2086
11-28 12:44:09.239  1737  1737 D KeyguardSecIndicationController: onIndicationChanged() return - keyguard is not visible, pos = DEFAULT, item = [id=2319|ty=BATTERY|pr=40|txt=Chargement terminé|ti=duration=3000|an=false]
11-28 12:44:09.239  1737  1795 E IMGMapper: set:488 set: Unset optional value from type CTA861_3
11-28 12:44:09.239  1737  2010 D KeyguardWallpaperController: onStartedWakingUp() mWallpaperView:com.android.systemui.wallpaper.view.KeyguardAnimatedWallpaper{5930fa7 V.E...... ........ 0,0-720,1600}, visibility:0, mIsKeyguardShowing:true
11-28 12:44:09.239  1737  1737 D KeyguardSecIndicationPolicy:    add Event pos = DEFAULT, type =      BATTERY_RESTING, id =  2320, text = Chargement terminé
11-28 12:44:09.240  1737  1737 D KeyguardSecIndicationPolicy:  remove Item pos = DEFAULT, type =           OWNER_INFO
11-28 12:44:09.240  1737  1737 D KeyguardSecIndicationController: addBatteryAndOwnerInfoIndication() battery status = BatteryStatus{status=5,level=100,plugged=2,health=2,maxChargingWattage=2500000,remaining=-1ultraFastCharger=0}
11-28 12:44:09.241  1737  2261 D KeyguardWallpaperController: mSemDisplaySolutionManager is called : true
11-28 12:44:09.241  1737  1862 D MobileStatusTracker(0/5): onSignalStrengthsChanged level=3, vendorLevel=1
11-28 12:44:09.241  1737  1737 D KeyguardSecIndicationPolicy:    add Event pos = DEFAULT, type =         UNLOCK_GUIDE, id =  2321, text = Faire glisser un doigt pour ouvrir
11-28 12:44:09.241  1737  1737 D KeyguardVisible: isKeyguardForDozing=false
11-28 12:44:09.241  1341  2064 D AdaptiveDisplaySolutionService: setAutoCurrentLimitState(true) , mADSEnableCondition : true
11-28 12:44:09.241  1737  1737 D SecPanelLogger: makeExpandedVisible(force:true) mExpandedVisible:true, panelsEnabled: true
11-28 12:44:09.241  1341  2064 I AdaptiveDisplaySolutionService: updateAdaptiveControlState(true)
11-28 12:44:09.241  1341  2064 D AdaptiveDisplaySolutionService: !AVAILABLE_ADAPTIVE_CONTROL
11-28 12:44:09.241  1737  1737 D CentralSurfaces: Received new disable state: enaiHbcRsokt.qingr (unchanged)
11-28 12:44:09.242  1737  1737 D CentralSurfaces: Received new disable state: enaiHbcRsokt.qingr (unchanged)
11-28 12:44:09.243  1737  1737 D KeyguardWallpaperController: mWallpaperView.reset()
11-28 12:44:09.243  1737  1862 D MobileSignalController(0/5): notifyListener: enabled=true, connected=true, dataConnected=false, networkType=LTE (4G), emergencyOnly=false, roaming=false, isDefault=false, dataActivity=, level=1, ca=false, mmWave=false, disabledDataIcon=false, simCard=ETC
11-28 12:44:09.243  1737  1737 D KeyguardSecAffordanceView: reset right:false
11-28 12:44:09.243  1737  1737 D KeyguardSecAffordanceView: reset right:true
11-28 12:44:09.244  1737  1737 I FaceWidgetPositionAlgorithm: getClockContainerHeight() supplier = 216, bottom margin = 48, real height = 584
11-28 12:44:09.245  1737  1737 I FaceWidgetPositionAlgorithm: getMediaContainerHeight() height = 0 container Visibility = 8, isValid = false, mIsDozing = false, fraction = 1.0, source = 0, target = 0
11-28 12:44:09.245  1737  1737 I FaceWidgetPositionAlgorithm: getMediaContainerHeight() supplier = 0
11-28 12:44:09.245  1737  1862 D NetworkController: SignalStrength from intent slotId=0
11-28 12:44:09.245  1737  1737 I FaceWidgetPositionAlgorithm: getClockContainerHeight() supplier = 216, bottom margin = 0, real height = 584
11-28 12:44:09.246   750   776 I mtkpower@impl: [setMode] type:1, enabled:1
11-28 12:44:09.246   750   776 E mtkpower@impl: [setMode] unknown type
11-28 12:44:09.246  1737  1737 D MultiSIMPreferredSlotBar: setExpanded : false mShowing : true
11-28 12:44:09.246  1737  1737 D MultiSIMController: unRegisterSimCardManagerCallback : mSimCardManagerService is null 
11-28 12:44:09.247  1737  1737 D MultiSIMPreferredSlotBar: setExpanded : false mShowing : true
11-28 12:44:09.247  1737  1737 D MultiSIMController: unRegisterSimCardManagerCallback : mSimCardManagerService is null 
11-28 12:44:09.247  1737  1737 D MultiSIMPreferredSlotBar: setExpanded : false mShowing : true
11-28 12:44:09.247  1737  1737 D MultiSIMController: unRegisterSimCardManagerCallback : mSimCardManagerService is null 
11-28 12:44:09.247  1737  1862 D MobileStatusTracker(1/4): onSignalStrengthsChanged level=2, vendorLevel=1
11-28 12:44:09.247  1737  1737 I FaceWidgetPositionAlgorithm: getClockContainerHeight() supplier = 216, bottom margin = 48, real height = 584
11-28 12:44:09.248  1737  1737 I FaceWidgetPositionAlgorithm: getMediaContainerHeight() height = 0 container Visibility = 8, isValid = false, mIsDozing = false, fraction = 1.0, source = 0, target = 0
11-28 12:44:09.248  1737  1737 I FaceWidgetPositionAlgorithm: getMediaContainerHeight() supplier = 0
11-28 12:44:09.248  1737  1737 I FaceWidgetPositionAlgorithm: getClockContainerHeight() supplier = 216, bottom margin = 0, real height = 584
11-28 12:44:09.248  1737  1862 D MobileSignalController(1/4): notifyListener: enabled=true, connected=true, dataConnected=false, networkType=LTE (4G), emergencyOnly=false, roaming=false, isDefault=false, dataActivity=inout, level=1, ca=false, mmWave=false, disabledDataIcon=false, simCard=ETC
11-28 12:44:09.249  1108  1306 D SemNativeCarrierFeature_vendor: getInstance
11-28 12:44:09.249  1341  1599 D LocationManagerService: screen interactive is now true
11-28 12:44:09.249  1737  1737 D KeyguardTouchAnimator: reset unlockExecuted=false
11-28 12:44:09.249  1737  1737 D KeyguardEditModeAnimatorController: reset true
11-28 12:44:09.249  1737  1737 D KeyguardTouchAnimator: resetChildViewVI(): false
11-28 12:44:09.249  1737  1737 D KeyguardTouchDymLockInjector: resetDynamicLock mIsDynamicLockEnabled: false
11-28 12:44:09.250  1737  1737 E LSO_LSOInterface: LSO Service is not yet ready!!!
11-28 12:44:09.251  1737  1737 D CentralSurfaces: updateQsExpansionEnabled - QS Expand enabled: true
11-28 12:44:09.251  1737  1737 D SecPanelLogger: updateQsExpansionEnabled() return:true = isDeviceProvisioned:true && (mUserSetup:true || mUserSwitcherController_null?false || !isSimpleUserSwitcher:true) && !isShadeDisabled:true && DISABLE2_QUICK_SETTINGS:true && !mDozing:true && !ONLY_CORE_APPS:true |  StatusBarState:KEYGUARD
11-28 12:44:09.251  1737  1737 D SecPanelLogger:  - com.android.systemui.statusbar.phone.CentralSurfacesImpl.updateQsExpansionEnabled:2023
11-28 12:44:09.251  1737  1737 D SecPanelLogger:  - com.android.systemui.statusbar.phone.CentralSurfacesImpl$23.onDozingChanged:5462
11-28 12:44:09.251  1737  1737 D SecPanelLogger:  - com.android.systemui.statusbar.StatusBarStateControllerImpl.setIsDozing:324
11-28 12:44:09.251  1737  1737 W NotificationEntryMgr: While running New Pipeline: updateNotifications(reason=onDozingChanged)
11-28 12:44:09.253  1737  1737 D KeyguardSecBottomAreaView: updateCameraVisibility isCameraDisabled:false visible:true
11-28 12:44:09.253  1737  1737 D KeyguardTouchAnimator: dozeAmount cleared
11-28 12:44:09.254  1108  1291 D SemNativeCarrierFeature_vendor: getInstance
11-28 12:44:09.255  1737  1737 I FaceWidgetPositionAlgorithm: setup() mStatusBarHeight = 48, mDarkAmount = 0.0, mQsTopPadding = 584, notificationStackHeight = 0, mPanelExpansion = 0.0, mHeight = 1600, mFaceWidgetContainerHeight = 584, mCurrentClockType = 50009, notificationType = 0, hasVisibleNotifs = false
11-28 12:44:09.255  1737  1737 I FaceWidgetPositionAlgorithm: getClockContainerHeight() supplier = 216, bottom margin = 48, real height = 584
11-28 12:44:09.256  1737  1737 I FaceWidgetPositionAlgorithm: getMediaContainerHeight() height = 0 container Visibility = 8, isValid = false, mIsDozing = false, fraction = 1.0, source = 0, target = 0
11-28 12:44:09.256  1737  1737 I FaceWidgetPositionAlgorithm: getMediaContainerHeight() supplier = 0
11-28 12:44:09.256  1737  1737 I FaceWidgetPositionAlgorithm: getClockContainerHeight() supplier = 216, bottom margin = 0, real height = 584
11-28 12:44:09.256  1341  1341 I MdnieScenarioControlService: action  :  android.intent.action.SCREEN_ON
11-28 12:44:09.256  1737  1862 D NetworkController: SignalStrength from intent slotId=1
11-28 12:44:09.256  1341  1341 D MdnieScenarioControlService: isLockScreenOn : true
11-28 12:44:09.257  1341  1341 V MdnieScenarioControlService: mAclOffEnabled : false mAclPreviewState : false mAclCompensationState : false
11-28 12:44:09.258  1108  1297 D SemNativeCarrierFeature_vendor: getInstance
11-28 12:44:09.258  1737  1737 I FaceWidgetPositionAlgorithm: getClockContainerHeight() supplier = 216, bottom margin = 48, real height = 584
11-28 12:44:09.258  1108  1306 D SemNativeCarrierFeature_vendor: getInstance
11-28 12:44:09.258  1737  1737 I FaceWidgetPositionAlgorithm: getMediaContainerHeight() height = 0 container Visibility = 8, isValid = false, mIsDozing = false, fraction = 1.0, source = 0, target = 0
11-28 12:44:09.259  1737  1737 I FaceWidgetPositionAlgorithm: getMediaContainerHeight() supplier = 0
11-28 12:44:09.259  1737  1737 D CentralSurfaces: updateQsExpansionEnabled - QS Expand enabled: true
11-28 12:44:09.260  1341  1341 I AdaptiveDisplaySolutionService: action  :  android.intent.action.SCREEN_ON
11-28 12:44:09.262  1737  1737 D SecQpScrimControlHelper:  secVisible?false (scrimState:KEYGUARD) (1stFrc:1, 2ndFrc:0, drgDown:0, PanelEx:false)   (dlyGed:0, dlySec:0)   [N(0|ff43769a)-B(0|ff43769a)]   (expanded:true, tracking:false, qsBottomVisible:false) MassBlur(a:0.0   thm(a:1, rtEnabled:false) park(panel_on?false)   kgd(fw:false, gw:false, ocl:false)   (assetsSeq:16, themeSeq:1, uiMode:17)   GED[F(1|ff000000)-N(0|0)-B(1,|ff000000)-Duration:600], caller:transitionTo(state:KEYGUARD)
