11-28 12:45:01.994   747   781 I mtkpower_client: perf_lock_acq, hdl:0, dur:0, num:2, tid:781
11-28 12:45:01.994  1737  1737 I ViewRootImpl@a308e6[NotificationShade]: performTraversals mFirst=false windowShouldResize=false viewVisibilityChanged=false mForceNextWindowRelayout=false params={(0,0)(fillxfill) gr=TOP CENTER_VERTICAL sim={adjust=resize} layoutInDisplayCutoutMode=always ty=NOTIFICATION_SHADE fmt=TRANSLUCENT
11-28 12:45:01.994  1737  1737 I ViewRootImpl@a308e6[NotificationShade]:   fl=81840048
11-28 12:45:01.994  1737  1737 I ViewRootImpl@a308e6[NotificationShade]:   pfl=1b000000
11-28 12:45:01.994  1737  1737 I ViewRootImpl@a308e6[NotificationShade]:   vsysui=2000
11-28 12:45:01.994  1737  1737 I ViewRootImpl@a308e6[NotificationShade]:   apr=LIGHT_STATUS_BARS
11-28 12:45:01.994  1737  1737 I ViewRootImpl@a308e6[NotificationShade]:   bhv=SHOW_TRANSIENT_BARS_BY_SWIPE naviIconColor=0
11-28 12:45:01.994  1737  1737 I ViewRootImpl@a308e6[NotificationShade]:   sfl=40000}
11-28 12:45:01.994   750   798 I libPowerHal: [perfLockRel] hdl:52197, idx:4
11-28 12:45:01.994   750   798 I libPowerHal: [PD] vendor.samsung. update cmd:1000000, param:-1
11-28 12:45:01.995   750   798 I libPowerHal: [PD] vendor.samsung. update cmd:1000000 param:-1
11-28 12:45:01.995   747   781 I mtkpower_client: ret_hdl:52201
11-28 12:45:01.995   747   781 I mtkpower_client: perf_lock_rel, hdl:52198, tid:781
11-28 12:45:01.996  1737  1795 E IMGMapper: set:488 set: Unset optional value from type SMPTE2086
11-28 12:45:01.996   750   798 I libPowerHal: [perfLockAcq] idx:1 hdl:52201 hint:-1 pid:747 duration:0 lock_user:vendor.samsung. => ret_hdl:52201
11-28 12:45:01.996  1737  1795 E IMGMapper: set:488 set: Unset optional value from type CTA861_3
11-28 12:45:01.996   750   798 I libPowerHal: [PE] vendor.samsung. update cmd:1000000, param:0
11-28 12:45:01.997   750   798 I libPowerHal: [PE] vendor.samsung. update cmd:1000000 param:0
11-28 12:45:01.997  1341  3004 V WindowManager: Relayout hash=ac86357, pid=13659, syncId=-1: mAttrs={(0,0)(wrapxwrap) sim={adjust=pan forwardNavigation} ty=BASE_APPLICATION fmt=TRANSLUCENT wanim=0x10302f7 surfaceInsets=Rect(5, 5 - 5, 5)
11-28 12:45:01.997  1341  3004 V WindowManager:   fl=1820002
11-28 12:45:01.997  1341  3004 V WindowManager:   pfl=42000000
11-28 12:45:01.997  1341  3004 V WindowManager:   apr=LIGHT_NAVIGATION_BARS
11-28 12:45:01.997  1341  3004 V WindowManager:   bhv=DEFAULT
11-28 12:45:01.997  1341  3004 V WindowManager:   fitTypes=STATUS_BARS NAVIGATION_BARS CAPTION_BAR
11-28 12:45:01.997  1341  3004 V WindowManager:  dimAmount=0.18 naviIconColor=0
11-28 12:45:01.997  1341  3004 V WindowManager:   sfl=100000}
11-28 12:45:01.997  1341  3026 V WindowManager: Relayout Window{724ac9e u0 NotificationShade}: viewVisibility=4 req=720x1600 d0
11-28 12:45:01.997   747   781 I mtkpower_client: perf_lock_acq, hdl:0, dur:0, num:2, tid:781
11-28 12:45:01.997   750   798 I libPowerHal: [perfLockRel] hdl:52198, idx:2
11-28 12:45:01.997   750   798 I libPowerHal: vendor.samsung.: cpu_ctrl set cpu freq: -1 -1 1800000 -1
11-28 12:45:01.998 13659 13659 I ViewRootImpl@ac0b5e3[InstallStaging]: Relayout returned: old=(0,502,720,1050) new=(0,502,720,1050) req=(720,548)8 dur=13 res=0x2 s={false 0x0} ch=true seqId=0
11-28 12:45:01.998   747   781 I mtkpower_client: ret_hdl:52202
11-28 12:45:01.998 13659 13659 I ViewRootImpl@ac0b5e3[InstallStaging]: stopped(true) old = false
11-28 12:45:01.998 13659 13659 I ViewRootImpl@ac0b5e3[InstallStaging]: WindowStopped on com.google.android.packageinstaller/com.android.packageinstaller.InstallStaging set to true
11-28 12:45:01.998   747   781 I HYPER-HAL: [RequestManager.cpp]releaseLocked(): Released ID : 915993
11-28 12:45:01.998   750   798 I libPowerHal: [perfLockAcq] idx:2 hdl:52202 hint:-1 pid:747 duration:0 lock_user:vendor.samsung. => ret_hdl:52202
11-28 12:45:01.998   750   798 I libPowerHal: vendor.samsung.: cpu_ctrl set cpu freq: 2301000 -1 1800000 -1
11-28 12:45:01.999   766   766 I Layer   : Layer [com.google.android.packageinstaller/com.android.packageinstaller.PackageInstallerActivity$_13659#19122] hidden!! flag(0)
11-28 12:45:01.999   766   766 I Layer   : Layer [com.google.android.packageinstaller/com.android.packageinstaller.DeleteStagedFileOnResult$_13659#19120] hidden!! flag(0)
11-28 12:45:02.002  1341  1371 D ActivityTaskManager: mStartingWindow and mStartingData is null for token=ActivityRecord{6459409 u0 com.google.android.packageinstaller/com.android.packageinstaller.PackageInstallerActivity} t313}
11-28 12:45:02.002  1341  2067 D InputDispatcher: Focus entered window (0): 6dfe27 com.google.android.packageinstaller/com.android.packageinstaller.PackageInstallerActivity
11-28 12:45:02.002  1341  3026 V WindowManager: Relayout hash=724ac9e, pid=1737, syncId=-1: mAttrs={(0,0)(fillxfill) gr=TOP CENTER_VERTICAL sim={adjust=resize} layoutInDisplayCutoutMode=always ty=NOTIFICATION_SHADE fmt=TRANSLUCENT
11-28 12:45:02.002  1341  3026 V WindowManager:   fl=81840048
11-28 12:45:02.002  1341  3026 V WindowManager:   pfl=1b000000
11-28 12:45:02.002  1341  3026 V WindowManager:   vsysui=2000
11-28 12:45:02.002  1341  3026 V WindowManager:   apr=LIGHT_STATUS_BARS
11-28 12:45:02.002  1341  3026 V WindowManager:   bhv=SHOW_TRANSIENT_BARS_BY_SWIPE naviIconColor=0
11-28 12:45:02.002  1341  3026 V WindowManager:   sfl=40000}
11-28 12:45:02.003  1737  1737 I ViewRootImpl@a308e6[NotificationShade]: Relayout returned: old=(0,0,720,1600) new=(0,0,720,1600) req=(720,1600)4 dur=9 res=0x0 s={false 0x0} ch=false seqId=2
11-28 12:45:02.003 13659 13659 I MSHandlerLifeCycle: removeMultiSplitHandler: no exist. decor=DecorView@70f3d11[InstallStaging]
11-28 12:45:02.004 13659 13659 I MSHandlerLifeCycle: removeMultiSplitHandler: no exist. decor=DecorView@70f3d11[InstallStaging]
11-28 12:45:02.005 13659 13673 D OpenGLRenderer: setSurface called with nullptr
11-28 12:45:02.005 13659 13659 I ViewRootImpl@ac0b5e3[InstallStaging]: dispatchDetachedFromWindow
11-28 12:45:02.006   766   766 D SurfaceFlinger: Display 0 HWC layers:
11-28 12:45:02.006   766   766 D SurfaceFlinger:      DEVICE | 0xb400007e9ba7cf20 | 0102 | RGBA_8888    |    0.0    0.0  720.0 1600.0 |    0    0  720 1600 | com.sec.android.app.myfiles/com.sec.[...]xternal.ui.MainActivity$_31686#19071
11-28 12:45:02.006   766   766 D SurfaceFlinger:      DEVICE | 0xb400007e77905540 | 0100 | RGBA_8888    |    5.0    0.0  725.0   74.0 |    0  739  720  813 | com.google.android.packageinstaller/[...]eleteStagedFileOnResult$_13659#19120
11-28 12:45:02.006   766   766 D SurfaceFlinger:  SOLID_COLOR |              | 0000 |  Unknown  |    0.0    0.0    0.0    0.0 |    0    0  720 1600 | Dim Layer for - Task=313#19100
11-28 12:45:02.006   766   766 D SurfaceFlinger:      DEVICE | 0xb400007e756461c0 | 0100 | RGBA_8888    |    5.0    0.0  725.0  558.0 |    0  497  720 1055 | com.google.android.packageinstaller/[...]ackageInstallerActivity$_13659#19122
11-28 12:45:02.006   766   766 D SurfaceFlinger:      DEVICE | 0xb400007e77905a80 | 0100 | RGBA_8888    |    0.0    0.0  720.0   48.0 |    0    0  720   48 | StatusBar$_1737#83
11-28 12:45:02.006   766   766 D SurfaceFlinger:      DEVICE | 0xb400007e779059a0 | 0100 | RGBA_8888    |    0.0    0.0  720.0   96.0 |    0 1504  720 1600 | NavigationBar0$_1737#78
11-28 12:45:02.006   766   766 D SurfaceFlinger: 
11-28 12:45:02.007 13659 13668 I BLASTBufferQueue: [ViewRootImpl@ac0b5e3[InstallStaging]#8](f:0,a:1) destructor()
11-28 12:45:02.008 13659 13668 D BufferQueueConsumer: [ViewRootImpl@ac0b5e3[InstallStaging]#8(BLAST Consumer)8](id:355b00000008,api:0,p:-1,c:13659) disconnect
11-28 12:45:02.008  1341  3004 D CoreBackPreview: Window{ac86357 u0 com.google.android.packageinstaller/com.android.packageinstaller.InstallStaging EXITING}: Setting back callback null
11-28 12:45:02.008  1341  3026 D InputTransport: Input channel destroyed: 'ac86357', fd=666
11-28 12:45:02.008  1341  3026 W InputManager-JNI: Input channel object 'ac86357 com.google.android.packageinstaller/com.android.packageinstaller.InstallStaging (client)' was disposed without first being removed with the input manager!
11-28 12:45:02.009  1341  3026 D InputTransport: Input channel destroyed: 'ac86357', fd=721
11-28 12:45:02.009  1341  3026 V WindowManager: Remove Window{ac86357 u0 com.google.android.packageinstaller/com.android.packageinstaller.InstallStaging EXITING}: mSurfaceController=Surface(name=com.google.android.packageinstaller/com.android.packageinstaller.InstallStaging$_13659)/@0x826ba3b mAnimatingExit=true mRemoveOnExit=false mHasSurface=true surfaceShowing=true animating=true app-animation=false mWillReplaceWindow=false mDisplayFrozen=false callers=com.android.server.wm.WindowState.removeIfPossible:3041 com.android.server.wm.WindowManagerService.removeWindow:2282 com.android.server.wm.Session.remove:236 android.view.IWindowSession$Stub.onTransact:743 com.android.server.wm.Session.onTransact:188 android.os.Binder.execTransactInternal:1316 
11-28 12:45:02.009  1737  1737 I FaceWidgetPositionAlgorithm: getClockContainerHeight() supplier = 216, bottom margin = 0, real height = 584
11-28 12:45:02.010  1737  1737 I FaceWidgetPositionAlgorithm: getClockContainerHeight() supplier = 216, bottom margin = 48, real height = 584
11-28 12:45:02.010  1737  1737 I FaceWidgetPositionAlgorithm: getMediaContainerHeight() height = 0 container Visibility = 8, isValid = false, mIsDozing = false, fraction = 1.0, source = 0, target = 0
11-28 12:45:02.010  1737  1737 I FaceWidgetPositionAlgorithm: getMediaContainerHeight() supplier = 0
11-28 12:45:02.013 13659 13659 D InputTransport: Input channel destroyed: 'ac86357', fd=99
11-28 12:45:02.013  1737  1737 D SamsungLightBarControlHelper: onStatusBarAppearanceChanged() -  sbModeChanged:false, statusBarMode:MODE_TRANSPARENT, barState:SHADE, isKeyguardShowing:false, navbarColorManagedByIme:false, stackAppearancesChanged:true, (AppearanceRegion{ bounds=[0,0][720,1600]}, ), packageName:com.google.android.packageinstaller
11-28 12:45:02.013  1737  1737 D NavigationBar: onSystemBarAttributesChanged() -  displayId:0, appearance:0, packageName: com.google.android.packageinstaller, navbarColorManagedByIme:false
11-28 12:45:02.014  1737  1737 D SamsungLightBarControlHelper: updateNavigation(White button) isLightBar:false, hasLightBarNavigationBarFlag:false, packageName:com.google.android.packageinstaller, DirectReplying:false, NavBarColorManagerdByIme:false, ForceDarkForScrim:false, QsCustomizing:false, PanelHasWhiteBg:true
11-28 12:45:02.014 13659 13659 I ViewRootImpl@6652654[PackageInstallerActivity]: MSG_WINDOW_FOCUS_CHANGED 1 0
11-28 12:45:02.014 13659 13659 I ViewRootImpl@6652654[PackageInstallerActivity]: mThreadedRenderer.initializeIfNeeded()#2 mSurface={isValid=true 0xb400007d44143800}
11-28 12:45:02.021  1737  1795 E IMGMapper: set:488 set: Unset optional value from type SMPTE2086
11-28 12:45:02.021  1737  1795 E IMGMapper: set:488 set: Unset optional value from type CTA861_3
11-28 12:45:02.022   750   776 I mtkpower@impl: [setMode] type:5, enabled:0
11-28 12:45:02.025  1737  1737 D SamsungLightBarControlHelper: updateStatus(WHITE icon) NumStacks:1, StatusBarMode:MODE_TRANSPARENT, lightBarBounds:[], StatusBarState:SHADE, packageName:com.google.android.packageinstaller, isWhiteKeyguardStatusBarBySettings:false
11-28 12:45:02.026  1011  1106 I Light   : light data = 13.000000 .
11-28 12:45:02.026  1091 25234 D AALLightSensor: oldLux=11 [SA:12 LA:10] newLux=11 (oriLux: 13)
11-28 12:45:02.028  1737  1795 E IMGMapper: set:488 set: Unset optional value from type SMPTE2086
11-28 12:45:02.028  1737  1795 E IMGMapper: set:488 set: Unset optional value from type CTA861_3
11-28 12:45:02.032  1737  1737 I ViewRootImpl@a308e6[NotificationShade]: performTraversals mFirst=false windowShouldResize=false viewVisibilityChanged=false mForceNextWindowRelayout=false params={(0,0)(fillxfill) gr=TOP CENTER_VERTICAL sim={adjust=resize} layoutInDisplayCutoutMode=always ty=NOTIFICATION_SHADE fmt=TRANSLUCENT
11-28 12:45:02.032  1737  1737 I ViewRootImpl@a308e6[NotificationShade]:   fl=81840048
11-28 12:45:02.032  1737  1737 I ViewRootImpl@a308e6[NotificationShade]:   pfl=1b000000
11-28 12:45:02.032  1737  1737 I ViewRootImpl@a308e6[NotificationShade]:   bhv=SHOW_TRANSIENT_BARS_BY_SWIPE naviIconColor=0
11-28 12:45:02.032  1737  1737 I ViewRootImpl@a308e6[NotificationShade]:   sfl=40000}
11-28 12:45:02.033  1341  2067 V WindowManager: Relayout Window{724ac9e u0 NotificationShade}: viewVisibility=4 req=720x1600 d0
11-28 12:45:02.034  1737  1795 E IMGMapper: set:488 set: Unset optional value from type SMPTE2086
11-28 12:45:02.034  1737  1795 E IMGMapper: set:488 set: Unset optional value from type CTA861_3
11-28 12:45:02.038  1341  2067 V WindowManager: Relayout hash=724ac9e, pid=1737, syncId=-1: mAttrs={(0,0)(fillxfill) gr=TOP CENTER_VERTICAL sim={adjust=resize} layoutInDisplayCutoutMode=always ty=NOTIFICATION_SHADE fmt=TRANSLUCENT
11-28 12:45:02.038  1341  2067 V WindowManager:   fl=81840048
11-28 12:45:02.038  1341  2067 V WindowManager:   pfl=1b000000
11-28 12:45:02.038  1341  2067 V WindowManager:   bhv=SHOW_TRANSIENT_BARS_BY_SWIPE naviIconColor=0
11-28 12:45:02.038  1341  2067 V WindowManager:   sfl=40000}
11-28 12:45:02.039  1737  1737 I ViewRootImpl@a308e6[NotificationShade]: Relayout returned: old=(0,0,720,1600) new=(0,0,720,1600) req=(720,1600)4 dur=7 res=0x0 s={false 0x0} ch=false seqId=2
11-28 12:45:02.044  1737  1737 I FaceWidgetPositionAlgorithm: getClockContainerHeight() supplier = 216, bottom margin = 0, real height = 584
11-28 12:45:02.045  1737  1737 I FaceWidgetPositionAlgorithm: getClockContainerHeight() supplier = 216, bottom margin = 48, real height = 584
11-28 12:45:02.045  1737  1737 I FaceWidgetPositionAlgorithm: getMediaContainerHeight() height = 0 container Visibility = 8, isValid = false, mIsDozing = false, fraction = 1.0, source = 0, target = 0
11-28 12:45:02.045  1737  1737 I FaceWidgetPositionAlgorithm: getMediaContainerHeight() supplier = 0
11-28 12:45:02.053  1737  1795 E IMGMapper: set:488 set: Unset optional value from type SMPTE2086
11-28 12:45:02.053  1737  1795 E IMGMapper: set:488 set: Unset optional value from type CTA861_3
11-28 12:45:02.057  1737  1795 E IMGMapper: set:488 set: Unset optional value from type SMPTE2086
11-28 12:45:02.058  1737  1795 E IMGMapper: set:488 set: Unset optional value from type CTA861_3
11-28 12:45:02.063  1737  1795 E IMGMapper: set:488 set: Unset optional value from type SMPTE2086
11-28 12:45:02.063  1737  1795 E IMGMapper: set:488 set: Unset optional value from type CTA861_3
11-28 12:45:02.073  1737  1795 E IMGMapper: set:488 set: Unset optional value from type SMPTE2086
11-28 12:45:02.073  1737  1795 E IMGMapper: set:488 set: Unset optional value from type CTA861_3
11-28 12:45:02.078  1737  1795 E IMGMapper: set:488 set: Unset optional value from type SMPTE2086
11-28 12:45:02.079  1737  1795 E IMGMapper: set:488 set: Unset optional value from type CTA861_3
11-28 12:45:02.090  1737  1795 E IMGMapper: set:488 set: Unset optional value from type SMPTE2086
11-28 12:45:02.090  1737  1795 E IMGMapper: set:488 set: Unset optional value from type CTA861_3
11-28 12:45:02.095  1737  1795 E IMGMapper: set:488 set: Unset optional value from type SMPTE2086
11-28 12:45:02.095  1737  1795 E IMGMapper: set:488 set: Unset optional value from type CTA861_3
11-28 12:45:02.106  1737  1795 E IMGMapper: set:488 set: Unset optional value from type SMPTE2086
11-28 12:45:02.106  1737  1795 E IMGMapper: set:488 set: Unset optional value from type CTA861_3
11-28 12:45:02.112  1737  1795 E IMGMapper: set:488 set: Unset optional value from type SMPTE2086
11-28 12:45:02.112  1737  1795 E IMGMapper: set:488 set: Unset optional value from type CTA861_3
11-28 12:45:02.123  1737  1795 E IMGMapper: set:488 set: Unset optional value from type SMPTE2086
11-28 12:45:02.123  1737  1795 E IMGMapper: set:488 set: Unset optional value from type CTA861_3
11-28 12:45:02.128  1737  1795 E IMGMapper: set:488 set: Unset optional value from type SMPTE2086
11-28 12:45:02.128  1737  1795 E IMGMapper: set:488 set: Unset optional value from type CTA861_3
11-28 12:45:02.139  1737  1795 E IMGMapper: set:488 set: Unset optional value from type SMPTE2086
11-28 12:45:02.139  1737  1795 E IMGMapper: set:488 set: Unset optional value from type CTA861_3
11-28 12:45:02.145  1737  1795 E IMGMapper: set:488 set: Unset optional value from type SMPTE2086
11-28 12:45:02.145  1737  1795 E IMGMapper: set:488 set: Unset optional value from type CTA861_3
11-28 12:45:02.156  1737  1795 E IMGMapper: set:488 set: Unset optional value from type SMPTE2086
11-28 12:45:02.156  1737  1795 E IMGMapper: set:488 set: Unset optional value from type CTA861_3
11-28 12:45:02.226  1011  1106 I Light   : light data = 13.000000 .
11-28 12:45:02.283  1341  1371 I WindowManager: Reparenting to original parent: Surface(name=ActivityRecord{3c1a5ac u0 com.google.android.packageinstaller/com.android.packageinstaller.InstallStaging} t313})/@0x11592e5, destroy=true, surface=Surface(name=ac86357 com.google.android.packageinstaller/com.android.packageinstaller.InstallStaging)/@0x1eade6c
11-28 12:45:02.284  1341  1371 E WindowManager: win=Window{ac86357 u0 com.google.android.packageinstaller/com.android.packageinstaller.InstallStaging EXITING} destroySurfaces: appStopped=false cleanupOnResume=false win.mWindowRemovalAllowed=true win.mRemoveOnExit=true win.mViewVisibility=8 caller=com.android.server.wm.ActivityRecord.destroySurfaces:6536 com.android.server.wm.ActivityRecord.destroySurfaces:6517 com.android.server.wm.WindowState.onExitAnimationDone:5989 com.android.server.wm.WindowStateAnimator.onAnimationFinished:225 com.android.server.wm.WindowState.onAnimationFinished:6216 com.android.server.wm.WindowContainer$$ExternalSyntheticLambda4.onAnimationFinished:2 com.android.server.wm.SurfaceAnimator.lambda$getFinishedCallback$0:140 
11-28 12:45:02.284  1341  1371 I WindowManager: Destroying surface Surface(name=com.google.android.packageinstaller/com.android.packageinstaller.InstallStaging$_13659)/@0x826ba3b called by com.android.server.wm.WindowStateAnimator.destroySurface:942 com.android.server.wm.WindowStateAnimator.destroySurfaceLocked:536 com.android.server.wm.WindowState.destroySurfaceUnchecked:4306 com.android.server.wm.WindowState.destroySurface:4280 com.android.server.wm.ActivityRecord.destroySurfaces:6536 com.android.server.wm.ActivityRecord.destroySurfaces:6517 com.android.server.wm.WindowState.onExitAnimationDone:5989 com.android.server.wm.WindowStateAnimator.onAnimationFinished:225 
11-28 12:45:02.285  1341  1371 D RestrictionPolicy: isScreenCaptureEnabled : ret=true userId=0
11-28 12:45:02.285  1341  1371 V WindowManager: Nulling last startingData
11-28 12:45:02.288   747 16679 I mtkpower_client: perf_lock_rel, hdl:52199, tid:16679
11-28 12:45:02.289   747 16679 I mtkpower_client: perf_lock_acq, hdl:0, dur:0, num:2, tid:16679
11-28 12:45:02.289   750   798 I libPowerHal: [perfLockRel] hdl:52199, idx:5
11-28 12:45:02.290   750   798 I libPowerHal: vendor.samsung.: cpu_ctrl set cpu freq: 2301000 -1 -1 -1
11-28 12:45:02.290   747 16679 I mtkpower_client: ret_hdl:52203
11-28 12:45:02.290   747 16679 I mtkpower_client: perf_lock_rel, hdl:52200, tid:16679
11-28 12:45:02.290   750   798 I libPowerHal: [perfLockAcq] idx:4 hdl:52203 hint:-1 pid:747 duration:0 lock_user:vendor.samsung. => ret_hdl:52203
11-28 12:45:02.291   750   798 I libPowerHal: vendor.samsung.: cpu_ctrl set cpu freq: 2301000 -1 1800000 -1
11-28 12:45:02.291   747 16679 I mtkpower_client: perf_lock_acq, hdl:0, dur:0, num:2, tid:16679
11-28 12:45:02.291   750   798 I libPowerHal: [perfLockRel] hdl:52200, idx:3
11-28 12:45:02.292   747 16679 I mtkpower_client: ret_hdl:52204
11-28 12:45:02.292   747 16679 I mtkpower_client: perf_lock_rel, hdl:52201, tid:16679
11-28 12:45:02.292   750   798 I libPowerHal: cmdSetting - unknown cmd:1c3c000, scmd:(null) ,param_1:0
11-28 12:45:02.292   750   798 I libPowerHal: [perfLockAcq] idx:3 hdl:52204 hint:-1 pid:747 duration:0 lock_user:vendor.samsung. => ret_hdl:52204
11-28 12:45:02.292   747 16679 I mtkpower_client: perf_lock_acq, hdl:0, dur:0, num:2, tid:16679
11-28 12:45:02.292   750   798 I libPowerHal: [perfLockRel] hdl:52201, idx:1
11-28 12:45:02.292   750   798 I libPowerHal: [PD] vendor.samsung. update cmd:1000000, param:-1
11-28 12:45:02.293   750   798 I libPowerHal: [PD] vendor.samsung. update cmd:1000000 param:-1
11-28 12:45:02.293   747 16679 I mtkpower_client: ret_hdl:52205
11-28 12:45:02.293   747 16679 I mtkpower_client: perf_lock_rel, hdl:52202, tid:16679
11-28 12:45:02.293   750   798 I libPowerHal: [perfLockAcq] idx:1 hdl:52205 hint:-1 pid:747 duration:0 lock_user:vendor.samsung. => ret_hdl:52205
11-28 12:45:02.294   750   798 I libPowerHal: [PE] vendor.samsung. update cmd:1000000, param:0
11-28 12:45:02.294   750   798 I libPowerHal: [PE] vendor.samsung. update cmd:1000000 param:0
11-28 12:45:02.294   747 16679 I mtkpower_client: perf_lock_acq, hdl:0, dur:0, num:2, tid:16679
11-28 12:45:02.294   750   798 I libPowerHal: [perfLockRel] hdl:52202, idx:2
11-28 12:45:02.294   750   798 I libPowerHal: vendor.samsung.: cpu_ctrl set cpu freq: -1 -1 1800000 -1
11-28 12:45:02.295   747 16679 I mtkpower_client: ret_hdl:52206
11-28 12:45:02.295   747 16679 I HYPER-HAL: [RequestManager.cpp]releaseLocked(): Released ID : 918704
11-28 12:45:02.295   750   798 I libPowerHal: [perfLockAcq] idx:2 hdl:52206 hint:-1 pid:747 duration:0 lock_user:vendor.samsung. => ret_hdl:52206
11-28 12:45:02.295   750   798 I libPowerHal: vendor.samsung.: cpu_ctrl set cpu freq: 2301000 -1 1800000 -1
11-28 12:45:02.299   766   766 I Layer   : id=19106 removeFromCurrentState com.google.android.packageinstaller/com.android.packageinstaller.InstallStaging$_13659#19106 (137)
11-28 12:45:02.299   766   766 I Layer   : id=19105 removeFromCurrentState ac86357 com.google.android.packageinstaller/com.android.packageinstaller.InstallStaging#19105 (137)
11-28 12:45:02.299   766   766 I Layer   : id=19125 removeFromCurrentState Surface(name=ac86357 com.google.android.packageinstaller/com.android.packageinstaller.InstallStaging)/@0x1eade6c - animation-leash of window_animation#19125 (137)
11-28 12:45:02.299   766   766 I Layer   : Layer [com.google.android.packageinstaller/com.android.packageinstaller.InstallStaging$_13659#19106] hidden!! flag(1)
11-28 12:45:02.299   766  1004 I SurfaceFlinger: id=19113 Removed c3ee75f ActivityRecordInputSink com.google.android.packageinstaller/com.android.packageinstaller.InstallStaging#19113 (137)
11-28 12:45:02.299   766   766 I SurfaceFlinger: id=19105 Removed ac86357 com.google.android.packageinstaller/com.android.packageinstaller.InstallStaging#19105 (137)
11-28 12:45:02.299   766   766 I SurfaceFlinger: id=19106 Removed com.google.android.packageinstaller/com.android.packageinstaller.InstallStaging$_13659#19106 (137)
11-28 12:45:02.299   766   766 I SurfaceFlinger: id=19125 Removed Surface(name=ac86357 com.google.android.packageinstaller/com.android.packageinstaller.InstallStaging)/@0x1eade6c - animation-leash of window_animation#19125 (137)
11-28 12:45:02.300   766   766 I Layer   : id=19125 Destroyed Surface(name=ac86357 com.google.android.packageinstaller/com.android.packageinstaller.InstallStaging)/@0x1eade6c - animation-leash of window_animation#19125
11-28 12:45:02.300   766   766 I Layer   : id=19105 Destroyed ac86357 com.google.android.packageinstaller/com.android.packageinstaller.InstallStaging#19105
11-28 12:45:02.300   766   766 I BufferQueueDebug: [com.google.android.packageinstaller/com.android.packageinstaller.InstallStaging$_13659#19106](this:0xb400007e779ed838,id:-1,api:0,p:-1,c:766) onDestructor()
11-28 12:45:02.300   766   766 I Layer   : id=19106 Destroyed com.google.android.packageinstaller/com.android.packageinstaller.InstallStaging$_13659#19106
11-28 12:45:02.315   766   766 I Layer   : id=19104 removeFromCurrentState ActivityRecord{3c1a5ac u0 com.google.android.packageinstaller/com.android.packageinstaller.InstallStaging} t313}#19104 (134)
11-28 12:45:02.315   766   766 I Layer   : id=19113 removeFromCurrentState c3ee75f ActivityRecordInputSink com.google.android.packageinstaller/com.android.packageinstaller.InstallStaging#19113 (134)
11-28 12:45:02.316   766   766 I SurfaceFlinger: id=19104 Removed ActivityRecord{3c1a5ac u0 com.google.android.packageinstaller/com.android.packageinstaller.InstallStaging} t313}#19104 (134)
11-28 12:45:02.316   766   766 I Layer   : id=19104 Destroyed ActivityRecord{3c1a5ac u0 com.google.android.packageinstaller/com.android.packageinstaller.InstallStaging} t313}#19104
11-28 12:45:02.316   766   766 I Layer   : id=19113 Destroyed c3ee75f ActivityRecordInputSink com.google.android.packageinstaller/com.android.packageinstaller.InstallStaging#19113
11-28 12:45:02.426  1011  1106 I Light   : light data = 13.000000 .
11-28 12:45:02.464  1011  1106 I Accelerometer: acc data x = 1.434000, y = 0.676000, z = 9.624000 .
11-28 12:45:02.488  1737  1862 D MobileStatusTracker(0/5): onSignalStrengthsChanged level=2, vendorLevel=1
11-28 12:45:02.489  1737  1862 D MobileSignalController(0/5): notifyListener: enabled=true, connected=true, dataConnected=false, networkType=LTE (4G), emergencyOnly=false, roaming=false, isDefault=false, dataActivity=, level=1, ca=false, mmWave=false, disabledDataIcon=false, simCard=ETC
11-28 12:45:02.489  1737  1862 D NetworkController: SignalStrength from intent slotId=0
11-28 12:45:02.491  1737  1862 D MobileStatusTracker(1/4): onSignalStrengthsChanged level=2, vendorLevel=1
11-28 12:45:02.492  1737  1862 D MobileSignalController(1/4): notifyListener: enabled=true, connected=true, dataConnected=false, networkType=LTE (4G), emergencyOnly=false, roaming=false, isDefault=false, dataActivity=inout, level=1, ca=false, mmWave=false, disabledDataIcon=false, simCard=ETC
11-28 12:45:02.492  1737  1862 D NetworkController: SignalStrength from intent slotId=1
11-28 12:45:02.521  1341  1712 I Pageboost: Launcher App Execution
11-28 12:45:02.625  1011  1106 I Light   : light data = 14.000000 .
11-28 12:45:02.667  1341  1378 I AppOps  : commitUidPendingStateLocked() :: UID - 10055, 200 > 200, 15 > 15
11-28 12:45:02.826  1011  1106 I Light   : light data = 14.000000 .
11-28 12:45:03.012  1341  1532 D InputReader: Btn_touch(1): value=1 when=337664.431328
11-28 12:45:03.012  1341  1532 I InputReader: Touch event's action is 0x0 (id=5, t=0) [pCnt=1, s=0.42674 ] when=337664.431328
11-28 12:45:03.012  1341  1531 I InputDispatcher: Delivering touch to (1737): action: 0x4, f=0x0, d=0, 'ab6e286', t=1 
11-28 12:45:03.012  1341  1531 I InputDispatcher: Delivering touch to (13659): action: 0x0, f=0x0, d=0, '6dfe27 ', t=1 +(0,-502)
11-28 12:45:03.013  1341  1368 I GestureDetector: obtain mCurrentDownEvent. id: 512965624 caller: com.android.server.wm.SystemGesturesPointerEventListener.onPointerEvent:203 com.android.server.wm.PointerEventDispatcher.onInputEvent:53 android.view.InputEventReceiver.dispatchInputEvent:285 
11-28 12:45:03.013  1341  1368 I GestureDetector: obtain mCurrentDownEvent. id: 512965624 caller: com.android.server.wm.SystemPerformancePointerEventListener.onPointerEvent:89 com.android.server.wm.PointerEventDispatcher.onInputEvent:53 android.view.InputEventReceiver.dispatchInputEvent:285 
11-28 12:45:03.014 13659 13659 I ViewRootImpl@6652654[PackageInstallerActivity]: ViewPostIme pointer 0
11-28 12:45:03.021  1341  1368 I GestureDetector: obtain mCurrentMotionEventRaw. action: 2 id: 45608839
11-28 12:45:03.021  1341  1368 I GestureDetector: obtain mCurrentMotionEventRaw. action: 2 id: 45608839
11-28 12:45:03.025  1011  1106 I Light   : light data = 14.000000 .
11-28 12:45:03.031   747 16670 I mtkpower_client: perf_lock_rel, hdl:52183, tid:16670
11-28 12:45:03.032   750   798 I libPowerHal: [perfLockRel] hdl:52183, idx:7
11-28 12:45:03.032   750   798 I libPowerHal: [PD] vendor.samsung. update cmd:1410000 param:0
11-28 12:45:03.032   747 16670 I mtkpower_client: perf_lock_rel, hdl:52204, tid:16670
11-28 12:45:03.033   747 16670 I mtkpower_client: perf_lock_rel, hdl:52203, tid:16670
11-28 12:45:03.033   750   798 I libPowerHal: [perfLockRel] hdl:52204, idx:3
11-28 12:45:03.033   747 16670 I mtkpower_client: perf_lock_rel, hdl:52205, tid:16670
11-28 12:45:03.033   750   798 I libPowerHal: [perfLockRel] hdl:52203, idx:4
11-28 12:45:03.034   750   798 I libPowerHal: vendor.samsung.: cpu_ctrl set cpu freq: 2301000 -1 -1 -1
11-28 12:45:03.034   747 16670 I mtkpower_client: perf_lock_rel, hdl:52206, tid:16670
11-28 12:45:03.034   750   798 I libPowerHal: [perfLockRel] hdl:52205, idx:1
11-28 12:45:03.034   750   798 I libPowerHal: [PD] vendor.samsung. update cmd:1000000, param:-1
11-28 12:45:03.035   750   798 I libPowerHal: [PD] vendor.samsung. update cmd:1000000 param:-1
11-28 12:45:03.035   750   798 I libPowerHal: [perfLockRel] hdl:52206, idx:2
11-28 12:45:03.035   747 16670 I HYPER-HAL: [RequestManager.cpp]releaseLocked(): Released ID : 917348
11-28 12:45:03.035   750   798 I libPowerHal: vendor.samsung.: cpu_ctrl set cpu freq: -1 -1 -1 -1
11-28 12:45:03.087  1341  1532 D InputReader: Btn_touch(1): value=0 when=337664.506460
11-28 12:45:03.087  1341  1532 I InputReader: Touch event's action is 0x1 (id=5, t=0) [pCnt=1, s=] when=337664.506460
11-28 12:45:03.087  1341  1531 I InputDispatcher: Delivering touch to (13659): action: 0x1, f=0x0, d=0, '6dfe27 ', t=1 +(0,-502)
11-28 12:45:03.087 13659 13659 I ViewRootImpl@6652654[PackageInstallerActivity]: ViewPostIme pointer 1
11-28 12:45:03.101  1341  2067 D ActivityTaskManager: startActivityAsUser: callingPid=13659, callingUid=10055, caller=com.android.server.wm.ActivityTaskManagerService.startActivityAsUser:1815 com.android.server.wm.ActivityTaskManagerService.startActivity:1766 android.app.IActivityTaskManager$Stub.onTransact:1244 com.android.server.wm.ActivityTaskManagerService.onTransact:6588 android.os.Binder.execTransactInternal:1316 android.os.Binder.execTransact:1280 <bottom of call stack> 
11-28 12:45:03.101  1341  1370 I ChimeraSystemEventListener: appLaunchIntent package name is: com.google.android.packageinstaller
11-28 12:45:03.102  1341  2067 I ActivityTaskManager: START u0 {dat=file:///... flg=0x2000000 cmp=com.google.android.packageinstaller/com.android.packageinstaller.InstallInstalling (has extras)} from uid 10055
11-28 12:45:03.103  1341  2067 D ActivityTaskManager: TaskLaunchParamsModifier:task=null activity=ActivityRecord{9f82796 u0 com.google.android.packageinstaller/com.android.packageinstaller.InstallInstalling} display-area-from-source=DefaultTaskDisplayArea@88781012 display-id=0 display-windowing-mode=1 suggested-display-area=DefaultTaskDisplayArea@88781012
11-28 12:45:03.104  1341  2067 D ActivityTaskManager: TaskLaunchParamsModifier:task=Task{77f2d62 #313 type=standard I=com.sec.android.app.myfiles/.external.ui.MainActivity U=0 visible=true visibleRequested=true mode=fullscreen translucent=false sz=3} activity=ActivityRecord{9f82796 u0 com.google.android.packageinstaller/com.android.packageinstaller.InstallInstalling} t-1} display-area-from-source=DefaultTaskDisplayArea@88781012 display-id=0 display-windowing-mode=1 suggested-display-area=DefaultTaskDisplayArea@88781012 inherit-from-source=fullscreen activity-options-fullscreen=Rect(0, 0 - 0, 0) non-freeform-display display-area=DefaultTaskDisplayArea@88781012 maximized-bounds
11-28 12:45:03.105  1341  2067 I SemDvfsHyPerManager: acquire hyper - AMS_ACT_START/1341@12, type = -999
11-28 12:45:03.105  1341  2067 D ActivityManagerPerformance: AMP_acquire() ACT_START
11-28 12:45:03.105   747   781 I HYPER-HAL: [RequestManager.cpp]acquire(): Acquired ID : 915993  [1341 / 12]    HINT : AMS_ACT_START    list : 
11-28 12:45:03.106   747   781 I mtkpower_client: perf_lock_acq, hdl:0, dur:0, num:2, tid:781
11-28 12:45:03.106   747   781 I mtkpower_client: ret_hdl:52207
11-28 12:45:03.106   747   781 I mtkpower_client: perf_lock_acq, hdl:0, dur:0, num:2, tid:781
11-28 12:45:03.107   766  1004 I SurfaceFlinger: id=19128 createSurf flag=80004, ActivityRecord{9f82796 u0 com.google.android.packageinstaller/com.android.packageinstaller.InstallInstalling} t313}#19128
11-28 12:45:03.107   750   798 I libPowerHal: [perfLockAcq] idx:1 hdl:52207 hint:-1 pid:747 duration:0 lock_user:vendor.samsung. => ret_hdl:52207
11-28 12:45:03.107   750   798 I libPowerHal: vendor.samsung.: cpu_ctrl set cpu freq: -1 -1 1138000 -1
11-28 12:45:03.107 13659 13673 E IMGMapper: set:488 set: Unset optional value from type SMPTE2086
11-28 12:45:03.107 13659 13673 E IMGMapper: set:488 set: Unset optional value from type CTA861_3
11-28 12:45:03.108   747   781 I mtkpower_client: ret_hdl:52208
11-28 12:45:03.108   750   798 I libPowerHal: cmdSetting - unknown cmd:1c3c000, scmd:(null) ,param_1:0
11-28 12:45:03.108   750   798 I libPowerHal: [perfLockAcq] idx:2 hdl:52208 hint:-1 pid:747 duration:0 lock_user:vendor.samsung. => ret_hdl:52208
11-28 12:45:03.109   747   781 I mtkpower_client: perf_lock_acq, hdl:0, dur:0, num:2, tid:781
11-28 12:45:03.110  1341  2067 W WindowManager: Prepare app transition: mNextAppTransitionRequests=[TRANSIT_OPEN], mNextAppTransitionFlags=, displayId: 0 Callers=com.android.server.wm.DisplayContent.prepareAppTransition:6479 com.android.server.wm.DisplayContent.prepareAppTransition:6470 com.android.server.wm.Task.startActivityLocked:6593 com.android.server.wm.ActivityStarter.startActivityInner:2979 com.android.server.wm.ActivityStarter.startActivityUnchecked:2469 
11-28 12:45:03.110   747   781 I mtkpower_client: ret_hdl:52209
11-28 12:45:03.110   747   781 I mtkpower_client: perf_lock_acq, hdl:0, dur:0, num:2, tid:781
11-28 12:45:03.111  1341  2067 V WindowManager: Checking theme of starting window: 0x7f0f0115
11-28 12:45:03.111   750   798 I libPowerHal: [perfLockAcq] idx:3 hdl:52209 hint:-1 pid:747 duration:0 lock_user:vendor.samsung. => ret_hdl:52209
11-28 12:45:03.111  1341  2067 V WindowManager: Translucent=false Floating=true ShowWallpaper=false Disable=false
11-28 12:45:03.111   750   798 I libPowerHal: [PE] vendor.samsung. update cmd:1000000, param:1
11-28 12:45:03.111   750   798 I libPowerHal: [PE] vendor.samsung. update cmd:1000000 param:1
11-28 12:45:03.111   747   781 I mtkpower_client: ret_hdl:52210
11-28 12:45:03.111  1341  2067 D ActivityTaskManager: scheduleTopResumedActivityChanged, onTop=false r=ActivityRecord{6459409 u0 com.google.android.packageinstaller/com.android.packageinstaller.PackageInstallerActivity} t313} caller=com.android.server.wm.ActivityTaskSupervisor.updateTopResumedActivityIfNeeded:2508 com.android.server.wm.TaskFragment.setResumedActivity:493 com.android.server.wm.TaskFragment.onActivityStateChanged:790 com.android.server.wm.ActivityRecord.setState:6403 com.android.server.wm.TaskFragment.startPausing:1880 com.android.server.wm.TaskFragment.startPausing:1817 
11-28 12:45:03.111   750   798 I libPowerHal: [perfLockAcq] idx:4 hdl:52210 hint:-1 pid:747 duration:0 lock_user:vendor.samsung. => ret_hdl:52210
11-28 12:45:03.112   750   798 I libPowerHal: vendor.samsung.: cpu_ctrl set cpu freq: 1944000 -1 1138000 -1
11-28 12:45:03.114   766   766 I BufferQueueProducer: [com.google.android.packageinstaller/com.android.packageinstaller.PackageInstallerActivity$_13659#19122](this:0xb400007e779be838,id:-1,api:0,p:-1,c:766) queueBuffer: fps=1.74 dur=1148.48 max=1131.66 min=16.82
11-28 12:45:03.118   738   839 I hwcomposer: [HWCDisplay] [Display_0 (type:1)] fps:28.987419,dur:1483.40,max:783.56,min:13.80  
11-28 12:45:03.118  1341  2067 I Pageboost: stop alp
11-28 12:45:03.118  2536  2536 E pageboostd: Received HALT command code 2
11-28 12:45:03.122 13659 13673 E IMGMapper: set:488 set: Unset optional value from type SMPTE2086
11-28 12:45:03.122 13659 13673 E IMGMapper: set:488 set: Unset optional value from type CTA861_3
11-28 12:45:03.124  1341  2067 D MARsPolicyManager: onPackageResumedFG pkgName = com.google.android.packageinstaller, userId = 0
11-28 12:45:03.124  1341  1370 D SGM:FgCheckThread: notePauseComponent(), received pkgName: com.google.android.packageinstaller, userId: 0
11-28 12:45:03.125  1341  2067 W WindowManager: Prepare app transition: mNextAppTransitionRequests=[TRANSIT_OPEN, TRANSIT_CLOSE], mNextAppTransitionFlags=, displayId: 0 Callers=com.android.server.wm.DisplayContent.prepareAppTransition:6479 com.android.server.wm.DisplayContent.prepareAppTransition:6470 com.android.server.wm.TaskFragment.resumeTopActivity:1562 com.android.server.wm.TaskFragment.resumeTopActivity:1307 com.android.server.wm.Task.resumeTopActivityInnerLocked:6449 
11-28 12:45:03.125  1341  2067 W ActivityTaskManager: Tried to set launchTime (0) < mLastActivityLaunchTime (337663227)
11-28 12:45:03.126  1341  2067 V WindowManager: rotationForOrientation(orient=SCREEN_ORIENTATION_UNSPECIFIED (-1), last=ROTATION_0 (0)); user=ROTATION_0 (0) USER_ROTATION_LOCKED
11-28 12:45:03.126  1341  2067 D WindowManager: rotationForOrientation, orientationSource=ActivityRecord{9c11b44 u0 com.sec.android.app.myfiles/.external.ui.MainActivity} t313}
11-28 12:45:03.126  1341  2067 V WindowManager: Computed rotation=ROTATION_0 (0) for display id=0 based on lastOrientation=SCREEN_ORIENTATION_UNSPECIFIED (-1) and oldRotation=ROTATION_0 (0), caller=com.android.server.wm.DisplayRotation.updateOrientation:414 com.android.server.wm.DisplayContent.updateOrientation:1981 com.android.server.wm.DisplayContent.updateOrientation:1882 com.android.server.wm.RootWindowContainer.ensureVisibilityAndConfig:2139 com.android.server.wm.ActivityTaskSupervisor.realStartActivityLocked:913 com.android.server.wm.ActivityTaskSupervisor.startSpecificActivity:1225 
11-28 12:45:03.128  1341  2067 D TspStateManager: updateCustomValue customSetting=
11-28 12:45:03.129  1341  2067 D TspStateManager: updateCustomValue customSetting=
11-28 12:45:03.130  1341  2067 D SGM:PkgDataHelper: notifyAppCreate(), pkgName: com.google.android.packageinstaller, userId: 0, sendRet: true
11-28 12:45:03.130  1341  1544 D SGM:FgCheckThread: onLooperPrepared(), msg: MSG_APP_CREATE, pkgName: com.google.android.packageinstaller, userId: 0
11-28 12:45:03.131  1341  2067 D ActivityTaskManager: scheduleTopResumedActivityChanged, onTop=true r=ActivityRecord{9f82796 u0 com.google.android.packageinstaller/com.android.packageinstaller.InstallInstalling} t313} caller=com.android.server.wm.ActivityTaskSupervisor.scheduleTopResumedActivityStateIfNeeded:2533 com.android.server.wm.ActivityTaskSupervisor.updateTopResumedActivityIfNeeded:2525 com.android.server.wm.TaskFragment.setResumedActivity:493 com.android.server.wm.TaskFragment.onActivityStateChanged:805 com.android.server.wm.ActivityRecord.setState:6403 com.android.server.wm.Task.minimalResumeActivityLocked:6153 
11-28 12:45:03.131  1341  2067 D InputDispatcher: Focused application(0): ActivityRecord{9f82796 u0 com.google.android.packageinstaller/com.android.packageinstaller.InstallInstalling} t313}
11-28 12:45:03.133  1341  2067 V WindowManager: Changing focus from Window{6dfe27 u0 com.google.android.packageinstaller/com.android.packageinstaller.PackageInstallerActivity} to null displayId=0 Callers=com.android.server.wm.RootWindowContainer.updateFocusedWindowLocked:595 com.android.server.wm.WindowManagerService.updateFocusedWindowLocked:6803 com.android.server.wm.ActivityTaskManagerService.setResumedActivityUncheckLocked:5755 com.android.server.wm.TaskFragment.onActivityStateChanged:807 
11-28 12:45:03.133  1341  2067 I WindowManager: Cancelling animation restarting=true, leash=Surface(name=Surface(name=528b8b0 StatusBar)/@0x97829b3 - animation-leash of insets_animation)/@0x5b255c3
11-28 12:45:03.133  1341  2067 I WindowManager: Reparenting to original parent: Surface(name=WindowToken{e4213f3 type=2000 android.os.BinderProxy@654f12d})/@0x8507b70, destroy=false, surface=Surface(name=528b8b0 StatusBar)/@0x97829b3
11-28 12:45:03.133  1341  2067 I WindowManager: Reparenting to leash, surface=Surface(name=528b8b0 StatusBar)/@0x97829b3, leashParent=Surface(name=WindowToken{e4213f3 type=2000 android.os.BinderProxy@654f12d})/@0x8507b70
11-28 12:45:03.134   766   853 I SurfaceFlinger: id=19129 createSurf flag=24000, Surface(name=528b8b0 StatusBar)/@0x97829b3 - animation-leash of insets_animation#19129
11-28 12:45:03.134  1341  2067 D WindowManager: makeSurface duration=1 leash=Surface(name=Surface(name=528b8b0 StatusBar)/@0x97829b3 - animation-leash of insets_animation)/@0x4435b3
11-28 12:45:03.135  1341  2067 I WindowManager: Cancelling animation restarting=true, leash=Surface(name=Surface(name=ab6e286 NavigationBar0)/@0x400176e - animation-leash of insets_animation)/@0xcfe9179
11-28 12:45:03.135  1341  2067 I WindowManager: Reparenting to original parent: Surface(name=WindowToken{f660761 type=2019 android.os.BinderProxy@4e54f6b})/@0x841ae0f, destroy=false, surface=Surface(name=ab6e286 NavigationBar0)/@0x400176e
11-28 12:45:03.135  1341  2067 I WindowManager: Reparenting to leash, surface=Surface(name=ab6e286 NavigationBar0)/@0x400176e, leashParent=Surface(name=WindowToken{f660761 type=2019 android.os.BinderProxy@4e54f6b})/@0x841ae0f
11-28 12:45:03.135   766   853 I SurfaceFlinger: id=19130 createSurf flag=24000, Surface(name=ab6e286 NavigationBar0)/@0x400176e - animation-leash of insets_animation#19130
11-28 12:45:03.136  1341  2067 D WindowManager: makeSurface duration=1 leash=Surface(name=Surface(name=ab6e286 NavigationBar0)/@0x400176e - animation-leash of insets_animation)/@0x969cae9
11-28 12:45:03.137  1737  1737 D NavigationBar: onSystemBarAttributesChanged() -  displayId:0, appearance:8, packageName: com.sec.android.app.myfiles (APPEARANCE_LIGHT_STATUS_BARS ), navbarColorManagedByIme:false
11-28 12:45:03.137  1341  2067 D WindowManager: updateSystemBarAttributes: displayId=0, win=Window{140a5a5 u0 com.sec.android.app.myfiles/com.sec.android.app.myfiles.external.ui.MainActivity}, navColorWin=Window{6dfe27 u0 com.google.android.packageinstaller/com.android.packageinstaller.PackageInstallerActivity}, focusedCanBeNavColorWin=false, behavior=1, appearance=8, statusBarAppearanceRegions=[AppearanceRegion{ bounds=[0,0][720,1600]}], requestedVisibilities=, from=com.android.server.wm.DisplayPolicy.focusChangedLw:3245 com.android.server.wm.DisplayContent.updateFocusedWindowLocked:4618 com.android.server.wm.RootWindowContainer.updateFocusedWindowLocked:595 
11-28 12:45:03.138  1341  2067 D StatusBarManagerService: notifyRequestedSystemKey recent=false home=false
11-28 12:45:03.138 13659 13673 E IMGMapper: set:488 set: Unset optional value from type SMPTE2086
11-28 12:45:03.138 13659 13673 E IMGMapper: set:488 set: Unset optional value from type CTA861_3
11-28 12:45:03.140  1341  2067 W WindowManager: Execute app transition: mNextAppTransitionRequests=[TRANSIT_OPEN, TRANSIT_CLOSE], mNextAppTransitionFlags=, displayId: 0 Callers=com.android.server.wm.RootWindowContainer.executeAppTransitionForAllDisplay:2580 com.android.server.wm.ActivityTaskSupervisor.reportResumedActivityLocked:2285 com.android.server.wm.ActivityRecord.completeResumeLocked:6984 com.android.server.wm.Task.minimalResumeActivityLocked:6154 com.android.server.wm.ActivityTaskSupervisor.realStartActivityLocked:1135 
11-28 12:45:03.146  1341  1370 D SGM:FgCheckThread: noteResumeComponent(), received pkgName: com.google.android.packageinstaller, userId: 0
11-28 12:45:03.147  1341  1370 I GameSDK@LifeCycle: noteResumeComponent(): package name  : com.google.android.packageinstaller
11-28 12:45:03.148   766   766 I Layer   : id=19123 removeFromCurrentState Surface(name=528b8b0 StatusBar)/@0x97829b3 - animation-leash of insets_animation#19123 (135)
11-28 12:45:03.149   766   766 I Layer   : id=19124 removeFromCurrentState Surface(name=ab6e286 NavigationBar0)/@0x400176e - animation-leash of insets_animation#19124 (135)
11-28 12:45:03.151 13659 13659 W Settings: Setting accessibility_reduce_transparency has moved from android.provider.Settings.System to android.provider.Settings.Global, returning read-only value.
11-28 12:45:03.155 13659 13673 E IMGMapper: set:488 set: Unset optional value from type SMPTE2086
11-28 12:45:03.155 13659 13673 E IMGMapper: set:488 set: Unset optional value from type CTA861_3
11-28 12:45:03.163 13659 13659 I DecorView: [INFO] isPopOver=false config=true
11-28 12:45:03.163 13659 13659 I DecorView: updateCaptionType: isFloating=true isApplication=true hasWindowDecorCaption=false this=DecorView@95861fa[]
11-28 12:45:03.163 13659 13659 D DecorView: setCaptionType = 0, this = DecorView@95861fa[]
11-28 12:45:03.164 13659 13659 I DecorView: setWindowBackground: isPopOver=false color=fff6f6f6 d=android.graphics.drawable.InsetDrawable@840aa08
11-28 12:45:03.164   766   766 D SurfaceFlinger: [input] inputWindowCommands.focusRequests size is 1
11-28 12:45:03.166   766   963 D SurfaceFlinger: [input] setFocusedWindow: <null>
11-28 12:45:03.166  1341  2067 D InputDispatcher: Focus left window (0): 6dfe27 com.google.android.packageinstaller/com.android.packageinstaller.PackageInstallerActivity
11-28 12:45:03.167 13659 13659 D ScrollView: initGoToTop
11-28 12:45:03.170 13659 13659 D ScrollView: initGoToTop
11-28 12:45:03.171 13659 13673 E IMGMapper: set:488 set: Unset optional value from type SMPTE2086
11-28 12:45:03.171 13659 13673 E IMGMapper: set:488 set: Unset optional value from type CTA861_3
11-28 12:45:03.181 13659 13659 W Settings: Setting show_button_background has moved from android.provider.Settings.System to android.provider.Settings.Global, returning read-only value.
11-28 12:45:03.187 13659 13673 E IMGMapper: set:488 set: Unset optional value from type SMPTE2086
11-28 12:45:03.187 13659 13673 E IMGMapper: set:488 set: Unset optional value from type CTA861_3
11-28 12:45:03.197  1341  2067 I PackageInstaller: UserManager.DISALLOW_NON_MARKET_APP_BY_KNOX : false
11-28 12:45:03.203  1341  2067 D PackageInstallerSession: InstallLogger: PackageInstallerSession(): createInstallTimeInfo(859571920)
11-28 12:45:03.204 13659 13673 E IMGMapper: set:488 set: Unset optional value from type SMPTE2086
11-28 12:45:03.204 13659 13673 E IMGMapper: set:488 set: Unset optional value from type CTA861_3
11-28 12:45:03.212 13659 13659 I MSHandlerLifeCycle: check: return. pkg=com.google.android.packageinstaller parent=null callers=com.android.internal.policy.DecorView.setVisibility:4411 android.app.ActivityThread.handleResumeActivity:5476 android.app.servertransaction.ResumeActivityItem.execute:54 android.app.servertransaction.ActivityTransactionItem.execute:45 android.app.servertransaction.TransactionExecutor.executeLifecycleState:176 
11-28 12:45:03.212 13659 13659 I MSHandlerLifeCycle: removeMultiSplitHandler: no exist. decor=DecorView@95861fa[]
11-28 12:45:03.212   766  1004 D SurfaceFlinger: [SF client] NEW(0xb400007e779089c0) for (13659:com.google.android.packageinstaller)
11-28 12:45:03.214 13659 13673 D NativeCustomFrequencyManager: [NativeCFMS] BpCustomFrequencyManager::BpCustomFrequencyManager()
11-28 12:45:03.216  1341  3004 D InputTransport: Input channel constructed: '18b2ca5', fd=666
11-28 12:45:03.216  1341  3004 D InputTransport: Input channel constructed: '18b2ca5', fd=721
11-28 12:45:03.216  1341  3004 D InputTransport: Input channel constructed: '18b2ca5', fd=746
11-28 12:45:03.217   766   853 I SurfaceFlinger: id=19131 createSurf flag=80004, 18b2ca5 com.google.android.packageinstaller/com.android.packageinstaller.InstallInstalling#19131
11-28 12:45:03.218  1341  3004 D RestrictionPolicy: isScreenCaptureEnabled : ret=true userId=0
11-28 12:45:03.219  1341  3004 D InputTransport: Input channel destroyed: '18b2ca5', fd=746
