11-28 12:40:39.625  1341  1370 I DisplayDeviceRepository: Display device changed state: "cran intgr", ON
11-28 12:40:39.624   766   766 D SurfaceFlinger: Setting power mode 2 on display 0
11-28 12:40:39.626   738   839 I hwcomposer: [HWCDisplay] Display(0) SetPowerMode(2)  
11-28 12:40:39.628  1737  1737 D PickupController: onStartedWakingUp() 
11-28 12:40:39.629  1737  1737 I DymLock|DynamicLockManager: onStartedWakingUp()
11-28 12:40:39.629  1737  1737 I DymLock|DynamicLockManager: notifyAction action[SCREEN_ON] arg[false]
11-28 12:40:39.629  1737  1737 I DymLock|BaseAnimator: setTouchIgnored() false
11-28 12:40:39.629  1737  1737 I DymLock|DynamicLockContainer: onStartedWakingUp() [0]
11-28 12:40:39.629  1737  1737 E KeyguardUpdateMonitor: handleStartedWakingUp end
11-28 12:40:39.632  1341  2064 D DisplayDevice: setLayerStackLocked, layerStack=0, uniqueId=local:0
11-28 12:40:39.640  1341  1370 I InputManager-JNI: Viewport [0] to add: local:0, isActive: true
11-28 12:40:39.640  1341  1370 D InputManager-JNI: Viewport [0] type:1, displayId=0, uniqueId=local:0, orientation=0, logicalFrame=[0, 0][720, 1600], physicalFrame=[0, 0][720, 1600], deviceSize=[720, 1600]
11-28 12:40:39.640  1737  1737 D SecLifecycle: wakefulness=1
11-28 12:40:39.641  1737  1737 D KeyguardWallpaperEventHandler: onStartedWakingUp()
11-28 12:40:39.641  1737  1737 D KeyguardWallpaperEventHandler: sendMessage(), what = 834 , obj = null , arg1 = -1 , arg2 = -1
11-28 12:40:39.642  1737  1737 D KeyguardSecIndicationPolicy:  add T Event pos = DEFAULT, type =              BATTERY, id =  2309, text = Chargement termin, duration = 3000
11-28 12:40:39.642  1341  1541 D InputMethodManagerService: isImeSwitcherDisabledPackage : false
11-28 12:40:39.642  1737  2010 D KeyguardWallpaperController: mWallpaperView.onResume()
11-28 12:40:39.642  1737  2010 D KeyguardWallpaperController: onStartedWakingUp() mWallpaperView:com.android.systemui.wallpaper.view.KeyguardAnimatedWallpaper{5930fa7 V.E...... ......ID 0,0-720,1600}, visibility:0, mIsKeyguardShowing:true
11-28 12:40:39.642  1341  1368 I WindowManager: Waiting for drawn Window{724ac9e u0 NotificationShade}: removed=false visible=true mHasSurface=true drawState=1
11-28 12:40:39.642  1737  1737 D KeyguardSecIndicationPolicy:   update top pos = DEFAULT, item = [id=2308|ty=BATTERY_RESTING|pr=20|txt=Chargement termin|ti=duration=PERSISTENT|an=false] -> [id=2309|ty=BATTERY|pr=40|txt=Chargement termin|ti=duration=3000|an=false]
11-28 12:40:39.643  1737  1737 D KeyguardSecIndicationController: onIndicationChanged() return - keyguard is not visible, pos = DEFAULT, item = [id=2309|ty=BATTERY|pr=40|txt=Chargement termin|ti=duration=3000|an=false]
11-28 12:40:39.643  1737  2021 D KeyguardWallpaperController: mSemDisplaySolutionManager is called : true
11-28 12:40:39.643  1341  2064 D AdaptiveDisplaySolutionService: setAutoCurrentLimitState(true) , mADSEnableCondition : true
11-28 12:40:39.643  1341  2064 I AdaptiveDisplaySolutionService: updateAdaptiveControlState(true)
11-28 12:40:39.643  1341  2064 D AdaptiveDisplaySolutionService: !AVAILABLE_ADAPTIVE_CONTROL
11-28 12:40:39.643  1737  1737 D KeyguardSecIndicationPolicy: update Event pos = DEFAULT, type =      BATTERY_RESTING, id =  2310, text = Chargement termin
11-28 12:40:39.644  1341  1532 I InputReader: Reconfiguring input devices, changes=DISPLAY_INFO | 
11-28 12:40:39.644  1737  2139 D QSClockBellTower: onReceive(android.intent.action.TIME_TICK) mTimeZoneString:null
11-28 12:40:39.644  1341  1532 I InputReader: Device reconfigured: id=5, name='mtk-tpd', size 720x1600, orientation 0, mode 1, display id 0
11-28 12:40:39.644  1737  1737 D KeyguardSecIndicationPolicy:  remove Item pos = DEFAULT, type =           OWNER_INFO
11-28 12:40:39.644  1737  1737 D KeyguardSecIndicationController: addBatteryAndOwnerInfoIndication() battery status = BatteryStatus{status=5,level=100,plugged=2,health=2,maxChargingWattage=2500000,remaining=-1ultraFastCharger=0}
11-28 12:40:39.651  2478  2672 W BtGatt.ScanManager: handleRefreshScanParams() - scan queue emtpy, refresh scan params stopped
11-28 12:40:39.651  1341  1371 I WindowManager: Waiting for drawn Window{724ac9e u0 NotificationShade}: removed=false visible=true mHasSurface=true drawState=1
11-28 12:40:39.653  1737  1737 D KeyguardSecIndicationPolicy:    add Event pos = DEFAULT, type =         UNLOCK_GUIDE, id =  2311, text = Faire glisser un doigt pour ouvrir
11-28 12:40:39.653  1737  1737 D KeyguardVisible: isKeyguardForDozing=false
11-28 12:40:39.653  1737  1737 D SecPanelLogger: makeExpandedVisible(force:true) mExpandedVisible:true, panelsEnabled: true
11-28 12:40:39.654  1737  1737 D CentralSurfaces: Received new disable state: enaiHbcRsokt.qingr (unchanged)
11-28 12:40:39.656 23825 23825 I NearbyDiscovery: (REDACTED) FastPairDisplayObserver: %s -> %s
11-28 12:40:39.657  1737  1737 D CentralSurfaces: Received new disable state: enaiHbcRsokt.qingr (unchanged)
11-28 12:40:39.657  1341  1389 D BatteryExternalStatsWorker: Update CPU state
11-28 12:40:39.657  1341  1389 D BatteryExternalStatsWorker: mStats lock released
11-28 12:40:39.657  1341  1389 D BatteryExternalStatsWorker: done updateExternalStatsLocked
11-28 12:40:39.659 23825 23944 I NearbyDiscovery: (REDACTED) PureOffloadFastPairScanner: eventType=%s, isInternalReq=%s, isScanning=%s, isScanningAllowed=%s
11-28 12:40:39.659  1737 17355 I ViewRootImpl@a308e6[NotificationShade]: Resizing android.view.ViewRootImpl@c06cd72: frame = [0,0][720,1600] reportDraw = true forceLayout = false syncSeqId = 2
11-28 12:40:39.661  1737  2139 D QSClockBellTower: onReceive(android.intent.action.TIME_TICK) mTimeZoneString:null
11-28 12:40:39.661 23825 23944 I NearbyDiscovery: (REDACTED) ApFastPairScanner: isScreenOn=%s, isLocationEnabled=%s, disableLocationRequirement=%s, isDiscoveryScanningEnabled=%s, during24GhzWifiWarmingUpPeriod=%s
11-28 12:40:39.662 23825 23944 I BluetoothAdapter: STATE_BLE_ON
11-28 12:40:39.663 23825 23944 I BluetoothAdapter: appoCount is = 1
11-28 12:40:39.663 23825 23944 I NearbyDiscovery: (REDACTED) ApFastPairScanner: eventType=%s, intReq=%s, scanning=%s, scanAllowed=%s, bleEnabled=%s, lockScanRate=%s, startScanningByLowPowerMode=%s
11-28 12:40:39.664  1341  2566 D LiftUpHandler: [LTW] Stopping by Screen On.
11-28 12:40:39.666  1341  1341 D SGM:GameManager: onDisplayChanged. displyId: 0, state: 2
11-28 12:40:39.666  1341  1519 D MotionRecognitionService: Inject screen on / off : 1
11-28 12:40:39.666  1341  1341 D AODManagerService: requestReCalToTSP IsSingleTouchMode = false / previousDisplayState = OFF
11-28 12:40:39.667  1341  1544 D SGM:FgCheckThread: onLooperPrepared(), msg: MSG_LCD_ON
11-28 12:40:39.667  1341  1341 I SemMdnieManagerService: DisplayListener onDisplayChanged
11-28 12:40:39.667  1341  1544 D SGM:FgCheckThread: handleLcdOn(). isDeviceLocked: false, inKeyguardRestrictedInputMode: true
11-28 12:40:39.667  1341  1519 D SensorService: Motion injection
11-28 12:40:39.668  1341  1370 V UsbDeviceManager: onKeyguardStateChanged: isShowing:true secure:false user:0
11-28 12:40:39.668  1341  1544 D SGM:FgCheckThread: process is not found.
11-28 12:40:39.671  1341  1547 D StorageManagerService: handleMessage -> H_KEYGUARD_CHANGED isShowing=false
11-28 12:40:39.671  1737  1737 D KeyguardWallpaperController: mWallpaperView.reset()
11-28 12:40:39.671  1341  1371 I WindowManager: Waiting for drawn Window{724ac9e u0 NotificationShade}: removed=false visible=true mHasSurface=true drawState=1
11-28 12:40:39.671  1737  1737 D KeyguardSecAffordanceView: reset right:false
11-28 12:40:39.671  1737  1737 D KeyguardSecAffordanceView: reset right:true
11-28 12:40:39.672  1737  1862 D MobileStatusTracker(0/5): onDataActivity: direction=0
11-28 12:40:39.673  1737  1737 I FaceWidgetPositionAlgorithm: getClockContainerHeight() supplier = 216, bottom margin = 48, real height = 584
11-28 12:40:39.673  1737  1737 I FaceWidgetPositionAlgorithm: getMediaContainerHeight() height = 0 container Visibility = 8, isValid = false, mIsDozing = false, fraction = 1.0, source = 0, target = 0
11-28 12:40:39.673  1737  1737 I FaceWidgetPositionAlgorithm: getMediaContainerHeight() supplier = 0
11-28 12:40:39.673  1737  1737 I FaceWidgetPositionAlgorithm: getClockContainerHeight() supplier = 216, bottom margin = 0, real height = 584
11-28 12:40:39.675  1737  1737 D MultiSIMPreferredSlotBar: setExpanded : false mShowing : true
11-28 12:40:39.675  1737  1737 D MultiSIMController: unRegisterSimCardManagerCallback : mSimCardManagerService is null 
11-28 12:40:39.675  1737  1737 D MultiSIMPreferredSlotBar: setExpanded : false mShowing : true
11-28 12:40:39.675  1737  1737 D MultiSIMController: unRegisterSimCardManagerCallback : mSimCardManagerService is null 
11-28 12:40:39.675  1737  1737 D MultiSIMPreferredSlotBar: setExpanded : false mShowing : true
11-28 12:40:39.675  1737  1737 D MultiSIMController: unRegisterSimCardManagerCallback : mSimCardManagerService is null 
11-28 12:40:39.676  1737  1737 I FaceWidgetPositionAlgorithm: getClockContainerHeight() supplier = 216, bottom margin = 48, real height = 584
11-28 12:40:39.677  1737  1737 I FaceWidgetPositionAlgorithm: getMediaContainerHeight() height = 0 container Visibility = 8, isValid = false, mIsDozing = false, fraction = 1.0, source = 0, target = 0
11-28 12:40:39.677  1737  1737 I FaceWidgetPositionAlgorithm: getMediaContainerHeight() supplier = 0
11-28 12:40:39.677  1737  1737 I FaceWidgetPositionAlgorithm: getClockContainerHeight() supplier = 216, bottom margin = 0, real height = 584
11-28 12:40:39.678  1737  1862 D MobileStatusTracker(0/5): onDataActivity: direction=0
11-28 12:40:39.678  1737  1737 D KeyguardTouchAnimator: reset unlockExecuted=false
11-28 12:40:39.679  1737  1737 D KeyguardEditModeAnimatorController: reset true
11-28 12:40:39.679  1737  1737 D KeyguardTouchAnimator: resetChildViewVI(): false
11-28 12:40:39.679  1737  1737 D KeyguardTouchDymLockInjector: resetDynamicLock mIsDynamicLockEnabled: false
11-28 12:40:39.680  1737  1737 E LSO_LSOInterface: LSO Service is not yet ready!!!
11-28 12:40:39.680  1737  1737 D CentralSurfaces: updateQsExpansionEnabled - QS Expand enabled: true
11-28 12:40:39.681  1737  1737 D SecPanelLogger: updateQsExpansionEnabled() return:true = isDeviceProvisioned:true && (mUserSetup:true || mUserSwitcherController_null?false || !isSimpleUserSwitcher:true) && !isShadeDisabled:true && DISABLE2_QUICK_SETTINGS:true && !mDozing:true && !ONLY_CORE_APPS:true |  StatusBarState:KEYGUARD
11-28 12:40:39.681  1737  1737 D SecPanelLogger:  - com.android.systemui.statusbar.phone.CentralSurfacesImpl.updateQsExpansionEnabled:2023
11-28 12:40:39.681  1737  1737 D SecPanelLogger:  - com.android.systemui.statusbar.phone.CentralSurfacesImpl$23.onDozingChanged:5462
11-28 12:40:39.681  1737  1737 D SecPanelLogger:  - com.android.systemui.statusbar.StatusBarStateControllerImpl.setIsDozing:324
11-28 12:40:39.681  1737  1737 W NotificationEntryMgr: While running New Pipeline: updateNotifications(reason=onDozingChanged)
11-28 12:40:39.681 23825 23825 D BoundBrokerSvc: onRebind: Intent { act=com.google.android.gms.findmydevice.spot.service.locationreport.START dat=chimera-action:/... cmp=com.google.android.gms/.chimera.PersistentApiService }
11-28 12:40:39.682  1737  1737 D KeyguardSecBottomAreaView: updateCameraVisibility isCameraDisabled:false visible:true
11-28 12:40:39.683  1737  1737 D KeyguardTouchAnimator: dozeAmount cleared
11-28 12:40:39.686  1737  1737 I FaceWidgetPositionAlgorithm: setup() mStatusBarHeight = 48, mDarkAmount = 0.0, mQsTopPadding = 584, notificationStackHeight = 0, mPanelExpansion = 0.0, mHeight = 1600, mFaceWidgetContainerHeight = 584, mCurrentClockType = 50009, notificationType = 0, hasVisibleNotifs = false
11-28 12:40:39.686  1341  1341 I HERMES#Service: hermesSecnvmPowerOn called!.
11-28 12:40:39.686  1737  1737 I FaceWidgetPositionAlgorithm: getClockContainerHeight() supplier = 216, bottom margin = 48, real height = 584
11-28 12:40:39.686  1737  1737 I FaceWidgetPositionAlgorithm: getMediaContainerHeight() height = 0 container Visibility = 8, isValid = false, mIsDozing = false, fraction = 1.0, source = 0, target = 0
11-28 12:40:39.686  1341  1341 E DEVROOT#CIF:  VFI_processPdpCmd start
11-28 12:40:39.686  1737  1737 I FaceWidgetPositionAlgorithm: getMediaContainerHeight() supplier = 0
11-28 12:40:39.686  1737  1737 I FaceWidgetPositionAlgorithm: getClockContainerHeight() supplier = 216, bottom margin = 0, real height = 584
11-28 12:40:39.688  1737  1737 I FaceWidgetPositionAlgorithm: getClockContainerHeight() supplier = 216, bottom margin = 48, real height = 584
11-28 12:40:39.688 15655 15655 D SurfaceView@1de8507: updateSurface: surface is not valid
11-28 12:40:39.688  1737  1737 I FaceWidgetPositionAlgorithm: getMediaContainerHeight() height = 0 container Visibility = 8, isValid = false, mIsDozing = false, fraction = 1.0, source = 0, target = 0
11-28 12:40:39.688  1737  1737 I FaceWidgetPositionAlgorithm: getMediaContainerHeight() supplier = 0
11-28 12:40:39.689 15655 15655 I SurfaceView@1de8507: releaseSurfaces: viewRoot = ViewRootImpl@811a4b8[MainActivity]
11-28 12:40:39.689  1737  1737 I FaceWidgetPositionAlgorithm: getClockContainerHeight() supplier = 216, bottom margin = 0, real height = 584
11-28 12:40:39.689 15655 15655 I SurfaceView@1de8507: applyTransactionOnVriDraw: vri = ViewRootImpl@811a4b8[MainActivity] fRS = true t = 0xb400007d1719e800 android.view.SurfaceView.releaseSurfaces:858 android.view.SurfaceView.updateSurface:998 android.view.SurfaceView.lambda$new$0$android-view-SurfaceView:200 
11-28 12:40:39.689 15655 15655 I SurfaceView@1de8507: applyTransactionOnVriDraw: viewRoot.applyTransactionOnDrawFromReleaseSurfaces
11-28 12:40:39.690 15655 15655 I ViewRootImpl@811a4b8[MainActivity]: from releaseSurfaces t.apply t = 0xb400007d1719e800
11-28 12:40:39.690  1737  1737 I FaceWidgetPositionAlgorithm: getClockContainerHeight() supplier = 216, bottom margin = 48, real height = 584
11-28 12:40:39.690  1737  1737 I FaceWidgetPositionAlgorithm: getMediaContainerHeight() height = 0 container Visibility = 8, isValid = false, mIsDozing = false, fraction = 1.0, source = 0, target = 0
11-28 12:40:39.690  1737  1737 I FaceWidgetPositionAlgorithm: getMediaContainerHeight() supplier = 0
11-28 12:40:39.690  1737  1737 D CentralSurfaces: updateQsExpansionEnabled - QS Expand enabled: true
11-28 12:40:39.690  9366  9366 I SurfaceView@e349089: releaseSurfaces: viewRoot = ViewRootImpl@bbe7c12[InputMethod]
11-28 12:40:39.691  9366  9366 I SurfaceView@e349089: applyTransactionOnVriDraw: vri = ViewRootImpl@bbe7c12[InputMethod] fRS = true t = 0xb400007d3d0aed00 android.view.SurfaceView.releaseSurfaces:858 android.view.SurfaceView.updateSurface:998 android.view.SurfaceView.lambda$new$0$android-view-SurfaceView:200 
11-28 12:40:39.691  9366  9366 I SurfaceView@e349089: applyTransactionOnVriDraw: viewRoot.applyTransactionOnDrawFromReleaseSurfaces
11-28 12:40:39.692  9366  9366 I ViewRootImpl@bbe7c12[InputMethod]: applyTransactionOnDraw: mRemoved = false isHardwareEnabled = false t = 0xb400007d3d0aed00android.view.ViewRootImpl.applyTransactionOnDrawFromReleaseSurfaces:12850 android.view.SurfaceView.applyTransactionOnVriDraw:2046 android.view.SurfaceView.releaseSurfaces:858 android.view.SurfaceView.updateSurface:998 android.view.SurfaceView.lambda$new$0$android-view-SurfaceView:200 
11-28 12:40:39.693  1737  1737 D SecQpScrimControlHelper:  secVisible?false (scrimState:KEYGUARD) (1stFrc:1, 2ndFrc:0, drgDown:0, PanelEx:false)   (dlyGed:0, dlySec:0)   [N(0|ff43769a)-B(0|ff43769a)]   (expanded:true, tracking:false, qsBottomVisible:false) MassBlur(a:0.0   thm(a:1, rtEnabled:false) park(panel_on?false)   kgd(fw:false, gw:false, ocl:false)   (assetsSeq:16, themeSeq:1, uiMode:17)   GED[F(1|ff000000)-N(0|0)-B(1,|ff000000)-Duration:600], caller:transitionTo(state:KEYGUARD)
11-28 12:40:39.693  9366  9366 I SurfaceView@c7f51fb: releaseSurfaces: viewRoot = ViewRootImpl@bbe7c12[InputMethod]
11-28 12:40:39.693  1737  1737 D SecQpScrimView sec_qp_scrim_notifications: setViewAlpha(0,80 >> 0,00)
11-28 12:40:39.693  9366  9366 I SurfaceView@c7f51fb: applyTransactionOnVriDraw: vri = ViewRootImpl@bbe7c12[InputMethod] fRS = true t = 0xb400007d2951a300 android.view.SurfaceView.releaseSurfaces:858 android.view.SurfaceView.updateSurface:998 android.view.SurfaceView.lambda$new$0$android-view-SurfaceView:200 
11-28 12:40:39.693  9366  9366 I SurfaceView@c7f51fb: applyTransactionOnVriDraw: viewRoot.applyTransactionOnDrawFromReleaseSurfaces
11-28 12:40:39.694  1737  1737 D ScrimController: State changed to KEYGUARD, blankScreen=false, animation=-1
11-28 12:40:39.694  9366  9366 I ViewRootImpl@bbe7c12[InputMethod]: applyTransactionOnDraw: mRemoved = false isHardwareEnabled = false t = 0xb400007d2951a300android.view.ViewRootImpl.applyTransactionOnDrawFromReleaseSurfaces:12850 android.view.SurfaceView.applyTransactionOnVriDraw:2046 android.view.SurfaceView.releaseSurfaces:858 android.view.SurfaceView.updateSurface:998 android.view.SurfaceView.lambda$new$0$android-view-SurfaceView:200 
11-28 12:40:39.694  1737  1737 D ScrimController: updateScrimColor main=0xfff0f0f3 front=0xff000000|0.000000|0 noti=0xfff0f0f3|0.000000|8 behind=0xff000000|1.000000|0 vis=2
11-28 12:40:39.694  1737  1862 D MobileStatusTracker(1/4): onDataActivity: direction=3
11-28 12:40:39.695  1737  1737 D ScrimController: updateScrimColor main=0xfff0f0f3 front=0xff000000|0.000000|0 noti=0xfff0f0f3|0.000000|8 behind=0xff000000|0.000000|0 vis=0
11-28 12:40:39.696  1737  1795 E IMGMapper: set:488 set: Unset optional value from type SMPTE2086
11-28 12:40:39.696  1737  1795 E IMGMapper: set:488 set: Unset optional value from type CTA861_3
11-28 12:40:39.697  1737  1862 D MobileStatusTracker(1/4): onDataActivity: direction=3
11-28 12:40:39.697   753   768 I DEVROOT#VND:  communicate start cmd:0xCF40, length:64
11-28 12:40:39.697   753   768 I DEVROOT#VND:  cmd [CF40] start...
11-28 12:40:39.697   753   768 E DEVROOT#VND:  Not supported command : CF40
11-28 12:40:39.697   753   768 I DEVROOT#VND:  cmd [CF40] end...[-15001]
11-28 12:40:39.698  1737  1737 D KeyguardSecIndicationPolicy:  remove Item pos = DEFAULT, type =     LEGACY_TRANSIENT
11-28 12:40:39.699  1737  1737 D KeyguardSecIndicationPolicy:  add T Event pos = DEFAULT, type =              BATTERY, id =  2312, text = Chargement termin, duration = 3000
11-28 12:40:39.699  1737  1737 D KeyguardSecIndicationPolicy:   update top pos = DEFAULT, item = [id=2309|ty=BATTERY|pr=40|txt=Chargement termin|ti=duration=3000|an=false] -> [id=2312|ty=BATTERY|pr=40|txt=Chargement termin|ti=duration=3000|an=false]
11-28 12:40:39.701  8930 10720 I TouchInteractionService: onSystemUiStateChanged, stateFlags : 454 |overview_disabled|home_disabled|navbar_hidden|notif_visible|keygrd_visible|
11-28 12:40:39.701  8930  8930 I RecentsAnimationDeviceState: setSystemUiFlags, stateFlags : 454
11-28 12:40:39.701  8930  8930 I TouchInteractionService: onSystemUiFlagsChanged, lastSysUIFlags : 2097606
11-28 12:40:39.701  9366  9366 I SurfaceView@529218: releaseSurfaces: viewRoot = ViewRootImpl@bbe7c12[InputMethod]
11-28 12:40:39.702  9366  9366 I SurfaceView@529218: applyTransactionOnVriDraw: vri = ViewRootImpl@bbe7c12[InputMethod] fRS = true t = 0xb400007d2951f200 android.view.SurfaceView.releaseSurfaces:858 android.view.SurfaceView.updateSurface:998 android.view.SurfaceView.lambda$new$0$android-view-SurfaceView:200 
11-28 12:40:39.702  9366  9366 I SurfaceView@529218: applyTransactionOnVriDraw: viewRoot.applyTransactionOnDrawFromReleaseSurfaces
11-28 12:40:39.702  1737  1737 D KeyguardSecIndicationPolicy: update Event pos = DEFAULT, type =      BATTERY_RESTING, id =  2313, text = Chargement termin
11-28 12:40:39.703  9366  9366 I ViewRootImpl@bbe7c12[InputMethod]: applyTransactionOnDraw: mRemoved = false isHardwareEnabled = false t = 0xb400007d2951f200android.view.ViewRootImpl.applyTransactionOnDrawFromReleaseSurfaces:12850 android.view.SurfaceView.applyTransactionOnVriDraw:2046 android.view.SurfaceView.releaseSurfaces:858 android.view.SurfaceView.updateSurface:998 android.view.SurfaceView.lambda$new$0$android-view-SurfaceView:200 
11-28 12:40:39.703  1737  1737 D KeyguardSecIndicationPolicy:  remove Item pos = DEFAULT, type =           OWNER_INFO
11-28 12:40:39.703  1737  1737 D KeyguardSecIndicationController: addBatteryAndOwnerInfoIndication() battery status = BatteryStatus{status=5,level=100,plugged=2,health=2,maxChargingWattage=2500000,remaining=-1ultraFastCharger=0}
11-28 12:40:39.704  1737  1737 I FaceWidgetPositionAlgorithm: getClockContainerHeight() supplier = 216, bottom margin = 0, real height = 584
11-28 12:40:39.705  1737  1737 I FaceWidgetPositionAlgorithm: getClockContainerHeight() supplier = 216, bottom margin = 48, real height = 584
11-28 12:40:39.705  1737  1737 I FaceWidgetPositionAlgorithm: getMediaContainerHeight() height = 0 container Visibility = 8, isValid = false, mIsDozing = false, fraction = 1.0, source = 0, target = 0
11-28 12:40:39.705  1737  1737 I FaceWidgetPositionAlgorithm: getMediaContainerHeight() supplier = 0
11-28 12:40:39.705  9366  9366 I HBD     : b currentConnectionState : false 
11-28 12:40:39.707  1737  1737 D FaceWidgetViewModel: onStartedWakingUp()
11-28 12:40:39.707  1737  1737 D FaceWidgetClockPage: updateClockColor() page state : EXPAND
11-28 12:40:39.707   753   768 I DEVROOT#VND:  communicate end -15001 / length : 0
11-28 12:40:39.707  1737  1737 I ClockInfoManager: isClockFaceType: type = 50009 clockFaceType = 50000
11-28 12:40:39.708  1737  1737 D FaceWidgetClockProvider: getClockGroup() = 7
11-28 12:40:39.708  1737  1737 D FaceWidgetClockProvider: isAnalogClock() = false
11-28 12:40:39.708  1341  1341 E DEVROOT#CIF:  Response buffer size is 0
11-28 12:40:39.708  1341  1341 E DEVROOT#CIF:  process_cmd was failed. (-15001)
11-28 12:40:39.708  1341  1341 E DEVROOT#CIF:  VFI_processPdpCmd end (-15001)
11-28 12:40:39.708  1341  1341 I HERMES#Service: notify key guard showing to hermesd ret : -15001
11-28 12:40:39.709  1737  1737 I FaceWidgetClockProvider: updateClockColor() return - isMonoClock = false, shouldUseDefaultColor = false, isNotPaletteInHighContrastFont = true
11-28 12:40:39.710  1737  1737 D LockscreenNotificationIconsOnlyContainer: UpdateIconColor - newcolor = FFFAFAFA, 
11-28 12:40:39.710  1737  1737 D FaceWidgetClockPage: updateClockSuspendState() reason = wakingup, suspend=false, kv=true, wa=true, di=true, wu=false, aodDash=false
11-28 12:40:39.710  1737  1737 I KeyguardThemeDigitalClockView_LOCK_SCREEN: suspend : mSuspend = true, enable = false
11-28 12:40:39.710  1737  1737 I KeyguardThemeDigitalClockView_LOCK_SCREEN: onSuspendStateChanged: to false
11-28 12:40:39.711  1341  1519 D MotionRecognitionService: Receiver: ACTION_SCREEN_ON
11-28 12:40:39.714  1341  1341 E PocketModeEvent: ACTION_SCREEN_ON(by 1)
11-28 12:40:39.716  1341  1519 D MotionRecognitionService:   .isMotionEngineEnabled : true
11-28 12:40:39.716  1341  1519 D MotionRecognitionService: SCREEN_ON END
11-28 12:40:39.718  1011  1011 I Proximity: batch: handle:7, flag:0,samplingPeriodNs:200000000 maxBatchReportLatencyNs:0

11-28 12:40:39.723  1011  1011 I Proximity: enable: handle:7, en:1 

11-28 12:40:39.727  1711  1753 I System.out: Broadcasting: Intent { act=com.sec.intent.action.CP_CHAN_INFO flg=0x1000000 (has extras) }
11-28 12:40:39.727  1341  1523 D SensorManager: registerListener :: 8, TMD27123, 200000, 0, com.samsung.android.gesture.PocketProximityManager$1@9fe8de8
11-28 12:40:39.728  1341  1523 D PocketProximityManager: register normal proximity sensor
11-28 12:40:39.728  1341  1523 D PocketModeEvent: register prox type : 1
11-28 12:40:39.729  1011  1011 I Light   : batch: handle:4, flag:0,samplingPeriodNs:200000000 maxBatchReportLatencyNs:0

11-28 12:40:39.729  1341  2206 W ActivityManager: Broadcast Intent { act=com.sec.intent.action.CP_CHAN_INFO flg=0x1000010 (has extras) } not ordered but result callback requested!
11-28 12:40:39.731  1711  1721 I System.out: Broadcast completed: result=0
11-28 12:40:39.733  1011  1011 I Light   : enable: handle:4, en:1 

11-28 12:40:39.735  1711  1753 I System.out: Broadcasting: Intent { act=com.sec.intent.action.CP_CHAN_INFO flg=0x1000000 (has extras) }
11-28 12:40:39.735  1341  1523 D SensorManager: registerListener :: 5, TMD27123, 200000, 0, com.samsung.android.gesture.PocketModeEvent$2@e23a73d
11-28 12:40:39.735  1341  1523 D PocketModeEvent: register light sensor
11-28 12:40:39.735  1341  1523 E PocketModeEvent: MSG_TYPE_START_SENSING
11-28 12:40:39.738  1341  2978 W ActivityManager: Broadcast Intent { act=com.sec.intent.action.CP_CHAN_INFO flg=0x1000010 (has extras) } not ordered but result callback requested!
11-28 12:40:39.740  1711  1721 I System.out: Broadcast completed: result=0
11-28 12:40:39.743  1108  1297 D SemNativeCarrierFeature_vendor: getInstance
11-28 12:40:39.744  1737  1862 D MobileStatusTracker(0/5): onSignalStrengthsChanged level=3, vendorLevel=4
11-28 12:40:39.746  1737  1862 D MobileSignalController(0/5): notifyListener: enabled=true, connected=true, dataConnected=false, networkType=EDGE (E), emergencyOnly=false, roaming=false, isDefault=false, dataActivity=, level=4, ca=false, mmWave=false, disabledDataIcon=false, simCard=ETC
11-28 12:40:39.749  1108  1306 D SemNativeCarrierFeature_vendor: getInstance
11-28 12:40:39.749  1737  1737 I KeyguardThemeDigitalClockView_LOCK_SCREEN: onTimeChanged : [DateTimeInfo : date = ven. 28 novembre, hourMin = 12:40, hourMinSec = , hour = 12, minute = 40, amPm  = , colon = :, second = , timezone = null, isLeftOfAmPm = false, ttsDate = vendredi 28 novembre]
11-28 12:40:39.750  1737  1737 D FaceWidgetMusicPageShownManager: mCurrentMediaData is NULL
11-28 12:40:39.750  1737  1737 D FaceWidgetMusicPageShownManager: updateMusicPageShownState() show = false, reattach = false, reason = waking up
11-28 12:40:39.750  1737  1737 D FaceWidgetMusicPageShownManager: skip to show media panel
11-28 12:40:39.750  1108  1292 D SemNativeCarrierFeature_vendor: getInstance
11-28 12:40:39.751  1737  1862 D NetworkController: SignalStrength from intent slotId=0
11-28 12:40:39.752  1108  1291 D SemNativeCarrierFeature_vendor: getInstance
11-28 12:40:39.753  1737  1737 D KeyguardSecBottomAreaView: mCanIndicationAreaUpdate set to false
11-28 12:40:39.753  1737  1737 D KeyguardAnimatedWallpaper: onResume, mDrawingState:1
11-28 12:40:39.753  1737  1737 I FixedOrientationController: w = 720, h = 1600, isRtl = false, newR = 0, oldR = 0
11-28 12:40:39.753  1108  1297 D SemNativeCarrierFeature_vendor: getInstance
11-28 12:40:39.753  1737  1737 I FixedOrientationController: Same configuration.
11-28 12:40:39.753  1737  1737 D KeyguardAnimatedWallpaper: playAnimation
11-28 12:40:39.755  1341  1341 D NotificationService:      WAKELOCK/UP clear all delayed lists..
11-28 12:40:39.755  1108  1306 D SemNativeCarrierFeature_vendor: getInstance
11-28 12:40:39.759  1108  1292 D SemNativeCarrierFeature_vendor: getInstance
11-28 12:40:39.760 23825 23944 I NearbyDiscovery: (REDACTED) ApFastPairScanner: isScreenOn=%s, isLocationEnabled=%s, disableLocationRequirement=%s, isDiscoveryScanningEnabled=%s, during24GhzWifiWarmingUpPeriod=%s
11-28 12:40:39.761  1737  1737 I FaceWidgetPositionAlgorithm: getClockContainerHeight() supplier = 216, bottom margin = 0, real height = 584
11-28 12:40:39.762  1737  1737 I FaceWidgetPositionAlgorithm: getClockContainerHeight() supplier = 216, bottom margin = 48, real height = 584
11-28 12:40:39.762  1737  1737 I FaceWidgetPositionAlgorithm: getMediaContainerHeight() height = 0 container Visibility = 8, isValid = false, mIsDozing = false, fraction = 1.0, source = 0, target = 0
11-28 12:40:39.762  1737  1737 I FaceWidgetPositionAlgorithm: getMediaContainerHeight() supplier = 0
11-28 12:40:39.763  1737  1737 I FaceWidgetPositionAlgorithm: getMediaContainerHeight() height = 0 container Visibility = 8, isValid = false, mIsDozing = false, fraction = 1.0, source = 0, target = 0
11-28 12:40:39.763  1737  1737 I FaceWidgetPositionAlgorithm: getMediaContainerHeight() supplier = 0
11-28 12:40:39.763  1108  1291 D SemNativeCarrierFeature_vendor: getInstance
11-28 12:40:39.763  1737  1737 I FaceWidgetPositionAlgorithm: getClockContainerHeight() supplier = 216, bottom margin = 0, real height = 584
11-28 12:40:39.763   732  1614 D AudioALSAHardware: +setParameters(): screen_state=on
11-28 12:40:39.763 23825 23944 I NearbyDiscovery: (REDACTED) ApFastPairScanner: Start scanning internally, %s
11-28 12:40:39.764   732  1614 D AudioALSAStreamOut: +setScreenState(), flag 10, mode 1
11-28 12:40:39.764   732  1614 D AudioALSAStreamOut: +setScreenState(), flag 4, mode 1
11-28 12:40:39.764   732  1614 D AudioALSAHardware: -setParameters(): screen_state=on
11-28 12:40:39.764 23825 23944 I BluetoothAdapter: STATE_BLE_ON
11-28 12:40:39.765 23825 23944 I BluetoothAdapter: appoCount is = 1 G/S = 1/0
11-28 12:40:39.765 23825 23944 I BluetoothAdapter: STATE_BLE_ON
11-28 12:40:39.766 23825 23944 I BluetoothAdapter: appoCount is = 1 G/S = 1/0
11-28 12:40:39.766  1737  1737 I FaceWidgetPositionAlgorithm: getClockContainerHeight() supplier = 216, bottom margin = 48, real height = 584
11-28 12:40:39.766 23825 23944 I BluetoothAdapter: STATE_BLE_ON
11-28 12:40:39.766  1737  1737 I FaceWidgetPositionAlgorithm: getMediaContainerHeight() height = 0 container Visibility = 8, isValid = false, mIsDozing = false, fraction = 1.0, source = 0, target = 0
11-28 12:40:39.766  1737  1737 I FaceWidgetPositionAlgorithm: getMediaContainerHeight() supplier = 0
11-28 12:40:39.766  1737  1737 I FaceWidgetPositionAlgorithm: getClockContainerHeight() supplier = 216, bottom margin = 0, real height = 584
11-28 12:40:39.766 23825 23944 I BluetoothAdapter: appoCount is = 1 G/S = 1/0
11-28 12:40:39.767  2011  2195 I PhoneStateTracker<1>: onCellInfoChanged: xxxxx
11-28 12:40:39.768  2011  2195 I ImsCallSessionManager: onCellInfoChanged, phoneId: 1
11-28 12:40:39.768 23825 23944 D BluetoothLeScanner: Start Scan with callback
11-28 12:40:39.768  2011  2195 I RegiMgr-Handler: handleMessage: EVENT_CELL_INFO_CHANGED
11-28 12:40:39.769  2011  2195 I RegiMgr<1>: tryRegister:
11-28 12:40:39.774   529   529 D io_stats: !@ 179,0 r 7337827 151164887 w 4340289 33695008 d 102593 20208008 f 0 0 iot 11937624 0 th 0 0 0 pt 0 inp 0 0 337401.193
11-28 12:40:39.775  2478  2488 D BtGatt.ContextMap: add() - appUid: 10165, appPid: 23825, appName: com.google.uid.shared
11-28 12:40:39.775  2478  2488 I bt_stack: [INFO:le_scanning_manager.cc(165)] RegisterScanner in shim layer
11-28 12:40:39.776  2478  2606 D BtGatt.GattService: onScannerRegistered() - UUID=62aceaad-f1b3-41c4-97ad-6e4a9eb30a05, scannerId=1, status=0
11-28 12:40:39.777 23825 32265 D BluetoothLeScanner: onScannerRegistered() - status=0 scannerId=1 mScannerId=0
11-28 12:40:39.777  1108  1306 D SemNativeCarrierFeature_vendor: getInstance
11-28 12:40:39.777  1108  1297 D SemNativeCarrierFeature_vendor: getInstance
11-28 12:40:39.779  2478  2488 I BluetoothAdapter: STATE_BLE_ON
11-28 12:40:39.780  2478  2488 I BluetoothAdapter: bleAppCnt is = 1
11-28 12:40:39.780  1341  1635 D SemWifiP2pGoPowerSave: handleScreenState: true
11-28 12:40:39.780  1108  1291 D SemNativeCarrierFeature_vendor: getInstance
11-28 12:40:39.782  1108  1292 D SemNativeCarrierFeature_vendor: getInstance
11-28 12:40:39.782  1108  1306 D SemNativeCarrierFeature_vendor: getInstance
11-28 12:40:39.783  1341  1635 D SemWifiApPowerSaveImpl: Lcd ON
11-28 12:40:39.783  1341  1635 D SemWifiApPowerSaveImpl: sendMessage cmd: POWER_STATE_MACHINE_STATE_COMMANDS
11-28 12:40:39.783  1341  1635 D SemWifiSwitchForIndividualAppsService: stopTCPMonitoring : already stopped
11-28 12:40:39.783  1341  1657 D WifiConnectivityMonitor: Fetch Detect Mode : 1
11-28 12:40:39.784  1108  1297 D SemNativeCarrierFeature_vendor: getInstance
11-28 12:40:39.789  2478  2488 D ActivityAttributionService: notifyActivityAttributionInfo UID=1002 packageName=com.android.bluetooth deviceAddress=no_active_device_address
11-28 12:40:39.789  2478  2672 I BluetoothAdapter: STATE_BLE_ON
11-28 12:40:39.789  2478  2672 I BluetoothAdapter: appoCount is = 1 G/S = 1/0
11-28 12:40:39.791  1108  1292 D SemNativeCarrierFeature_vendor: getInstance
11-28 12:40:39.791  1108  1291 D SemNativeCarrierFeature_vendor: getInstance
11-28 12:40:39.792   766   766 D SurfaceFlinger: Finished setting power mode 2 on display 0
11-28 12:40:39.792 23825 23944 I NearbyDiscovery: (REDACTED) ApFastPairScanner: Start scanning, mode=%s
11-28 12:40:39.793   766   766 I BufferQueueProducer: [StageCoordinatorSplitDivider#59](this:0xb400007e9bbcf838,id:-1,api:0,p:-1,c:766) queueBuffer: fps=0.00 dur=1038658.89 max=1038658.89 min=1038658.89
11-28 12:40:39.793  2478  2672 I BluetoothAdapter: STATE_BLE_ON
11-28 12:40:39.793  2478  2674 E BtGatt.GattService: [GSIM LOG]: gsimLogHandler, msg: MESSAGE_SCAN_START, appName: com.google.uid.shared, scannerId: 1, reportDelayMillis=0
11-28 12:40:39.793   766   766 D DisplayDevice: setLayerStack : layerstack=0, Display 0 (internal, primary, "Primary display")
11-28 12:40:39.793  2478  2672 I BluetoothAdapter: appoCount is = 1 G/S = 1/0
11-28 12:40:39.794  2478  2672 I BluetoothAdapter: STATE_BLE_ON
11-28 12:40:39.794  2478  2672 I BluetoothAdapter: appoCount is = 1 G/S = 1/0
11-28 12:40:39.794  1341  1675 D SurfaceControl: Excessive delay in setPowerMode()
11-28 12:40:39.794  1341  1675 D LocalDisplayAdapter: !@display_state: ON took 170 ms
11-28 12:40:39.794  1341  1599 D LocationManagerService: screen interactive is now true
11-28 12:40:39.794  1341  1675 D SemInputDeviceManagerService: currentDisplayState[1]:ON(2)
11-28 12:40:39.794  1341  1675 D SemInputDeviceManagerService: LATE: Logical: ON(2) Physical: ON(2) [Using: ON(2)] displayType: 1
11-28 12:40:39.795  1341  1675 D LocalDisplayAdapter: notifyStateChangeFinish: com.samsung.android.hardware.secinputdev.SemInputDeviceManagerService$8@48e53a3 took 1 ms
11-28 12:40:39.795  1341  1675 D DisplayPowerController[0]: setActualDisplayState: OFF -> ON
11-28 12:40:39.795  1341  1404 D DisplayPowerController[0]: animateScreenStateChange: target=2, mLogicalDisplay.isEnabled()=true
11-28 12:40:39.795  2478  2672 I bt_stack: [INFO:le_scanning_manager.cc(269)] ScanFilterEnable in shim layer
11-28 12:40:39.796   733   745 D [BT]    : mtk_bt_op: BT_VND_OP_LPM_WAKE_SET_STATE
11-28 12:40:39.797  2478  2672 I bt_stack: [INFO:le_scanning_manager.cc(240)] ScanFilterAdd in shim layer
11-28 12:40:39.798   738   839 I hwcomposer: [HWCDisplay] [Display_0 (type:1)] fps:0.026621,dur:788840.25,max:788501.83,min:8.26  
11-28 12:40:39.800   766   766 D SurfaceFlinger: Display 0 HWC layers:
11-28 12:40:39.800   766   766 D SurfaceFlinger:      DEVICE | 0xb400007e7b106780 | 0102 | RGBA_8888    |    0.0    0.0  720.0 1600.0 |    0    0  720 1600 | ColorFade BLAST_d0#19003
11-28 12:40:39.800   766   766 D SurfaceFlinger: 
11-28 12:40:39.800  1737  1737 D KeyguardUpdateMonitor: received broadcast android.intent.action.TIME_TICK
11-28 12:40:39.803  1737  1737 D QSClockBellTower: He is ready to ring the bell. (((QSClockBellSound - TimeText:12:40, TimeContentDescription:12:40, DateText:ven. 28 novembre, ShortDateText:ven. 28 nov., Demo:false, QuickStar-Second(false|12:34:56))))
11-28 12:40:39.804  1737  1737 D QSClockIndicatorView: Home Indicator status_bar_clock 12:40 notifyTimeChanged(QSClockBellSound - TimeText:12:40, TimeContentDescription:12:40, DateText:ven. 28 novembre, ShortDateText:ven. 28 nov., Demo:false, QuickStar-Second(false|12:34:56)) ClockVisibleByPolicy:true, ClockVisibleByUser:true, visible?false, parent:android.widget.LinearLayout{f20bb96 V.E...... ......I. 0,0-0,44 #7f0b04f0 app:id/left_clock_container}
11-28 12:40:39.804  1737  1737 D QSClockBellTower: Everyone heard the bell. run(currentTime:1764330039801,   getTime():Fri Nov 28 12:40:39 GMT+01:00 2025,   getTimeZone():libcore.util.ZoneInfo[mDstSavings=0,mUseDst=false,mDelegate=[id="Africa/Douala",mRawOffset=3600000,mEarliestRawOffset=815000,transitions=4]])
11-28 12:40:39.805  2478  2672 D BtGatt.ScanManager: configureFilterParamter() : onFoundTimeout | onLostTimeout | onFoundCount | numOfTrackingEntries | scanFilterRssiThreshold | trackableScanFilterRssiThreshold | matchMode
11-28 12:40:39.805  2478  2672 D BtGatt.ScanManager: configureFilterParamter() : __________500__|________10000__|___________1__|___________________0__|___________________-128__|____________________________-128__|________1_
11-28 12:40:39.805  2478  2672 I bt_stack: [INFO:le_scanning_manager.cc(198)] ScanFilterParamSetup in shim layer
11-28 12:40:39.805  1341  1341 I MdnieScenarioControlService: action  :  android.intent.action.SCREEN_ON
11-28 12:40:39.806  1341  1341 D MdnieScenarioControlService: isLockScreenOn : true
11-28 12:40:39.805  1091  1187 D AAL     : EventTriggerSetting: [EvtTrigger] Screen off
11-28 12:40:39.806  1341  1341 V MdnieScenarioControlService: mAclOffEnabled : false mAclPreviewState : false mAclCompensationState : false
11-28 12:40:39.806  1737  1737 D DisplayLifecycle: updateDisplay id = 0
11-28 12:40:39.808  2478  2672 I bt_stack: [INFO:le_scanning_manager.cc(178)] Scan in shim layer started
11-28 12:40:39.809  2478  2672 I bt_stack: [INFO:le_scanning_manager.cc(178)] Scan in shim layer stopped
11-28 12:40:39.809  2478  2672 I bt_stack: [INFO:le_scanning_manager.cc(312)] SetScanParameters with scanning phys in shim layer: phy_cnt=1
11-28 12:40:39.809  2478  2672 I bt_stack: [INFO:le_scanning_manager.cc(318)] SetScanParameters: scan_type=1, scan_interval=1533, scan_window=306
11-28 12:40:39.809  2478  2672 I bt_stack: [INFO:le_scanning_manager.cc(178)] Scan in shim layer started
11-28 12:40:39.809  2478  2694 W bt_stack: Start LeSetExtendedScan
11-28 12:40:39.809  2478  2694 W bt_stack: le_address_manager :: scan() - Unregister
11-28 12:40:39.809  2478  2694 W bt_stack: Stop LeSetExtendedScan
11-28 12:40:39.809  2478  2694 W bt_stack: register_client :: client registered!!!
11-28 12:40:39.809  2478  2694 W bt_stack: Start LeSetExtendedScan
11-28 12:40:39.809  2478  2694 W bt_stack: register_client :: client registered!!!
11-28 12:40:39.810  1341  1341 I AdaptiveDisplaySolutionService: action  :  android.intent.action.SCREEN_ON
11-28 12:40:39.812  1341  1980 I SLocation: DeviceStatusNotiManager - received action : android.intent.action.SCREEN_ON
11-28 12:40:39.812  1737  1737 D KeyguardUpdateMonitor: received broadcast android.intent.action.TIME_TICK
11-28 12:40:39.813  1737  1737 I ViewRootImpl@a308e6[NotificationShade]: handleResized, msg = 5 frames=ClientWindowFrames{frame=[0,0][720,1600] display=[0,0][720,1600] parentFrame=[0,0][0,0] parentClippedByDisplayCutout=false} forceNextWindowRelayout=false displayId=0 resizeMode=-1 frameChanged=false displayFrameChanged=false configChanged=false displayChanged=false
11-28 12:40:39.813  1737  1737 I ViewRootImpl@a308e6[NotificationShade]: handleResized mSyncSeqId = 2
11-28 12:40:39.813  1737  1737 I ViewRootImpl@a308e6[NotificationShade]: reportNextDraw android.view.ViewRootImpl.handleResized:2450 android.view.ViewRootImpl.-$$Nest$mhandleResized:0 android.view.ViewRootImpl$ViewRootHandler.handleMessageImpl:6728 android.view.ViewRootImpl$ViewRootHandler.handleMessage:6697 android.os.Handler.dispatchMessage:106 
11-28 12:40:39.816  2478  2694 W bt_stack: Received command complete with op_code LE_SET_RANDOM_ADDRESS
11-28 12:40:39.816  1341  1980 I SLocation: RequestSamsungPosition - connect To Secphone service
11-28 12:40:39.816  2478  2694 W bt_stack: le_scanning_manager :: OnResume()
11-28 12:40:39.816  2478  2694 W bt_stack: Start LeSetExtendedScan
11-28 12:40:39.816  2478  2694 W bt_stack: le_scanning_manager :: OnResume() - call AckResume
11-28 12:40:39.816  1737  1737 D QSClockBellTower: He is ready to ring the bell. (((QSClockBellSound - TimeText:12:40, TimeContentDescription:12:40, DateText:ven. 28 novembre, ShortDateText:ven. 28 nov., Demo:false, QuickStar-Second(false|12:34:56))))
11-28 12:40:39.816  2478  2694 W bt_stack: le_address_manager :: ack_resume()
11-28 12:40:39.816  1737  1737 D QSClockIndicatorView: Home Indicator status_bar_clock 12:40 notifyTimeChanged(QSClockBellSound - TimeText:12:40, TimeContentDescription:12:40, DateText:ven. 28 novembre, ShortDateText:ven. 28 nov., Demo:false, QuickStar-Second(false|12:34:56)) ClockVisibleByPolicy:true, ClockVisibleByUser:true, visible?false, parent:android.widget.LinearLayout{f20bb96 V.E...... ......I. 0,0-0,44 #7f0b04f0 app:id/left_clock_container}
11-28 12:40:39.817  1341  1980 W ContextImpl: Calling a method in the system process without a qualified user: android.app.ContextImpl.bindService:2023 p0.h.e:24 com.samsung.android.location.lib.positioning.SPManager.n:105 com.samsung.android.location.geofence.geopoint.GeopointGeofenceManager.P:13 com.samsung.android.location.geofence.geopoint.GeopointGeofenceManager.a0:0 
11-28 12:40:39.817  1737  1737 D QSClockBellTower: Everyone heard the bell. run(currentTime:1764330039813,   getTime():Fri Nov 28 12:40:39 GMT+01:00 2025,   getTimeZone():libcore.util.ZoneInfo[mDstSavings=0,mUseDst=false,mDelegate=[id="Africa/Douala",mRawOffset=3600000,mEarliestRawOffset=815000,transitions=4]])
11-28 12:40:39.819  2478  2694 E bt_stack: Receive set extended scan enable with error code COMMAND_DISALLOWED
11-28 12:40:39.822  1091  1187 D AAL     : EventTriggerSetting: [EvtTrigger] Screen off
11-28 12:40:39.825  1341  1980 D SLocation: SPManager - requestUpdate - SP
11-28 12:40:39.828  2011  2342 I VolteServiceModule: onSreenOnOffChanged: on =1
11-28 12:40:39.829  2011  2342 I StackIF<0>: updateScreenOnOff: on 1
11-28 12:40:39.829  2011  2342 I SECIMSJ : [0556]> 84
11-28 12:40:39.830  2011  2339 I [IMS6.0]: IMS_onResponse()
11-28 12:40:39.830  1341  1532 D InputReader: Input event(3): value=0 when=337401.249827
11-28 12:40:39.830  1341  1532 D InputReader: !@notifyKey(116), action=1
11-28 12:40:39.830  2011  2339 I StackIF : processMessage 2
11-28 12:40:39.830  2011  2339 I StackIF : Processing Response
11-28 12:40:39.830  1341  1532 D InputManager-JNI: !@interceptKeyBeforeQueueing(116), action=1, interactive=true
11-28 12:40:39.830  2011  2339 I SECIMSJ : [0556]< 101
11-28 12:40:39.830  2011  2339 I StackIF : processResponse: reqId 101
11-28 12:40:39.830  2011  2339 I StackIF : processResponse: handle -1 result 0 reason 0
11-28 12:40:39.831  1341  1532 D WindowManager: interceptKeyTq keycode=26 interactive=true keyguardActive=true policyFlags=22000000
11-28 12:40:39.831  1341  1532 D PhoneWindowManagerExt: interceptKeyTq code=26 down=false repeatCount=0 displayId=-1 interactive=true
11-28 12:40:39.831  1341  1532 D PhoneWindowManagerExt: systemKeyEventRequested REMOVE_PASS
11-28 12:40:39.831  1341  1532 D WindowManager: interceptKeyTq interceptKeyResult=8
11-28 12:40:39.832  1341  1532 D InputManager-JNI: !@handleInterceptActions(116), action=1, wmActions=0
11-28 12:40:39.833   750   776 I mtkpower@impl: [setMode] type:1, enabled:1
11-28 12:40:39.833   750   776 E mtkpower@impl: [setMode] unknown type
11-28 12:40:39.833  1711  1711 D ServiceStateProvider: subId=5
11-28 12:40:39.833  1341  1341 D SLocation: RequestSamsungPosition - onServiceConnected()
11-28 12:40:39.834  1341  1341 I SLocation: RequestSamsungPosition - inside invokeOemRilRequestRaw, send msg to CP through ril for SP.
11-28 12:40:39.838  1341  2566 D LiftUpHandler:   mReceiver.onReceive : ACTION_SCREEN_ON
11-28 12:40:39.839  1341  1341 D SemWifiService: onServiceStateChanged : state - 0, dataNetworkType : 2
11-28 12:40:39.840  1341  2566 D LiftUpHandler: [LTW] Stopped already.
11-28 12:40:39.841  1341  1980 D SLocation: CellLocationManager - onServiceStateChanged 0
11-28 12:40:39.842  1737  1862 D MobileStatusTracker(0/5): onServiceStateChanged voiceState=0 dataState=0
11-28 12:40:39.842  1341  1341 D SemWifiApServiceImpl: onServiceStateChanged : 0dataNetworkType : 2
11-28 12:40:39.843  2478  2478 D BtGatt.AppCurrentConsumptionStats: onReceive : android.intent.action.SCREEN_ON
11-28 12:40:39.843  2011  2342 I VolteServiceModule: onServiceStateChanged({mVoiceRegState=0(IN_SERVICE), mDataRegState=0(IN_SERVICE), mChannelNumber=88, duplexMode()=0, mCellBandwidths=[20000], mOperatorAlphaLong=Orange, mOperatorAlphaShort=Orange, isManualNetworkSelection=false(automatic), getRilVoiceRadioTechnology=2(EDGE), getRilDataRadioTechnology=2(EDGE), mCssIndicator=unsupported, mNetworkId=*1, mSystemId=*1, mCdmaRoamingIndicator=-1, mCdmaDefaultRoamingIndicator=-1, VoiceRegType=0, Snap=0, MobileData=IN_SERVICE, MobileDataRoamingType=home, MobileDataRat=EDGE, PsOnly=false, FemtocellInd=0, SprDisplayRoam=false, OptRadioTech=0, MsimSubmode=0, mIsEmergencyOnly=false, isUsingCarrierAggregation=false, mArfcnRsrpBoost=0, mNetworkRegistrationInfos=[NetworkRegistrationInfo{ domain=CS transportType=WWAN registrationState=HOME roamingType=NOT_ROAMING accessNetworkTechnology=EDGE rejectCause=0 emergencyEnabled=false availableServices=[VOICE,SMS,VIDEO] cellIdentity=CellIdentityGsm:{ mLac=2***2 mCid=*3 mArfcn=88 mBsic=0x16 mMcc=624 mMnc=02 mAlphaLong=OrangeCaresAboutYou mAlphaShort=Be Safe mAdditionalPlmns={}} voiceSpecificInfo=VoiceSpecificRegistrationInfo { mCssSupported=false mRoamingIndicator=0 mSystemIsInPrl=0 mDefaultRoamingIndicator=0} dataSpecificInfo=null nrState=**** rRplmn=62402 isUsingCarrierAggregation=false}, NetworkRegistrationInfo{ domain=PS transportType=WWAN registrationState=HOME roamingType=NOT_ROAMING accessNetworkTechnology=EDGE rejectCause=0 emergencyEnabled=false availableServices=[DATA] cellIdentity=CellIdentityGsm:{ mLac=2***2 mCid=*3 mArfcn=88 mBsic=0x16 mMcc=624 mMnc=02 mAlphaLong=OrangeCaresAboutYou mAlphaShort=Be Safe mAdditionalPlmns={}} voiceSpecificInfo=null dataSpecificInfo=android.telephony.DataSpecificRegistrationInfo :{ maxDataCalls = 16 isDcNrRestricted = false isNrAvailable = false isEnDcAvailable = false LteVopsSupportInfo :  mVopsSupport = 1 mEmcBearerSupport = 1 } nrState=**** rRplmn=62402 isUsingCarrierAggregation=false}], mNrFrequencyRange=0, mOperatorAlphaLongRaw=OrangeCaresAboutYou, mOperatorAlphaShortRaw=Be Safe, mIsDataRoamingFromRegistration=false, mIsIwlanPreferred=false})
11-28 12:40:39.843  2011  2195 I PdnController<0>: Active Phone Id = 1 MobileConnected = false
11-28 12:40:39.843  2011  2342 I VolteServiceModule: mIsLteEpsOnlyAttached(0):false
11-28 12:40:39.843  1341  1980 E SLocation: SPManager - response is null!
11-28 12:40:39.843  1341  1980 D SLocation: SPManager - invalid SP Location!
11-28 12:40:39.843  1341  1980 D SLocation: geofenceScreenOnOff - receive SP timeout!
11-28 12:40:39.843  1341  1980 W Settings: Setting airplane_mode_on has moved from android.provider.Settings.System to android.provider.Settings.Global, returning read-only value.
11-28 12:40:39.843  2011  2195 I PhoneStateTracker<0>: onServiceStateChanged: state={mVoiceRegState=0(IN_SERVICE), mDataRegState=0(IN_SERVICE), mChannelNumber=88, duplexMode()=0, mCellBandwidths=[20000], mOperatorAlphaLong=Orange, mOperatorAlphaShort=Orange, isManualNetworkSelection=false(automatic), getRilVoiceRadioTechnology=2(EDGE), getRilDataRadioTechnology=2(EDGE), mCssIndicator=unsupported, mNetworkId=*1, mSystemId=*1, mCdmaRoamingIndicator=-1, mCdmaDefaultRoamingIndicator=-1, VoiceRegType=0, Snap=0, MobileData=IN_SERVICE, MobileDataRoamingType=home, MobileDataRat=EDGE, PsOnly=false, FemtocellInd=0, SprDisplayRoam=false, OptRadioTech=0, MsimSubmode=0, mIsEmergencyOnly=false, isUsingCarrierAggregation=false, mArfcnRsrpBoost=0, mNetworkRegistrationInfos=[NetworkRegistrationInfo{ domain=CS transportType=WWAN registrationState=HOME roamingType=NOT_ROAMING accessNetworkTechnology=EDGE rejectCause=0 emergencyEnabled=false availableServices=[VOICE,SMS,VIDEO] cellIdentity=CellIdentityGsm:{ mLac=2***2 mCid=*3 mArfcn=88 mBsic=0x16 mMcc=624 mMnc=02 mAlphaLong=OrangeCaresAboutYou mAlphaShort=Be Safe mAdditionalPlmns={}} voiceSpecificInfo=VoiceSpecificRegistrationInfo { mCssSupported=false mRoamingIndicator=0 mSystemIsInPrl=0 mDefaultRoamingIndicator=0} dataSpecificInfo=null nrState=**** rRplmn=62402 isUsingCarrierAggregation=false}, NetworkRegistrationInfo{ domain=PS transportType=WWAN registrationState=HOME roamingType=NOT_ROAMING accessNetworkTechnology=EDGE rejectCause=0 emergencyEnabled=false availableServices=[DATA] cellIdentity=CellIdentityGsm:{ mLac=2***2 mCid=*3 mArfcn=88 mBsic=0x16 mMcc=624 mMnc=02 mAlphaLong=OrangeCaresAboutYou mAlphaShort=Be Safe mAdditionalPlmns={}} voiceSpecificInfo=null dataSpecificInfo=android.telephony.DataSpecificRegistrationInfo :{ maxDataCalls = 16 isDcNrRestricted = false isNrAvailable = false isEnDcAvailable = false LteVopsSupportInfo :  mVopsSupport = 1 mEmcBearerSupport = 1 } nrState=**** rRplmn=62402 isUsingCarrierAggregation=false}], mNrFrequencyRange=0, mOperatorAlphaLongRaw=OrangeCaresAboutYou, mOperatorAlphaShortRaw=Be Safe, mIsDataRoamingFromRegistration=false, mIsIwlanPreferred=false}Changed=
11-28 12:40:39.843  1737  1862 D MobileSignalController(0/5): notifyListener: enabled=true, connected=true, dataConnected=false, networkType=EDGE (E), emergencyOnly=false, roaming=false, isDefault=false, dataActivity=, level=4, ca=false, mmWave=false, disabledDataIcon=false, simCard=ETC
11-28 12:40:39.843  2011  2195 I PdnController<0>: notifyDataConnectionState
11-28 12:40:39.843  2011  2195 I PdnController<0>: notifyDataConnectionState: needNotify=false networkType=2 isEpdgConnected=false dataNetType=2=>2 dataRegState=0=>0
11-28 12:40:39.843  2011  2195 I PhoneStateTracker<0>: notifySnapshotState: snapshotState=0 old=0
11-28 12:40:39.843  2011  2195 I GeolocationCon: handleMessage : what = SERVICE_STATE_CHANGED
11-28 12:40:39.844  1341  3025 I LocationAccessPolicy: checkLocationPermission - callingUid: 10079, callingPid: 21370, resultForFine: DENIED_HARD
11-28 12:40:39.844  1341  3025 I LocationAccessPolicy: checkLocationPermission - callingUid: 10079, callingPid: 21370, resultForCoarse: DENIED_HARD
