11-29 14:04:28.486 15801 15857 W InstallationId: 	at com.google.firebase.installations.FirebaseInstallations.doNetworkCallIfNecessary(FirebaseInstallations.java:387)
11-29 14:04:28.486 15801 15857 W InstallationId: 	at com.google.firebase.installations.FirebaseInstallations.lambda$doRegistrationOrRefresh$3$com-google-firebase-installations-FirebaseInstallations(FirebaseInstallations.java:372)
11-29 14:04:28.486 15801 15857 W InstallationId: 	at com.google.firebase.installations.FirebaseInstallations$$ExternalSyntheticLambda1.run(D8$$SyntheticClass:0)
11-29 14:04:28.486 15801 15857 W InstallationId: 	at com.google.firebase.concurrent.SequentialExecutor$1.run(SequentialExecutor.java:117)
11-29 14:04:28.486 15801 15857 W InstallationId: 	at com.google.firebase.concurrent.SequentialExecutor$QueueWorker.workOnQueue(SequentialExecutor.java:229)
11-29 14:04:28.486 15801 15857 W InstallationId: 	at com.google.firebase.concurrent.SequentialExecutor$QueueWorker.run(SequentialExecutor.java:174)
11-29 14:04:28.486 15801 15857 W InstallationId: 	at java.util.concurrent.ThreadPoolExecutor.runWorker(ThreadPoolExecutor.java:1167)
11-29 14:04:28.486 15801 15857 W InstallationId: 	at java.util.concurrent.ThreadPoolExecutor$Worker.run(ThreadPoolExecutor.java:641)
11-29 14:04:28.486 15801 15857 W InstallationId: 	at com.google.firebase.concurrent.CustomThreadFactory.lambda$newThread$0$com-google-firebase-concurrent-CustomThreadFactory(CustomThreadFactory.java:47)
11-29 14:04:28.486 15801 15857 W InstallationId: 	at com.google.firebase.concurrent.CustomThreadFactory$$ExternalSyntheticLambda0.run(D8$$SyntheticClass:0)
11-29 14:04:28.486 15801 15857 W InstallationId: 	at java.lang.Thread.run(Thread.java:764)
11-29 14:04:28.494 15801 15866 D LeakCanary: Setting up flushing for Thread[queued-work-looper,5,main]
11-29 14:04:28.495 15801 15866 D LeakCanary: Setting up flushing for Thread[LeakCanary-Heap-Dump,5,main]
11-29 14:04:28.496 15801 15866 D LeakCanary: Setting up flushing for Thread[FirebaseSessions_HandlerThread,5,main]
11-29 14:04:28.512 15801 15847 D EventGDTLogger: Session Event: {"eventType":1,"sessionData":{"sessionId":"cb14dc62f3f44c0ba912ae8c78a67344","firstSessionId":"cb14dc62f3f44c0ba912ae8c78a67344","sessionIndex":0,"eventTimestampUs":1764396268316000,"dataCollectionStatus":{"performance":1,"crashlytics":2,"sessionSamplingRate":1.0},"firebaseInstallationId":"cHEqiMjqSAug3vEbab757c","firebaseAuthenticationToken":""},"applicationInfo":{"appId":"1:212702094178:android:981af36e38774bfa92c23b","deviceModel":"ASUS_I005DA","sessionSdkVersion":"2.0.3","osVersion":"9","logEnvironment":3,"androidAppInfo":{"packageName":"com.excell44.educam.debug","versionName":"1.0","appBuildVersion":"1","deviceManufacturer":"Asus","currentProcessDetails":{"processName":"com.excell44.educam.debug","pid":15801,"importance":100,"defaultProcess":true},"appProcessDetails":[{"processName":"com.excell44.educam.debug","pid":15801,"importance":100,"defaultProcess":true}]}}}
11-29 14:04:28.514 15801 15847 D SessionFirelogPublisher: Successfully logged Session Start event: cb14dc62f3f44c0ba912ae8c78a67344
11-29 14:04:28.642 15801 15875 I OpenGLRenderer: Davey! duration=1477ms; Flags=0, IntendedVsync=3701383335283, Vsync=3702566668569, OldestInputEvent=9223372036854775807, NewestInputEvent=0, HandleInputStart=3702572505747, AnimationStart=3702572580747, PerformTraversalsStart=3702578786113, DrawStart=3702580044418, SyncQueued=3702623817574, SyncStart=3702631741124, IssueDrawCommandsStart=3702635530719, SwapBuffers=3702845698916, FrameCompleted=3702868618883, DequeueBufferDuration=276000, QueueBufferDuration=437000, 
11-29 14:04:28.645 15801 15801 W 44.educam.debu: Accessing hidden method Landroid/os/Trace;->asyncTraceBegin(JLjava/lang/String;I)V (light greylist, reflection)
11-29 14:04:28.645 15801 15801 W 44.educam.debu: Accessing hidden method Landroid/os/Trace;->asyncTraceEnd(JLjava/lang/String;I)V (light greylist, reflection)
11-29 14:04:28.645 15801 15801 W 44.educam.debu: Accessing hidden method Landroid/os/Trace;->traceCounter(JLjava/lang/String;I)V (light greylist, reflection)
11-29 14:04:28.663   415   437 I ActivityManager: Displayed com.excell44.educam.debug/com.excell44.educam.MainActivity: +8s23ms (total +1m2s475ms)
11-29 14:04:28.672 15801 15801 D SessionLifecycleClient: Session update received: cb14dc62f3f44c0ba912ae8c78a67344
11-29 14:04:28.684 15801 15847 D SessionLifecycleClient: Notified CRASHLYTICS of new session cb14dc62f3f44c0ba912ae8c78a67344
11-29 14:04:28.696  1083  1103 I FontLog : Received query Noto Color Emoji Compat, URI content://com.google.android.gms.fonts [CONTEXT service_id=132 ]
11-29 14:04:28.697  1083  1103 I FontLog : Query [emojicompat-emoji-font] resolved to {Noto Color Emoji Compat, wdth 100.0, wght 400, ital 0.0, bestEffort false} [CONTEXT service_id=132 ]
11-29 14:04:28.752   167   753 W SurfaceFlinger: Attempting to set client state on removed layer: Splash Screen com.excell44.educam.debug#0
11-29 14:04:28.772  1083  1331 W FontLog : Connection failure for https://fonts.gstatic.com/s/a/directory024.pb [CONTEXT service_id=132 ]
11-29 14:04:28.776  1083  1331 W FontLog : No resolver, short-circuit {Noto Color Emoji Compat, wdth 100.0, wght 400, ital 0.0, bestEffort false} for com.excell44.educam.debug to failure [CONTEXT service_id=132 ]
11-29 14:04:28.778  1083  1103 I FontLog : Fetch {Noto Color Emoji Compat, wdth 100.0, wght 400, ital 0.0, bestEffort false} end status Status{statusCode=Unavailable, resolution=null} [CONTEXT service_id=132 ]
11-29 14:04:28.910  1083  2896 W NetworkScheduler: Error inserting period=3618000 preferred_charging_state=1 preferred_network_type=1 target_class=com.google.android.gms.measurement.PackageMeasurementTaskService required_network_type=0 runtime=1764396268899 required_idleness_state=0 source=16 service_kind=0 target_package=com.google.android.gms persistence_level=1 source_version=220920000 last_runtime=0 user_id=0 job_id=-1 requires_charging=0 tag=Measurement.PackageMeasurementTaskService.UPLOAD_TASK_TAG flex_time=1808000 task_type=0 retry_strategy={"maximum_backoff_seconds":{"3600":0},"initial_backoff_seconds":{"30":0},"retry_policy":{"0":0}}, error message: UNIQUE constraint failed: pending_ops.tag, pending_ops.target_class, pending_ops.target_package, pending_ops.user_id (code 2067 SQLITE_CONSTRAINT_UNIQUE) [CONTEXT service_id=218 ]
11-29 14:04:29.002 15801 15801 W 44.educam.debu: Accessing hidden method Landroid/graphics/FontFamily;-><init>()V (light greylist, reflection)
11-29 14:04:29.002 15801 15801 W 44.educam.debu: Accessing hidden method Landroid/graphics/FontFamily;->addFontFromAssetManager(Landroid/content/res/AssetManager;Ljava/lang/String;IZIII[Landroid/graphics/fonts/FontVariationAxis;)Z (light greylist, reflection)
11-29 14:04:29.002 15801 15801 W 44.educam.debu: Accessing hidden method Landroid/graphics/FontFamily;->addFontFromBuffer(Ljava/nio/ByteBuffer;I[Landroid/graphics/fonts/FontVariationAxis;II)Z (light greylist, reflection)
11-29 14:04:29.002 15801 15801 W 44.educam.debu: Accessing hidden method Landroid/graphics/FontFamily;->freeze()Z (light greylist, reflection)
11-29 14:04:29.002 15801 15801 W 44.educam.debu: Accessing hidden method Landroid/graphics/FontFamily;->abortCreation()V (light greylist, reflection)
11-29 14:04:29.002 15801 15801 W 44.educam.debu: Accessing hidden method Landroid/graphics/Typeface;->createFromFamiliesWithDefault([Landroid/graphics/FontFamily;Ljava/lang/String;II)Landroid/graphics/Typeface; (light greylist, reflection)
11-29 14:04:29.038 15801 15801 W 44.educam.debu: Accessing hidden method Landroid/text/SpannableStringInternal;->length()I (light greylist, linking)
11-29 14:04:30.590   415   429 W ActivityManager: Launch timeout has expired, giving up wake lock!
11-29 14:04:30.833   144   226 E TrafficController: Failed to delete the counterSet: Bad file descriptor
11-29 14:04:30.842   948   948 D AppLovinSdk: [SessionTracker] Application Paused
11-29 14:04:30.855   948  1178 D AppLovinSdk: [FileManager] Looking up cached resource: persistent_postback_cache.json
11-29 14:04:30.855   948  1178 D AppLovinSdk: [FileManager] Writing resource to filesystem: persistent_postback_cache.json
11-29 14:04:30.857   948  1178 D AppLovinSdk: [PersistentPostbackQueueSaveTask] Exported postback queue to disk.
11-29 14:04:30.857   948  1178 I AppLovinSdk: [PersistentPostbackQueueSaveTask] OTHER queue finished task PersistentPostbackQueueSaveTask
11-29 14:04:32.083 15801 15901 D ProfileInstaller: Installing profile for com.excell44.educam.debug
11-29 14:04:32.701 15801 15801 D NavigationViewModel:  Navigation START: NavigateTo(route=home, popUpTo=splash, inclusive=true, singleTop=true)
11-29 14:04:32.704 15801 15801 I System.out:  Navigation vers: home
11-29 14:04:32.732 15801 15801 D NavigationViewModel:  Navigation SUCCESS: NavigateTo(route=home, popUpTo=splash, inclusive=true, singleTop=true)
11-29 14:04:32.733 15801 15801 D NavigationViewModel:  Commande accepte: NavigateTo(route=home, popUpTo=splash, inclusive=true, singleTop=true)
11-29 14:04:32.781 15801 15801 D AuthViewModel: Init: isLoggedIn=true, guestAttempts=3
11-29 14:04:35.841 15801 15801 D NavigationViewModel:  Navigation START: NavigateTo(route=quiz, popUpTo=null, inclusive=false, singleTop=true)
11-29 14:04:35.842 15801 15801 I System.out:  Navigation vers: quiz
11-29 14:04:35.858 15801 15801 D NavigationViewModel:  Navigation SUCCESS: NavigateTo(route=quiz, popUpTo=null, inclusive=false, singleTop=true)
11-29 14:04:35.859 15801 15801 D NavigationViewModel:  Commande accepte: NavigateTo(route=quiz, popUpTo=null, inclusive=false, singleTop=true)
11-29 14:04:35.988 15801 15801 I WebViewFactory: Loading com.android.chrome version 68.0.3440.70 (code 344007062)
11-29 14:04:35.999 15801 15801 I 44.educam.debu: The ClassLoaderContext is a special shared library.
11-29 14:04:36.050 15801 15801 I cr_LibraryLoader: Time to load native libraries: 6 ms (timestamps 269-275)
11-29 14:04:36.059 15801 15919 E cr_VariationsUtils: Failed reading seed file "/data/user/0/com.excell44.educam.debug/app_webview/variations_seed": /data/user/0/com.excell44.educam.debug/app_webview/variations_seed (No such file or directory)
11-29 14:04:36.069 15801 15801 I chromium: [INFO:library_loader_hooks.cc(36)] Chromium logging enabled: level = 0, default verbosity = 0
11-29 14:04:36.070 15801 15801 I cr_LibraryLoader: Expected native library version number "68.0.3440.70", actual native library version number "68.0.3440.70"
11-29 14:04:36.076 15801 15920 W cr_ChildProcLH: Create a new ChildConnectionAllocator with package name = com.android.chrome, sandboxed = true
11-29 14:04:36.086 15801 15801 I cr_BrowserStartup: Initializing chromium process, singleProcess=false
11-29 14:04:36.087 15801 15801 I cr_base : Android Locale: fr_FR requires .pak files: [fr]
11-29 14:04:36.087 15922 15922 I Zygote  : seccomp disabled by setenforce 0
11-29 14:04:36.088 15922 15922 W dboxed_process: Unexpected CPU variant for X86 using defaults: x86
11-29 14:04:36.091   415   431 I ActivityManager: Start proc 15922:com.android.chrome:sandboxed_process0/u0i5 for webview_service com.excell44.educam.debug/org.chromium.content.app.SandboxedProcessService0
11-29 14:04:36.093 15922 15922 E dboxed_process: Not starting debugger since process cannot load the jdwp agent.
11-29 14:04:36.103  1043  1043 D BoundBrokerSvc: onBind: Intent { act=com.google.android.gms.safetynet.service.START pkg=com.google.android.gms }
11-29 14:04:36.103  1043  1043 D BoundBrokerSvc: Loading bound service for intent: Intent { act=com.google.android.gms.safetynet.service.START pkg=com.google.android.gms }
11-29 14:04:36.108   144   226 E TrafficController: Failed to set the counterSet: Bad file descriptor, fd: -1
11-29 14:04:36.123 15922 15922 I cr_ChildProcessService: Creating new ChildProcessService pid=15922
11-29 14:04:36.167 15801 15801 W 44.educam.debu: Accessing hidden method Landroid/view/textclassifier/logging/SmartSelectionEventTracker;-><init>(Landroid/content/Context;I)V (light greylist, reflection)
11-29 14:04:36.167 15801 15801 W 44.educam.debu: Accessing hidden method Landroid/view/textclassifier/logging/SmartSelectionEventTracker;->logEvent(Landroid/view/textclassifier/logging/SmartSelectionEventTracker$SelectionEvent;)V (light greylist, reflection)
11-29 14:04:36.167 15801 15801 W 44.educam.debu: Accessing hidden method Landroid/view/textclassifier/logging/SmartSelectionEventTracker$SelectionEvent;->selectionStarted(I)Landroid/view/textclassifier/logging/SmartSelectionEventTracker$SelectionEvent; (light greylist, reflection)
11-29 14:04:36.167 15801 15801 W 44.educam.debu: Accessing hidden method Landroid/view/textclassifier/logging/SmartSelectionEventTracker$SelectionEvent;->selectionModified(II)Landroid/view/textclassifier/logging/SmartSelectionEventTracker$SelectionEvent; (light greylist, reflection)
11-29 14:04:36.167 15801 15801 W 44.educam.debu: Accessing hidden method Landroid/view/textclassifier/logging/SmartSelectionEventTracker$SelectionEvent;->selectionModified(IILandroid/view/textclassifier/TextClassification;)Landroid/view/textclassifier/logging/SmartSelectionEventTracker$SelectionEvent; (light greylist, reflection)
11-29 14:04:36.167 15801 15801 W 44.educam.debu: Accessing hidden method Landroid/view/textclassifier/logging/SmartSelectionEventTracker$SelectionEvent;->selectionModified(IILandroid/view/textclassifier/TextSelection;)Landroid/view/textclassifier/logging/SmartSelectionEventTracker$SelectionEvent; (light greylist, reflection)
11-29 14:04:36.167 15801 15801 W 44.educam.debu: Accessing hidden method Landroid/view/textclassifier/logging/SmartSelectionEventTracker$SelectionEvent;->selectionAction(III)Landroid/view/textclassifier/logging/SmartSelectionEventTracker$SelectionEvent; (light greylist, reflection)
11-29 14:04:36.167 15801 15801 W 44.educam.debu: Accessing hidden method Landroid/view/textclassifier/logging/SmartSelectionEventTracker$SelectionEvent;->selectionAction(IIILandroid/view/textclassifier/TextClassification;)Landroid/view/textclassifier/logging/SmartSelectionEventTracker$SelectionEvent; (light greylist, reflection)
11-29 14:04:36.197 15801 15945 W cr_media: Requires BLUETOOTH permission
11-29 14:04:36.225 15801 15955 D         : HostConnection::get() New Host Connection established 0xcef9eb80, tid 15955
11-29 14:04:36.228 15801 15955 E EGL_adreno: [getAttribValue] Bad attribute idx
11-29 14:04:36.228 15801 15955 D EGL_adreno: eglGetConfigAttrib: bad attrib 0x3339
11-29 14:04:36.241 15801 15955 E EGL_adreno: CreateContext rcMajorVersion:3, minorVersion:2
11-29 14:04:36.255 15801 15955 D EGL_adreno: eglCreateContext: 0xcefbb660: maj 3 min 2 rcv 3
11-29 14:04:36.379 15801 15955 W VideoCapabilities: Unrecognized profile 4 for video/hevc
11-29 14:04:36.404 15801 15955 I VideoCapabilities: Unsupported profile 4 for video/mp4v-es
11-29 14:04:36.413 15801 15955 W cr_MediaCodecUtil: HW encoder for video/avc is not available on this device.
11-29 14:04:36.493 15801 15801 I Choreographer: Skipped 35 frames!  The application may be doing too much work on its main thread.
11-29 14:04:36.646 15922 15946 I cr_LibraryLoader: Time to load native libraries: 0 ms (timestamps 856-856)
11-29 14:04:36.648 15922 15946 I chromium: [INFO:library_loader_hooks.cc(36)] Chromium logging enabled: level = 0, default verbosity = 0
11-29 14:04:36.648 15922 15946 I cr_LibraryLoader: Expected native library version number "68.0.3440.70", actual native library version number "68.0.3440.70"
11-29 14:04:36.932 15801 15875 I OpenGLRenderer: Davey! duration=947ms; Flags=0, IntendedVsync=3710133469432, Vsync=3710716802742, OldestInputEvent=9223372036854775807, NewestInputEvent=0, HandleInputStart=3710718932804, AnimationStart=3710719004183, PerformTraversalsStart=3710728076072, DrawStart=3710728490350, SyncQueued=3710731234284, SyncStart=3710807889630, IssueDrawCommandsStart=3710808084299, SwapBuffers=3711155971576, FrameCompleted=3711158024126, DequeueBufferDuration=267000, QueueBufferDuration=553000, 
11-29 14:04:36.942   144   202 E Netd    : Failed to dump IPv4 sockets struct tcp_info: No such file or directory
11-29 14:04:36.942   144   202 E TcpSocketMonitor: Failed to poll TCP socket info: No such file or directory
11-29 14:04:36.991 15801 15955 E EGL_adreno: [getAttribValue] Bad attribute idx
11-29 14:04:36.991 15801 15955 D EGL_adreno: eglGetConfigAttrib: bad attrib 0x3339
11-29 14:04:37.013 15801 15955 E EGL_adreno: CreateContext rcMajorVersion:3, minorVersion:0
11-29 14:04:37.017 15801 15921 W cr_CrashFileManager: /data/user/0/com.excell44.educam.debug/cache/WebView/Crash Reports does not exist or is not a directory
11-29 14:04:37.028 15801 15955 D EGL_adreno: eglCreateContext: 0xcefbc1a0: maj 3 min 0 rcv 3
11-29 14:04:37.207 15801 15801 I chromium: [INFO:CONSOLE(11)] "Uncaught ReferenceError: renderMathInElement is not defined", source: about:blank (11)
11-29 14:04:37.504 15801 15866 D LeakCanary: Setting up flushing for Thread[Chrome_ProcessLauncherThread,5,main]
11-29 14:04:37.505 15801 15866 D LeakCanary: Setting up flushing for Thread[GoogleApiHandler,5,main]
11-29 14:04:37.505 15801 15866 D LeakCanary: Setting up flushing for Thread[ConnectivityThread,5,main]
11-29 14:04:38.945  1043  1043 D BoundBrokerSvc: onUnbind: Intent { act=com.google.android.gms.measurement.START pkg=com.google.android.gms }
11-29 14:04:39.268 15801 15862 D SessionLifecycleClient: Sending lifecycle 2 to service
11-29 14:04:39.268 15801 15876 D SessionLifecycleService: Activity backgrounding at 3713493
11-29 14:04:39.283   144   226 E TrafficController: Failed to set the counterSet: Bad file descriptor, fd: -1
11-29 14:04:39.285   948   948 D FirebaseSessions: App foregrounded on com.microvirt.launcher2
11-29 14:04:39.286   948   948 D AppLovinSdk: [SessionTracker] Application Resumed
11-29 14:04:39.290   948   948 I onReceive: mBindOnResumeCallbacks:0
11-29 14:04:39.303  1043  1043 D BoundBrokerSvc: onBind: Intent { act=com.google.android.gms.measurement.START pkg=com.google.android.gms }
11-29 14:04:39.303  1043  1043 D BoundBrokerSvc: Loading bound service for intent: Intent { act=com.google.android.gms.measurement.START pkg=com.google.android.gms }
11-29 14:04:39.310   948  1273 E EGL_adreno: [getAttribValue] Bad attribute idx
11-29 14:04:39.310   948  1273 D EGL_adreno: eglGetConfigAttrib: bad attrib 0x3339
11-29 14:04:39.310   167   882 D gralloc_gmin: gralloc_alloc: Creating ashmem region of size 2363392
11-29 14:04:39.332   948 15987 W System.err: java.net.UnknownHostException: Unable to resolve host "www.microvirt.com": No address associated with hostname
11-29 14:04:39.333   948 15987 W System.err: 	at java.net.Inet6AddressImpl.lookupHostByName(Inet6AddressImpl.java:157)
11-29 14:04:39.333   948 15987 W System.err: 	at java.net.Inet6AddressImpl.lookupAllHostAddr(Inet6AddressImpl.java:105)
11-29 14:04:39.333   948 15987 W System.err: 	at java.net.InetAddress.getAllByName(InetAddress.java:1154)
11-29 14:04:39.333   948 15987 W System.err: 	at okhttp3.Dns.lambda$static$0(Unknown Source:2)
11-29 14:04:39.333   948 15987 W System.err: 	at okhttp3.Dns.a(Unknown Source:0)
11-29 14:04:39.333   948 15987 W System.err: 	at okhttp3.c.lookup(Unknown Source:0)
11-29 14:04:39.333   948 15987 W System.err: 	at okhttp3.internal.connection.RouteSelector.resetNextInetSocketAddress(Unknown Source:129)
11-29 14:04:39.333   948 15987 W System.err: 	at okhttp3.internal.connection.RouteSelector.nextProxy(Unknown Source:20)
11-29 14:04:39.333   948 15987 W System.err: 	at okhttp3.internal.connection.RouteSelector.next(Unknown Source:17)
11-29 14:04:39.333   948 15987 W System.err: 	at okhttp3.internal.connection.ExchangeFinder.findConnection(Unknown Source:129)
11-29 14:04:39.333   948 15987 W System.err: 	at okhttp3.internal.connection.ExchangeFinder.findHealthyConnection(Unknown Source:0)
11-29 14:04:39.333   948 15987 W System.err: 	at okhttp3.internal.connection.ExchangeFinder.find(Unknown Source:22)
11-29 14:04:39.333   948 15987 W System.err: 	at okhttp3.internal.connection.Transmitter.newExchange(Unknown Source:16)
11-29 14:04:39.333   948 15987 W System.err: 	at okhttp3.internal.connection.ConnectInterceptor.intercept(Unknown Source:23)
11-29 14:04:39.333   948 15987 W System.err: 	at okhttp3.internal.http.RealInterceptorChain.proceed(SourceFile:10)
11-29 14:04:39.333   948 15987 W System.err: 	at okhttp3.internal.http.RealInterceptorChain.proceed(SourceFile:1)
11-29 14:04:39.333   948 15987 W System.err: 	at okhttp3.internal.cache.CacheInterceptor.intercept(Unknown Source:132)
11-29 14:04:39.333   948 15987 W System.err: 	at okhttp3.internal.http.RealInterceptorChain.proceed(SourceFile:10)
11-29 14:04:39.333   948 15987 W System.err: 	at okhttp3.internal.http.RealInterceptorChain.proceed(SourceFile:1)
11-29 14:04:39.333   948 15987 W System.err: 	at okhttp3.internal.http.BridgeInterceptor.intercept(Unknown Source:161)
11-29 14:04:39.333   948 15987 W System.err: 	at okhttp3.internal.http.RealInterceptorChain.proceed(SourceFile:10)
11-29 14:04:39.333   948 15987 W System.err: 	at okhttp3.internal.http.RetryAndFollowUpInterceptor.intercept(Unknown Source:23)
11-29 14:04:39.333   948 15987 W System.err: 	at okhttp3.internal.http.RealInterceptorChain.proceed(SourceFile:10)
11-29 14:04:39.333   948 15987 W System.err: 	at okhttp3.internal.http.RealInterceptorChain.proceed(SourceFile:1)
11-29 14:04:39.333   948 15987 W System.err: 	at p4.c$a.intercept(Unknown Source:99)
11-29 14:04:39.333   948 15987 W System.err: 	at okhttp3.internal.http.RealInterceptorChain.proceed(SourceFile:10)
11-29 14:04:39.333   948 15987 W System.err: 	at okhttp3.internal.http.RealInterceptorChain.proceed(SourceFile:1)
11-29 14:04:39.333   948 15987 W System.err: 	at okhttp3.RealCall.getResponseWithInterceptorChain(Unknown Source:120)
11-29 14:04:39.334   948 15987 W System.err: 	at okhttp3.RealCall.getResponseWithInterceptorChainP(Unknown Source:0)
11-29 14:04:39.334   948 15987 W System.err: 	at okhttp3.OkHttpOkHttp3Extension.okhttp3RealCall_getResponseWithInterceptorChain(OkHttpSourceFile:27)
11-29 14:04:39.334   948 15987 W System.err: 	at okhttp3.RealCall.execute(Unknown Source:28)
11-29 14:04:39.334   948 15987 W System.err: 	at retrofit2.OkHttpCall.execute(Unknown Source:20)
11-29 14:04:39.334   948 15987 W System.err: 	at retrofit2.DefaultCallAdapterFactory$ExecutorCallbackCall.execute(Unknown Source:2)
11-29 14:04:39.334   948 15987 W System.err: 	at p4.d.h(Unknown Source:22)
11-29 14:04:39.334   948 15987 W System.err: 	at com.microvirt.launcher.search.XYSearch.v(Unknown Source:0)
11-29 14:04:39.334   948 15987 W System.err: 	at com.microvirt.launcher.search.XYSearch.d(Unknown Source:0)
11-29 14:04:39.334   948 15987 W System.err: 	at u4.k.run(Unknown Source:2)
11-29 14:04:39.334   948 15987 W System.err: 	at java.lang.Thread.run(Thread.java:764)
11-29 14:04:39.334   948 15987 W System.err: Caused by: android.system.GaiException: android_getaddrinfo failed: EAI_NODATA (No address associated with hostname)
11-29 14:04:39.334   948 15987 W System.err: 	at libcore.io.Linux.android_getaddrinfo(Native Method)
11-29 14:04:39.334   948 15987 W System.err: 	at libcore.io.BlockGuardOs.android_getaddrinfo(BlockGuardOs.java:172)
11-29 14:04:39.334   948 15987 W System.err: 	at java.net.Inet6AddressImpl.lookupHostByName(Inet6AddressImpl.java:137)
11-29 14:04:39.334   948 15987 W System.err: 	... 37 more
11-29 14:04:39.343   948  1273 E EGL_adreno: tid 1273: eglSurfaceAttrib(1640): error 0x3009 (EGL_BAD_MATCH)
11-29 14:04:39.343   948  1273 W OpenGLRenderer: Failed to set EGL_SWAP_BEHAVIOR on surface 0xd381e100, error=EGL_BAD_MATCH
11-29 14:04:39.401   167   410 D gralloc_gmin: gralloc_alloc: Creating ashmem region of size 2363392
11-29 14:04:39.473   167   244 D gralloc_gmin: gralloc_alloc: Creating ashmem region of size 2363392
11-29 14:04:39.522  1083  1083 D BoundBrokerSvc: onUnbind: Intent { act=com.google.android.gms.phenotype.service.START cmp=com.google.android.gms/.chimera.PersistentApiService }
11-29 14:04:39.599   144   226 E TrafficController: Failed to delete the counterSet: Bad file descriptor
11-29 14:04:39.600   144   226 E TrafficController: Failed to delete the counterSet: Bad file descriptor
11-29 14:04:39.600   415   520 W NetworkManagementSocketTagger: setKernelCountSet(10091, 0) failed with errno -11
11-29 14:04:39.606   167   244 D gralloc_gmin: gralloc_alloc: Creating ashmem region of size 8192
11-29 14:04:39.609   948  1273 E EGL_adreno: [getAttribValue] Bad attribute idx
11-29 14:04:39.609   948  1273 D EGL_adreno: eglGetConfigAttrib: bad attrib 0x3339
11-29 14:04:39.610   167   244 D gralloc_gmin: gralloc_alloc: Creating ashmem region of size 8192
11-29 14:04:39.617   167   244 D gralloc_gmin: gralloc_alloc: Creating ashmem region of size 8192
11-29 14:04:39.637   948  1273 E EGL_adreno: tid 1273: eglSurfaceAttrib(1640): error 0x3009 (EGL_BAD_MATCH)
11-29 14:04:39.637   948  1273 W OpenGLRenderer: Failed to set EGL_SWAP_BEHAVIOR on surface 0xf337ac20, error=EGL_BAD_MATCH
11-29 14:04:39.729   415   979 I ConfigStore: android::hardware::configstore::V1_0::ISurfaceFlingerConfigs::hasWideColorDisplay retrieved: 0
11-29 14:04:39.729   415   979 I ConfigStore: android::hardware::configstore::V1_0::ISurfaceFlingerConfigs::hasHDRDisplay retrieved: 0
11-29 14:04:39.729   415   979 I OpenGLRenderer: Initialized EGL, version 1.4
11-29 14:04:39.729   415   979 D OpenGLRenderer: Swap behavior 1
11-29 14:04:39.730   415   979 E EGL_adreno: CreateContext rcMajorVersion:3, minorVersion:2
11-29 14:04:39.736 15801 15801 D NavigationViewModel: NavigationViewModel cleared
11-29 14:04:39.741 15801 15801 D LeakCanary: Watching instance of androidx.lifecycle.ReportFragment (androidx.lifecycle.ReportFragment received Fragment#onDestroy() callback) with key 1e3c95ec-dcd8-4912-b375-2d4e87f18467
11-29 14:04:39.743 15801 15801 D LeakCanary: Watching instance of com.excell44.educam.MainActivity (com.excell44.educam.MainActivity received Activity#onDestroy() callback) with key 027d2eee-4038-456c-8be1-58f7ca9f6999
11-29 14:04:39.749   415   979 D EGL_adreno: eglCreateContext: 0x7fab9e056960: maj 3 min 2 rcv 3
11-29 14:04:39.749   415   979 E EGL_adreno: [getAttribValue] Bad attribute idx
11-29 14:04:39.749   415   979 D EGL_adreno: eglGetConfigAttrib: bad attrib 0x3339
11-29 14:04:39.775   167   410 W SurfaceFlinger: Attempting to destroy on removed layer: AppWindowToken{3372a37 token=Token{8bacb36 ActivityRecord{4ba64d1 u0 com.excell44.educam.debug/com.excell44.educam.MainActivity t91}}}#0
11-29 14:04:39.869   948  1273 W OpenGLRenderer: Incorrectly called buildLayer on View: j2, destroying layer...
11-29 14:04:39.883   167   410 D gralloc_gmin: gralloc_alloc: Creating ashmem region of size 2363392
11-29 14:04:39.912  1083  2896 W NetworkScheduler: Error inserting period=2000 preferred_charging_state=1 preferred_network_type=1 target_class=com.google.android.gms.measurement.PackageMeasurementTaskService required_network_type=0 runtime=1764396279906 required_idleness_state=0 source=16 service_kind=0 target_package=com.google.android.gms persistence_level=1 source_version=220920000 last_runtime=0 user_id=0 job_id=-1 requires_charging=0 tag=Measurement.PackageMeasurementTaskService.UPLOAD_TASK_TAG flex_time=0 task_type=0 retry_strategy={"maximum_backoff_seconds":{"3600":0},"initial_backoff_seconds":{"30":0},"retry_policy":{"0":0}}, error message: UNIQUE constraint failed: pending_ops.tag, pending_ops.target_class, pending_ops.target_package, pending_ops.user_id (code 2067 SQLITE_CONSTRAINT_UNIQUE) [CONTEXT service_id=218 ]
11-29 14:04:39.929   565   565 W StaticLayout: maxLineHeight should not be -1.  maxLines:1 lineCount:1
11-29 14:04:39.929   565   565 W StaticLayout: maxLineHeight should not be -1.  maxLines:1 lineCount:1
11-29 14:04:40.431  1083  2896 W NetworkScheduler: Error inserting period=3620000 preferred_charging_state=1 preferred_network_type=1 target_class=com.google.android.gms.measurement.PackageMeasurementTaskService required_network_type=0 runtime=1764396280427 required_idleness_state=0 source=16 service_kind=0 target_package=com.google.android.gms persistence_level=1 source_version=220920000 last_runtime=0 user_id=0 job_id=-1 requires_charging=0 tag=Measurement.PackageMeasurementTaskService.UPLOAD_TASK_TAG flex_time=1809000 task_type=0 retry_strategy={"maximum_backoff_seconds":{"3600":0},"initial_backoff_seconds":{"30":0},"retry_policy":{"0":0}}, error message: UNIQUE constraint failed: pending_ops.tag, pending_ops.target_class, pending_ops.target_package, pending_ops.user_id (code 2067 SQLITE_CONSTRAINT_UNIQUE) [CONTEXT service_id=218 ]
11-29 14:04:41.445 15801 15845 I FA      : Application backgrounded at: timestamp_millis: 1764396279421
11-29 14:04:41.582   415  2764 I ActivityManager: START u0 {act=android.intent.action.MAIN cat=[android.intent.category.LAUNCHER] flg=0x10200000 cmp=com.excell44.educam.debug/com.excell44.educam.MainActivity bnds=[446,136][551,360]} from uid 10016
11-29 14:04:41.597   948   948 W Settings: Setting android_id has moved from android.provider.Settings.System to android.provider.Settings.Secure, returning read-only value.
11-29 14:04:41.604   948   948 D FirebaseSessions: App backgrounded on com.microvirt.launcher2
11-29 14:04:41.612 15801 15801 W ActivityThread: handleWindowVisibility: no activity for token android.os.BinderProxy@f05ae2d
11-29 14:04:41.626   167   410 D gralloc_gmin: gralloc_alloc: Creating ashmem region of size 2363392
11-29 14:04:41.631   144   226 E TrafficController: Failed to set the counterSet: Bad file descriptor, fd: -1
11-29 14:04:41.632   144   226 E TrafficController: Failed to set the counterSet: Bad file descriptor, fd: -1
11-29 14:04:41.686   167   244 D gralloc_gmin: gralloc_alloc: Creating ashmem region of size 2363392
11-29 14:04:41.695 15801 15857 D SessionLifecycleClient: Sending lifecycle 1 to service
11-29 14:04:41.695 15801 15876 D SessionLifecycleService: Activity foregrounding at 3715921.
11-29 14:04:41.795 15801 15801 D AuthViewModel: Init: isLoggedIn=true, guestAttempts=3
11-29 14:04:41.920  1083  2896 W NetworkScheduler: Error inserting period=18000 preferred_charging_state=1 preferred_network_type=1 target_class=com.google.android.gms.measurement.PackageMeasurementTaskService required_network_type=0 runtime=1764396281915 required_idleness_state=0 source=16 service_kind=0 target_package=com.google.android.gms persistence_level=1 source_version=220920000 last_runtime=0 user_id=0 job_id=-1 requires_charging=0 tag=Measurement.PackageMeasurementTaskService.UPLOAD_TASK_TAG flex_time=8000 task_type=0 retry_strategy={"maximum_backoff_seconds":{"3600":0},"initial_backoff_seconds":{"30":0},"retry_policy":{"0":0}}, error message: UNIQUE constraint failed: pending_ops.tag, pending_ops.target_class, pending_ops.target_package, pending_ops.user_id (code 2067 SQLITE_CONSTRAINT_UNIQUE) [CONTEXT service_id=218 ]
11-29 14:04:41.953   167   410 W SurfaceFlinger: Attempting to destroy on removed layer: 275493e Sys2038:com.microvirt.launcher2/com.microvirt.launcher.Launcher#0
11-29 14:04:42.059   167   244 D gralloc_gmin: gralloc_alloc: Creating ashmem region of size 2363392
11-29 14:04:42.060 15801 15875 E EGL_adreno: [getAttribValue] Bad attribute idx
11-29 14:04:42.061 15801 15875 D EGL_adreno: eglGetConfigAttrib: bad attrib 0x3339
11-29 14:04:42.082   167   244 D gralloc_gmin: gralloc_alloc: Creating ashmem region of size 2363392
11-29 14:04:42.112  1043  1049 I gle.android.gm: Compiler allocated 5MB to compile void apvi.R(com.google.android.gms.measurement.internal.EventParcel, com.google.android.gms.measurement.internal.AppMetadata)
11-29 14:04:42.114  1083  1327 W NetworkScheduler: Error inserting period=17000 preferred_charging_state=1 preferred_network_type=1 target_class=com.google.android.gms.measurement.PackageMeasurementTaskService required_network_type=0 runtime=1764396282106 required_idleness_state=0 source=16 service_kind=0 target_package=com.google.android.gms persistence_level=1 source_version=220920000 last_runtime=0 user_id=0 job_id=-1 requires_charging=0 tag=Measurement.PackageMeasurementTaskService.UPLOAD_TASK_TAG flex_time=8000 task_type=0 retry_strategy={"maximum_backoff_seconds":{"3600":0},"initial_backoff_seconds":{"30":0},"retry_policy":{"0":0}}, error message: UNIQUE constraint failed: pending_ops.tag, pending_ops.target_class, pending_ops.target_package, pending_ops.user_id (code 2067 SQLITE_CONSTRAINT_UNIQUE) [CONTEXT service_id=218 ]
11-29 14:04:42.123   167   244 D gralloc_gmin: gralloc_alloc: Creating ashmem region of size 2363392
11-29 14:04:42.159 15801 15875 E EGL_adreno: tid 15875: eglSurfaceAttrib(1640): error 0x3009 (EGL_BAD_MATCH)
11-29 14:04:42.159 15801 15875 W OpenGLRenderer: Failed to set EGL_SWAP_BEHAVIOR on surface 0xf3379120, error=EGL_BAD_MATCH
11-29 14:04:42.165 15801 15813 I 44.educam.debu: Background concurrent copying GC freed 41515(2MB) AllocSpace objects, 21(832KB) LOS objects, 50% free, 5MB/10MB, paused 8.623ms total 194.847ms
11-29 14:04:42.182 15801 15801 D StrictMode: StrictMode policy violation; ~duration=394 ms: android.os.strictmode.DiskReadViolation
11-29 14:04:42.182 15801 15801 D StrictMode: 	at android.os.StrictMode$AndroidBlockGuardPolicy.onReadFromDisk(StrictMode.java:1504)
11-29 14:04:42.182 15801 15801 D StrictMode: 	at java.io.UnixFileSystem.checkAccess(UnixFileSystem.java:251)
11-29 14:04:42.182 15801 15801 D StrictMode: 	at java.io.File.exists(File.java:815)
11-29 14:04:42.182 15801 15801 D StrictMode: 	at android.app.ContextImpl.getDataDir(ContextImpl.java:2253)
11-29 14:04:42.182 15801 15801 D StrictMode: 	at android.app.ContextImpl.getPreferencesDir(ContextImpl.java:550)
11-29 14:04:42.182 15801 15801 D StrictMode: 	at android.app.ContextImpl.getSharedPreferencesPath(ContextImpl.java:747)
11-29 14:04:42.182 15801 15801 D StrictMode: 	at android.app.ContextImpl.getSharedPreferences(ContextImpl.java:400)
11-29 14:04:42.182 15801 15801 D StrictMode: 	at android.content.ContextWrapper.getSharedPreferences(ContextWrapper.java:174)
11-29 14:04:42.182 15801 15801 D StrictMode: 	at com.excell44.educam.MainActivity$onCreate$1.invoke(MainActivity.kt:35)
11-29 14:04:42.182 15801 15801 D StrictMode: 	at com.excell44.educam.MainActivity$onCreate$1.invoke(MainActivity.kt:33)
11-29 14:04:42.182 15801 15801 D StrictMode: 	at androidx.compose.runtime.internal.ComposableLambdaImpl.invoke(ComposableLambda.kt:121)
11-29 14:04:42.182 15801 15801 D StrictMode: 	at androidx.compose.runtime.internal.ComposableLambdaImpl.invoke(ComposableLambda.kt:51)
11-29 14:04:42.182 15801 15801 D StrictMode: 	at androidx.compose.ui.platform.ComposeView.Content(ComposeView.android.kt:431)
11-29 14:04:42.182 15801 15801 D StrictMode: 	at androidx.compose.ui.platform.AbstractComposeView$ensureCompositionCreated$1.invoke(ComposeView.android.kt:250)
11-29 14:04:42.182 15801 15801 D StrictMode: 	at androidx.compose.ui.platform.AbstractComposeView$ensureCompositionCreated$1.invoke(ComposeView.android.kt:250)
11-29 14:04:42.182 15801 15801 D StrictMode: 	at androidx.compose.runtime.internal.ComposableLambdaImpl.invoke(ComposableLambda.kt:121)
11-29 14:04:42.182 15801 15801 D StrictMode: 	at androidx.compose.runtime.internal.ComposableLambdaImpl.invoke(ComposableLambda.kt:51)
11-29 14:04:42.182 15801 15801 D StrictMode: 	at androidx.compose.runtime.CompositionLocalKt.CompositionLocalProvider(CompositionLocal.kt:370)
11-29 14:04:42.182 15801 15801 D StrictMode: 	at androidx.compose.ui.platform.CompositionLocalsKt.ProvideCommonCompositionLocals(CompositionLocals.kt:216)
11-29 14:04:42.182 15801 15801 D StrictMode: 	at androidx.compose.ui.platform.AndroidCompositionLocals_androidKt$ProvideAndroidCompositionLocals$3.invoke(AndroidCompositionLocals.android.kt:145)
11-29 14:04:42.182 15801 15801 D StrictMode: 	at androidx.compose.ui.platform.AndroidCompositionLocals_androidKt$ProvideAndroidCompositionLocals$3.invoke(AndroidCompositionLocals.android.kt:144)
11-29 14:04:42.182 15801 15801 D StrictMode: 	at androidx.compose.runtime.internal.ComposableLambdaImpl.invoke(ComposableLambda.kt:121)
11-29 14:04:42.182 15801 15801 D StrictMode: 	at androidx.compose.runtime.internal.ComposableLambdaImpl.invoke(ComposableLambda.kt:51)
11-29 14:04:42.182 15801 15801 D StrictMode: 	at androidx.compose.runtime.CompositionLocalKt.CompositionLocalProvider(CompositionLocal.kt:370)
11-29 14:04:42.182 15801 15801 D StrictMode: 	at androidx.compose.ui.platform.AndroidCompositionLocals_androidKt.ProvideAndroidCompositionLocals(AndroidCompositionLocals.android.kt:133)
11-29 14:04:42.182 15801 15801 D StrictMode: 	at androidx.compose.ui.platform.WrappedComposition$setContent$1$1$3.invoke(Wrapper.android.kt:140)
11-29 14:04:42.182 15801 15801 D StrictMode: 	at androidx.compose.ui.platform.WrappedComposition$setContent$1$1$3.invoke(Wrapper.android.kt:139)
11-29 14:04:42.182 15801 15801 D StrictMode: 	at androidx.compose.runtime.internal.ComposableLambdaImpl.invoke(ComposableLambda.kt:121)
11-29 14:04:42.182 15801 15801 D StrictMode: 	at androidx.compose.runtime.internal.ComposableLambdaImpl.invoke(ComposableLambda.kt:51)
11-29 14:04:42.182 15801 15801 D StrictMode: 	at androidx.compose.runtime.CompositionLocalKt.CompositionLocalProvider(CompositionLocal.kt:390)
11-29 14:04:42.182 15801 15801 D StrictMode: 	at androidx.compose.ui.platform.WrappedComposition$setContent$1$1.invoke(Wrapper.android.kt:139)
11-29 14:04:42.182 15801 15801 D StrictMode: 	at androidx.compose.ui.platform.WrappedComposition$setContent$1$1.invoke(Wrapper.android.kt:123)
11-29 14:04:42.182 15801 15801 D StrictMode: 	at androidx.compose.runtime.internal.ComposableLambdaImpl.invoke(ComposableLambda.kt:121)
11-29 14:04:42.182 15801 15801 D StrictMode: 	at androidx.compose.runtime.internal.ComposableLambdaImpl.invoke(ComposableLambda.kt:51)
11-29 14:04:42.182 15801 15801 D StrictMode: 	at androidx.compose.runtime.internal.Expect_jvmKt.invokeComposable(Expect.jvm.kt:24)
11-29 14:04:42.182 15801 15801 D StrictMode: 	at androidx.compose.runtime.ComposerImpl.doCompose-aFTiNEg(Composer.kt:3843)
11-29 14:04:42.182 15801 15801 D StrictMode: 	at androidx.compose.runtime.ComposerImpl.composeContent--ZbOJvo$runtime(Composer.kt:3747)
11-29 14:04:42.182 15801 15801 D StrictMode: 	at androidx.compose.runtime.CompositionImpl.composeContent(Composition.kt:832)
11-29 14:04:42.182 15801 15801 D StrictMode: 	at androidx.compose.runtime.Recomposer.composeInitial$runtime(Recomposer.kt:1234)
11-29 14:04:42.182 15801 15801 D StrictMode: 	at androidx.compose.runtime.CompositionImpl.composeInitial(Composition.kt:672)
11-29 14:04:42.182 15801 15801 D StrictMode: 	at androidx.compose.runtime.CompositionImpl.setContent(Composition.kt:639)
11-29 14:04:42.182 15801 15801 D StrictMode: 	at androidx.compose.ui.platform.WrappedComposition$setContent$1.invoke(Wrapper.android.kt:123)
11-29 14:04:42.182 15801 15801 D StrictMode: 	at androidx.compose.ui.platform.WrappedComposition$setContent$1.invoke(Wrapper.android.kt:114)
11-29 14:04:42.182 15801 15801 D StrictMode: 	at androidx.compose.ui.platform.AndroidComposeV
11-29 14:04:42.189 15801 15801 D StrictMode: StrictMode policy violation; ~duration=393 ms: android.os.strictmode.DiskReadViolation
11-29 14:04:42.189 15801 15801 D StrictMode: 	at android.os.StrictMode$AndroidBlockGuardPolicy.onReadFromDisk(StrictMode.java:1504)
11-29 14:04:42.189 15801 15801 D StrictMode: 	at java.io.UnixFileSystem.checkAccess(UnixFileSystem.java:251)
11-29 14:04:42.189 15801 15801 D StrictMode: 	at java.io.File.exists(File.java:815)
11-29 14:04:42.189 15801 15801 D StrictMode: 	at android.app.ContextImpl.ensurePrivateDirExists(ContextImpl.java:605)
11-29 14:04:42.189 15801 15801 D StrictMode: 	at android.app.ContextImpl.ensurePrivateDirExists(ContextImpl.java:596)
11-29 14:04:42.189 15801 15801 D StrictMode: 	at android.app.ContextImpl.getPreferencesDir(ContextImpl.java:552)
11-29 14:04:42.189 15801 15801 D StrictMode: 	at android.app.ContextImpl.getSharedPreferencesPath(ContextImpl.java:747)
11-29 14:04:42.189 15801 15801 D StrictMode: 	at android.app.ContextImpl.getSharedPreferences(ContextImpl.java:400)
11-29 14:04:42.189 15801 15801 D StrictMode: 	at android.content.ContextWrapper.getSharedPreferences(ContextWrapper.java:174)
11-29 14:04:42.189 15801 15801 D StrictMode: 	at com.excell44.educam.MainActivity$onCreate$1.invoke(MainActivity.kt:35)
11-29 14:04:42.189 15801 15801 D StrictMode: 	at com.excell44.educam.MainActivity$onCreate$1.invoke(MainActivity.kt:33)
11-29 14:04:42.189 15801 15801 D StrictMode: 	at androidx.compose.runtime.internal.ComposableLambdaImpl.invoke(ComposableLambda.kt:121)
11-29 14:04:42.189 15801 15801 D StrictMode: 	at androidx.compose.runtime.internal.ComposableLambdaImpl.invoke(ComposableLambda.kt:51)
11-29 14:04:42.189 15801 15801 D StrictMode: 	at androidx.compose.ui.platform.ComposeView.Content(ComposeView.android.kt:431)
11-29 14:04:42.189 15801 15801 D StrictMode: 	at androidx.compose.ui.platform.AbstractComposeView$ensureCompositionCreated$1.invoke(ComposeView.android.kt:250)
11-29 14:04:42.189 15801 15801 D StrictMode: 	at androidx.compose.ui.platform.AbstractComposeView$ensureCompositionCreated$1.invoke(ComposeView.android.kt:250)
11-29 14:04:42.189 15801 15801 D StrictMode: 	at androidx.compose.runtime.internal.ComposableLambdaImpl.invoke(ComposableLambda.kt:121)
11-29 14:04:42.189 15801 15801 D StrictMode: 	at androidx.compose.runtime.internal.ComposableLambdaImpl.invoke(ComposableLambda.kt:51)
11-29 14:04:42.189 15801 15801 D StrictMode: 	at androidx.compose.runtime.CompositionLocalKt.CompositionLocalProvider(CompositionLocal.kt:370)
11-29 14:04:42.189 15801 15801 D StrictMode: 	at androidx.compose.ui.platform.CompositionLocalsKt.ProvideCommonCompositionLocals(CompositionLocals.kt:216)
11-29 14:04:42.189 15801 15801 D StrictMode: 	at androidx.compose.ui.platform.AndroidCompositionLocals_androidKt$ProvideAndroidCompositionLocals$3.invoke(AndroidCompositionLocals.android.kt:145)
11-29 14:04:42.189 15801 15801 D StrictMode: 	at androidx.compose.ui.platform.AndroidCompositionLocals_androidKt$ProvideAndroidCompositionLocals$3.invoke(AndroidCompositionLocals.android.kt:144)
11-29 14:04:42.189 15801 15801 D StrictMode: 	at androidx.compose.runtime.internal.ComposableLambdaImpl.invoke(ComposableLambda.kt:121)
11-29 14:04:42.189 15801 15801 D StrictMode: 	at androidx.compose.runtime.internal.ComposableLambdaImpl.invoke(ComposableLambda.kt:51)
11-29 14:04:42.189 15801 15801 D StrictMode: 	at androidx.compose.runtime.CompositionLocalKt.CompositionLocalProvider(CompositionLocal.kt:370)
11-29 14:04:42.189 15801 15801 D StrictMode: 	at androidx.compose.ui.platform.AndroidCompositionLocals_androidKt.ProvideAndroidCompositionLocals(AndroidCompositionLocals.android.kt:133)
11-29 14:04:42.189 15801 15801 D StrictMode: 	at androidx.compose.ui.platform.WrappedComposition$setContent$1$1$3.invoke(Wrapper.android.kt:140)
11-29 14:04:42.189 15801 15801 D StrictMode: 	at androidx.compose.ui.platform.WrappedComposition$setContent$1$1$3.invoke(Wrapper.android.kt:139)
11-29 14:04:42.189 15801 15801 D StrictMode: 	at androidx.compose.runtime.internal.ComposableLambdaImpl.invoke(ComposableLambda.kt:121)
11-29 14:04:42.189 15801 15801 D StrictMode: 	at androidx.compose.runtime.internal.ComposableLambdaImpl.invoke(ComposableLambda.kt:51)
11-29 14:04:42.189 15801 15801 D StrictMode: 	at androidx.compose.runtime.CompositionLocalKt.CompositionLocalProvider(CompositionLocal.kt:390)
11-29 14:04:42.189 15801 15801 D StrictMode: 	at androidx.compose.ui.platform.WrappedComposition$setContent$1$1.invoke(Wrapper.android.kt:139)
11-29 14:04:42.189 15801 15801 D StrictMode: 	at androidx.compose.ui.platform.WrappedComposition$setContent$1$1.invoke(Wrapper.android.kt:123)
11-29 14:04:42.189 15801 15801 D StrictMode: 	at androidx.compose.runtime.internal.ComposableLambdaImpl.invoke(ComposableLambda.kt:121)
11-29 14:04:42.189 15801 15801 D StrictMode: 	at androidx.compose.runtime.internal.ComposableLambdaImpl.invoke(ComposableLambda.kt:51)
11-29 14:04:42.189 15801 15801 D StrictMode: 	at androidx.compose.runtime.internal.Expect_jvmKt.invokeComposable(Expect.jvm.kt:24)
11-29 14:04:42.189 15801 15801 D StrictMode: 	at androidx.compose.runtime.ComposerImpl.doCompose-aFTiNEg(Composer.kt:3843)
11-29 14:04:42.189 15801 15801 D StrictMode: 	at androidx.compose.runtime.ComposerImpl.composeContent--ZbOJvo$runtime(Composer.kt:3747)
11-29 14:04:42.189 15801 15801 D StrictMode: 	at androidx.compose.runtime.CompositionImpl.composeContent(Composition.kt:832)
11-29 14:04:42.189 15801 15801 D StrictMode: 	at androidx.compose.runtime.Recomposer.composeInitial$runtime(Recomposer.kt:1234)
11-29 14:04:42.189 15801 15801 D StrictMode: 	at androidx.compose.runtime.CompositionImpl.composeInitial(Composition.kt:672)
11-29 14:04:42.189 15801 15801 D StrictMode: 	at androidx.compose.runtime.CompositionImpl.setContent(Composition.kt:639)
11-29 14:04:42.189 15801 15801 D StrictMode: 	at androidx.compose.ui.platform.WrappedComposition$setContent$1.invoke(Wrapper.android.kt:123)
11-29 14:04:42.189 15801 15801 D StrictMode: 	at androidx.compose.ui.platform.WrappedComposition$setConte
11-29 14:04:42.192 15801 15801 D MainActivity: Start Destination: home (isLoggedIn=true)
11-29 14:04:42.192 15801 15801 D NavigationViewModel: NavController attached
11-29 14:04:42.255   415   437 I ActivityManager: Displayed com.excell44.educam.debug/com.excell44.educam.MainActivity: +635ms
11-29 14:04:42.272   144   226 E TrafficController: Failed to delete the counterSet: Bad file descriptor
11-29 14:04:42.312   415   432 W libprocessgroup: Failed to open process cgroup uid 99005 pid 15922: No such file or directory
11-29 14:04:42.312   415  2693 I ActivityManager: Process com.android.chrome:sandboxed_process0 (pid 15922) has died: cch  CACC
11-29 14:04:42.312   415   432 E libprocessgroup: Error encountered killing process cgroup uid 99005 pid 15922: No such file or directory
11-29 14:04:42.312   415  2693 W ActivityManager: Scheduling restart of crashed service com.excell44.educam.debug/org.chromium.content.app.SandboxedProcessService0 in 1000ms
11-29 14:04:42.313   415   433 E KernelUidCpuTimeReader: Failed to read uid_cputime: /proc/uid_cputime/show_uid_stat (No such file or directory)
11-29 14:04:42.313   415   433 E KernelCpuSpeedReader: Failed to read cpu-freq: /sys/devices/system/cpu/cpu0/cpufreq/stats/time_in_state (No such file or directory)
11-29 14:04:42.313   621   621 I Zygote  : Process 15922 exited cleanly (0)
11-29 14:04:42.314   415   433 E KernelWakelockReader: neither /proc/wakelocks nor /d/wakeup_sources exists
11-29 14:04:42.315   415   433 W BatteryStatsImpl: Couldn't get kernel wake lock stats
11-29 14:04:42.315   415   433 D KernelUidCpuTimeReader: Removing uids 10090-10090
11-29 14:04:42.316   415   433 E KernelUidCpuTimeReader: failed to remove uids 10090 - 10090 from uid_cputime module
11-29 14:04:42.316   415   433 E KernelUidCpuTimeReader: java.io.FileNotFoundException: /proc/uid_cputime/remove_uid_range (No such file or directory)
11-29 14:04:42.316   415   433 E KernelUidCpuTimeReader: 	at java.io.FileOutputStream.open0(Native Method)
11-29 14:04:42.316   415   433 E KernelUidCpuTimeReader: 	at java.io.FileOutputStream.open(FileOutputStream.java:308)
11-29 14:04:42.316   415   433 E KernelUidCpuTimeReader: 	at java.io.FileOutputStream.<init>(FileOutputStream.java:238)
11-29 14:04:42.316   415   433 E KernelUidCpuTimeReader: 	at java.io.FileOutputStream.<init>(FileOutputStream.java:119)
11-29 14:04:42.316   415   433 E KernelUidCpuTimeReader: 	at java.io.FileWriter.<init>(FileWriter.java:63)
11-29 14:04:42.316   415   433 E KernelUidCpuTimeReader: 	at com.android.internal.os.KernelUidCpuTimeReader.removeUidsFromKernelModule(KernelUidCpuTimeReader.java:203)
11-29 14:04:42.316   415   433 E KernelUidCpuTimeReader: 	at com.android.internal.os.KernelUidCpuTimeReader.removeUid(KernelUidCpuTimeReader.java:174)
11-29 14:04:42.316   415   433 E KernelUidCpuTimeReader: 	at com.android.internal.os.BatteryStatsImpl$UidToRemove.remove(BatteryStatsImpl.java:291)
11-29 14:04:42.316   415   433 E KernelUidCpuTimeReader: 	at com.android.internal.os.BatteryStatsImpl.clearPendingRemovedUids(BatteryStatsImpl.java:457)
11-29 14:04:42.316   415   433 E KernelUidCpuTimeReader: 	at com.android.server.am.BatteryExternalStatsWorker$1.run(BatteryExternalStatsWorker.java:372)
11-29 14:04:42.316   415   433 E KernelUidCpuTimeReader: 	at java.util.concurrent.Executors$RunnableAdapter.call(Executors.java:458)
11-29 14:04:42.316   415   433 E KernelUidCpuTimeReader: 	at java.util.concurrent.FutureTask.run(FutureTask.java:266)
11-29 14:04:42.316   415   433 E KernelUidCpuTimeReader: 	at java.util.concurrent.ScheduledThreadPoolExecutor$ScheduledFutureTask.run(ScheduledThreadPoolExecutor.java:301)
11-29 14:04:42.316   415   433 E KernelUidCpuTimeReader: 	at java.util.concurrent.ThreadPoolExecutor.runWorker(ThreadPoolExecutor.java:1167)
11-29 14:04:42.316   415   433 E KernelUidCpuTimeReader: 	at java.util.concurrent.ThreadPoolExecutor$Worker.run(ThreadPoolExecutor.java:641)
11-29 14:04:42.316   415   433 E KernelUidCpuTimeReader: 	at java.lang.Thread.run(Thread.java:764)
11-29 14:04:42.325   415   429 W BroadcastQueue: Background execution not allowed: receiving Intent { act=android.intent.action.DROPBOX_ENTRY_ADDED flg=0x10 (has extras) } to com.google.android.gms/.stats.service.DropBoxEntryAddedReceiver
11-29 14:04:42.335 15801 15920 W cr_ChildProcessConn: onServiceDisconnected (crash or killed by oom): pid=15922
11-29 14:04:42.347   167   244 W SurfaceFlinger: Attempting to set client state on removed layer: Splash Screen com.excell44.educam.debug#0
11-29 14:04:42.347   167   244 W SurfaceFlinger: Attempting to destroy on removed layer: Splash Screen com.excell44.educam.debug#0
