11-28 12:27:31.298   766   766 I SurfaceFlinger: operator()(), mtkRenderCntDebug 1149, screenshot (com.excell44.educam.debug/com.excell44.educam.MainActivity$_14731#19000)
11-28 12:27:31.298   766   766 I Layer   : id=19004 Destroyed Screenshot Parent#19004
11-28 12:27:31.301  1091  1187 D AALLightSensor: AALLightSensor Disabled ret=0
11-28 12:27:31.301  1091  1187 D AAL     : EventTriggerSetting: [EvtTrigger] Screen off
11-28 12:27:31.301  1091  1187 D AAL     : LABC: LABC after setTarget isSmoothBacklight=1 
11-28 12:27:31.305  1341  1370 D DisplayPowerController[0]: [api] WindowManagerPolicy.ScreenOffListener : called onScreenOff()
11-28 12:27:31.305  1341  1404 D ActivityTaskManager: Top Process State changed to PROCESS_STATE_TOP_SLEEPING
11-28 12:27:31.306  1091  1187 D AAL     : EventTriggerSetting: [EvtTrigger] Screen off
11-28 12:27:31.306  1091  1187 D AAL     : 11-28 12:27:31.302 BL=   0,ESS= 256, 
11-28 12:27:31.310  1737  1862 D MobileStatusTracker(1/4): onSignalStrengthsChanged level=3, vendorLevel=2
11-28 12:27:31.312  1737  1862 D MobileSignalController(1/4): notifyListener: enabled=true, connected=true, dataConnected=false, networkType=LTE (4G), emergencyOnly=false, roaming=false, isDefault=false, dataActivity=inout, level=2, ca=false, mmWave=false, disabledDataIcon=false, simCard=ETC
11-28 12:27:31.312  1737  1862 D NetworkController: SignalStrength from intent slotId=1
11-28 12:27:31.313  1341  1404 D ActivityTaskManager: scheduleTopResumedActivityChanged, onTop=false r=ActivityRecord{7aeff7 u0 com.excell44.educam.debug/com.excell44.educam.MainActivity} t350} caller=com.android.server.wm.ActivityTaskSupervisor.updateTopResumedActivityIfNeeded:2508 com.android.server.wm.TaskFragment.setResumedActivity:493 com.android.server.wm.TaskFragment.onActivityStateChanged:790 com.android.server.wm.ActivityRecord.setState:6403 com.android.server.wm.TaskFragment.startPausing:1880 com.android.server.wm.TaskFragment.startPausing:1817 
11-28 12:27:31.315  1341  1404 V KeyguardServiceDelegate: onScreenTurnedOff()
11-28 12:27:31.315  1341  1368 I WindowOrientationListener: WindowOrientationListener disabled
11-28 12:27:31.315  1737 17355 D KeyguardViewMediator: onScreenTurnedOff
11-28 12:27:31.316  1341  1368 D SensorService: Calling activate off 1600221811
11-28 12:27:31.316  1341  1368 D SensorService: [SO] activate (ident=0xb400007dad673500, enabled=0)
11-28 12:27:31.316  1341  1404 E Surface : freeAllBuffers: 1 buffers were freed while being dequeued!
11-28 12:27:31.316  1341  1368 D SensorManager: unregisterListener :: com.android.server.wm.WindowOrientationListener$OrientationSensorJudge@6ef647a
11-28 12:27:31.318  1341  1404 E Surface : getSlotFromBufferLocked: unknown buffer: 0xb400007d9e6da480
11-28 12:27:31.318  1341  1404 E IMGSRV  : :795: QueueCancelBufferWrapper: Failed to cancel buffer 0xb400007d1433c110 (-22)
11-28 12:27:31.319  1341  1404 D DisplayPowerController[0]: Animating brightness: target=10(0.04), rate=0,000, rateAtHbm=0,000, reason=screen_off[0] -> low_pwr[9]
11-28 12:27:31.321  1341  1404 D DisplayPowerController[0]: saveBrightnessInfo: brt:0.42745098 adjBrt:0.039215688 min:0.039215688 max:1.0 hbm:0 tp:Infinity throttler:0
11-28 12:27:31.322  1341  1404 V DisplayPowerController[0]: Brightness [0.03529412] reason changing to: 'screen_off [ low_pwr ]', previous reason: 'manual [ low_pwr ]'.
11-28 12:27:31.322  1737  1737 D SecLifecycle: screenState=0
11-28 12:27:31.322  1341  1404 I DisplayPowerController[0]: BrightnessEvent: disp=0, brt=0.03529412, rcmdBrt=NaN, preBrt=NaN, lux=0.0, preLux=0.0, hbmMax=1.0, hbmMode=off, thrmMax=1.0, flags=, reason=screen_off [ low_pwr ]
11-28 12:27:31.322  1341  1404 D DisplayPowerController[0]: animateScreenStateChange: target=1, mLogicalDisplay.isEnabled()=true
11-28 12:27:31.322  1341  1675 D DisplayManagerService: !@display_state requestDisplayStateInternal: ON -> OFF displayId=0
11-28 12:27:31.322  1091  1187 D AAL     : EventTriggerSetting: [EvtTrigger] Screen off
11-28 12:27:31.322  1341  1675 D SemInputDeviceManagerService: currentDisplayState[1]:ON(2)
11-28 12:27:31.322  1341  1675 D SemInputDeviceManagerService: EARLY: Logical: OFF(1) Physical: OFF(1) [Using: OFF(1)] displayType: 1
11-28 12:27:31.323  1341  1675 D LocalDisplayAdapter: notifyStateChangeStart: com.samsung.android.hardware.secinputdev.SemInputDeviceManagerService$8@48e53a3 took 0 ms
11-28 12:27:31.323  1341  1675 D LocalDisplayAdapter: !@display_state: ON -> OFF (id:0)
11-28 12:27:31.323  1341  1370 I ActivityManager: Changes in 10399 2 to 12, 15 to 0
11-28 12:27:31.323   766   766 D SurfaceFlinger: Setting power mode 0 on display 0
11-28 12:27:31.323   738   839 I hwcomposer: [HWCDisplay] Display(0) SetPowerMode(0)  
11-28 12:27:31.325  1341  2206 V WindowManager: Changing focus from Window{5b0207e u0 com.excell44.educam.debug/com.excell44.educam.MainActivity} to null displayId=0 Callers=com.android.server.wm.RootWindowContainer.updateFocusedWindowLocked:595 com.android.server.wm.WindowManagerService.updateFocusedWindowLocked:6803 com.android.server.wm.ActivityRecord.commitVisibility:6215 com.android.server.wm.ActivityRecord.commitVisibility:6226 
11-28 12:27:31.325  1341  2206 D MARsPolicyManager: onPackageResumedFG pkgName = com.excell44.educam.debug, userId = 0
11-28 12:27:31.325  8930 15097 I TouchInteractionService: onActiveNavBarRegionChanges, region : SkRegion((0,1504,258,1600)(259,1504,460,1600)(461,1504,640,1600))
11-28 12:27:31.326  1737  1737 V Navbar.Store: ----handleEvent(0) OnUpdateRemoteViewContainer(leftContainer=android.widget.LinearLayout{144c7f I.E...... ......I. 0,0-79,96 #7f0b04f6 app:id/left_remoteview}, rightContainer=android.widget.LinearLayout{12d744c I.E...... ......I. 641,0-720,96 #7f0b07aa app:id/right_remoteview}, contextualButtonVisible=false, darkIntensity=1.0) [Module] SamsungNavigationBarView
11-28 12:27:31.326  1737  1737 V Navbar.Store: ------[Band]REMOTE_VIEW_PACK_SET_REMOTEVIEW_CONTAINER
11-28 12:27:31.326  1737  1737 V Navbar.Store: --------apply(0) UpdateRemoteViewContainer
11-28 12:27:31.326  1737  1737 V Navbar.Store: --------apply(0) UpdateRemoteViewDarkIntensity
11-28 12:27:31.326  1341  2206 D StatusBarManagerService: notifyRequestedSystemKey recent=false home=false
11-28 12:27:31.327  1341  2206 V WindowManager: Setting visibility of Window{5b0207e u0 com.excell44.educam.debug/com.excell44.educam.MainActivity}: false, caller=com.android.server.wm.WindowContainer.sendAppVisibilityToClients:1246 com.android.server.wm.WindowToken.setClientVisible:431 com.android.server.wm.ActivityRecord.setClientVisible:7689 com.android.server.wm.ActivityRecord.onAnimationFinished:8588 com.android.server.wm.ActivityRecord.postApplyAnimation:6250 
11-28 12:27:31.327  1737  1737 V Navbar.Store: handleEvent(0) OnUpdateSysUiStateFlag(noArguments=true) [Module] SamsungNavigationBarView
11-28 12:27:31.327  1737  1737 V Navbar.Store: --[Band]GESTURE_PACK_UPDATE_SYSTEMUI_STATE_FLAG
11-28 12:27:31.327  8930 15097 I TouchInteractionService: onActiveNavBarRegionChanges, region : SkRegion((0,1504,258,1600)(259,1504,460,1600)(461,1504,640,1600))
11-28 12:27:31.327  1737  1737 V Navbar.Store: --[Band] (afterAction) GESTURE_PACK_UPDATE_SYSTEMUI_STATE_FLAG
11-28 12:27:31.329  1341  2206 D RestrictionPolicy: isScreenCaptureEnabled : ret=true userId=0
11-28 12:27:31.329  1341  1389 D BatteryExternalStatsWorker: Update CPU state
11-28 12:27:31.329  1341  1389 D BatteryExternalStatsWorker: mStats lock released
11-28 12:27:31.329  1341  1389 D BatteryExternalStatsWorker: done updateExternalStatsLocked
11-28 12:27:31.330  1341  2206 D WindowManagerServiceExt: notifyOccludeChangeNotice: reset caller=com.android.server.wm.WindowManagerServiceExt.updateOccludeTargetIfNeeded:1402 com.android.server.wm.DisplayContent.ensureActivitiesVisible:7518 com.android.server.wm.RootWindowContainer.ensureActivitiesVisible:2248 com.android.server.wm.RootWindowContainer.ensureActivitiesVisible:2229 com.android.server.wm.TaskFragment.completePause:2076 
11-28 12:27:31.331  1341  1370 D SGM:FgCheckThread: notePauseComponent(), received pkgName: com.excell44.educam.debug, userId: 0
11-28 12:27:31.335 14731 14731 I ViewRootImpl@4a720a7[MainActivity]: handleAppVisibility mAppVisible = true visible = false
11-28 12:27:31.338  1341  1370 I DisplayDeviceRepository: Display device changed state: "cran intgr", OFF
11-28 12:27:31.339  1091  1187 D AAL     : EventTriggerSetting: [EvtTrigger] Screen off
11-28 12:27:31.341  1341  1341 D BrightnessSynchronizer: onDisplayChanged() : displayId=0
11-28 12:27:31.341  1341  1341 D BrightnessSynchronizer: updateScreenBrightness: type=2 mPreferredSettingValue=0.42745098(109) currentBrightnessInt=109 currentBrightnessIntFromFloat=109(0.42745098)
11-28 12:27:31.346  1341  1370 I InputManager-JNI: Viewport [0] to add: local:0, isActive: false
11-28 12:27:31.346  1341  1370 D InputManager-JNI: Viewport [0] type:1, displayId=0, uniqueId=local:0, orientation=0, logicalFrame=[0, 0][720, 1600], physicalFrame=[0, 0][720, 1600], deviceSize=[720, 1600]
11-28 12:27:31.349  1341  2566 D LiftUpHandler: [LTW] Not support: Lift to wake sensor type.
11-28 12:27:31.349  1341  1532 I InputReader: Reconfiguring input devices, changes=DISPLAY_INFO | 
11-28 12:27:31.349  1341  1532 I InputReader: Device reconfigured: id=5, name='mtk-tpd', size 720x1600, orientation 0, mode 1, display id 0
11-28 12:27:31.351  1341  1341 D SGM:GameManager: onDisplayChanged. displyId: 0, state: 1
11-28 12:27:31.351  1341  1371 W SurfaceControl: Invalid layer stack -1
11-28 12:27:31.351  1341  1371 D DisplayDevice: setLayerStackLocked, layerStack=-1, uniqueId=local:0
11-28 12:27:31.352  1341  1519 D MotionRecognitionService: Inject screen on / off : 0
11-28 12:27:31.353  1341  1519 D SensorService: Motion injection
11-28 12:27:31.353  8930 15097 I TouchInteractionService: onActiveNavBarRegionChanges, region : SkRegion((0,1504,258,1600)(259,1504,460,1600)(461,1504,640,1600))
11-28 12:27:31.354  1341  1544 D SGM:FgCheckThread: onLooperPrepared(), msg: MSG_LCD_OFF
11-28 12:27:31.354  1341  1544 D SGM:FgCheckThread: sendFocusOutConditionally() - mPrevNotiPkg: KILL_YOURSELF, userId: 0
11-28 12:27:31.355  1341  1341 I SemMdnieManagerService: DisplayListener onDisplayChanged
11-28 12:27:31.356  1737  1737 D DisplayLifecycle: updateDisplay id = 0
11-28 12:27:31.358  1737  1795 E IMGMapper: set:488 set: Unset optional value from type SMPTE2086
11-28 12:27:31.358   766   851 I SurfaceFlinger: id=18929 Removed Surface(name=Task=350)/@0x8b9d0d6 - animation-leash of app_transition#18929 (140)
11-28 12:27:31.358  1737  1795 E IMGMapper: set:488 set: Unset optional value from type CTA861_3
11-28 12:27:31.358   766   851 I SurfaceFlinger: id=18928 Removed Surface(name=Task=232)/@0x40f12b8 - animation-leash of app_transition#18928 (140)
11-28 12:27:31.358   766   851 I SurfaceFlinger: id=18930 Removed Surface(name=WallpaperWindowToken{2d11894 token=android.os.Binder@57a34e7})/@0x5fea264 - animation-leash of window_animation#18930 (140)
11-28 12:27:31.359 14731 14751 D OpenGLRenderer: setSurface called with nullptr
11-28 12:27:31.359 14731 14751 D OpenGLRenderer: setSurface() destroyed EGLSurface
11-28 12:27:31.359 14731 14751 D OpenGLRenderer: destroyEglSurface
11-28 12:27:31.361 23825 23825 I NearbyDiscovery: (REDACTED) FastPairDisplayObserver: %s -> %s
11-28 12:27:31.363 23825 23944 I NearbyDiscovery: (REDACTED) PureOffloadFastPairScanner: eventType=%s, isInternalReq=%s, isScanning=%s, isScanningAllowed=%s
11-28 12:27:31.365  9366  9366 I HBD     : b currentConnectionState : false 
11-28 12:27:31.367 23825 14547 I NearbySharing: Screen is locked
11-28 12:27:31.367 23825 14547 I NearbySharing: Stopping scanning because the screen is locked.
11-28 12:27:31.368 14731 14731 I ViewRootImpl@4a720a7[MainActivity]: performTraversals mFirst=false windowShouldResize=false viewVisibilityChanged=true mForceNextWindowRelayout=false params=null
11-28 12:27:31.369 23825 23944 I NearbyDiscovery: (REDACTED) ApFastPairScanner: isScreenOn=%s, isLocationEnabled=%s, disableLocationRequirement=%s, isDiscoveryScanningEnabled=%s, during24GhzWifiWarmingUpPeriod=%s
11-28 12:27:31.369 23825 14547 I NearbySharing: Stopping Fast Init advertisement because Bluetooth is off.
11-28 12:27:31.369  1341  3017 V WindowManager: Relayout Window{5b0207e u0 com.excell44.educam.debug/com.excell44.educam.MainActivity}: viewVisibility=8 req=720x1600 d0
11-28 12:27:31.369 23825 14547 I NearbySharing: Stopping advertising because Bluetooth is disabled.
11-28 12:27:31.369 23825 14547 I NearbySharing: Stopping FastInitiation scanning because the screen is locked.
11-28 12:27:31.369 23825 14547 I BluetoothAdapter: STATE_BLE_ON
11-28 12:27:31.370 23825 14547 I BluetoothAdapter: appoCount is = 1 G/S = 1/0
11-28 12:27:31.370 23825 14547 D BluetoothLeScanner: Stop Scan with callback
11-28 12:27:31.370 23825 23944 I BluetoothAdapter: STATE_BLE_ON
11-28 12:27:31.371 23825 23944 I BluetoothAdapter: appoCount is = 1
11-28 12:27:31.371 23825 23944 I NearbyDiscovery: (REDACTED) ApFastPairScanner: eventType=%s, intReq=%s, scanning=%s, scanAllowed=%s, bleEnabled=%s, lockScanRate=%s, startScanningByLowPowerMode=%s
11-28 12:27:31.372 23825 23944 I NearbyDiscovery: (REDACTED) ApFastPairScanner: Stopping scan, %s
11-28 12:27:31.372  1737  1862 D MobileStatusTracker(0/5): onDataActivity: direction=0
11-28 12:27:31.372 23825 23944 I BluetoothAdapter: STATE_BLE_ON
11-28 12:27:31.373 23825 23944 I BluetoothAdapter: appoCount is = 1 G/S = 1/0
11-28 12:27:31.373 23825 23944 D BluetoothLeScanner: Stop Scan with callback
11-28 12:27:31.374  1341  3017 V WindowManager: Relayout hash=5b0207e, pid=14731, syncId=-1: mAttrs={(0,0)(fillxfill) sim={adjust=pan forwardNavigation} layoutInDisplayCutoutMode=always ty=BASE_APPLICATION wanim=0x1030309
11-28 12:27:31.374  1341  3017 V WindowManager:   fl=81810100
11-28 12:27:31.374  1341  3017 V WindowManager:   pfl=16020040
11-28 12:27:31.374  1341  3017 V WindowManager:   vsysui=2110
11-28 12:27:31.374  1341  3017 V WindowManager:   apr=LIGHT_STATUS_BARS LIGHT_NAVIGATION_BARS
11-28 12:27:31.374  1341  3017 V WindowManager:   bhv=DEFAULT
11-28 12:27:31.374  1341  3017 V WindowManager:   fitSides= naviIconColor=0}
11-28 12:27:31.374  2478  2488 D ActivityAttributionService: notifyActivityAttributionInfo UID=1002 packageName=com.android.bluetooth deviceAddress=no_active_device_address
11-28 12:27:31.375  2478  2672 I bt_stack: [INFO:le_scanning_manager.cc(198)] ScanFilterParamSetup in shim layer
11-28 12:27:31.375   733   745 D [BT]    : mtk_bt_op: BT_VND_OP_LPM_WAKE_SET_STATE
11-28 12:27:31.375  2478  2672 I bt_stack: [INFO:le_scanning_manager.cc(198)] ScanFilterParamSetup in shim layer
11-28 12:27:31.375  2478  2672 I bt_stack: [INFO:le_scanning_manager.cc(178)] Scan in shim layer stopped
11-28 12:27:31.376  2478  2672 I bt_stack: [INFO:le_scanning_manager.cc(312)] SetScanParameters with scanning phys in shim layer: phy_cnt=1
11-28 12:27:31.376  2478  2694 W bt_stack: le_address_manager :: scan() - Unregister
11-28 12:27:31.376  2478  2694 W bt_stack: Stop LeSetExtendedScan
11-28 12:27:31.376  2478  2672 I bt_stack: [INFO:le_scanning_manager.cc(318)] SetScanParameters: scan_type=1, scan_interval=4992, scan_window=256
11-28 12:27:31.376  2478  2672 I bt_stack: [INFO:le_scanning_manager.cc(178)] Scan in shim layer started
11-28 12:27:31.376  2478  2694 W bt_stack: Start LeSetExtendedScan
11-28 12:27:31.376  2478  2672 E LeLogInfo: invalid scanMode
11-28 12:27:31.376  2478  2694 W bt_stack: register_client :: client registered!!!
11-28 12:27:31.378  2478  2488 D BtGatt.ContextMap: remove() - id: 2
11-28 12:27:31.378  2478  2488 E BtGatt.ContextMap: remove() - removed: 2
11-28 12:27:31.378  2478  2488 I bt_stack: [INFO:le_scanning_manager.cc(172)] Unregister in shim layer, scanner_id:2
11-28 12:27:31.379  2478 22876 D ActivityAttributionService: notifyActivityAttributionInfo UID=1002 packageName=com.android.bluetooth deviceAddress=no_active_device_address
11-28 12:27:31.379 14731 14731 I BLASTBufferQueue: [ViewRootImpl@4a720a7[MainActivity]#0](f:0,a:1) destructor()
11-28 12:27:31.379 14731 14731 D BufferQueueConsumer: [ViewRootImpl@4a720a7[MainActivity]#0(BLAST Consumer)0](id:398b00000000,api:0,p:-1,c:14731) disconnect
11-28 12:27:31.380  1737  1862 D MobileStatusTracker(0/5): onDataActivity: direction=0
11-28 12:27:31.381  2478 22876 D BtGatt.ContextMap: remove() - id: 1
11-28 12:27:31.381  2478  2672 I bt_stack: [INFO:le_scanning_manager.cc(178)] Scan in shim layer stopped
11-28 12:27:31.381  2478 22876 E BtGatt.ContextMap: remove() - removed: 1
11-28 12:27:31.381  2478 22876 I bt_stack: [INFO:le_scanning_manager.cc(172)] Unregister in shim layer, scanner_id:1
11-28 12:27:31.381  2478  2694 W bt_stack: le_address_manager :: scan() - Unregister
11-28 12:27:31.381  2478  2694 W bt_stack: Stop LeSetExtendedScan
11-28 12:27:31.381  2478  2672 I bt_stack: [INFO:le_scanning_manager.cc(198)] ScanFilterParamSetup in shim layer
11-28 12:27:31.381 14731 14731 I ViewRootImpl@4a720a7[MainActivity]: Relayout returned: old=(0,0,720,1600) new=(0,0,720,1600) req=(720,1600)8 dur=10 res=0x2 s={false 0x0} ch=true seqId=0
11-28 12:27:31.382 23825 14547 I NearbySharing: Stopped scanning for FastInitiation
11-28 12:27:31.382  2478  2674 E BtGatt.GattService: [GSIM LOG]: gsimLogHandler, msg: MESSAGE_SCAN_STOP, appName: com.google.uid.shared, scannerId: 2, reportDelayMillis=0
11-28 12:27:31.382  2478  2674 W BtGatt.GattService: [GSIM LOG]: this is opportunistic scan, do not update DB
11-28 12:27:31.383  2478  2694 W bt_stack: Received command complete with op_code LE_SET_RANDOM_ADDRESS
11-28 12:27:31.383 23825 14547 I NearbySharing: Fast Initiation Scanning has stopped
11-28 12:27:31.384 23825 14547 I NearbySharing: Dismissing HUN as there's no device nearby.
11-28 12:27:31.384  2478  2674 E BtGatt.GattService: [GSIM LOG]: gsimLogHandler, msg: MESSAGE_SCAN_STOP, appName: com.google.uid.shared, scannerId: 1, reportDelayMillis=0
11-28 12:27:31.387  1737  1862 D MobileStatusTracker(1/4): onDataActivity: direction=3
11-28 12:27:31.389 14731 14731 I ViewRootImpl@4a720a7[MainActivity]: stopped(true) old = false
11-28 12:27:31.389 14731 14731 I ViewRootImpl@4a720a7[MainActivity]: WindowStopped on com.excell44.educam.debug/com.excell44.educam.MainActivity set to true
11-28 12:27:31.391  2478  2694 W bt_stack: Received command complete with op_code LE_SET_RANDOM_ADDRESS
11-28 12:27:31.392  1737  1862 D MobileStatusTracker(1/4): onDataActivity: direction=3
11-28 12:27:31.398 14731 14731 I MSHandlerLifeCycle: removeMultiSplitHandler: no exist. decor=DecorView@22a6990[MainActivity]
11-28 12:27:31.420  1341  3017 E WindowManager: win=Window{5b0207e u0 com.excell44.educam.debug/com.excell44.educam.MainActivity} destroySurfaces: appStopped=true cleanupOnResume=false win.mWindowRemovalAllowed=false win.mRemoveOnExit=false win.mViewVisibility=8 caller=com.android.server.wm.ActivityRecord.destroySurfaces:6536 com.android.server.wm.ActivityRecord.destroySurfaces:6517 com.android.server.wm.ActivityRecord.notifyAppStopped:6581 com.android.server.wm.ActivityRecord.activityStopped:7169 com.android.server.wm.ActivityClientController.activityStopped:258 android.app.IActivityClientController$Stub.onTransact:613 com.android.server.wm.ActivityClientController.onTransact:136 
11-28 12:27:31.420  1341  3017 I WindowManager: Destroying surface Surface(name=com.excell44.educam.debug/com.excell44.educam.MainActivity$_14731)/@0xaf7fdb9 called by com.android.server.wm.WindowStateAnimator.destroySurface:942 com.android.server.wm.WindowStateAnimator.destroySurfaceLocked:536 com.android.server.wm.WindowState.destroySurfaceUnchecked:4306 com.android.server.wm.WindowState.destroySurface:4280 com.android.server.wm.ActivityRecord.destroySurfaces:6536 com.android.server.wm.ActivityRecord.destroySurfaces:6517 com.android.server.wm.ActivityRecord.notifyAppStopped:6581 com.android.server.wm.ActivityRecord.activityStopped:7169 
11-28 12:27:31.422  1341  3017 D ActivityTaskManager: mStartingWindow and mStartingData is null for token=ActivityRecord{7aeff7 u0 com.excell44.educam.debug/com.excell44.educam.MainActivity} t350}
11-28 12:27:31.432  8930 14665 I RecentModel: onTaskStackChangedBackground
11-28 12:27:31.461  1341  1984 V MdnieScenarioControlService: burn_in_prevention_mode(), enabled : true, mBurnInDisableAppEnabled : false , mAutoBrightnessMode : false, mHighBrightnessModeEnabled : false , mBurnInPreventionACL : false , platform_brightness_value : 109 , BURN_IN_PREVENTION_SUPPORT_VALUE : 143 , mBurnInPreventionEnabled : false , mGameAppLauncher : false
11-28 12:27:31.461  1341  1984 V MdnieScenarioControlService: Disabled Burn-In Prevention Mode
11-28 12:27:31.461  1341  1984 D SemDisplaySolutionManagerService: uid : 1000 , pid : 1341 , name : burnin_prevention_off
11-28 12:27:31.461  1341  1984 D SemDisplaySolutionManagerService: Normal Mode setMultipleScreenBrightness , application, DEFAULT, 1.0
11-28 12:27:31.479  1011  1106 I Accelerometer: acc data x = 1.357000, y = 0.849000, z = 9.605000 .
11-28 12:27:31.550   766   766 D SurfaceFlinger: Finished setting power mode 0 on display 0
11-28 12:27:31.550   766   766 I SurfaceFlinger: SFWD update time=336612970125984
11-28 12:27:31.551   766   766 I Layer   : Layer [com.excell44.educam.debug/com.excell44.educam.MainActivity$_14731#19000] hidden!! flag(1)
11-28 12:27:31.551  1341  1675 D SurfaceControl: Excessive delay in setPowerMode()
11-28 12:27:31.551  1341  1675 D LocalDisplayAdapter: !@display_state: OFF took 228 ms
11-28 12:27:31.551  1341  1675 D SemInputDeviceManagerService: currentDisplayState[1]:OFF(1)
11-28 12:27:31.551  1341  1675 D SemInputDeviceManagerService: LATE: Logical: OFF(1) Physical: OFF(1) [Using: OFF(1)] displayType: 1
11-28 12:27:31.551  1341  1675 D LocalDisplayAdapter: notifyStateChangeFinish: com.samsung.android.hardware.secinputdev.SemInputDeviceManagerService$8@48e53a3 took 0 ms
11-28 12:27:31.552  1341  1675 D DisplayPowerController[0]: setActualDisplayState: ON -> OFF
11-28 12:27:31.552  1341  1404 D DisplayPowerController[0]: animateScreenStateChange: target=1, mLogicalDisplay.isEnabled()=true
11-28 12:27:31.552   750   776 I mtkpower@impl: [setMode] type:9, enabled:1
11-28 12:27:31.552   750   776 E mtkpower@impl: [setMode] unknown type
11-28 12:27:31.552  1341  1404 D DisplayPowerController[0]: animateScreenStateChange: target=1, mLogicalDisplay.isEnabled()=true
11-28 12:27:31.553  1341  1404 D PowerManagerService: displayReady: true groupId=0
11-28 12:27:31.553  1341  1404 D PowerManagerService: handleSandman : startDreaming: true  (canDreamLocked: false  canDozeLocked: true)  groupId=0
11-28 12:27:31.553  1341  1404 D PowerManagerService: handleSandman : startDream(true)
11-28 12:27:31.553  1341  1404 I DreamManagerService: Entering dreamland.
11-28 12:27:31.553   766   766 D SurfaceFlinger: [input] inputWindowCommands.focusRequests size is 1
11-28 12:27:31.554   766   766 I Layer   : id=19000 removeFromCurrentState com.excell44.educam.debug/com.excell44.educam.MainActivity$_14731#19000 (140)
11-28 12:27:31.554   766   766 I SurfaceFlinger: id=19000 Removed com.excell44.educam.debug/com.excell44.educam.MainActivity$_14731#19000 (140)
11-28 12:27:31.555   766   766 D DisplayDevice: setLayerStack : layerstack=-1, Display 0 (internal, primary, "Primary display")
11-28 12:27:31.555   766   766 I Layer   : id=18928 Destroyed Surface(name=Task=232)/@0x40f12b8 - animation-leash of app_transition#18928
11-28 12:27:31.556   766   766 I Layer   : id=18929 Destroyed Surface(name=Task=350)/@0x8b9d0d6 - animation-leash of app_transition#18929
11-28 12:27:31.556   766   766 I Layer   : id=18930 Destroyed Surface(name=WallpaperWindowToken{2d11894 token=android.os.Binder@57a34e7})/@0x5fea264 - animation-leash of window_animation#18930
11-28 12:27:31.557   766   766 I BufferQueueDebug: [com.excell44.educam.debug/com.excell44.educam.MainActivity$_14731#19000](this:0xb400007e76411838,id:-1,api:0,p:-1,c:766) onDestructor()
11-28 12:27:31.557   766   766 I Layer   : id=19000 Destroyed com.excell44.educam.debug/com.excell44.educam.MainActivity$_14731#19000
11-28 12:27:31.558  1341  1404 I PowerManagerService: Dozing...
11-28 12:27:31.564   766   963 D SurfaceFlinger: [input] setFocusedWindow: <null>
11-28 12:27:31.564  1341  2067 D InputDispatcher: Focus request (0): <null> but waiting because NOT_FOCUSABLE
11-28 12:27:31.564  1341  2067 D InputDispatcher: Focus left window (0): 5b0207e com.excell44.educam.debug/com.excell44.educam.MainActivity
11-28 12:27:31.565 26119 26119 I Dc.AppErrorDialogActivity: receive android.intent.action.CLOSE_SYSTEM_DIALOGS
11-28 12:27:31.566  1341  1367 I DreamController: Starting dream: name=ComponentInfo{com.android.systemui/com.android.systemui.doze.DozeService}, isPreviewMode=false, canDoze=true, userId=0
11-28 12:27:31.566 14731 14731 I ViewRootImpl@4a720a7[MainActivity]: MSG_WINDOW_FOCUS_CHANGED 0 0
11-28 12:27:31.568  1737  1737 D PopupUI.PopupUI: PopupUIReceiver.onReceive() action : android.intent.action.CLOSE_SYSTEM_DIALOGS
11-28 12:27:31.568 26119 26119 I Dc.AppErrorDialogActivity: receive android.intent.action.CLOSE_SYSTEM_DIALOGS
11-28 12:27:31.571  1737  1737 D LocationControllerImpl: onReceive() = android.intent.action.CLOSE_SYSTEM_DIALOGS
11-28 12:27:31.571  1737  1737 V ShadeControllerImpl: NotificationShadeWindow: com.android.systemui.statusbar.phone.NotificationShadeWindowView{82bc774 I.E...... ......ID 0,0-720,1600} canPanelBeCollapsed(): false
11-28 12:27:31.572  1737  1737 D SecQSLayoutDetail: action:android.intent.action.CLOSE_SYSTEM_DIALOGS
11-28 12:27:31.572  1737  1737 D QSMoreButton: action:android.intent.action.CLOSE_SYSTEM_DIALOGS
11-28 12:27:31.572  1737  1737 D QSButtonsContainer: action:android.intent.action.CLOSE_SYSTEM_DIALOGS
11-28 12:27:31.572  1737  1737 D SecVolume.SecVolumeStore: dispatch [ACTION_DISMISS_REQUESTED] with [STATE_NO_DISPATCH]
11-28 12:27:31.572  1737  1737 D SecVolume.SecVolumeStore:   > New State : [STATE_NO_DISPATCH]
11-28 12:27:31.580  1737  1737 I DozeService: onCreate: com.android.systemui.doze.DozeService@2c72d8f
11-28 12:27:31.580  1737  1737 D PluginInstanceManager: startListening
11-28 12:27:31.580  1737  1925 D PluginInstanceManager: queryAll com.samsung.systemui.action.PLUGIN_CLOCK_PACK
11-28 12:27:31.582  1737  1925 D PluginInstanceManager: Found 1 plugins
11-28 12:27:31.585  1737  1737 D DozeService: onDreamingStarted: 
11-28 12:27:31.586  1737  1925 D PluginInstanceManager: createPlugin
11-28 12:27:31.588  1341  1404 D PowerManagerService: [api] DreamReceiver: onReceive: android.intent.action.DREAMING_STARTED
11-28 12:27:31.588  1737 13493 D KeyguardViewMediator: onDreamingStarted
11-28 12:27:31.589  1341  3017 D PowerManagerService: [PWL] sb release: PowerManagerService.Display
11-28 12:27:31.591  1737  1737 D KeyguardVisible: isKeyguardForDozing=true
11-28 12:27:31.591  1737  1737 D SbStateController: setState: SHADE -> KEYGUARD
11-28 12:27:31.591  1737  1737 D SbStateController: setState: requested state KEYGUARD!= upcomingState: SHADE. This usually means the status bar state transition was interrupted before the upcoming state could be applied.
11-28 12:27:31.593  1737  1737 D KeyguardSecAffordanceView: reset right:false
11-28 12:27:31.593  1737  1737 D KeyguardSecAffordanceView: reset right:true
11-28 12:27:31.594  1737  1737 V QsExpandAnimator: setQsExpansionPosition 0.0
11-28 12:27:31.598  1737  1737 V SecQsTransitionAnimator: restorePanelView
11-28 12:27:31.598  1737  1737 D MultiSIMPreferredSlotBar: setExpanded : false mShowing : true
11-28 12:27:31.598  1737  1737 D MultiSIMController: unRegisterSimCardManagerCallback : mSimCardManagerService is null 
11-28 12:27:31.598  1737  1737 V SecQsTransitionAnimator: restorePanelView
11-28 12:27:31.598  1737  1737 D MultiSIMPreferredSlotBar: setExpanded : false mShowing : true
11-28 12:27:31.598  1737  1737 D MultiSIMController: unRegisterSimCardManagerCallback : mSimCardManagerService is null 
11-28 12:27:31.598  1737  1737 D MultiSIMPreferredSlotBar: setExpanded : false mShowing : true
11-28 12:27:31.598  1737  1737 D MultiSIMController: unRegisterSimCardManagerCallback : mSimCardManagerService is null 
11-28 12:27:31.599  1737  1737 D KeyguardTouchAnimator: reset unlockExecuted=false
11-28 12:27:31.599  1737  1737 D KeyguardEditModeAnimatorController: reset true
11-28 12:27:31.599  1737  1737 D KeyguardTouchAnimator: resetChildViewVI(): false
11-28 12:27:31.599  1737  1737 D KeyguardTouchDymLockInjector: resetDynamicLock mIsDynamicLockEnabled: false
11-28 12:27:31.599  1737  1737 D CentralSurfaces: updateQsExpansionEnabled - QS Expand enabled: false
11-28 12:27:31.600  1737  1737 D SecPanelLogger: updateQsExpansionEnabled() return:false = isDeviceProvisioned:true && (mUserSetup:true || mUserSwitcherController_null?false || !isSimpleUserSwitcher:true) && !isShadeDisabled:true && DISABLE2_QUICK_SETTINGS:true && !mDozing:false && !ONLY_CORE_APPS:true |  StatusBarState:KEYGUARD
11-28 12:27:31.600  1737  1737 D SecPanelLogger:  - com.android.systemui.statusbar.phone.CentralSurfacesImpl.updateQsExpansionEnabled:2023
11-28 12:27:31.600  1737  1737 D SecPanelLogger:  - com.android.systemui.statusbar.phone.CentralSurfacesImpl$23.onDozingChanged:5462
11-28 12:27:31.600  1737  1737 D SecPanelLogger:  - com.android.systemui.statusbar.StatusBarStateControllerImpl.setIsDozing:324
11-28 12:27:31.601  1737  1737 I KeyguardViewMediator: setLockScreenShown false true
11-28 12:27:31.601  1737  1737 W NotificationEntryMgr: While running New Pipeline: updateNotifications(reason=onDozingChanged)
11-28 12:27:31.602  1341  3017 D ActivityTaskManager: Top Process State changed to PROCESS_STATE_TOP_SLEEPING#2
11-28 12:27:31.603  1737  1737 D CentralSurfaces: updateQsExpansionEnabled - QS Expand enabled: false
11-28 12:27:31.606  1737  1737 D SecQpScrimControlHelper:  secVisible?false (scrimState:AOD) (1stFrc:0, 2ndFrc:0, drgDown:0, PanelEx:false)   (dlyGed:0, dlySec:0)   [N(0|ff43769a)-B(0|ff43769a)]   (expanded:false, tracking:false, qsBottomVisible:true) MassBlur(a:0.0   thm(a:1, rtEnabled:false) park(panel_on?false)   kgd(fw:false, gw:false, ocl:false)   (assetsSeq:16, themeSeq:1, uiMode:17)   GED[F(0|0)-N(0|0)-B(0,|ff000000)-Duration:360], caller:transitionTo(state:AOD)
11-28 12:27:31.607  1737  1737 D ScrimController: State changed to AOD, blankScreen=false, animation=-1
11-28 12:27:31.607  1341  1541 D InputMethodManagerService: isImeSwitcherDisabledPackage : false
11-28 12:27:31.608  1341  1370 V UsbDeviceManager: onKeyguardStateChanged: isShowing:false secure:false user:0
11-28 12:27:31.611  1341  1547 D StorageManagerService: handleMessage -> H_KEYGUARD_CHANGED isShowing=false
11-28 12:27:31.611  1737  1737 I ViewRootImpl@a308e6[NotificationShade]: reportNextDraw android.view.ViewRootImpl.setReportNextDraw:11855 com.android.systemui.statusbar.phone.ScrimController.dispatchScrimsVisible:1313 com.android.systemui.statusbar.phone.ScrimController.updateScrimColor:1400 com.android.systemui.statusbar.phone.ScrimController.updateScrim:1613 com.android.systemui.statusbar.phone.ScrimController.setScrimAlpha:1341 
11-28 12:27:31.612  1737  1737 D KeyguardVisible: isExpanded: false -> true
11-28 12:27:31.612  1737  1737 D KeyguardVisible: Window state diff only {
11-28 12:27:31.612  1737  1737 D KeyguardVisible:   mScrimsVisibility: 0 -> 2
11-28 12:27:31.612  1737  1737 D KeyguardVisible: }
11-28 12:27:31.612  1737  1737 D KeyguardSurface: restoreKeyguardSurfaceIfVisible true
11-28 12:27:31.616  1685  1685 I WifiHAL : Get link layer stats
11-28 12:27:31.616  1685  1685 I WifiHAL : GetLinkStatsCommand::create
11-28 12:27:31.616  1685  1685 D android.hardware.wifi@1.0-service-lazy: WifiRequest::create vendor command to iface 38, vendor_id=0x1a11, subcmd=0x1200, res=0
11-28 12:27:31.616  1685  1685 I android.hardware.wifi@1.0-service-lazy: WifiCommand::requestResponse err=-95
11-28 12:27:31.616  1685  1685 I WifiHAL : wifi_get_link_stats: result=-3
11-28 12:27:31.617  1341  2994 I AppOps  : updateUidProcState uid: 10044 procState: 1 capability:15
11-28 12:27:31.617  1341  1567 E WifiVendorHal: getWifiLinkLayerStats_1_5_Internal(l.1179) failed {.code = ERROR_NOT_SUPPORTED, .description = }
11-28 12:27:31.619  1737  1737 D ScrimController: updateScrimColor main=0xfff0f0f3 front=0xff000000|1.000000|0 noti=0xfff0f0f3|0.000000|8 behind=0xff000000|0.000000|0 vis=2
11-28 12:27:31.619   977  3213 I CameraService: onUidStateChanged: uid=10044, procState is changed. (0 -> 1)
11-28 12:27:31.620  1737  1737 D SamsungLightBarControlHelper: updateNavigation(White button) isLightBar:false, hasLightBarNavigationBarFlag:true, packageName:reevaluate, DirectReplying:false, NavBarColorManagerdByIme:false, ForceDarkForScrim:true, QsCustomizing:false, PanelHasWhiteBg:true
11-28 12:27:31.624  1737  1737 D KeyguardIndication: setVisible() false in dozing
11-28 12:27:31.624  8930 11269 I TouchInteractionService: onSystemUiStateChanged, stateFlags : 2228224 |allow_gesture|device_dozing|
11-28 12:27:31.625  8930  8930 I RecentsAnimationDeviceState: setSystemUiFlags, stateFlags : 2228224
11-28 12:27:31.625  8930  8930 I TouchInteractionService: onSystemUiFlagsChanged, lastSysUIFlags : 131072
11-28 12:27:31.625  1737  1737 D KeyguardSecIndicationPolicy:  remove Item pos = DEFAULT, type =     LEGACY_TRANSIENT
11-28 12:27:31.625  1341 11139 D SemWifiUsabilityStatsMonitor: onWifiUsabilityStats - seqNum 26240, isSameBssidAndFreq true
11-28 12:27:31.627  1341  1641 I SemWifiLinkQualityMonitor: Link Qos query: inf. ms / 0 Mbps
11-28 12:27:31.628  1737  1737 D KeyguardSecIndicationPolicy:  add T Event pos = DEFAULT, type =              BATTERY, id =  2302, text =   100%, duration = 3000
11-28 12:27:31.628  1737  1737 D KeyguardSecIndicationPolicy:   update top pos = DEFAULT, item = [id=2300|ty=UNLOCK_GUIDE|pr=25|txt=Faire glisser un doigt pour ouvrir|ti=duration=PERSISTENT|an=false] -> [id=2302|ty=BATTERY|pr=40|txt=  100%|ti=duration=3000|an=false]
11-28 12:27:31.628  1737  1737 D KeyguardSecIndicationController: onIndicationChanged() return - keyguard is not visible, pos = DEFAULT, item = [id=2302|ty=BATTERY|pr=40|txt=  100%|ti=duration=3000|an=false]
11-28 12:27:31.629  1737  1737 D KeyguardSecIndicationPolicy: update Event pos = DEFAULT, type =      BATTERY_RESTING, id =  2303, text =   100%
11-28 12:27:31.629  1737  1737 D KeyguardSecIndicationPolicy:  remove Item pos = DEFAULT, type =           OWNER_INFO
11-28 12:27:31.629  1737  1737 D KeyguardSecIndicationController: addBatteryAndOwnerInfoIndication() battery status = BatteryStatus{status=2,level=100,plugged=2,health=2,maxChargingWattage=2500000,remaining=-1ultraFastCharger=0}
11-28 12:27:31.632  1737  1737 D InsetsSourceConsumer: setRequestedVisible: visible=false, type=23, host=NotificationShade, from=android.view.InsetsSourceConsumer.hide:257 android.view.InsetsController.collectSourceControls:1310 android.view.InsetsController.controlAnimationUnchecked:1164 android.view.InsetsController.applyAnimation:1576 android.view.InsetsController.applyAnimation:1557 android.view.InsetsController.hide:1093 android.view.InsetsController.hide:1068 com.android.systemui.statusbar.phone.SecStatusBarKeyguardViewManager.updateNavigationBarVisibility:750 com.android.systemui.statusbar.phone.StatusBarKeyguardViewManager.updateStates:1120 com.android.systemui.statusbar.phone.StatusBarKeyguardViewManager.setDozing:688 
11-28 12:27:31.633  1737  1737 D InsetsSourceConsumer: setRequestedVisible: visible=false, type=22, host=NotificationShade, from=android.view.InsetsSourceConsumer.hide:257 android.view.InsetsController.collectSourceControls:1310 android.view.InsetsController.controlAnimationUnchecked:1164 android.view.InsetsController.applyAnimation:1576 android.view.InsetsController.applyAnimation:1557 android.view.InsetsController.hide:1093 android.view.InsetsController.hide:1068 com.android.systemui.statusbar.phone.SecStatusBarKeyguardViewManager.updateNavigationBarVisibility:750 com.android.systemui.statusbar.phone.StatusBarKeyguardViewManager.updateStates:1120 com.android.systemui.statusbar.phone.StatusBarKeyguardViewManager.setDozing:688 
11-28 12:27:31.633  1737  1737 D InsetsSourceConsumer: setRequestedVisible: visible=false, type=21, host=NotificationShade, from=android.view.InsetsSourceConsumer.hide:257 android.view.InsetsController.collectSourceControls:1310 android.view.InsetsController.controlAnimationUnchecked:1164 android.view.InsetsController.applyAnimation:1576 android.view.InsetsController.applyAnimation:1557 android.view.InsetsController.hide:1093 android.view.InsetsController.hide:1068 com.android.systemui.statusbar.phone.SecStatusBarKeyguardViewManager.updateNavigationBarVisibility:750 com.android.systemui.statusbar.phone.StatusBarKeyguardViewManager.updateStates:1120 com.android.systemui.statusbar.phone.StatusBarKeyguardViewManager.setDozing:688 
11-28 12:27:31.633  1737  1737 D InsetsSourceConsumer: setRequestedVisible: visible=false, type=1, host=NotificationShade, from=android.view.InsetsSourceConsumer.hide:257 android.view.InsetsController.collectSourceControls:1310 android.view.InsetsController.controlAnimationUnchecked:1164 android.view.InsetsController.applyAnimation:1576 android.view.InsetsController.applyAnimation:1557 android.view.InsetsController.hide:1093 android.view.InsetsController.hide:1068 com.android.systemui.statusbar.phone.SecStatusBarKeyguardViewManager.updateNavigationBarVisibility:750 com.android.systemui.statusbar.phone.StatusBarKeyguardViewManager.updateStates:1120 com.android.systemui.statusbar.phone.StatusBarKeyguardViewManager.setDozing:688 
11-28 12:27:31.635  1737  1737 D KeyguardVisible: cancelPendingPanelCollapse true
11-28 12:27:31.635  1737  1737 D CentralSurfaces: updateQsExpansionEnabled - QS Expand enabled: false
11-28 12:27:31.635  1737  1737 D CentralSurfaces: setBarState( dispatchStatusBarState to false )
11-28 12:27:31.637  1737  1737 W NotificationEntryMgr: While running New Pipeline: updateNotifications(reason=NotificationLockscreenUserManager.updatePublicMode)
11-28 12:27:31.637  1737  1737 V SecQpBlurController: applyGedWindowBlur (0 )
11-28 12:27:31.638  1737  1737 D KeyguardIndication: setVisible() false in dozing
11-28 12:27:31.638  1737  1737 D KeyguardSecIndicationPolicy:  remove Item pos = DEFAULT, type =     LEGACY_TRANSIENT
11-28 12:27:31.640  1737  1737 D KeyguardSecIndicationPolicy:  add T Event pos = DEFAULT, type =              BATTERY, id =  2304, text =   100%, duration = 3000
11-28 12:27:31.641  1737  1737 D KeyguardSecIndicationPolicy:   update top pos = DEFAULT, item = [id=2302|ty=BATTERY|pr=40|txt=  100%|ti=duration=3000|an=false] -> [id=2304|ty=BATTERY|pr=40|txt=  100%|ti=duration=3000|an=false]
11-28 12:27:31.641  1737  1737 D KeyguardSecIndicationController: onIndicationChanged() return - keyguard is not visible, pos = DEFAULT, item = [id=2304|ty=BATTERY|pr=40|txt=  100%|ti=duration=3000|an=false]
11-28 12:27:31.642  1737  1737 D KeyguardSecIndicationPolicy: update Event pos = DEFAULT, type =      BATTERY_RESTING, id =  2305, text =   100%
11-28 12:27:31.642  1737  1737 D KeyguardSecIndicationPolicy:  remove Item pos = DEFAULT, type =           OWNER_INFO
11-28 12:27:31.642  1737  1737 D KeyguardSecIndicationController: addBatteryAndOwnerInfoIndication() battery status = BatteryStatus{status=2,level=100,plugged=2,health=2,maxChargingWattage=2500000,remaining=-1ultraFastCharger=0}
11-28 12:27:31.642  1737  1737 D LockscreenNotificationManager: BarState updated : 1
11-28 12:27:31.643  1737  1737 D FaceWidgetContainer: setVisibility 0, callers = c8.a.z:51 i8.c.L:18 com.samsung.android.app.facewidget.FaceWidgetContainer.setVisibility:22 com.android.keyguard.KeyguardVisibilityHelper.setViewVisibility:257 com.android.keyguard.KeyguardStatusViewController.setKeyguardStatusViewVisibility:309 
11-28 12:27:31.643  1737  1737 D PanelView: mBarState changed SHADE >>> KEYGUARD
11-28 12:27:31.643  1737  1737 D PanelView: callTrace : java.lang.Throwable
11-28 12:27:31.643  1737  1737 D PanelView: 	at com.android.systemui.statusbar.phone.NotificationPanelViewController$StatusBarStateListener.onStateChanged(NotificationPanelViewController.java:7104)
11-28 12:27:31.643  1737  1737 D PanelView: 	at com.android.systemui.statusbar.StatusBarStateControllerImpl.setState(StatusBarStateControllerImpl.java:229)
11-28 12:27:31.643  1737  1737 D PanelView: 	at com.android.systemui.statusbar.SysuiStatusBarStateController.setState(SysuiStatusBarStateController.java:67)
11-28 12:27:31.643  1737  1737 D PanelView: 	at com.android.systemui.statusbar.phone.CentralSurfacesImpl.showKeyguardImpl(CentralSurfacesImpl.java:3566)
11-28 12:27:31.643  1737  1737 D PanelView: 	at com.android.systemui.statusbar.phone.CentralSurfacesImpl.updateIsKeyguard(CentralSurfacesImpl.java:3539)
11-28 12:27:31.643  1737  1737 D PanelView: 	at com.android.systemui.statusbar.phone.CentralSurfacesImpl.updateIsKeyguard(CentralSurfacesImpl.java:3501)
11-28 12:27:31.643  1737  1737 D PanelView: 	at com.android.systemui.statusbar.phone.DozeServiceHost.startDozing(DozeServiceHost.java:238)
11-28 12:27:31.643  1737  1737 D PanelView: 	at com.android.systemui.doze.DozeUi.transitionTo(DozeUi.java:167)
11-28 12:27:31.643  1737  1737 D PanelView: 	at com.android.systemui.doze.AODUi.transitionTo(AODUi.java:46)
11-28 12:27:31.643  1737  1737 D PanelView: 	at com.android.systemui.doze.DozeMachine.performTransitionOnComponents(DozeMachine.java:379)
11-28 12:27:31.643  1737  1737 D PanelView: 	at com.android.systemui.doze.DozeMachine.transitionTo(DozeMachine.java:363)
11-28 12:27:31.643  1737  1737 D PanelView: 	at com.android.systemui.doze.DozeMachine.requestState(DozeMachine.java:289)
11-28 12:27:31.643  1737  1737 D PanelView: 	at com.android.systemui.doze.DozeMachine.requestState(DozeMachine.java:256)
11-28 12:27:31.643  1737  1737 D PanelView: 	at com.android.systemui.doze.DozeService.onDreamingStarted(DozeService.java:222)
11-28 12:27:31.643  1737  1737 D PanelView: 	at android.service.dreams.DreamService.lambda$attach$0$android-service-dreams-DreamService(DreamService.java:1296)
11-28 12:27:31.643  1737  1737 D PanelView: 	at android.service.dreams.DreamService$$ExternalSyntheticLambda0.run(Unknown Source:4)
11-28 12:27:31.643  1737  1737 D PanelView: 	at android.service.dreams.DreamService.attach(DreamService.java:1329)
11-28 12:27:31.643  1737  1737 D PanelView: 	at android.service.dreams.DreamService.-$$Nest$mattach(Unknown Source:0)
11-28 12:27:31.643  1737  1737 D PanelView: 	at android.service.dreams.DreamService$DreamServiceWrapper.lambda$attach$0$android-service-dreams-DreamService$DreamServiceWrapper(DreamService.java:1483)
11-28 12:27:31.643  1737  1737 D PanelView: 	at android.service.dreams.DreamService$DreamServiceWrapper$$ExternalSyntheticLambda1.run(Unknown Source:8)
11-28 12:27:31.643  1737  1737 D PanelView: 	at android.os.Handler.handleCallback(Handler.java:942)
11-28 12:27:31.643  1737  1737 D PanelView: 	at android.os.Handler.dispatchMessage(Handler.java:99)
11-28 12:27:31.643  1737  1737 D PanelView: 	at android.os.Looper.loopOnce(Looper.java:226)
11-28 12:27:31.643  1737  1737 D PanelView: 	at android.os.Looper.loop(Looper.java:313)
11-28 12:27:31.643  1737  1737 D PanelView: 	at android.app.ActivityThread.main(ActivityThread.java:8757)
11-28 12:27:31.643  1737  1737 D PanelView: 	at java.lang.reflect.Method.invoke(Native Method)
11-28 12:27:31.643  1737  1737 D PanelView: 	at com.android.internal.os.RuntimeInit$MethodAndArgsCaller.run(RuntimeInit.java:571)
11-28 12:27:31.643  1737  1737 D PanelView: 	at com.android.internal.os.ZygoteInit.main(ZygoteInit.java:1067)
11-28 12:27:31.644  1737  1737 D KeyguardEditModeAnimatorController: dismissEditActivity false
11-28 12:27:31.644  1737  1737 V SecQsTransitionAnimator: restorePanelView
11-28 12:27:31.645  1737  1737 D MultiSIMPreferredSlotBar: setExpanded : false mShowing : true
11-28 12:27:31.645  1737  1737 D MultiSIMController: unRegisterSimCardManagerCallback : mSimCardManagerService is null 
11-28 12:27:31.645  1737  1737 D MultiSIMPreferredSlotBar: setExpanded : false mShowing : true
11-28 12:27:31.645  1737  1737 D MultiSIMController: unRegisterSimCardManagerCallback : mSimCardManagerService is null 
11-28 12:27:31.645  1737  1737 D PanelView: onBarStateChanged() to 1
11-28 12:27:31.645  1737  1737 D PluginLockDelegateApp: onBarStateChanged 
11-28 12:27:31.645  1737  1737 I DymLock|DynamicLockManager: setBarState() state[1] mIsScreenOn[true]
11-28 12:27:31.645  1737  1737 V SecQsTransitionAnimator: restorePanelView
11-28 12:27:31.645  1737  1737 D MultiSIMPreferredSlotBar: setExpanded : false mShowing : true
11-28 12:27:31.645  1737  1737 D MultiSIMController: unRegisterSimCardManagerCallback : mSimCardManagerService is null 
11-28 12:27:31.646  1737  1737 D SecQSFragmentAnimator_QSCinema: [barState:1] qsExpanded:false, qsFullyExpanded:false, qsExpansionPosition:0, qsExpandImmediate:false, qsCollapsingWhilePanelClosing:false &&&  panelExpansionFraction:0, panelExpansionDragDownPxAmount:0 ***   panelExpanded:false, panelExpanding:false %%%   barState:0, overScrolling:false, userId:-1, isRunningPanelOnHeightAnimation:false
11-28 12:27:31.646  1737  1737 V QsExpandAnimator: onStateChanged
11-28 12:27:31.646  1737  1737 D SecPanelLogger: updateExpansionHeight(412 >> 100)
11-28 12:27:31.647  1737  1737 V QsExpandAnimator: setQsExpansionPosition 0.0
11-28 12:27:31.650  1737  1737 D SecQpScrimControlHelper:  secVisible?false (scrimState:AOD) (1stFrc:0, 2ndFrc:0, drgDown:0, PanelEx:false)   (dlyGed:0, dlySec:0)   [N(0|ff43769a)-B(0|ff43769a)]   (expanded:false, tracking:false, qsBottomVisible:false) MassBlur(a:0.0   thm(a:1, rtEnabled:false) park(panel_on?false)   kgd(fw:false, gw:false, ocl:false)   (assetsSeq:16, themeSeq:1, uiMode:17)   GED[F(1|ff000000)-N(0|0)-B(1,|ff000000)-Duration:600], caller:setQsPosition()
11-28 12:27:31.651  1737  1737 I FaceWidgetPositionAlgorithm: setup() mStatusBarHeight = 48, mDarkAmount = 1.0, mQsTopPadding = 584, notificationStackHeight = 448, mPanelExpansion = 0.0, mHeight = 1600, mFaceWidgetContainerHeight = 584, mCurrentClockType = 50009, notificationType = 0, hasVisibleNotifs = false
11-28 12:27:31.651  1737  1737 I FaceWidgetPositionAlgorithm: getMediaContainerHeight() height = 0 container Visibility = 8, isValid = false, mIsDozing = false, fraction = 1.0, source = 0, target = 0
11-28 12:27:31.651  1737  1737 I FaceWidgetPositionAlgorithm: getMediaContainerHeight() supplier = 0
11-28 12:27:31.651  1737  1737 I FaceWidgetPositionAlgorithm: getClockContainerHeight() supplier = 216, bottom margin = 0, real height = 584
11-28 12:27:31.655  1737  1737 V SecQsTransitionAnimator: restorePanelView
11-28 12:27:31.656  1737  1737 W NotificationEntryMgr: While running New Pipeline: updateNotifications(reason=CentralSurfaces state changed)
11-28 12:27:31.657  1737  1737 D SecPanelLogger: makeExpandedVisible(force:true) mExpandedVisible:false, panelsEnabled: true
11-28 12:27:31.657  1737  1737 D CentralSurfaces: Received new disable state: enaihbcrsokt.qingr (unchanged)
11-28 12:27:31.659  1737  1737 D SecPanelLogger: makeExpandedVisible(force:false) mExpandedVisible:true, panelsEnabled: true
11-28 12:27:31.659  1737  1737 D KeyguardVisible: go panelState: CLOSED -> OPENING tracking=false, expanded=false, fraction=0.0
11-28 12:27:31.659  1737  1737 D KeyguardVisible: go panelState: OPENING -> OPENING tracking=false, expanded=true, fraction=0.0
11-28 12:27:31.660  1737  1737 D PanelView: shouldPanelBeVisible true / headUpVisible=false, why=-1
11-28 12:27:31.661  1737  1737 D CentralSurfaces: Received new disable state: enaihbcrsokt.qingr (unchanged)
11-28 12:27:31.662  1737  1737 D KeyguardWallpaperController: mWallpaperView.reset()
11-28 12:27:31.662  1737  1737 D DozeScreenState: transitionTo INITIALIZED shouldWaitForTransitionToAodUi : false
11-28 12:27:31.662  1737  1737 D DozeScreenState: setDozeScreenState(1, shouldWaitForTransitionToAodUi = false)
11-28 12:27:31.663  1341  3017 D PowerManagerService: [api] setDozeOverrideFromDreamManager: screenState: OFF mode: 0x0 screenBrightness: -1 shouldWait: false
11-28 12:27:31.664  1341  3017 D PowerManagerService: [api] acquire WakeLock DOZE_WAKE_LOCK                 'DreamManagerService' (uid=1000 pid=1341 displayId=-1 lock=8f3d1eb)
11-28 12:27:31.664  1341  3017 D PowerManagerService: displayReady: false groupId=0
11-28 12:27:31.664  1341  1404 D DisplayPowerController[0]: animateScreenStateChange: target=1, mLogicalDisplay.isEnabled()=true
11-28 12:27:31.664  1341  1404 D PowerManagerService: [PWL] sb acquire: PowerManagerService.Display
11-28 12:27:31.667  1341  1404 D PowerManagerService: displayReady: true groupId=0
11-28 12:27:31.667  1341  1404 D PowerManagerService: [PWL] sb acquire: PowerManagerService.Broadcasts
11-28 12:27:31.668  1341  1341 I WindowManager: Finished going to sleep... (why=OFF_BECAUSE_OF_TIMEOUT)
11-28 12:27:31.668  1737  1737 D DozeService: startClockPack: mClockPackPlugin=null
11-28 12:27:31.668  1737  1737 D PluginInstanceManager: onPluginConnected
11-28 12:27:31.669  1737  1737 I PluginClockPackImpl: onCreate()
11-28 12:27:31.669  1737  1737 I ClockPack: !@ClockPack: constructor
11-28 12:27:31.669  1737 13490 D KeyguardViewMediator: onFinishedGoingToSleep(3)
11-28 12:27:31.670  1737  1737 I AbsSettings: clearCacheInner
11-28 12:27:31.670  1737  1737 I AbsSettings: clearCacheInner
11-28 12:27:31.670  1737  1737 I DBManager: createSQLiteOpenHelperAdapter : mDBAdapter is NOT NULL.
11-28 12:27:31.671  1737  1737 W DeviceType: readFingerprintSensor : No file for sensor pos
11-28 12:27:31.672  1737  1737 D DozeService: onPluginConnected: PluginClockPack plugin=com.samsung.android.app.clockpack.plugin.PluginClockPackImpl@cdbdce4
