11-28 12:44:10.469  1737  1737 D MobileSignalController(0/5): notifyListener: enabled=true, connected=true, dataConnected=false, networkType=LTE (4G), emergencyOnly=false, roaming=false, isDefault=false, dataActivity=, level=1, ca=false, mmWave=false, disabledDataIcon=false, simCard=ETC
11-28 12:44:10.470  1737  1737 D InsetsController: onStateChanged: InsetsState: {mDisplayFrame=Rect(0, 0 - 720, 1600), mDisplayCutout=DisplayCutout{insets=Rect(0, 45 - 0, 0) waterfall=Insets{left=0, top=0, right=0, bottom=0} boundingRect={Bounds=[Rect(0, 0 - 0, 0), Rect(272, 0 - 448, 45), Rect(0, 0 - 0, 0), Rect(0, 0 - 0, 0)]} cutoutPathParserInfo={CutoutPathParserInfo{displayWidth=720 displayHeight=1600 physicalDisplayWidth=720 physicalDisplayHeight=1600 density={1.875} cutoutSpec={M 0,0 H -46.93333333333333 V 24 H 46.93333333333333 V 0 H 0 Z @dp} rotation={0} scale={1.0} physicalPixelDisplaySizeRatio={1.0}}}}, mRoundedCorners=RoundedCorners{[RoundedCorner{position=TopLeft, radius=64, center=Point(64, 64)}, RoundedCorner{position=TopRight, radius=64, center=Point(656, 64)}, RoundedCorner{position=BottomRight, radius=64, center=Point(656, 1536)}, RoundedCorner{position=BottomLeft, radius=64, center=Point(64, 1536)}]}  mRoundedCornerFrame=Rect(0, 0 - 0, 0), mPrivacyIndicatorBounds=PrivacyIndicatorBounds {static bounds=Rect(632, 0 - 720, 48) rotation=0}, mSources= { InsetsSource: {mType=ITYPE_NAVIGATION_BAR, mFrame=[0,1504][720,1600], mVisible=true, mInsetsRoundedCornerFrame=false}, InsetsSource: {mType=ITYPE_LEFT_GESTURES, mFrame=[0,0][0,1600], mVisible=true, mInsetsRoundedCornerFrame=false}, InsetsSource: {mType=ITYPE_RIGHT_GESTURES, mFrame=[720,0][720,1600], mVisible=true, mInsetsRoundedCornerFrame=false}, InsetsSource: {mType=ITYPE_TOP_MANDATORY_GESTURES, mFrame=[0,0][720,69], mVisible=true, mInsetsRoundedCornerFrame=false}, InsetsSource: {mType=ITYPE_BOTTOM_MANDATORY_GESTURES, mFrame=[0,1504][720,1600], mVisible=true, mInsetsRoundedCornerFrame=false}, InsetsSource: {mType=ITYPE_LEFT_DISPLAY_CUTOUT, mFrame=[0,0][-100000,1600], mVisible=true, mInsetsRoundedCornerFrame=false}, InsetsSource: {mType=ITYPE_TOP_DISPLAY_CUTOUT, mFrame=[0,0][720,45], mVisible=true, mInsetsRoundedCornerFrame=false}, InsetsSource: {mType=ITYPE_RIGHT_DISPLAY_CUTOUT, mFrame=[100000,0][720,1600], mVisible=true, mInsetsRoundedCornerFrame=false}, InsetsSource: {mType=ITYPE_BOTTOM_DISPLAY_CUTOUT, mFrame=[0,100000][720,1600], mVisible=true, mInsetsRoundedCornerFrame=false}, InsetsSource: {mType=ITYPE_BOTTOM_TAPPABLE_ELEMENT, mFrame=[0,1504][720,1600], mVisible=true, mInsetsRoundedCornerFrame=false} } host=StatusBar from=android.view.ViewRootImpl$ViewRootHandler.handleMessageImpl:6727
11-28 12:44:10.470  1737  1737 I ViewRootImpl@f704ebe[StatusBar]: handleResized, msg = 4 frames=ClientWindowFrames{frame=[0,0][720,48] display=[0,0][720,1600] parentFrame=[0,0][0,0] parentClippedByDisplayCutout=false} forceNextWindowRelayout=false displayId=0 resizeMode=-1 frameChanged=false displayFrameChanged=false configChanged=false displayChanged=false
11-28 12:44:10.471 23825 15949 I NearbyMediums: ModuleInitializer handles incoming intent android.intent.action.USER_PRESENT
11-28 12:44:10.477  1737  1862 D Tile.DndTile: handleUpdateState zen 0  state = BooleanState[spec=Dnd,icon=ResourceIcon[resId=0x7f0809c1],iconSupplier=null,label=Ne pas
11-28 12:44:10.477  1737  1862 D Tile.DndTile: déranger,secondaryLabel=null,contentDescription=null,stateDescription=null,dualLabelContentDescription=null,expandedAccessibilityClassName=null,disabledByPolicy=false,dualTarget=true,isTransient=false,state=1,slash="null",sideViewCustomDrawable=null,tileClassName=null,value=false,forceExpandIcon=false]
11-28 12:44:10.479 23825  9640 I Nearby  : (REDACTED) Beginning attempt #%d out of %d for %s...
11-28 12:44:10.482  1737  1737 I FaceWidgetPositionAlgorithm: getClockContainerHeight() supplier = 216, bottom margin = 0, real height = 584
11-28 12:44:10.482  1737  1737 I FaceWidgetPositionAlgorithm: getClockContainerHeight() supplier = 216, bottom margin = 48, real height = 584
11-28 12:44:10.482  1737  1737 I FaceWidgetPositionAlgorithm: getMediaContainerHeight() height = 0 container Visibility = 8, isValid = false, mIsDozing = false, fraction = 1.0, source = 0, target = 0
11-28 12:44:10.482  1737  1737 I FaceWidgetPositionAlgorithm: getMediaContainerHeight() supplier = 0
11-28 12:44:10.483  1341  1357 D WindowManager: Starting window removed Window{99cc073 u0 SnapshotStartingWindow for taskId=350}
11-28 12:44:10.483  1737  1737 V QsExpandAnimator: setQsExpansionPosition 0.0
11-28 12:44:10.483  1341  1357 V WindowManager: Remove Window{99cc073 u0 SnapshotStartingWindow for taskId=350}: mSurfaceController=Surface(name=SnapshotStartingWindow for taskId=350$_1737)/@0x786f7c mAnimatingExit=false mRemoveOnExit=false mHasSurface=true surfaceShowing=true animating=true app-animation=true mWillReplaceWindow=false mDisplayFrozen=false callers=com.android.server.wm.WindowState.removeIfPossible:3041 com.android.server.wm.WindowManagerService.removeWindow:2282 com.android.server.wm.Session.remove:236 android.view.IWindowSession$Stub.onTransact:743 com.android.server.wm.Session.onTransact:188 android.os.Binder.execTransactInternal:1316 
11-28 12:44:10.485  1341  1357 I WindowManager: Reparenting to leash, surface=Surface(name=99cc073 SnapshotStartingWindow for taskId=350)/@0xd960a8b, leashParent=Surface(name=ActivityRecord{7aeff7 u0 com.excell44.educam.debug/com.excell44.educam.MainActivity} t350})/@0x29b0768
11-28 12:44:10.485   766   853 I SurfaceFlinger: id=19016 createSurf flag=24000, Surface(name=99cc073 SnapshotStartingWindow for taskId=350)/@0xd960a8b - animation-leash of window_animation#19016
11-28 12:44:10.486  1341  1357 D WindowManager: makeSurface duration=1 leash=Surface(name=Surface(name=99cc073 SnapshotStartingWindow for taskId=350)/@0xd960a8b - animation-leash of window_animation)/@0xab40781
11-28 12:44:10.486 23825  9640 I NearbyMediums: BluetoothAdapter's name was not set by Nearby Connections, ignoring call to restore default scan mode.
11-28 12:44:10.489  1737  1795 E IMGMapper: set:488 set: Unset optional value from type SMPTE2086
11-28 12:44:10.489  1737  1795 E IMGMapper: set:488 set: Unset optional value from type CTA861_3
11-28 12:44:10.491   741   741 D IMGMemtrackHAL: hal_get_memory: memtrack cache rebuild was required
11-28 12:44:10.494  1737  1862 D MobileStatusTracker(0/5): onSignalStrengthsChanged level=2, vendorLevel=1
11-28 12:44:10.494  1737  1795 E IMGMapper: set:488 set: Unset optional value from type SMPTE2086
11-28 12:44:10.494  1737  1795 E IMGMapper: set:488 set: Unset optional value from type CTA861_3
11-28 12:44:10.495 23825  9640 I NearbyMediums: BluetoothAdapter's name was not set by Nearby Connections, ignoring call to restore device name
11-28 12:44:10.499 22488 15958 I PersonalSafety: ConnectivityProtectionLockingIntentOperation: cancelled task [CONTEXT service_id=310 ]
11-28 12:44:10.500  1737  1737 D KeyguardVisible: keyguardFadingAway false
11-28 12:44:10.500  1737  1737 D KeyguardVisible: isExpanded: true -> false
11-28 12:44:10.500  1737  1737 D KeyguardVisible: Window state diff only {
11-28 12:44:10.500  1737  1737 D KeyguardVisible:   mKeyguardFadingAway: true -> false
11-28 12:44:10.500  1737  1737 D KeyguardVisible: }
11-28 12:44:10.500  1737  1737 D KeyguardSurface: restoreKeyguardSurfaceIfVisible false
11-28 12:44:10.500  1737  1737 D KeyguardVisible: cancel
11-28 12:44:10.501  1737  1795 E IMGMapper: set:488 set: Unset optional value from type SMPTE2086
11-28 12:44:10.501  1737  1795 E IMGMapper: set:488 set: Unset optional value from type CTA861_3
11-28 12:44:10.501  8930 10713 I TouchInteractionService: onSystemUiStateChanged, stateFlags : 131072 |allow_gesture|
11-28 12:44:10.502  8930  8930 I RecentsAnimationDeviceState: setSystemUiFlags, stateFlags : 131072
11-28 12:44:10.502  8930  8930 I TouchInteractionService: onSystemUiFlagsChanged, lastSysUIFlags : 0
11-28 12:44:10.504  1341  2064 I AppOps  : updateUidProcState uid: 10044 procState: 0 capability:15
11-28 12:44:10.504  1737  1862 D MobileSignalController(0/5): notifyListener: enabled=true, connected=true, dataConnected=false, networkType=LTE (4G), emergencyOnly=false, roaming=false, isDefault=false, dataActivity=, level=1, ca=false, mmWave=false, disabledDataIcon=false, simCard=ETC
11-28 12:44:10.504  1737  1862 D NetworkController: SignalStrength from intent slotId=1
11-28 12:44:10.504   977  3775 I CameraService: onUidStateChanged: uid=10044, procState is changed. (1 -> 0)
11-28 12:44:10.504  1737  1862 D KeyguardUpdateMonitor: broadcast intent= Intent { act=com.samsung.keyguard.KEYGUARD_STATE_UPDATE (has extras) }
11-28 12:44:10.505  1737  1862 D NetworkController: SignalStrength from intent slotId=0
11-28 12:44:10.506  1737  1737 I ViewRootImpl@a308e6[NotificationShade]: MSG_WINDOW_FOCUS_CHANGED 0 0
11-28 12:44:10.510  1737  1737 D KeyguardUpdateMonitor: setFocusForBiometrics : true -> false, Focus window : 1 -> 1
11-28 12:44:10.510  1737  1737 D KeyguardAnimatedWallpaper: stopAnimation
11-28 12:44:10.512  1737  1737 I DymLock|BaseLockContainer: onWindowFocusChanged false
11-28 12:44:10.510  1341  1673 I WatchBatteryManager: action: com.samsung.keyguard.KEYGUARD_STATE_UPDATE
11-28 12:44:10.515  1341  1673 I WatchBatteryManager: showing: false
11-28 12:44:10.515 23825 23825 I RCNIntentOperation: RCN is disabled on this network.
11-28 12:44:10.515  1341  1673 W AlarmManager: Unrecognized alarm listener com.samsung.android.server.battery.WatchBatteryManager$ScreenOffAlarmListener@8f27e80
11-28 12:44:10.515  1341  1673 I WatchBatteryManager: checkSyncStart() / mRegistered: false / mScreenOn:true / mCanSyncBatteryInfo:false / mSyncState:0
11-28 12:44:10.516 22488 22488 D BoundBrokerSvc: onBind: Intent { act=com.google.android.gms.pay.service.BIND dat=chimera-action:/... cmp=com.google.android.gms/.chimera.GmsApiService }
11-28 12:44:10.516 22488 22488 D BoundBrokerSvc: Loading bound service for intent: Intent { act=com.google.android.gms.pay.service.BIND dat=chimera-action:/... cmp=com.google.android.gms/.chimera.GmsApiService }
11-28 12:44:10.516  1737  1862 D KnoxStateMonitorImpl: removeCallback() callback=com.android.keyguard.CarrierTextManager$4@dedc53b
11-28 12:44:10.516  1737  1862 D KnoxStateMonitorImpl: removeCallback() mCallbacks has same callback
11-28 12:44:10.516  1737  1862 D Tile.WifiTile: handleUpdateState isTransient=false transientEnabling =false cb.isTransient=false state.state = 2 mStateBeforeClick.value =false enabled =true
11-28 12:44:10.517  1737  1862 D Tile.WifiTile: handleUpdateState isTransient=false transientEnabling =false cb.isTransient=false state.state = 2 mStateBeforeClick.value =false enabled =true
11-28 12:44:10.518  1737  1862 D Tile.BluetoothTile:  handleUpdateState enabled = false connected = false connecting = false changedState =false bluetoothState = 10 enabledChanging = false state = BooleanState[spec=Bluetooth,icon=ResourceIcon[resId=0x7f0809bd],iconSupplier=null,label=Bluetooth,secondaryLabel=null,contentDescription=Bluetooth,Désactivé,stateDescription=null,dualLabelContentDescription=null,expandedAccessibilityClassName=null,disabledByPolicy=false,dualTarget=true,isTransient=false,state=1,slash="null",sideViewCustomDrawable=null,tileClassName=null,value=false,forceExpandIcon=false]
11-28 12:44:10.521   741   741 D IMGMemtrackHAL: hal_get_memory: memtrack cache rebuild was required
11-28 12:44:10.526  1737  1862 D Tile.RotationLockTile:  handleUpdateState: false orientation = true
11-28 12:44:10.528  1737  1862 D Tile.RotationLockTile:  handleUpdateState: false orientation = true
11-28 12:44:10.529  1737  1737 D QSMumButton: needToBeVisible() result:false [MumSetting?false = (TwoPhoneSetting:false || (somethingInDetail(1):true && Pref:false && Settings:false)), DEX-(DeviceState?false, DesktopManager?false, SemDesktopModeStateEnable?false) Panel-mExpanded?false, RepairModeUser?false]
11-28 12:44:10.530  1737  1737 D KeyguardUpdateMonitor: handleDlsBiometricMode(), enabled=false
11-28 12:44:10.530  1737  1862 D Tile.RotationLockTile:  handleUpdateState: false orientation = true
11-28 12:44:10.531  1737  1737 D Tile.BluetoothTile: onBluetoothStateChange = false
11-28 12:44:10.531  1737  1862 D NetworkController: IsPowerOffServiceState is false: 0
11-28 12:44:10.531  1737  1862 D Tile.AirplaneModeTile:  handleUpdateState: airplane mode is disabled : enter mSetting.getValue() == 0 mIsWiFiOnlyDevice false isNoSimState false !isPowerOffServiceState true
11-28 12:44:10.531  1737  1862 D Tile.AirplaneModeTile:  handleUpdateState:  value = false, state = 1
11-28 12:44:10.532  1737  1862 D Tile.BluetoothTile:  handleUpdateState enabled = false connected = false connecting = false changedState =false bluetoothState = 10 enabledChanging = false state = BooleanState[spec=Bluetooth,icon=ResourceIcon[resId=0x7f0809bd],iconSupplier=null,label=Bluetooth,secondaryLabel=null,contentDescription=Bluetooth,Désactivé,stateDescription=null,dualLabelContentDescription=null,expandedAccessibilityClassName=null,disabledByPolicy=false,dualTarget=true,isTransient=false,state=1,slash="null",sideViewCustomDrawable=null,tileClassName=null,value=false,forceExpandIcon=false]
11-28 12:44:10.532  1737  1737 D KeyguardVisible: visibilityChanged 0 -> 4
11-28 12:44:10.532  1737  1737 V KeyguardDisplayManager: hide
11-28 12:44:10.532  1737  1737 D SecPanelConfigurationBellTower: onWindowViewVisibilityChanged (cSeq.323 : vSeq.323) dState(dW:720, dH:1600) rPicker(pW:720, pH:1411, adH:1411, cH:45, nbH:96) Rotation(0, c:0, v:0) 
11-28 12:44:10.534  1341  1984 V MdnieScenarioControlService: mAclOffEnabled : false mAclPreviewState : false mAclCompensationState : false
11-28 12:44:10.534  1737  1795 D OpenGLRenderer: setSurface called with nullptr
11-28 12:44:10.535  1737  1795 D OpenGLRenderer: setSurface() destroyed EGLSurface
11-28 12:44:10.535  1737  1795 D OpenGLRenderer: destroyEglSurface
11-28 12:44:10.538  1737  1737 I ViewRootImpl@a308e6[NotificationShade]: performTraversals params={(0,0)(fillxfill) gr=TOP CENTER_VERTICAL sim={adjust=resize} layoutInDisplayCutoutMode=always ty=NOTIFICATION_SHADE fmt=TRANSLUCENT
11-28 12:44:10.538  1737  1737 I ViewRootImpl@a308e6[NotificationShade]:   fl=81840048
11-28 12:44:10.538  1737  1737 I ViewRootImpl@a308e6[NotificationShade]:   pfl=1b000000
11-28 12:44:10.538  1737  1737 I ViewRootImpl@a308e6[NotificationShade]:   vsysui=2000
11-28 12:44:10.538  1737  1737 I ViewRootImpl@a308e6[NotificationShade]:   apr=LIGHT_STATUS_BARS
11-28 12:44:10.538  1737  1737 I ViewRootImpl@a308e6[NotificationShade]:   bhv=SHOW_TRANSIENT_BARS_BY_SWIPE naviIconColor=0
11-28 12:44:10.538  1737  1737 I ViewRootImpl@a308e6[NotificationShade]:   sfl=40000}
11-28 12:44:10.540  1737  1737 I ViewRootImpl@a308e6[NotificationShade]: performTraversals mFirst=false windowShouldResize=false viewVisibilityChanged=true mForceNextWindowRelayout=false params={(0,0)(fillxfill) gr=TOP CENTER_VERTICAL sim={adjust=resize} layoutInDisplayCutoutMode=always ty=NOTIFICATION_SHADE fmt=TRANSLUCENT
11-28 12:44:10.540  1737  1737 I ViewRootImpl@a308e6[NotificationShade]:   fl=81840048
11-28 12:44:10.540  1737  1737 I ViewRootImpl@a308e6[NotificationShade]:   pfl=1b000000
11-28 12:44:10.540  1737  1737 I ViewRootImpl@a308e6[NotificationShade]:   vsysui=2000
11-28 12:44:10.540  1737  1737 I ViewRootImpl@a308e6[NotificationShade]:   apr=LIGHT_STATUS_BARS
11-28 12:44:10.540  1737  1737 I ViewRootImpl@a308e6[NotificationShade]:   bhv=SHOW_TRANSIENT_BARS_BY_SWIPE naviIconColor=0
11-28 12:44:10.540  1737  1737 I ViewRootImpl@a308e6[NotificationShade]:   sfl=40000}
11-28 12:44:10.541  1341  3022 V WindowManager: Relayout Window{724ac9e u0 NotificationShade}: viewVisibility=4 req=720x1600 d0
11-28 12:44:10.542  1341  3022 E WindowManager: win=Window{724ac9e u0 NotificationShade} destroySurfaces: appStopped=true cleanupOnResume=false win.mWindowRemovalAllowed=false win.mRemoveOnExit=false win.mViewVisibility=4 caller=com.android.server.wm.WindowManagerService.tryStartExitingAnimation:3009 com.android.server.wm.WindowManagerService.relayoutWindow:2720 com.android.server.wm.Session.relayout:274 android.view.IWindowSession$Stub.onTransact:779 com.android.server.wm.Session.onTransact:188 android.os.Binder.execTransactInternal:1316 android.os.Binder.execTransact:1280 
11-28 12:44:10.542  1341  3022 I WindowManager: Destroying surface Surface(name=NotificationShade$_1737)/@0xb555b80 called by com.android.server.wm.WindowStateAnimator.destroySurface:942 com.android.server.wm.WindowStateAnimator.destroySurfaceLocked:536 com.android.server.wm.WindowState.destroySurfaceUnchecked:4306 com.android.server.wm.WindowState.destroySurface:4280 com.android.server.wm.WindowManagerService.tryStartExitingAnimation:3009 com.android.server.wm.WindowManagerService.relayoutWindow:2720 com.android.server.wm.Session.relayout:274 android.view.IWindowSession$Stub.onTransact:779 
11-28 12:44:10.548  1341  3022 V WindowManager: Relayout hash=724ac9e, pid=1737, syncId=-1: mAttrs={(0,0)(fillxfill) gr=TOP CENTER_VERTICAL sim={adjust=resize} layoutInDisplayCutoutMode=always ty=NOTIFICATION_SHADE fmt=TRANSLUCENT
11-28 12:44:10.548  1341  3022 V WindowManager:   fl=81840048
11-28 12:44:10.548  1341  3022 V WindowManager:   pfl=1b000000
11-28 12:44:10.548  1341  3022 V WindowManager:   vsysui=2000
11-28 12:44:10.548  1341  3022 V WindowManager:   apr=LIGHT_STATUS_BARS
11-28 12:44:10.548  1341  3022 V WindowManager:   bhv=SHOW_TRANSIENT_BARS_BY_SWIPE naviIconColor=0
11-28 12:44:10.548  1341  3022 V WindowManager:   sfl=40000}
11-28 12:44:10.549  1737  1737 I BLASTBufferQueue: [ViewRootImpl@a308e6[NotificationShade]#505](f:0,a:1) destructor()
11-28 12:44:10.549  1737  1737 D BufferQueueConsumer: [ViewRootImpl@a308e6[NotificationShade]#505(BLAST Consumer)505](id:6c9000001f9,api:0,p:-1,c:1737) disconnect
11-28 12:44:10.550  1737  1737 I ViewRootImpl@a308e6[NotificationShade]: Relayout returned: old=(0,0,720,1600) new=(0,0,720,1600) req=(720,1600)4 dur=9 res=0x2 s={false 0x0} ch=true seqId=2
11-28 12:44:10.557   766   766 I Layer   : id=19005 removeFromCurrentState NotificationShade$_1737#19005 (136)
11-28 12:44:10.557   766   766 I SurfaceFlinger: id=19005 Removed NotificationShade$_1737#19005 (136)
11-28 12:44:10.560   766   766 I BufferQueueDebug: [NotificationShade$_1737#19005](this:0xb400007e9bb46838,id:-1,api:0,p:-1,c:766) onDestructor()
11-28 12:44:10.560   766   766 I Layer   : id=19005 Destroyed NotificationShade$_1737#19005
11-28 12:44:10.565   741   741 D IMGMemtrackHAL: hal_get_memory: memtrack cache rebuild was required
11-28 12:44:10.565   766   766 D SurfaceFlinger: Display 0 HWC layers:
11-28 12:44:10.565   766   766 D SurfaceFlinger:      DEVICE | 0xb400007e9a0a7ca0 | 0102 | RGBA_8888    |   14.0   31.0  706.0 1569.0 |    0    0  720 1600 | com.excell44.educam.debug/com.excell44.educam.MainActivity$_14731#19012
11-28 12:44:10.565   766   766 D SurfaceFlinger:      DEVICE | 0xb400007e779051c0 | 0000 | RGBA_8888    |   14.0   31.0  706.0 1569.0 |    0    0  720 1600 | SnapshotStartingWindow for taskId=350$_1737#19011
11-28 12:44:10.565   766   766 D SurfaceFlinger:      DEVICE | 0xb400007e77905a80 | 0100 | RGBA_8888    |    0.0    0.0  720.0   48.0 |    0    0  720   48 | StatusBar$_1737#83
11-28 12:44:10.565   766   766 D SurfaceFlinger:      DEVICE | 0xb400007e9ba7c580 | 0100 | RGBA_8888    |    0.0    0.0  720.0   96.0 |    0 1504  720 1600 | NavigationBar0$_1737#78
11-28 12:44:10.565   766   766 D SurfaceFlinger: 
11-28 12:44:10.565  1737  1795 E IMGMapper: set:488 set: Unset optional value from type SMPTE2086
11-28 12:44:10.565  1737  1795 E IMGMapper: set:488 set: Unset optional value from type CTA861_3
11-28 12:44:10.568  1737  1737 V KeyguardUpdateMonitor: *** unregister callback for com.android.keyguard.CarrierTextManager$2@cb62946
11-28 12:44:10.571  1737  1795 E IMGMapper: set:488 set: Unset optional value from type SMPTE2086
11-28 12:44:10.571  1737  1795 E IMGMapper: set:488 set: Unset optional value from type CTA861_3
11-28 12:44:10.580  1737  1795 E IMGMapper: set:488 set: Unset optional value from type SMPTE2086
11-28 12:44:10.580  1737  1795 E IMGMapper: set:488 set: Unset optional value from type CTA861_3
11-28 12:44:10.583  1737  1795 E IMGMapper: set:488 set: Unset optional value from type SMPTE2086
11-28 12:44:10.583  1737  1795 E IMGMapper: set:488 set: Unset optional value from type CTA861_3
11-28 12:44:10.587  1737  1795 E IMGMapper: set:488 set: Unset optional value from type SMPTE2086
11-28 12:44:10.587  1737  1795 E IMGMapper: set:488 set: Unset optional value from type CTA861_3
11-28 12:44:10.591  1737  1795 E IMGMapper: set:488 set: Unset optional value from type SMPTE2086
11-28 12:44:10.591  1737  1795 E IMGMapper: set:488 set: Unset optional value from type CTA861_3
11-28 12:44:10.593   750   776 I mtkpower@impl: [setMode] type:6, enabled:1
11-28 12:44:10.593   750   776 E mtkpower@impl: [setMode] unknown type
11-28 12:44:10.596   766   766 E IMGMapper: set:488 set: Unset optional value from type SMPTE2086
11-28 12:44:10.596   766   766 E IMGMapper: set:488 set: Unset optional value from type CTA861_3
11-28 12:44:10.596   766   766 I BufferQueueProducer: [FramebufferSurface](this:0xb400007e9ba846e0,id:-1,api:1,p:766,c:766) queueBuffer: fps=0.02 dur=1068990.28 max=1068592.64 min=14.00
11-28 12:44:10.602  1737  1795 E IMGMapper: set:488 set: Unset optional value from type SMPTE2086
11-28 12:44:10.602  1737  1795 E IMGMapper: set:488 set: Unset optional value from type CTA861_3
11-28 12:44:10.605  1737  1795 E IMGMapper: set:488 set: Unset optional value from type SMPTE2086
11-28 12:44:10.605  1737  1795 E IMGMapper: set:488 set: Unset optional value from type CTA861_3
11-28 12:44:10.611   766   766 E IMGMapper: set:488 set: Unset optional value from type SMPTE2086
11-28 12:44:10.611   766   766 E IMGMapper: set:488 set: Unset optional value from type CTA861_3
11-28 12:44:10.617  1737  1795 E IMGMapper: set:488 set: Unset optional value from type SMPTE2086
11-28 12:44:10.617  1737  1795 E IMGMapper: set:488 set: Unset optional value from type CTA861_3
11-28 12:44:10.625  1011  1106 I Light   : light data = 15.000000 .
11-28 12:44:10.628   766   766 E IMGMapper: set:488 set: Unset optional value from type SMPTE2086
11-28 12:44:10.628   766   766 E IMGMapper: set:488 set: Unset optional value from type CTA861_3
11-28 12:44:10.634  1737  1795 E IMGMapper: set:488 set: Unset optional value from type SMPTE2086
11-28 12:44:10.634  1737  1795 E IMGMapper: set:488 set: Unset optional value from type CTA861_3
11-28 12:44:10.637   741   741 D IMGMemtrackHAL: hal_get_memory: memtrack cache rebuild was required
11-28 12:44:10.640  1341  1371 I WindowManager: Reparenting to original parent: Surface(name=ActivityRecord{7aeff7 u0 com.excell44.educam.debug/com.excell44.educam.MainActivity} t350})/@0x29b0768, destroy=true, surface=Surface(name=99cc073 SnapshotStartingWindow for taskId=350)/@0xd960a8b
11-28 12:44:10.641  1737  2008 D KeyguardUnlock: onAnimationEnd frameUpdatedCount=16 skip=3 forceEnded=false
11-28 12:44:10.641  1341  1371 E WindowManager: win=Window{99cc073 u0 SnapshotStartingWindow for taskId=350 EXITING} destroySurfaces: appStopped=false cleanupOnResume=false win.mWindowRemovalAllowed=true win.mRemoveOnExit=true win.mViewVisibility=0 caller=com.android.server.wm.WindowState.onExitAnimationDone:5991 com.android.server.wm.WindowStateAnimator.onAnimationFinished:225 com.android.server.wm.WindowState.onAnimationFinished:6216 com.android.server.wm.WindowContainer$$ExternalSyntheticLambda4.onAnimationFinished:2 com.android.server.wm.SurfaceAnimator.lambda$getFinishedCallback$0:140 com.android.server.wm.SurfaceAnimator.$r8$lambda$lRxTVOJy8fX752UbrFno9INW9hE:0 com.android.server.wm.SurfaceAnimator$$ExternalSyntheticLambda1.run:8 
11-28 12:44:10.641  1341  1371 I WindowManager: Destroying surface Surface(name=SnapshotStartingWindow for taskId=350$_1737)/@0x786f7c called by com.android.server.wm.WindowStateAnimator.destroySurface:942 com.android.server.wm.WindowStateAnimator.destroySurfaceLocked:536 com.android.server.wm.WindowState.destroySurfaceUnchecked:4306 com.android.server.wm.WindowState.destroySurface:4280 com.android.server.wm.WindowState.onExitAnimationDone:5991 com.android.server.wm.WindowStateAnimator.onAnimationFinished:225 com.android.server.wm.WindowState.onAnimationFinished:6216 com.android.server.wm.WindowContainer$$ExternalSyntheticLambda4.onAnimationFinished:2 
11-28 12:44:10.643   750   776 I mtkpower@impl: [setMode] type:6, enabled:0
11-28 12:44:10.643   750   776 E mtkpower@impl: [setMode] unknown type
11-28 12:44:10.648  1737  1795 E IMGMapper: set:488 set: Unset optional value from type SMPTE2086
11-28 12:44:10.648  1737  1795 E IMGMapper: set:488 set: Unset optional value from type CTA861_3
11-28 12:44:10.654   741   741 D IMGMemtrackHAL: hal_get_memory: memtrack cache rebuild was required
11-28 12:44:10.657   766   766 I Layer   : id=19011 removeFromCurrentState SnapshotStartingWindow for taskId=350$_1737#19011 (135)
11-28 12:44:10.657   766   766 I Layer   : id=19010 removeFromCurrentState 99cc073 SnapshotStartingWindow for taskId=350#19010 (135)
11-28 12:44:10.657   766   766 I Layer   : id=19016 removeFromCurrentState Surface(name=99cc073 SnapshotStartingWindow for taskId=350)/@0xd960a8b - animation-leash of window_animation#19016 (135)
11-28 12:44:10.657   766   766 I Layer   : Layer [SnapshotStartingWindow for taskId=350$_1737#19011] hidden!! flag(1)
11-28 12:44:10.657   766   766 I SurfaceFlinger: id=19010 Removed 99cc073 SnapshotStartingWindow for taskId=350#19010 (135)
11-28 12:44:10.657   766   766 I SurfaceFlinger: id=19011 Removed SnapshotStartingWindow for taskId=350$_1737#19011 (135)
11-28 12:44:10.657   766   766 I SurfaceFlinger: id=19016 Removed Surface(name=99cc073 SnapshotStartingWindow for taskId=350)/@0xd960a8b - animation-leash of window_animation#19016 (135)
11-28 12:44:10.657  1737  1737 D KeyguardUnlock: IRemoteAnimationFinishedCallback#onAnimationFinished
11-28 12:44:10.658   766   766 I Layer   : id=19016 Destroyed Surface(name=99cc073 SnapshotStartingWindow for taskId=350)/@0xd960a8b - animation-leash of window_animation#19016
11-28 12:44:10.658   766   766 I Layer   : id=19010 Destroyed 99cc073 SnapshotStartingWindow for taskId=350#19010
11-28 12:44:10.658  1341  3022 D WindowManager: app-onAnimationFinished(): mOuter=RemoteAnimationController@fb233a9
11-28 12:44:10.658  1341  3022 D WindowManager: onAnimationFinished(RemoteAnimationController@fb233a9): mPendingAnimations=1, caller=
11-28 12:44:10.660   766   766 I BufferQueueDebug: [SnapshotStartingWindow for taskId=350$_1737#19011](this:0xb400007e9bb59838,id:-1,api:0,p:-1,c:766) onDestructor()
11-28 12:44:10.660   766   766 I Layer   : id=19011 Destroyed SnapshotStartingWindow for taskId=350$_1737#19011
11-28 12:44:10.660  1341  3022 D WindowManager: app-release(): mOuter=RemoteAnimationController@fb233a9
11-28 12:44:10.660  1341  3022 D WindowManager: onAnimationFinished(): Notify animation finished:
11-28 12:44:10.660  1341  3022 I WindowManager: Reparenting to original parent: Surface(name=DefaultTaskDisplayArea)/@0xc975a6b, destroy=true, surface=Surface(name=Task=350)/@0x8b9d0d6
11-28 12:44:10.661  1341  3022 D WindowManager: 	container=Task{139bbf2 #350 type=standard A=10399:com.excell44.educam.debug U=0 visible=true visibleRequested=true mode=fullscreen translucent=false sz=1}
11-28 12:44:10.662  1341  3022 I WindowManager: Finishing remote animation
11-28 12:44:10.663   766   766 D SurfaceFlinger: Display 0 HWC layers:
11-28 12:44:10.663   766   766 D SurfaceFlinger:      DEVICE | 0xb400007e9a0a7ca0 | 0102 | RGBA_8888    |    0.0    0.0  720.0 1600.0 |    0    0  720 1600 | com.excell44.educam.debug/com.excell44.educam.MainActivity$_14731#19012
11-28 12:44:10.663   766   766 D SurfaceFlinger:      DEVICE | 0xb400007e77905a80 | 0100 | RGBA_8888    |    0.0    0.0  720.0   48.0 |    0    0  720   48 | StatusBar$_1737#83
11-28 12:44:10.663   766   766 D SurfaceFlinger:      DEVICE | 0xb400007e9ba7cd60 | 0100 | RGBA_8888    |    0.0    0.0  720.0   96.0 |    0 1504  720 1600 | NavigationBar0$_1737#78
11-28 12:44:10.663   766   766 D SurfaceFlinger: 
11-28 12:44:10.666  1737  1795 E IMGMapper: set:488 set: Unset optional value from type SMPTE2086
11-28 12:44:10.666  1737  1795 E IMGMapper: set:488 set: Unset optional value from type CTA861_3
11-28 12:44:10.673   766   766 I Layer   : id=19013 removeFromCurrentState Surface(name=Task=350)/@0x8b9d0d6 - animation-leash of app_transition#19013 (132)
11-28 12:44:10.680  1737  1795 E IMGMapper: set:488 set: Unset optional value from type SMPTE2086
11-28 12:44:10.680  1737  1795 E IMGMapper: set:488 set: Unset optional value from type CTA861_3
11-28 12:44:10.683   741   741 D IMGMemtrackHAL: hal_get_memory: memtrack cache rebuild was required
11-28 12:44:10.694   741   741 D IMGMemtrackHAL: hal_get_memory: memtrack cache rebuild was required
11-28 12:44:10.695  1737  1795 E IMGMapper: set:488 set: Unset optional value from type SMPTE2086
11-28 12:44:10.695  1737  1795 E IMGMapper: set:488 set: Unset optional value from type CTA861_3
11-28 12:44:10.708   741   741 D IMGMemtrackHAL: hal_get_memory: memtrack cache rebuild was required
11-28 12:44:10.713  1737  1795 E IMGMapper: set:488 set: Unset optional value from type SMPTE2086
11-28 12:44:10.713  1737  1795 E IMGMapper: set:488 set: Unset optional value from type CTA861_3
11-28 12:44:10.730   741   741 D IMGMemtrackHAL: hal_get_memory: memtrack cache rebuild was required
11-28 12:44:10.733  1737  1795 E IMGMapper: set:488 set: Unset optional value from type SMPTE2086
11-28 12:44:10.733  1737  1795 E IMGMapper: set:488 set: Unset optional value from type CTA861_3
11-28 12:44:10.755   741   741 D IMGMemtrackHAL: hal_get_memory: memtrack cache rebuild was required
11-28 12:44:10.795   741   741 D IMGMemtrackHAL: hal_get_memory: memtrack cache rebuild was required
11-28 12:44:10.826  1011  1106 I Light   : light data = 15.000000 .
11-28 12:44:10.865   741   741 D IMGMemtrackHAL: hal_get_memory: memtrack cache rebuild was required
11-28 12:44:10.920   741   741 D IMGMemtrackHAL: hal_get_memory: memtrack cache rebuild was required
11-28 12:44:11.026  1011  1106 I Light   : light data = 15.000000 .
11-28 12:44:11.030   741   741 D IMGMemtrackHAL: hal_get_memory: memtrack cache rebuild was required
11-28 12:44:11.089   741   741 D IMGMemtrackHAL: hal_get_memory: memtrack cache rebuild was required
11-28 12:44:11.107   741   741 D IMGMemtrackHAL: hal_get_memory: memtrack cache rebuild was required
11-28 12:44:11.202  1011  1106 I Accelerometer: acc data x = 1.319000, y = 0.676000, z = 9.490000 .
11-28 12:44:11.216   747 15945 I mtkpower_client: perf_lock_rel, hdl:51928, tid:15945
11-28 12:44:11.217   747 15945 I mtkpower_client: perf_lock_acq, hdl:0, dur:0, num:2, tid:15945
11-28 12:44:11.218   750   798 I libPowerHal: [perfLockRel] hdl:51928, idx:2
11-28 12:44:11.218   750   798 I libPowerHal: vendor.samsung.: cpu_ctrl set cpu freq: -1 -1 1138000 -1
11-28 12:44:11.219   747 15945 I mtkpower_client: ret_hdl:51929
11-28 12:44:11.219   750   798 I libPowerHal: [perfLockAcq] idx:3 hdl:51929 hint:-1 pid:747 duration:0 lock_user:vendor.samsung. => ret_hdl:51929
11-28 12:44:11.219   747 15945 I HYPER-HAL: [RequestManager.cpp]releaseLocked(): Released ID : 1509453
11-28 12:44:11.219   750   798 I libPowerHal: vendor.samsung.: cpu_ctrl set cpu freq: 1218000 -1 1138000 -1
11-28 12:44:11.227  1011  1106 I Light   : light data = 15.000000 .
11-28 12:44:11.322  1737  1737 D SecPanelExpansionStateNotifier: unregisterTicket() name:CentralSurfacePanelExpansionStateTicket
11-28 12:44:11.399  1341  3022 D SGM:GameManager: identifyForegroundApp. com.excell44.educam.debug, mCurrentUserId: 0, callerUserId: 0
11-28 12:44:11.399  1341  3022 D SGM:PkgDataHelper: getGamePkgData(). com.excell44.educam.debug
11-28 12:44:11.400 28491 28521 I PolicyManager: [#CMH#] Is foreground game app: false
11-28 12:44:11.426  1011  1106 I Light   : light data = 15.000000 .
11-28 12:44:11.553  1341  1532 D InputReader: Btn_touch(1): value=1 when=337612.972773
11-28 12:44:11.553  1341  1532 I InputReader: Touch event's action is 0x0 (id=5, t=0) [pCnt=1, s=0.42636 ] when=337612.972773
11-28 12:44:11.554  1341  1531 I InputDispatcher: Delivering touch to (1737): action: 0x0, f=0x0, d=0, 'ab6e286', t=1 +(0,-1504)
11-28 12:44:11.554  1737  1737 I ViewRootImpl@f0704d0[NavigationBar0]: ViewPostIme pointer 0
11-28 12:44:11.555  1341  1368 I GestureDetector: obtain mCurrentDownEvent. id: 1042659962 caller: com.android.server.wm.SystemGesturesPointerEventListener.onPointerEvent:203 com.android.server.wm.PointerEventDispatcher.onInputEvent:53 android.view.InputEventReceiver.dispatchInputEvent:285 
11-28 12:44:11.555  1341  1368 I GestureDetector: obtain mCurrentDownEvent. id: 1042659962 caller: com.android.server.wm.SystemPerformancePointerEventListener.onPointerEvent:89 com.android.server.wm.PointerEventDispatcher.onInputEvent:53 android.view.InputEventReceiver.dispatchInputEvent:285 
11-28 12:44:11.556  1737  1737 V Vibrator: semGetSupportedVibrationType: ret=1
11-28 12:44:11.556  1737  2249 I KeyButtonView: injectInputEvent - 187
11-28 12:44:11.557  1341  2064 D InputDispatcher: Inject key (1737/10044): action=0, f=0x48, d=0, time=337612974000000
11-28 12:44:11.557  1341  2064 D WindowManager: interceptKeyTq keycode=187 interactive=true keyguardActive=false policyFlags=2b000002
11-28 12:44:11.557  1341  2064 D SingleKeyGesture: reset counter=1 mActiveRule=KeyCode=KEYCODE_POWER, LongPress=true, MaxMultiPressCount=5 Callers(5)=com.android.server.policy.SingleKeyGestureDetector.interceptKeyDown:453 com.android.server.policy.SingleKeyGestureDetector.interceptKey:399 com.android.server.policy.PhoneWindowManager.handleKeyGesture:5020 com.android.server.policy.PhoneWindowManager.interceptKeyBeforeQueueing:4550 com.android.server.wm.InputManagerCallback.interceptKeyBeforeQueueing:156 
11-28 12:44:11.558  1341  2064 D PhoneWindowManagerExt: interceptKeyTq code=187 down=true repeatCount=0 displayId=0 interactive=true
11-28 12:44:11.558  1341  2064 D WindowManager: interceptKeyTq interceptKeyResult=1
11-28 12:44:11.558  1341  2064 D PhoneWindowManagerExt: f.b. a=false id=1 he=true ksno=false uid=1000 callingPackage=android reason=Virtual Key - Press Caller=com.android.server.policy.PhoneWindowManager.performHapticFeedback:6520 com.android.server.policy.PhoneWindowManager.performHapticFeedback:6511 com.android.server.policy.PhoneWindowManager.interceptKeyBeforeQueueing:4924 com.android.server.wm.InputManagerCallback.interceptKeyBeforeQueueing:156 com.android.server.input.InputManagerService.interceptKeyBeforeQueueing:4755 
11-28 12:44:11.558  1341  2064 V Vibrator: semGetSupportedVibrationType: ret=1
11-28 12:44:11.558  1341  2064 D PhoneWindowManagerExt: haptic generated by application
11-28 12:44:11.558  1341  3022 D VibratorManagerService: vibrate - uid: 10044, opPkg: com.android.systemui, effect: Mono{mEffect=Composed{segments=[SemHaptic{mType=50124}], repeat=-1, mMagnitudeType=TYPE_TOUCH}}, attrs: VibrationAttributes: Usage=UNKNOWN Audio Usage= USAGE_UNKNOWN tags= Flags=0, reason: null, token: android.os.BinderProxy@474afac
11-28 12:44:11.558  1341  3022 D VibratorManagerService: converted usage = TOUCH(18)
11-28 12:44:11.559  1341  3022 D VibratorManagerService: semDcVibrate : EFFECT_CLICK_RESERVED_DC(100), repeat: -1, usage: TOUCH(18), magnitude: 45
11-28 12:44:11.559  1341  3022 D VibratorManagerService: Starting vibrate for vibration  1311
11-28 12:44:11.559  1341  1531 D WindowManager: interceptKeyTi keyCode=187 down=true repeatCount=0 keyguardOn=false canceled=false
11-28 12:44:11.559  1341  1531 D PhoneWindowManagerExt: interceptKeyTi code=187 down=true repeatCount=0 displayId=0 interactive=true
11-28 12:44:11.560  1737  1795 E IMGMapper: set:488 set: Unset optional value from type SMPTE2086
11-28 12:44:11.561  1737  1795 E IMGMapper: set:488 set: Unset optional value from type CTA861_3
11-28 12:44:11.562   759   759 E SecVibrator-HAL-AIDL-CORE: V_2_0: Vibrator on for timeoutMs: 45
11-28 12:44:11.562   759   759 E SecVibrator-HAL-AIDL-CORE: HW_API: do_on for timeoutMs: 45
11-28 12:44:11.562   759   759 E SecVibrator-HAL-AIDL-CORE: HW_API: >> writeNode node:/timed_output/vibrator/enable val:45
11-28 12:44:11.563  1341  1368 I GestureDetector: obtain mCurrentMotionEventRaw. action: 2 id: 126245676
11-28 12:44:11.564  1341  1368 I GestureDetector: obtain mCurrentMotionEventRaw. action: 2 id: 126245676
11-28 12:44:11.565   759   759 E SecVibrator-HAL-AIDL-CORE: HW_API: << writeNode node OK : 3
11-28 12:44:11.573   766   766 I BufferQueueProducer: [NavigationBar0$_1737#78](this:0xb400007e9bb3a838,id:-1,api:0,p:-1,c:766) queueBuffer: fps=5.30 dur=1132.75 max=950.00 min=16.33
11-28 12:44:11.574   738   839 I hwcomposer: [HWCDisplay] [Display_0 (type:1)] fps:20.814821,dur:1249.11,max:816.32,min:12.78  
11-28 12:44:11.579  1737  1795 E IMGMapper: set:488 set: Unset optional value from type SMPTE2086
11-28 12:44:11.579  1737  1795 E IMGMapper: set:488 set: Unset optional value from type CTA861_3
11-28 12:44:11.596  1737  1795 E IMGMapper: set:488 set: Unset optional value from type SMPTE2086
11-28 12:44:11.596  1737  1795 E IMGMapper: set:488 set: Unset optional value from type CTA861_3
11-28 12:44:11.607  1341  1507 D VibratorManagerService: Vibration 1311 finished with status FINISHED
11-28 12:44:11.607  1341  1507 D VibratorManagerService: Reporting vibration 1311 finished with status FINISHED
11-28 12:44:11.607  1341  1507 D VibratorManagerService: Vibration for uid=10044 and with attrs=VibrationAttributes: Usage=TOUCH Audio Usage= USAGE_UNKNOWN tags= Flags=0 ended with status FINISHED
11-28 12:44:11.608  1737  1862 D MobileStatusTracker(1/4): onSignalStrengthsChanged level=2, vendorLevel=1
11-28 12:44:11.609  1737  1862 D MobileSignalController(1/4): notifyListener: enabled=true, connected=true, dataConnected=false, networkType=LTE (4G), emergencyOnly=false, roaming=false, isDefault=false, dataActivity=inout, level=1, ca=false, mmWave=false, disabledDataIcon=false, simCard=ETC
11-28 12:44:11.609  1737  1862 D NetworkController: SignalStrength from intent slotId=1
11-28 12:44:11.610  1737  1795 E IMGMapper: set:488 set: Unset optional value from type SMPTE2086
11-28 12:44:11.610  1737  1795 E IMGMapper: set:488 set: Unset optional value from type CTA861_3
11-28 12:44:11.610  1341 17499 D VibratorManagerService: Vibration 1311 on vibrator 0 complete, notifying thread
11-28 12:44:11.611  1737  1862 D MobileStatusTracker(0/5): onSignalStrengthsChanged level=2, vendorLevel=1
11-28 12:44:11.611   759   759 E SecVibrator-HAL-AIDL-CORE: V_2_0: Vibrator off
11-28 12:44:11.611   759   759 E SecVibrator-HAL-AIDL-CORE: HW_API: do_off
11-28 12:44:11.611   759   759 E SecVibrator-HAL-AIDL-CORE: HW_API: >> writeNode node:/timed_output/vibrator/enable val:0
11-28 12:44:11.611   759   759 E SecVibrator-HAL-AIDL-CORE: HW_API: << writeNode node OK : 2
11-28 12:44:11.612  1737  1862 D MobileSignalController(0/5): notifyListener: enabled=true, connected=true, dataConnected=false, networkType=LTE (4G), emergencyOnly=false, roaming=false, isDefault=false, dataActivity=, level=1, ca=false, mmWave=false, disabledDataIcon=false, simCard=ETC
11-28 12:44:11.612  1341  1507 D VibratorManagerService: VibrationThread released after finished vibration
11-28 12:44:11.612  1341  1507 D VibratorManagerService: Processing VibrationThread released callback
11-28 12:44:11.613  1737  1862 D NetworkController: SignalStrength from intent slotId=0
11-28 12:44:11.626  1011  1106 I Light   : light data = 15.000000 .
11-28 12:44:11.626  1737  1795 E IMGMapper: set:488 set: Unset optional value from type SMPTE2086
11-28 12:44:11.626  1737  1795 E IMGMapper: set:488 set: Unset optional value from type CTA861_3
11-28 12:44:11.643  1737  1795 E IMGMapper: set:488 set: Unset optional value from type SMPTE2086
11-28 12:44:11.643  1737  1795 E IMGMapper: set:488 set: Unset optional value from type CTA861_3
11-28 12:44:11.644  1341  1532 D InputReader: Btn_touch(1): value=0 when=337613.063982
11-28 12:44:11.644  1341  1532 I InputReader: Touch event's action is 0x1 (id=5, t=0) [pCnt=1, s=] when=337613.063982
11-28 12:44:11.645  1341  1531 I InputDispatcher: Delivering touch to (1737): action: 0x1, f=0x0, d=0, 'ab6e286', t=1 +(0,-1504)
11-28 12:44:11.645  1737  1737 I ViewRootImpl@f0704d0[NavigationBar0]: ViewPostIme pointer 1
11-28 12:44:11.646  1737  2249 I KeyButtonView: injectInputEvent - 187
11-28 12:44:11.646  1341  3022 D InputDispatcher: Inject key (1737/10044): action=1, f=0x48, d=0, time=337613065000000
11-28 12:44:11.646  1341  3022 D WindowManager: interceptKeyTq keycode=187 interactive=true keyguardActive=false policyFlags=2b000002
11-28 12:44:11.647  1341  3022 D PhoneWindowManagerExt: interceptKeyTq code=187 down=false repeatCount=0 displayId=0 interactive=true
11-28 12:44:11.647  1341  3022 D WindowManager: interceptKeyTq interceptKeyResult=1
11-28 12:44:11.647  1341  1531 D WindowManager: interceptKeyTi keyCode=187 down=false repeatCount=0 keyguardOn=false canceled=false
11-28 12:44:11.647  1341  1531 D PhoneWindowManagerExt: interceptKeyTi code=187 down=false repeatCount=0 displayId=0 interactive=true
11-28 12:44:11.647  1341  1531 D WindowManager: toggleRecentApps displayId=0
11-28 12:44:11.648  8930 10713 I TouchInteractionService: onOverviewToggle
11-28 12:44:11.648  8930 10713 I OverviewCommandHelper: addCommand, type : 4, size : 0
11-28 12:44:11.648  8930  8930 I HsTaskBooster: boost TASK_BOOST: 8930
11-28 12:44:11.648  8930  8930 I OverviewCommandHelper: addCommand, CommandInfo@1383450115 (type=4, activeCallbacks=null)
11-28 12:44:11.648  8930  8930 I OverviewCommandHelper: executeNext - size : 1
11-28 12:44:11.648  8930  8930 I OverviewCommandHelper: executeCommand, CommandInfo@1383450115 (type=4, activeCallbacks=null), visible recents : false
11-28 12:44:11.649  8930  8930 I TouchInteractionService: createGestureState, gestureId : 969
11-28 12:44:11.649  8930  8930 I TopTaskTracker: getCachedTopTask : filterOnlyVisibleRecents = false
11-28 12:44:11.651  8930  8930 I TopTaskTracker: getCachedTopTask : tasks = [TaskInfo{userId=0 taskId=350 displayId=0 isRunning=true baseIntent=Intent { act=android.intent.action.MAIN cat=[android.intent.category.LAUNCHER] flg=0x10200000 cmp=com.excell44.educam.debug/com.excell44.educam.MainActivity } baseActivity=ComponentInfo{com.excell44.educam.debug/com.excell44.educam.MainActivity} topActivity=ComponentInfo{com.excell44.educam.debug/com.excell44.educam.MainActivity} origActivity=null realActivity=ComponentInfo{com.excell44.educam.debug/com.excell44.educam.MainActivity} numActivities=1 lastActiveTime=1382313851 supportsSplitScreenMultiWindow=true supportsMultiWindow=true resizeMode=1 isResizeable=true minWidth=-1 minHeight=-1 defaultMinSize=220 token=WCT{android.window.IWindowContainerToken$Stub$Proxy@c662cf9} topActivityType=1 pictureInPictureParams=null shouldDockBigOverlays=false launchIntoPipHostTaskId=0 displayCutoutSafeInsets=Rect(0, 45 - 0, 0) topActivityInfo=ActivityInfo{acb343e com.excell44.educam.MainActivity} launchCookies=[com.android.launcher3.util.ObjectWrapper@864529f] positionInParent=Point(0, 0) parentTaskId=-1 isFocused=false isVisible=false isSleeping=false topActivityInSizeCompat=false topActivityEligibleForLetterboxEducation= false locusId=null displayAreaFeatureId=1 cameraCompatControlState=hidden originallySupportedSplitScreen=true hasWallpaper=false isTopTransparentActivity=false topActivityInFixedAspectRatio=false topActivityInDisplayCompat=false topActivityInBoundsCompat=false topActivityBounds=null}, TaskInfo{userId=0 taskId=233 displayId=0 isRunning=true baseIntent=Intent { act=android.intent.action.MAIN cat=[android.intent.category.HOME] flg=0x10010000 pkg=com.sec.android.app.launcher cmp=com.sec.android.app.launcher/.activities.LauncherActivity } baseActivity=ComponentInfo{com.sec.android.app.launcher/com.sec.android.app.launcher.activities.LauncherActivity} topActivity=ComponentInfo{com.sec.android.app.launcher/com.android.launcher3.uioverrides.QuickstepLauncher} origActivity=ComponentInfo{com.sec.android.app.launcher/com.sec.android.app.launcher.activities.LauncherActivity} realActivity=ComponentInfo{com.sec.android.app.launcher/com.android.launcher3.uioverrides.QuickstepLauncher} numActivities=1 lastActiveTime=1382299233 supportsSplitScreenMultiWindow=true supportsMultiWindow=true resizeMode=2 isResizeable=true minWidth=-1 minHeight=-1 defaultMinSize=220 token=WCT{android.window.IWindowContainerToken$Stub$Proxy@fa4f9bf} topActivityType=2 pictureInPictureParams=null shouldDockBigOverlays=false launchIntoPipHostTaskId=0 displayCutoutSafeInsets=Rect(0, 45 - 0, 0) topActivityInfo=ActivityInfo{610b88c com.sec.android.app.launcher.activities.LauncherActivity} launchCookies=[] positionInParent=Point(0, 0) parentTaskId=-1 isFocused=false isVisible=false isSleeping=false topActivityInSizeCompat=false topActivityEligibleForLetterboxEducation= false locusId=LocusId[17_chars] displayAreaFeatureId=1 cameraCompatControlState=hidden originallySupportedSplitScreen=true hasWallpaper=false isTopTransparentActivity=false topActivityInFixedAspectRatio=false topActivityInDisplayCompat=false topActivityInBoundsCompat=false topActivityBounds=null}, TaskInfo{userId=0 taskId=338 displayId=0 isRunning=true baseIntent=Intent { act=android.intent.action.MAIN cat=[android.intent.category.LAUNCHER] flg=0x10200000 cmp=com.moonshot.kimichat/.MainActivity } baseActivity=ComponentInfo{com.moonshot.kimichat/com.moonshot.kimichat.MainActivity} topActivity=ComponentInfo{com.moonshot.kimichat/com.moonshot.kimichat.MainActivity} origActivity=null realActivity=ComponentInfo{com.moonshot.kimichat/com.moonshot.kimichat.MainActivity} numActivities=1 lastActiveTime=1382201711 supportsSplitScreenMultiWindow=true supportsMultiWindow=true resizeMode=1 isResizeable=true minWidth=-1 minHeight=-1 defaultMinSize=220 token=WCT{android.window.IWindowContainerToken$Stub$Proxy@5a16bd5} topActivityType=1 pictureInPictureParams=null shouldDockBigOverlays=false launchIntoPipHostTaskId=0 displayCutoutSafeInsets=Rect(0, 45 - 0, 0) topActivityInfo=
11-28 12:44:11.651  8930  8930 I GestureState: updateRunningTask, runningTask : 350, previousRunningTask : null
11-28 12:44:11.653  8930  8930 I GestureState: setHandlingAtomicEvent, handlingAtomicEvent : true
11-28 12:44:11.652 26119 26119 I Dc.AppErrorDialogActivity: receive android.intent.action.CLOSE_SYSTEM_DIALOGS
11-28 12:44:11.653  8930  8930 I TouchInteractionService: createLauncherSwipeHandler
11-28 12:44:11.653  8930  8930 I TopTaskTracker: getRunningSplitTaskIds : invalid task id
11-28 12:44:11.653  8930  8930 I TopTaskTracker: getRunningSplitTaskIds : invalid task id
11-28 12:44:11.653  8930  8930 I RecentsOrientedState: current RecentsOrientedState: [this=RecentsOrientedState@165531628 mOrientationHandler=PortraitPagedViewHandler@178751024 mDisplayRotation=0 mTouchRotation=0 mRecentsActivityRotation=0 mRecentsRotation=-1 isRecentsActivityRotationAllowed=true mSystemRotation=false mStateId=0 mFlags=289]
11-28 12:44:11.653  8930  8930 I RecentsOrientedState: current RecentsOrientedState: [this=RecentsOrientedState@165531628 mOrientationHandler=PortraitPagedViewHandler@178751024 mDisplayRotation=0 mTouchRotation=0 mRecentsActivityRotation=0 mRecentsRotation=-1 isRecentsActivityRotationAllowed=true mSystemRotation=false mStateId=36999 mFlags=289]
11-28 12:44:11.653  8930  8930 I RecentsOrientedStateCallbacksImpl: updateHomeRotationSetting
11-28 12:44:11.653  8930  8930 I RecentsOrientedState: current RecentsOrientedState: [this=RecentsOrientedState@165531628 mOrientationHandler=PortraitPagedViewHandler@178751024 mDisplayRotation=0 mTouchRotation=0 mRecentsActivityRotation=0 mRecentsRotation=-1 isRecentsActivityRotationAllowed=true mSystemRotation=false mStateId=36999 mFlags=289]
11-28 12:44:11.654  8930  8930 I RecentsOrientedState: current RecentsOrientedState: [this=RecentsOrientedState@165531628 mOrientationHandler=PortraitPagedViewHandler@178751024 mDisplayRotation=0 mTouchRotation=0 mRecentsActivityRotation=0 mRecentsRotation=-1 isRecentsActivityRotationAllowed=true mSystemRotation=false mStateId=36999 mFlags=33]
11-28 12:44:11.654  1737  1737 D LocationControllerImpl: onReceive() = android.intent.action.CLOSE_SYSTEM_DIALOGS
11-28 12:44:11.654  1737  1737 V ShadeControllerImpl: NotificationShadeWindow: com.android.systemui.statusbar.phone.NotificationShadeWindowView{82bc774 I.E...... ......ID 0,0-720,1600} canPanelBeCollapsed(): false
11-28 12:44:11.655  1737  1737 D SecQSLayoutDetail: action:android.intent.action.CLOSE_SYSTEM_DIALOGS
11-28 12:44:11.655  1737  1737 D QSMoreButton: action:android.intent.action.CLOSE_SYSTEM_DIALOGS
11-28 12:44:11.655  1737  1737 D PopupUI.PopupUI: PopupUIReceiver.onReceive() action : android.intent.action.CLOSE_SYSTEM_DIALOGS
11-28 12:44:11.655  8930  8930 I RecentsOrientedState: current RecentsOrientedState: [this=RecentsOrientedState@165531628 mOrientationHandler=PortraitPagedViewHandler@178751024 mDisplayRotation=0 mTouchRotation=0 mRecentsActivityRotation=0 mRecentsRotation=-1 isRecentsActivityRotationAllowed=true mSystemRotation=false mStateId=4231 mFlags=33]
11-28 12:44:11.655  1737  1737 D QSButtonsContainer: action:android.intent.action.CLOSE_SYSTEM_DIALOGS
11-28 12:44:11.655  1737  1737 D SecVolume.SecVolumeStore: dispatch [ACTION_DISMISS_REQUESTED] with [STATE_NO_DISPATCH]
11-28 12:44:11.655  1737  1737 D SecVolume.SecVolumeStore:   > New State : [STATE_NO_DISPATCH]
