11-29 13:05:01.081  3203  3203 E AndroidRuntime: 	at android.app.ActivityThread.installProvider(ActivityThread.java:6396)
11-29 13:05:01.081  3203  3203 E AndroidRuntime: 	at android.app.ActivityThread.installContentProviders(ActivityThread.java:5938)
11-29 13:05:01.081  3203  3203 E AndroidRuntime: 	at android.app.ActivityThread.handleBindApplication(ActivityThread.java:5853)
11-29 13:05:01.081  3203  3203 E AndroidRuntime: 	at android.app.ActivityThread.access$1100(ActivityThread.java:199)
11-29 13:05:01.081  3203  3203 E AndroidRuntime: 	at android.app.ActivityThread$H.handleMessage(ActivityThread.java:1650)
11-29 13:05:01.081  3203  3203 E AndroidRuntime: 	at android.os.Handler.dispatchMessage(Handler.java:106)
11-29 13:05:01.081  3203  3203 E AndroidRuntime: 	at android.os.Looper.loop(Looper.java:193)
11-29 13:05:01.081  3203  3203 E AndroidRuntime: 	at android.app.ActivityThread.main(ActivityThread.java:6669)
11-29 13:05:01.081  3203  3203 E AndroidRuntime: 	at java.lang.reflect.Method.invoke(Native Method)
11-29 13:05:01.081  3203  3203 E AndroidRuntime: 	at com.android.internal.os.RuntimeInit$MethodAndArgsCaller.run(RuntimeInit.java:493)
11-29 13:05:01.081  3203  3203 E AndroidRuntime: 	at com.android.internal.os.ZygoteInit.main(ZygoteInit.java:858)
11-29 13:05:01.081  3203  3203 E AndroidRuntime: Caused by: java.lang.IllegalStateException: The Crashlytics build ID is missing. This occurs when the Crashlytics Gradle plugin is missing from your app's build configuration. Please review the Firebase Crashlytics onboarding instructions at https://firebase.google.com/docs/crashlytics/get-started?platform=android#add-plugin
11-29 13:05:01.081  3203  3203 E AndroidRuntime: 	at com.google.firebase.crashlytics.internal.common.CrashlyticsCore.onPreExecute(CrashlyticsCore.java:145)
11-29 13:05:01.081  3203  3203 E AndroidRuntime: 	at com.google.firebase.crashlytics.FirebaseCrashlytics.init(FirebaseCrashlytics.java:179)
11-29 13:05:01.081  3203  3203 E AndroidRuntime: 	at com.google.firebase.crashlytics.CrashlyticsRegistrar.buildCrashlytics(CrashlyticsRegistrar.java:72)
11-29 13:05:01.081  3203  3203 E AndroidRuntime: 	at com.google.firebase.crashlytics.CrashlyticsRegistrar.$r8$lambda$XFR966Xtld0zGICMasGRYAhWin4(Unknown Source:0)
11-29 13:05:01.081  3203  3203 E AndroidRuntime: 	at com.google.firebase.crashlytics.CrashlyticsRegistrar$$ExternalSyntheticLambda0.create(D8$$SyntheticClass:0)
11-29 13:05:01.081  3203  3203 E AndroidRuntime: 	at com.google.firebase.tracing.ComponentMonitor.lambda$processRegistrar$0(ComponentMonitor.java:38)
11-29 13:05:01.081  3203  3203 E AndroidRuntime: 	at com.google.firebase.tracing.ComponentMonitor$$ExternalSyntheticLambda0.create(D8$$SyntheticClass:0)
11-29 13:05:01.081  3203  3203 E AndroidRuntime: 	at com.google.firebase.components.ComponentRuntime.lambda$discoverComponents$0$com-google-firebase-components-ComponentRuntime(ComponentRuntime.java:160)
11-29 13:05:01.081  3203  3203 E AndroidRuntime: 	at com.google.firebase.components.ComponentRuntime$$ExternalSyntheticLambda2.get(D8$$SyntheticClass:0)
11-29 13:05:01.081  3203  3203 E AndroidRuntime: 	at com.google.firebase.components.Lazy.get(Lazy.java:53)
11-29 13:05:01.081  3203  3203 E AndroidRuntime: 	at com.google.firebase.components.ComponentRuntime.doInitializeEagerComponents(ComponentRuntime.java:322)
11-29 13:05:01.081  3203  3203 E AndroidRuntime: 	at com.google.firebase.components.ComponentRuntime.initializeEagerComponents(ComponentRuntime.java:312)
11-29 13:05:01.081  3203  3203 E AndroidRuntime: 	at com.google.firebase.FirebaseApp.initializeAllApis(FirebaseApp.java:607)
11-29 13:05:01.081  3203  3203 E AndroidRuntime: 	at com.google.firebase.FirebaseApp.initializeApp(FirebaseApp.java:300)
11-29 13:05:01.081  3203  3203 E AndroidRuntime: 	at com.google.firebase.FirebaseApp.initializeApp(FirebaseApp.java:264)
11-29 13:05:01.081  3203  3203 E AndroidRuntime: 	at com.google.firebase.FirebaseApp.initializeApp(FirebaseApp.java:249)
11-29 13:05:01.081  3203  3203 E AndroidRuntime: 	at com.google.firebase.provider.FirebaseInitProvider.onCreate(FirebaseInitProvider.java:69)
11-29 13:05:01.081  3203  3203 E AndroidRuntime: 	at android.content.ContentProvider.attachInfo(ContentProvider.java:1919)
11-29 13:05:01.081  3203  3203 E AndroidRuntime: 	at android.content.ContentProvider.attachInfo(ContentProvider.java:1894)
11-29 13:05:01.081  3203  3203 E AndroidRuntime: 	at com.google.firebase.provider.FirebaseInitProvider.attachInfo(FirebaseInitProvider.java:61)
11-29 13:05:01.081  3203  3203 E AndroidRuntime: 	at android.app.ActivityThread.installProvider(ActivityThread.java:6391)
11-29 13:05:01.081  3203  3203 E AndroidRuntime: 	... 10 more
11-29 13:05:01.101   415  2764 W ActivityManager:   Force finishing activity com.excell44.educam.debug/com.excell44.educam.MainActivity
11-29 13:05:01.120   415   430 I ActivityManager: Showing crash dialog for package com.excell44.educam.debug u0
11-29 13:05:01.133   415   429 W BroadcastQueue: Background execution not allowed: receiving Intent { act=android.intent.action.DROPBOX_ENTRY_ADDED flg=0x10 (has extras) } to com.google.android.gms/.stats.service.DropBoxEntryAddedReceiver
11-29 13:05:01.173   902   902 E xytools : crash_event: EduCam, com.excell44.educam.debug, 1.0, crashTypecrash
11-29 13:05:01.229   565   968 E ndroid.systemu: No package ID ff found for ID 0xffffffff.
11-29 13:05:01.230   565   968 E IconLoader: Could not find icon drawable from resource
11-29 13:05:01.230   565   968 E IconLoader: android.content.res.Resources$NotFoundException: Resource ID #0xffffffff
11-29 13:05:01.230   565   968 E IconLoader: 	at android.content.res.ResourcesImpl.getValueForDensity(ResourcesImpl.java:225)
11-29 13:05:01.230   565   968 E IconLoader: 	at android.content.res.Resources.getDrawableForDensity(Resources.java:887)
11-29 13:05:01.230   565   968 E IconLoader: 	at android.content.res.Resources.getDrawable(Resources.java:827)
11-29 13:05:01.230   565   968 E IconLoader: 	at com.android.systemui.shared.recents.model.IconLoader.createNewIconForTask(IconLoader.java:118)
11-29 13:05:01.230   565   968 E IconLoader: 	at com.android.systemui.shared.recents.model.IconLoader.getAndInvalidateIfModified(IconLoader.java:94)
11-29 13:05:01.230   565   968 E IconLoader: 	at com.android.systemui.shared.recents.model.RecentsTaskLoader.getAndUpdateActivityIcon(RecentsTaskLoader.java:325)
11-29 13:05:01.230   565   968 E IconLoader: 	at com.android.systemui.shared.recents.model.RecentsTaskLoadPlan.executePlan(RecentsTaskLoadPlan.java:188)
11-29 13:05:01.230   565   968 E IconLoader: 	at com.android.systemui.shared.recents.model.RecentsTaskLoader.loadTasks(RecentsTaskLoader.java:173)
11-29 13:05:01.230   565   968 E IconLoader: 	at com.android.systemui.recents.RecentsImpl$TaskStackListenerImpl.onTaskStackChangedBackground(RecentsImpl.java:184)
11-29 13:05:01.230   565   968 E IconLoader: 	at com.android.systemui.shared.system.TaskStackChangeListeners.onTaskStackChanged(TaskStackChangeListeners.java:80)
11-29 13:05:01.230   565   968 E IconLoader: 	at android.app.ITaskStackListener$Stub.onTransact(ITaskStackListener.java:50)
11-29 13:05:01.230   565   968 E IconLoader: 	at android.os.Binder.execTransact(Binder.java:731)
11-29 13:05:01.236  3203  3251 D NetworkSecurityConfig: No Network Security Config specified, using platform default
11-29 13:05:01.268   415   430 W Looper  : Slow dispatch took 163ms android.ui h=com.android.server.am.ActivityManagerService$UiHandler c=null m=1
11-29 13:05:01.320  3203  3251 E FirebaseCrashlytics: Settings request failed.
11-29 13:05:01.322   167   410 D gralloc_gmin: gralloc_alloc: Creating ashmem region of size 782336
11-29 13:05:01.329   167   410 I chatty  : uid=1000(system) Binder:167_3 identical 2 lines
11-29 13:05:01.365   415   979 I ConfigStore: android::hardware::configstore::V1_0::ISurfaceFlingerConfigs::hasWideColorDisplay retrieved: 0
11-29 13:05:01.365   415   979 I ConfigStore: android::hardware::configstore::V1_0::ISurfaceFlingerConfigs::hasHDRDisplay retrieved: 0
11-29 13:05:01.365   415   979 I OpenGLRenderer: Initialized EGL, version 1.4
11-29 13:05:01.365   415   979 D OpenGLRenderer: Swap behavior 1
11-29 13:05:01.372   415   979 E EGL_adreno: CreateContext rcMajorVersion:3, minorVersion:2
11-29 13:05:01.397   415   979 D EGL_adreno: eglCreateContext: 0x7fab9e0f4dc0: maj 3 min 2 rcv 3
11-29 13:05:01.397   415   979 E EGL_adreno: [getAttribValue] Bad attribute idx
11-29 13:05:01.397   415   979 D EGL_adreno: eglGetConfigAttrib: bad attrib 0x3339
11-29 13:05:01.412  3203  3253 W InstallationId: Error getting authentication token.
11-29 13:05:01.412  3203  3253 W InstallationId: com.google.firebase.installations.FirebaseInstallationsException: Firebase Installations Service is unavailable. Please try again later.
11-29 13:05:01.412  3203  3253 W InstallationId: 	at com.google.firebase.installations.remote.FirebaseInstallationServiceClient.createFirebaseInstallation(FirebaseInstallationServiceClient.java:209)
11-29 13:05:01.412  3203  3253 W InstallationId: 	at com.google.firebase.installations.FirebaseInstallations.registerFidWithServer(FirebaseInstallations.java:533)
11-29 13:05:01.412  3203  3253 W InstallationId: 	at com.google.firebase.installations.FirebaseInstallations.doNetworkCallIfNecessary(FirebaseInstallations.java:387)
11-29 13:05:01.412  3203  3253 W InstallationId: 	at com.google.firebase.installations.FirebaseInstallations.lambda$doRegistrationOrRefresh$3$com-google-firebase-installations-FirebaseInstallations(FirebaseInstallations.java:372)
11-29 13:05:01.412  3203  3253 W InstallationId: 	at com.google.firebase.installations.FirebaseInstallations$$ExternalSyntheticLambda1.run(D8$$SyntheticClass:0)
11-29 13:05:01.412  3203  3253 W InstallationId: 	at com.google.firebase.concurrent.SequentialExecutor$1.run(SequentialExecutor.java:117)
11-29 13:05:01.412  3203  3253 W InstallationId: 	at com.google.firebase.concurrent.SequentialExecutor$QueueWorker.workOnQueue(SequentialExecutor.java:229)
11-29 13:05:01.412  3203  3253 W InstallationId: 	at com.google.firebase.concurrent.SequentialExecutor$QueueWorker.run(SequentialExecutor.java:174)
11-29 13:05:01.412  3203  3253 W InstallationId: 	at java.util.concurrent.ThreadPoolExecutor.runWorker(ThreadPoolExecutor.java:1167)
11-29 13:05:01.412  3203  3253 W InstallationId: 	at java.util.concurrent.ThreadPoolExecutor$Worker.run(ThreadPoolExecutor.java:641)
11-29 13:05:01.412  3203  3253 W InstallationId: 	at com.google.firebase.concurrent.CustomThreadFactory.lambda$newThread$0$com-google-firebase-concurrent-CustomThreadFactory(CustomThreadFactory.java:47)
11-29 13:05:01.412  3203  3253 W InstallationId: 	at com.google.firebase.concurrent.CustomThreadFactory$$ExternalSyntheticLambda0.run(D8$$SyntheticClass:0)
11-29 13:05:01.412  3203  3253 W InstallationId: 	at java.lang.Thread.run(Thread.java:764)
11-29 13:05:01.440  3203  3245 D SessionConfigFetcher: Fetching settings from server.
11-29 13:05:01.478   415   979 E EGL_adreno: [getAttribValue] Bad attribute idx
11-29 13:05:01.478   415   979 D EGL_adreno: eglGetConfigAttrib: bad attrib 0x3339
11-29 13:05:01.492   415   979 E EGL_adreno: tid 979: eglSurfaceAttrib(1640): error 0x3009 (EGL_BAD_MATCH)
11-29 13:05:01.492   415   979 W OpenGLRenderer: Failed to set EGL_SWAP_BEHAVIOR on surface 0x7fabac44d600, error=EGL_BAD_MATCH
11-29 13:05:01.503  3203  3281 E SessionConfigFetcher: Error failing to fetch the remote configs: Unable to resolve host "firebase-settings.crashlytics.com": No address associated with hostname
11-29 13:05:01.512  3203  3248 D LifecycleServiceBinder: Binding service to application.
11-29 13:05:01.587  3203  3243 I FA      : Tag Manager is not found and thus will not be used
11-29 13:05:01.603   415   429 W ActivityManager: Activity pause timeout for ActivityRecord{2b6e31 u0 com.excell44.educam.debug/com.excell44.educam.MainActivity t80 f}
11-29 13:05:01.649   948   948 D FirebaseSessions: App foregrounded on com.microvirt.launcher2
11-29 13:05:01.651   948  1273 E EGL_adreno: [getAttribValue] Bad attribute idx
11-29 13:05:01.651   948  1273 D EGL_adreno: eglGetConfigAttrib: bad attrib 0x3339
11-29 13:05:01.652   948   948 I onReceive: mBindOnResumeCallbacks:0
11-29 13:05:01.703   948  3287 W System.err: java.net.UnknownHostException: Unable to resolve host "www.microvirt.com": No address associated with hostname
11-29 13:05:01.703   948  3287 W System.err: 	at java.net.Inet6AddressImpl.lookupHostByName(Inet6AddressImpl.java:157)
11-29 13:05:01.703   948  3287 W System.err: 	at java.net.Inet6AddressImpl.lookupAllHostAddr(Inet6AddressImpl.java:105)
11-29 13:05:01.703   948  3287 W System.err: 	at java.net.InetAddress.getAllByName(InetAddress.java:1154)
11-29 13:05:01.703   948  3287 W System.err: 	at okhttp3.Dns.lambda$static$0(Unknown Source:2)
11-29 13:05:01.704   948  3287 W System.err: 	at okhttp3.Dns.a(Unknown Source:0)
11-29 13:05:01.704   948  3287 W System.err: 	at okhttp3.c.lookup(Unknown Source:0)
11-29 13:05:01.704   948  3287 W System.err: 	at okhttp3.internal.connection.RouteSelector.resetNextInetSocketAddress(Unknown Source:129)
11-29 13:05:01.704   948  3287 W System.err: 	at okhttp3.internal.connection.RouteSelector.nextProxy(Unknown Source:20)
11-29 13:05:01.704   948  3287 W System.err: 	at okhttp3.internal.connection.RouteSelector.next(Unknown Source:17)
11-29 13:05:01.704   948  3287 W System.err: 	at okhttp3.internal.connection.ExchangeFinder.findConnection(Unknown Source:129)
11-29 13:05:01.704   948  3287 W System.err: 	at okhttp3.internal.connection.ExchangeFinder.findHealthyConnection(Unknown Source:0)
11-29 13:05:01.704   948  3287 W System.err: 	at okhttp3.internal.connection.ExchangeFinder.find(Unknown Source:22)
11-29 13:05:01.704   948  3287 W System.err: 	at okhttp3.internal.connection.Transmitter.newExchange(Unknown Source:16)
11-29 13:05:01.704   948  3287 W System.err: 	at okhttp3.internal.connection.ConnectInterceptor.intercept(Unknown Source:23)
11-29 13:05:01.704   948  3287 W System.err: 	at okhttp3.internal.http.RealInterceptorChain.proceed(SourceFile:10)
11-29 13:05:01.704   948  3287 W System.err: 	at okhttp3.internal.http.RealInterceptorChain.proceed(SourceFile:1)
11-29 13:05:01.704   948  3287 W System.err: 	at okhttp3.internal.cache.CacheInterceptor.intercept(Unknown Source:132)
11-29 13:05:01.704   948  3287 W System.err: 	at okhttp3.internal.http.RealInterceptorChain.proceed(SourceFile:10)
11-29 13:05:01.704   948  3287 W System.err: 	at okhttp3.internal.http.RealInterceptorChain.proceed(SourceFile:1)
11-29 13:05:01.704   948  3287 W System.err: 	at okhttp3.internal.http.BridgeInterceptor.intercept(Unknown Source:161)
11-29 13:05:01.709   948  3287 W System.err: 	at okhttp3.internal.http.RealInterceptorChain.proceed(SourceFile:10)
11-29 13:05:01.709   948  3287 W System.err: 	at okhttp3.internal.http.RetryAndFollowUpInterceptor.intercept(Unknown Source:23)
11-29 13:05:01.709   948  3287 W System.err: 	at okhttp3.internal.http.RealInterceptorChain.proceed(SourceFile:10)
11-29 13:05:01.709   948  3287 W System.err: 	at okhttp3.internal.http.RealInterceptorChain.proceed(SourceFile:1)
11-29 13:05:01.709   948  3287 W System.err: 	at p4.c$a.intercept(Unknown Source:99)
11-29 13:05:01.710   948  3287 W System.err: 	at okhttp3.internal.http.RealInterceptorChain.proceed(SourceFile:10)
11-29 13:05:01.710   948  3287 W System.err: 	at okhttp3.internal.http.RealInterceptorChain.proceed(SourceFile:1)
11-29 13:05:01.710   948  3287 W System.err: 	at okhttp3.RealCall.getResponseWithInterceptorChain(Unknown Source:120)
11-29 13:05:01.710   948  3287 W System.err: 	at okhttp3.RealCall.getResponseWithInterceptorChainP(Unknown Source:0)
11-29 13:05:01.710   948  3287 W System.err: 	at okhttp3.OkHttpOkHttp3Extension.okhttp3RealCall_getResponseWithInterceptorChain(OkHttpSourceFile:27)
11-29 13:05:01.710   948  3287 W System.err: 	at okhttp3.RealCall.execute(Unknown Source:28)
11-29 13:05:01.710   948  3287 W System.err: 	at retrofit2.OkHttpCall.execute(Unknown Source:20)
11-29 13:05:01.710   948  3287 W System.err: 	at retrofit2.DefaultCallAdapterFactory$ExecutorCallbackCall.execute(Unknown Source:2)
11-29 13:05:01.710   948  3287 W System.err: 	at p4.d.h(Unknown Source:22)
11-29 13:05:01.710   948  3287 W System.err: 	at com.microvirt.launcher.search.XYSearch.v(Unknown Source:0)
11-29 13:05:01.710   948  3287 W System.err: 	at com.microvirt.launcher.search.XYSearch.d(Unknown Source:0)
11-29 13:05:01.710   948  3287 W System.err: 	at u4.k.run(Unknown Source:2)
11-29 13:05:01.710   948  3287 W System.err: 	at java.lang.Thread.run(Thread.java:764)
11-29 13:05:01.710   948  3287 W System.err: Caused by: android.system.GaiException: android_getaddrinfo failed: EAI_NODATA (No address associated with hostname)
11-29 13:05:01.710   948  3287 W System.err: 	at libcore.io.Linux.android_getaddrinfo(Native Method)
11-29 13:05:01.710   948  3287 W System.err: 	at libcore.io.BlockGuardOs.android_getaddrinfo(BlockGuardOs.java:172)
11-29 13:05:01.710   948  3287 W System.err: 	at java.net.Inet6AddressImpl.lookupHostByName(Inet6AddressImpl.java:137)
11-29 13:05:01.710   948  3287 W System.err: 	... 37 more
11-29 13:05:01.786   948  1273 E EGL_adreno: tid 1273: eglSurfaceAttrib(1640): error 0x3009 (EGL_BAD_MATCH)
11-29 13:05:01.786   948  1273 W OpenGLRenderer: Failed to set EGL_SWAP_BEHAVIOR on surface 0xd190cca0, error=EGL_BAD_MATCH
11-29 13:05:01.893   415   430 W Looper  : Slow dispatch took 521ms android.ui h=android.view.Choreographer$FrameHandler c=android.view.Choreographer$FrameDisplayEventReceiver@a05bd5b m=0
11-29 13:05:01.898   415   430 W Looper  : Slow delivery took 585ms android.ui h=com.android.server.policy.PhoneWindowManager$PolicyHandler c=com.android.server.policy.PhoneWindowManager$20@38589f8 m=0
11-29 13:05:01.902   415   430 W Looper  : Drained
11-29 13:05:01.924   948  1273 E EGL_adreno: [getAttribValue] Bad attribute idx
11-29 13:05:01.924   948  1273 D EGL_adreno: eglGetConfigAttrib: bad attrib 0x3339
11-29 13:05:01.941   948  1273 E EGL_adreno: tid 1273: eglSurfaceAttrib(1640): error 0x3009 (EGL_BAD_MATCH)
11-29 13:05:01.941   948  1273 W OpenGLRenderer: Failed to set EGL_SWAP_BEHAVIOR on surface 0xd2f97100, error=EGL_BAD_MATCH
11-29 13:05:01.973   144   226 E TrafficController: Failed to delete the counterSet: Bad file descriptor
11-29 13:05:02.178   565   565 W StaticLayout: maxLineHeight should not be -1.  maxLines:1 lineCount:1
11-29 13:05:02.178   565   565 W StaticLayout: maxLineHeight should not be -1.  maxLines:1 lineCount:1
11-29 13:05:02.178   948  1273 W OpenGLRenderer: Incorrectly called buildLayer on View: j2, destroying layer...
11-29 13:05:05.973   415  2764 I ActivityManager: START u0 {act=android.settings.APPLICATION_DETAILS_SETTINGS dat=package:com.excell44.educam.debug flg=0x10000000 cmp=com.android.settings/.applications.InstalledAppDetails} from uid 1000
11-29 13:05:06.075   948   948 D FirebaseSessions: App backgrounded on com.microvirt.launcher2
11-29 13:05:06.078  3203  3203 I Process : Sending signal. PID: 3203 SIG: 9
11-29 13:05:06.080   415   430 W Looper  : Slow dispatch took 108ms android.ui h=com.android.server.am.AppErrorDialog$1 c=null m=8
11-29 13:05:06.106  3306  3306 I Zygote  : seccomp disabled by setenforce 0
11-29 13:05:06.107   415   431 I ActivityManager: Start proc 3306:com.android.settings/1000 for activity com.android.settings/.applications.InstalledAppDetails
11-29 13:05:06.116  3306  3306 I chatty  : uid=1000(system) com.android.settings identical 39 lines
11-29 13:05:06.152   415  2108 I ActivityManager: Process com.excell44.educam.debug (pid 3203) has died: fore SVC 
11-29 13:05:06.153   415   432 W libprocessgroup: kill(-3203, 9) failed: No such process
11-29 13:05:06.153   415   432 I libprocessgroup: Successfully killed process cgroup uid 10090 pid 3203 in 0ms
11-29 13:05:06.154   146   146 I Zygote  : Process 3203 exited due to signal (9)
11-29 13:05:06.244   144   202 E Netd    : Failed to dump IPv4 sockets struct tcp_info: No such file or directory
11-29 13:05:06.244   144   202 E TcpSocketMonitor: Failed to poll TCP socket info: No such file or directory
11-29 13:05:06.261  1083  1327 E NetworkScheduler.ATC: Called cancelTask for already completed task com.google.android.gms/.measurement.PackageMeasurementTaskService{u=0 tag="Measurement.PackageMeasurementTaskService.UPLOAD_TASK_TAG" trigger=window{start=0s,end=1s,earliest=-9s,latest=-8s} requirements=[NET_CONNECTED] attributes=[PERSISTED] scheduled=-9s last_run=-9s exec_window_multiplier=1.0000 jid=N/A status=ACTIVE retries=0 client_lib=GMS_TASK_SCHEDULER-220920000} :1 [CONTEXT service_id=218 ]
11-29 13:05:06.614  1083  1988 E NetworkScheduler.ATC: Called cancelTask for already completed task com.google.android.gms/.measurement.PackageMeasurementTaskService{u=0 tag="Measurement.PackageMeasurementTaskService.UPLOAD_TASK_TAG" trigger=window{start=0s,end=1s,earliest=-10s,latest=-9s} requirements=[NET_CONNECTED] attributes=[PERSISTED] scheduled=-10s last_run=-10s exec_window_multiplier=1.0000 jid=N/A status=ACTIVE retries=0 client_lib=GMS_TASK_SCHEDULER-220920000} :1 [CONTEXT service_id=218 ]
11-29 13:05:06.689  1083  1327 E NetworkScheduler.ATC: Called cancelTask for already completed task com.google.android.gms/.measurement.PackageMeasurementTaskService{u=0 tag="Measurement.PackageMeasurementTaskService.UPLOAD_TASK_TAG" trigger=window{start=0s,end=1s,earliest=-10s,latest=-9s} requirements=[NET_CONNECTED] attributes=[PERSISTED] scheduled=-10s last_run=-10s exec_window_multiplier=1.0000 jid=N/A status=ACTIVE retries=0 client_lib=GMS_TASK_SCHEDULER-220920000} :1 [CONTEXT service_id=218 ]
11-29 13:05:06.703   415   424 I system_server: Background concurrent copying GC freed 62432(4MB) AllocSpace objects, 70(2MB) LOS objects, 42% free, 8MB/14MB, paused 97us total 155.916ms
11-29 13:05:06.931  3306  3337 I chatty  : uid=1000(system) pool-1-thread-1 expire 1 line
11-29 13:05:06.941  3306  3336 I chatty  : uid=1000(system) com.android.settings expire 1 line
11-29 13:05:07.024  3306  3339 I chatty  : uid=1000(system) com.android.settings expire 20 lines
11-29 13:05:07.069   415  1158 I ProcessStatsService: Added stats: 2025-11-29-00-45-27, over +1h0m8s251ms
11-29 13:05:07.078   415  1158 I ProcessStatsService: Added stats: 2025-11-28-22-13-34, over +2h0m5s845ms
11-29 13:05:07.087   415   433 E BatteryExternalStatsWorker: no controller energy info supplied for bluetooth
11-29 13:05:07.102  3306  3306 W ContextImpl: Calling a method in the system process without a qualified user: android.app.ContextImpl.bindService:1611 android.content.ContextWrapper.bindService:698 android.content.pm.permission.RuntimePermissionPresenter$RemoteService.processMessage:171 android.content.pm.permission.RuntimePermissionPresenter.getAppPermissions:118 com.android.settingslib.applications.PermissionsSummaryHelper.getPermissionSummary:34 
11-29 13:05:07.108   144   226 E TrafficController: Failed to set the counterSet: Bad file descriptor, fd: -1
11-29 13:05:07.172  3306  3339 W ProcStatsManager: No process com.google.android.play.games/10068 for service com.google.android.apps.play.games.lib.notifications.ChimeAccountRegistrationService
11-29 13:05:07.173  3306  3339 W ProcStatsManager: No process com.google.android.play.games/10068 for service com.google.android.libraries.notifications.entrypoints.scheduled.ScheduledTaskService
11-29 13:05:07.173  3306  3339 W ProcStatsManager: No process com.google.android.play.games/10068 for service com.google.android.libraries.internal.growth.growthkit.internal.jobs.impl.GrowthKitJobService
11-29 13:05:07.183   688   688 E PhoneInterfaceManager: [PhoneIntfMgr] queryModemActivityInfo: Empty response
11-29 13:05:07.190   415   433 E KernelUidCpuTimeReader: Failed to read uid_cputime: /proc/uid_cputime/show_uid_stat (No such file or directory)
11-29 13:05:07.196   415   433 W KernelCpuProcReader: File not exist: /proc/uid_cpupower/concurrent_active_time
11-29 13:05:07.196   415   433 W KernelCpuProcReader: File not exist: /proc/uid_cpupower/concurrent_policy_time
11-29 13:05:07.197   415   433 E KernelCpuSpeedReader: Failed to read cpu-freq: /sys/devices/system/cpu/cpu0/cpufreq/stats/time_in_state (No such file or directory)
11-29 13:05:07.197   415   433 E KernelWakelockReader: neither /proc/wakelocks nor /d/wakeup_sources exists
11-29 13:05:07.205   415   433 W BatteryStatsImpl: Couldn't get kernel wake lock stats
11-29 13:05:07.212   415  1350 I ProcessStatsService: Added stats: 2025-11-29-00-45-27, over +1h0m8s251ms
11-29 13:05:07.217   415  1350 I ProcessStatsService: Added stats: 2025-11-28-22-13-34, over +2h0m5s845ms
11-29 13:05:07.218   415   429 W BroadcastQueue: Background execution not allowed: receiving Intent { act=android.intent.action.DROPBOX_ENTRY_ADDED flg=0x10 (has extras) } to com.google.android.gms/.stats.service.DropBoxEntryAddedReceiver
11-29 13:05:07.221   415   433 E BatteryStatsImpl: failed to read network stats for ifaces: [wlan0]
11-29 13:05:07.222   415   433 W BatteryExternalStatsWorker: modem info is invalid: ModemActivityInfo{ mTimestamp=0 mSleepTimeMs=0 mIdleTimeMs=0 mTxTimeMs[]=[0, 0, 0, 0, 0] mRxTimeMs=0 mEnergyUsed=0}
11-29 13:05:07.236  3306  3339 W ProcStatsManager: No process android.process.media/10009 for service com.android.providers.media.MediaScannerService
11-29 13:05:07.236  3306  3339 W ProcStatsManager: No process com.google.android.configupdater/10040 for service com.google.android.configupdater.MainJobService
11-29 13:05:07.236  3306  3339 W ProcStatsManager: No process com.android.defcontainer/10006 for service com.android.defcontainer.DefaultContainerService
11-29 13:05:07.236  3306  3339 W ProcStatsManager: No process com.android.vending/10046 for service com.google.android.finsky.verifier.impl.PackageVerificationService
11-29 13:05:07.237  3306  3339 W ProcStatsManager: No process com.android.vending/10046 for service com.google.android.finsky.scheduler.process.mainimpl.PhoneskyJobServiceMain
11-29 13:05:07.237  3306  3339 W ProcStatsManager: No process com.android.vending:instant_app_installer/10046 for service com.google.android.finsky.instantapps.hint.AppPreloadHygieneService
11-29 13:05:07.237  3306  3339 W ProcStatsManager: No process com.android.vending:background/10046 for service com.google.android.finsky.ipcservers.background.BackgroundGrpcServerAndroidService
11-29 13:05:07.237  3306  3339 W ProcStatsManager: No process com.android.cellbroadcastreceiver/10004 for service com.android.cellbroadcastreceiver.CellBroadcastConfigService
11-29 13:05:07.237  3306  3339 W ProcStatsManager: No process com.google.process.gapps/10049 for service com.google.android.syncadapters.contacts.ContactsSyncAdapterIntentService
11-29 13:05:07.237  3306  3339 W ProcStatsManager: No process com.android.keychain/1000 for service com.android.keychain.KeyChainService
11-29 13:05:07.237  3306  3339 W ProcStatsManager: No process com.android.chrome/10052 for service org.chromium.chrome.browser.ChromeBackgroundService
11-29 13:05:07.237  3306  3339 W ProcStatsManager: No process com.android.chrome:sandboxed_process0/10052 for service org.chromium.content.app.SandboxedProcessService0
11-29 13:05:07.237  3306  3339 W ProcStatsManager: No process com.android.chrome:privileged_process0/10052 for service org.chromium.content.app.PrivilegedProcessService0
11-29 13:05:07.237  3306  3339 W ProcStatsManager: No process com.android.chrome/10052 for service org.chromium.chrome.browser.customtabs.CustomTabsConnectionService
11-29 13:05:07.237  3306  3339 W ProcStatsManager: No process com.android.chrome/10052 for service org.chromium.components.background_task_scheduler.BackgroundTaskJobService
11-29 13:05:07.237  3306  3339 W ProcStatsManager: No process com.android.gallery3d/10051 for service com.android.gallery3d.app.PackagesMonitor$AsyncService
11-29 13:05:07.237  3306  3339 W ProcStatsManager: No process com.google.android.gms.unstable/10041 for service com.google.android.gms.droidguard.DroidGuardService
11-29 13:05:07.239  3306  3339 W ProcStatsManager: No process com.google.android.partnersetup/10045 for service com.google.android.partnersetup.InstalledAppJobService
11-29 13:05:07.239  3306  3339 W ProcStatsManager: No process com.android.packageinstaller/10018 for service com.android.packageinstaller.permission.service.RuntimePermissionPresenterServiceImpl
11-29 13:05:07.240  3306  3339 W ProcStatsManager: No process com.excell44.educam.debug/10090 for service com.google.firebase.sessions.SessionLifecycleService
11-29 13:05:07.240  3306  3339 W ProcStatsManager: No process com.google.android.play.games/10068 for service com.google.android.apps.play.games.lib.notifications.ChimeAccountRegistrationService
11-29 13:05:07.240  3306  3339 W ProcStatsManager: No process com.google.android.play.games/10068 for service com.google.android.libraries.notifications.entrypoints.scheduled.ScheduledTaskService
11-29 13:05:07.240  3306  3339 W ProcStatsManager: No process com.google.android.play.games/10068 for service com.google.android.libraries.internal.growth.growthkit.internal.jobs.impl.GrowthKitJobService
11-29 13:05:07.261  3306  3306 W AppActionButtonControl: App is not explicitly stopped
11-29 13:05:07.300  3306  3306 D AppUtils: Have 0 number of activities in preferred list
11-29 13:05:07.338  3306  3306 I Choreographer: Skipped 32 frames!  The application may be doing too much work on its main thread.
11-29 13:05:07.413   948  1115 I TRuntime.CctTransportBackend: Making request to: https://firebaselogging-pa.googleapis.com/v1/firelog/legacy/batchlog
11-29 13:05:07.447   948  1115 E TRuntime.CctTransportBackend: Couldn't open connection, returning with 500
11-29 13:05:07.543  3306  3346 D         : HostConnection::get() New Host Connection established 0x7fabc6e37660, tid 3346
11-29 13:05:07.546  3306  3346 W         : Process pipe failed
11-29 13:05:07.552  3306  3346 I ConfigStore: android::hardware::configstore::V1_0::ISurfaceFlingerConfigs::hasWideColorDisplay retrieved: 0
11-29 13:05:07.552  3306  3346 I ConfigStore: android::hardware::configstore::V1_0::ISurfaceFlingerConfigs::hasHDRDisplay retrieved: 0
11-29 13:05:07.552  3306  3346 I OpenGLRenderer: Initialized EGL, version 1.4
11-29 13:05:07.552  3306  3346 D OpenGLRenderer: Swap behavior 1
11-29 13:05:07.553  3306  3346 E EGL_adreno: CreateContext rcMajorVersion:3, minorVersion:2
11-29 13:05:07.583  3306  3346 D EGL_adreno: eglCreateContext: 0x7fabbd78da80: maj 3 min 2 rcv 3
11-29 13:05:07.583  3306  3346 E EGL_adreno: [getAttribValue] Bad attribute idx
11-29 13:05:07.583  3306  3346 D EGL_adreno: eglGetConfigAttrib: bad attrib 0x3339
11-29 13:05:07.620  3306  3346 E EGL_adreno: [getAttribValue] Bad attribute idx
11-29 13:05:07.620  3306  3346 D EGL_adreno: eglGetConfigAttrib: bad attrib 0x3339
11-29 13:05:07.622  3306  3346 D vndksupport: Loading /vendor/lib64/hw/android.hardware.graphics.mapper@2.0-impl.so from current namespace instead of sphal namespace.
11-29 13:05:07.636  3306  3346 D vndksupport: Loading /vendor/lib64/hw/gralloc.gmin.so from current namespace instead of sphal namespace.
11-29 13:05:07.652  3306  3346 E EGL_adreno: tid 3346: eglSurfaceAttrib(1640): error 0x3009 (EGL_BAD_MATCH)
11-29 13:05:07.653  3306  3346 W OpenGLRenderer: Failed to set EGL_SWAP_BEHAVIOR on surface 0x7faba9eb2c00, error=EGL_BAD_MATCH
11-29 13:05:07.728  1083  2098 W ddrm    : [{0}] Failed to resolve name. status={1}
11-29 13:05:07.836  3306  3331 W ndroid.setting: Unknown chunk type '200'.
11-29 13:05:07.837  3306  3331 W ndroid.setting: Unknown chunk type '200'.
11-29 13:05:08.211   948  2495 I FA      : Application backgrounded at: timestamp_millis: 1764392706208
11-29 13:05:08.213  3306  3346 I OpenGLRenderer: Davey! duration=860ms; Flags=0, IntendedVsync=141566439653, Vsync=141983106303, OldestInputEvent=9223372036854775807, NewestInputEvent=0, HandleInputStart=141993778213, AnimationStart=141993801557, PerformTraversalsStart=141994086778, DrawStart=142022000151, SyncQueued=142034390162, SyncStart=142046805129, IssueDrawCommandsStart=142050581632, SwapBuffers=142408568368, FrameCompleted=142439619516, DequeueBufferDuration=592000, QueueBufferDuration=589000, 
11-29 13:05:08.221   415   437 I ActivityManager: Displayed com.android.settings/.applications.InstalledAppDetails: +2s139ms (total +32s649ms)
11-29 13:05:08.335   167   410 W SurfaceFlinger: Attempting to set client state on removed layer: Splash Screen com.android.settings#0
11-29 13:05:08.335   167   410 W SurfaceFlinger: Attempting to destroy on removed layer: Splash Screen com.android.settings#0
11-29 13:05:08.494  3306  3306 D AppInfoDashboard: Package change irrelevant, skipping
11-29 13:05:08.512  3306  3306 I chatty  : uid=1000(system) com.android.settings identical 3 lines
11-29 13:05:08.526  3306  3306 D AppInfoDashboard: Package change irrelevant, skipping
11-29 13:05:08.555  3306  3316 I ndroid.setting: Background concurrent copying GC freed 11153(659KB) AllocSpace objects, 11(452KB) LOS objects, 49% free, 3MB/6MB, paused 21us total 104.619ms
11-29 13:05:08.557  3306  3306 D AppInfoDashboard: Package change irrelevant, skipping
11-29 13:05:08.564  3306  3306 D AppInfoDashboard: Package change irrelevant, skipping
11-29 13:05:08.571   144   228 W IptablesRestoreController: iptables-restore process 3355 terminated status=256
11-29 13:05:08.571   144   228 E IptablesRestoreController: iptables error:
11-29 13:05:08.571   144   228 E IptablesRestoreController: ------- COMMAND -------
11-29 13:05:08.571   144   228 E IptablesRestoreController: *filter
11-29 13:05:08.571   144   228 E IptablesRestoreController: -I bw_happy_box -m owner --uid-owner 10041 --jump RETURN
11-29 13:05:08.571   144   228 E IptablesRestoreController: COMMIT
11-29 13:05:08.571   144   228 E IptablesRestoreController: 
11-29 13:05:08.571   144   228 E IptablesRestoreController: -------  ERROR -------
11-29 13:05:08.571   144   228 E IptablesRestoreController: iptables-restore: line 3 failed
11-29 13:05:08.571   144   228 E IptablesRestoreController: ----------------------
11-29 13:05:08.585  3306  3306 D AppInfoDashboard: Package change irrelevant, skipping
11-29 13:05:08.589   144   228 W IptablesRestoreController: iptables-restore process 3359 terminated status=256
11-29 13:05:08.590   144   228 E IptablesRestoreController: iptables error:
11-29 13:05:08.590   144   228 E IptablesRestoreController: ------- COMMAND -------
11-29 13:05:08.590   144   228 E IptablesRestoreController: *filter
11-29 13:05:08.590   144   228 E IptablesRestoreController: -I bw_happy_box -m owner --uid-owner 10041 --jump RETURN
11-29 13:05:08.590   144   228 E IptablesRestoreController: COMMIT
11-29 13:05:08.590   144   228 E IptablesRestoreController: 
11-29 13:05:08.590   144   228 E IptablesRestoreController: -------  ERROR -------
11-29 13:05:08.590   144   228 E IptablesRestoreController: ip6tables-restore: line 3 failed
11-29 13:05:08.590   144   228 E IptablesRestoreController: ----------------------
11-29 13:05:08.594  3306  3306 D AppInfoDashboard: Package change irrelevant, skipping
11-29 13:05:08.595   144   226 E TrafficController: Failed to delete the counterSet: Bad file descriptor
11-29 13:05:08.596   144   226 E TrafficController: Failed to delete the counterSet: Bad file descriptor
11-29 13:05:08.604  3306  3306 D AppInfoDashboard: Package change irrelevant, skipping
11-29 13:05:08.605   948   948 D AppLovinSdk: [SessionTracker] Application Paused
11-29 13:05:08.610  3306  3306 D AppInfoDashboard: Package change irrelevant, skipping
11-29 13:05:08.617  3306  3306 D AppInfoDashboard: Package change irrelevant, skipping
11-29 13:05:08.624   948   948 D AppLovinSdk: [AppLovinEventService] Tracking event: "paused" with parameters: {}
11-29 13:05:08.628  3306  3306 D AppInfoDashboard: Package change irrelevant, skipping
11-29 13:05:08.633   948  1178 D AppLovinSdk: [FileManager] Looking up cached resource: persistent_postback_cache.json
11-29 13:05:08.634   948  1178 D AppLovinSdk: [FileManager] Writing resource to filesystem: persistent_postback_cache.json
11-29 13:05:08.636  3306  3306 D AppInfoDashboard: Package change irrelevant, skipping
11-29 13:05:08.639   948  1178 D AppLovinSdk: [PersistentPostbackQueueSaveTask] Exported postback queue to disk.
11-29 13:05:08.639   948  1178 I AppLovinSdk: [PersistentPostbackQueueSaveTask] OTHER queue finished task PersistentPostbackQueueSaveTask
11-29 13:05:08.645  3306  3306 D AppInfoDashboard: Package change irrelevant, skipping
11-29 13:05:08.661  3306  3306 I chatty  : uid=1000(system) com.android.settings identical 2 lines
11-29 13:05:08.667  3306  3306 D AppInfoDashboard: Package change irrelevant, skipping
11-29 13:05:08.677   948  1179 D AppLovinSdk: [PersistentPostbackManager] Enqueued postback: PostbackRequest{uniqueId='06f83d2e-6d5e-45df-b306-754ee5ede088', communicatorRequestId='null', httpMethod='null', targetUrl='https://rt.applovin.com/4.0/pix', backupUrl='https://rt.applvn.com/4.0/pix', attemptNumber=0, isEncodingEnabled=true, isGzipBodyEncoding=false, isAllowedPreInitEvent=true, shouldFireInWebView=false}
11-29 13:05:08.677   948  1179 D AppLovinSdk: [PersistentPostbackManager] Preparing to submit postback: PostbackRequest{uniqueId='06f83d2e-6d5e-45df-b306-754ee5ede088', communicatorRequestId='null', httpMethod='null', targetUrl='https://rt.applovin.com/4.0/pix', backupUrl='https://rt.applvn.com/4.0/pix', attemptNumber=0, isEncodingEnabled=true, isGzipBodyEncoding=false, isAllowedPreInitEvent=true, shouldFireInWebView=false}
11-29 13:05:08.678   948  1179 D AppLovinSdk: [PersistentPostbackManager] Submitting postback: PostbackRequest{uniqueId='06f83d2e-6d5e-45df-b306-754ee5ede088', communicatorRequestId='null', httpMethod='null', targetUrl='https://rt.applovin.com/4.0/pix', backupUrl='https://rt.applvn.com/4.0/pix', attemptNumber=1, isEncodingEnabled=true, isGzipBodyEncoding=false, isAllowedPreInitEvent=true, shouldFireInWebView=false}
11-29 13:05:08.680  3306  3306 W AppActionButtonControl: App is not explicitly stopped
11-29 13:05:08.683   948  1179 I AppLovinSdk: [TaskRunnable:submitTrackEventPostback] OTHER queue finished task TaskRunnable:submitTrackEventPostback
11-29 13:05:08.688  3306  3306 D AppUtils: Have 0 number of activities in preferred list
11-29 13:05:08.691   948  1178 I AppLovinSdk: [ConnectionManager] Sending POST request to id=#109423008 "rt.applovin.com/4.0/pix"...
11-29 13:05:08.692   948  1178 I AppLovinSdk: [TaskDispatchPostback] OTHER queue finished task TaskDispatchPostback
11-29 13:05:08.714  3306  3306 D AppInfoDashboard: Package change irrelevant, skipping
11-29 13:05:08.742  3306  3306 I chatty  : uid=1000(system) com.android.settings identical 7 lines
11-29 13:05:08.758  3306  3306 D AppInfoDashboard: Package change irrelevant, skipping
11-29 13:05:08.760   948  1373 W AppLovinSdk: [NetworkCommunicationThread] Failed to make HTTP request
11-29 13:05:08.767  3306  3306 D AppInfoDashboard: Package change irrelevant, skipping
11-29 13:05:08.768   948  1179 E AppLovinSdk: [ConnectionManager] Failed POST returned -1009 in 0.067 s over wifi to #109423008 "rt.applovin.com/4.0/pix"
11-29 13:05:08.769   948  1179 E AppLovinSdk: [TaskRepeatRequest] Failed to dispatch postback. Error code: -1009 URL: https://rt.applovin.com/4.0/pix
11-29 13:05:08.769   948  1179 I AppLovinSdk: [PersistentPostbackManager] Failed to submit postback: PostbackRequest{uniqueId='06f83d2e-6d5e-45df-b306-754ee5ede088', communicatorRequestId='null', httpMethod='null', targetUrl='https://rt.applovin.com/4.0/pix', backupUrl='https://rt.applvn.com/4.0/pix', attemptNumber=1, isEncodingEnabled=true, isGzipBodyEncoding=false, isAllowedPreInitEvent=true, shouldFireInWebView=false} with error code: -1009; will retry later...
11-29 13:05:08.775  3306  3306 D AppInfoDashboard: Package change irrelevant, skipping
11-29 13:05:09.192  3306  3306 I chatty  : uid=1000(system) com.android.settings identical 55 lines
11-29 13:05:09.194  3306  3306 D AppInfoDashboard: Package change irrelevant, skipping
11-29 13:05:16.292  1043  1043 D BoundBrokerSvc: onUnbind: Intent { act=com.google.android.gms.measurement.START pkg=com.google.android.gms }
11-29 13:05:18.721   144   226 E TrafficController: Failed to delete the counterSet: Bad file descriptor
11-29 13:05:18.722   415  2276 I ActivityManager: Killing 2042:com.android.vending:instant_app_installer/u0a46 (adj 906): empty #17
11-29 13:05:18.724   415   432 W libprocessgroup: kill(-2042, 9) failed: No such process
11-29 13:05:18.753   415   432 W libprocessgroup: kill(-2042, 9) failed: No such process
11-29 13:05:18.755   415   432 I libprocessgroup: Successfully killed process cgroup uid 10046 pid 2042 in 31ms
11-29 13:05:18.759   146   146 I Zygote  : Process 2042 exited due to signal (9)
11-29 13:05:20.290  1083  1327 E GCM     : Missing checkin config file
11-29 13:05:20.291  1083  1327 W GCM     : GCM FAILED TO INITIALIZE - missing checkin
11-29 13:05:20.291  1083  1327 E WakeLock: GCM_HB_ALARM release without a matched acquire!
11-29 13:05:20.291  1083  1327 W WakeLock: GCM_HB_ALARM counter does not exist
11-29 13:05:20.323  1083  1327 E GCM     : Missing checkin config file
11-29 13:05:20.324  1083  1327 W GCM     : GCM FAILED TO INITIALIZE - missing checkin
11-29 13:05:20.324  1083  1327 E WakeLock: GCM_HB_ALARM release without a matched acquire!
11-29 13:05:20.324  1083  1327 W WakeLock: GCM_HB_ALARM counter does not exist
11-29 13:05:20.325   415   525 D ConnectivityService: reportNetworkConnectivity(100, false) by 10041
11-29 13:05:20.337   415   989 D NetworkMonitor/NetworkAgentInfo [WIFI () - 100]: Forcing reevaluation for UID 10041
11-29 13:05:20.337   415   989 D NetworkMonitor/NetworkAgentInfo [WIFI () - 100]: Validation disabled.
11-29 13:05:20.337   415   525 D ConnectivityService: NetworkAgentInfo [WIFI () - 100] validation passed
11-29 13:05:21.919   167   753 D gralloc_gmin: gralloc_alloc: Creating ashmem region of size 4096
11-29 13:05:23.678  1043  1043 D BoundBrokerSvc: onUnbind: Intent { act=com.google.android.gms.appset.service.START pkg=com.google.android.gms cmp=com.google.android.gms/.chimera.GmsApiService }
11-29 13:05:23.692   415  2764 I ActivityManager: Killing 1834:com.google.android.partnersetup/u0a45 (adj 906): empty #17
11-29 13:05:23.692   415   432 W libprocessgroup: kill(-1834, 9) failed: No such process
11-29 13:05:23.692   415   432 I libprocessgroup: Successfully killed process cgroup uid 10045 pid 1834 in 0ms
11-29 13:05:23.726   145   145 I Zygote  : Process 1834 exited due to signal (9)
11-29 13:05:27.667   948   948 D FirebaseSessions: App foregrounded on com.microvirt.launcher2
11-29 13:05:27.668   948   948 D AppLovinSdk: [SessionTracker] Application Resumed
11-29 13:05:27.671   144   226 E TrafficController: Failed to set the counterSet: Bad file descriptor, fd: -1
11-29 13:05:27.674   948   948 D AppLovinSdk: [AppLovinEventService] Tracking event: "resumed" with parameters: {}
11-29 13:05:27.677   948   948 I onReceive: mBindOnResumeCallbacks:0
11-29 13:05:27.692   948  1273 E EGL_adreno: [getAttribValue] Bad attribute idx
11-29 13:05:27.693   948  1273 D EGL_adreno: eglGetConfigAttrib: bad attrib 0x3339
11-29 13:05:27.693   167   410 D gralloc_gmin: gralloc_alloc: Creating ashmem region of size 2363392
11-29 13:05:27.694  1043  1043 D BoundBrokerSvc: onBind: Intent { act=com.google.android.gms.measurement.START pkg=com.google.android.gms }
11-29 13:05:27.694  1043  1043 D BoundBrokerSvc: Loading bound service for intent: Intent { act=com.google.android.gms.measurement.START pkg=com.google.android.gms }
11-29 13:05:27.725   144   228 W IptablesRestoreController: iptables-restore process 3424 terminated status=256
11-29 13:05:27.725   144   228 E IptablesRestoreController: iptables error:
11-29 13:05:27.725   144   228 E IptablesRestoreController: ------- COMMAND -------
11-29 13:05:27.725   144   228 E IptablesRestoreController: *filter
11-29 13:05:27.725   144   228 E IptablesRestoreController: -I bw_happy_box -m owner --uid-owner 10041 --jump RETURN
11-29 13:05:27.725   144   228 E IptablesRestoreController: COMMIT
11-29 13:05:27.725   144   228 E IptablesRestoreController: 
11-29 13:05:27.725   144   228 E IptablesRestoreController: -------  ERROR -------
11-29 13:05:27.725   144   228 E IptablesRestoreController: iptables-restore: line 3 failed
11-29 13:05:27.725   144   228 E IptablesRestoreController: ----------------------
11-29 13:05:27.728   948  3422 W System.err: java.net.UnknownHostException: Unable to resolve host "www.microvirt.com": No address associated with hostname
11-29 13:05:27.728   948  3422 W System.err: 	at java.net.Inet6AddressImpl.lookupHostByName(Inet6AddressImpl.java:157)
11-29 13:05:27.728   948  3422 W System.err: 	at java.net.Inet6AddressImpl.lookupAllHostAddr(Inet6AddressImpl.java:105)
11-29 13:05:27.728   948  3422 W System.err: 	at java.net.InetAddress.getAllByName(InetAddress.java:1154)
11-29 13:05:27.728   948  3422 W System.err: 	at okhttp3.Dns.lambda$static$0(Unknown Source:2)
11-29 13:05:27.728   948  3422 W System.err: 	at okhttp3.Dns.a(Unknown Source:0)
11-29 13:05:27.728   948  3422 W System.err: 	at okhttp3.c.lookup(Unknown Source:0)
11-29 13:05:27.728   948  3422 W System.err: 	at okhttp3.internal.connection.RouteSelector.resetNextInetSocketAddress(Unknown Source:129)
11-29 13:05:27.728   948  3422 W System.err: 	at okhttp3.internal.connection.RouteSelector.nextProxy(Unknown Source:20)
11-29 13:05:27.728   948  3422 W System.err: 	at okhttp3.internal.connection.RouteSelector.next(Unknown Source:17)
11-29 13:05:27.728   948  3422 W System.err: 	at okhttp3.internal.connection.ExchangeFinder.findConnection(Unknown Source:129)
11-29 13:05:27.728   948  3422 W System.err: 	at okhttp3.internal.connection.ExchangeFinder.findHealthyConnection(Unknown Source:0)
11-29 13:05:27.728   948  3422 W System.err: 	at okhttp3.internal.connection.ExchangeFinder.find(Unknown Source:22)
11-29 13:05:27.728   948  3422 W System.err: 	at okhttp3.internal.connection.Transmitter.newExchange(Unknown Source:16)
11-29 13:05:27.728   948  3422 W System.err: 	at okhttp3.internal.connection.ConnectInterceptor.intercept(Unknown Source:23)
11-29 13:05:27.728   948  3422 W System.err: 	at okhttp3.internal.http.RealInterceptorChain.proceed(SourceFile:10)
11-29 13:05:27.728   948  3422 W System.err: 	at okhttp3.internal.http.RealInterceptorChain.proceed(SourceFile:1)
11-29 13:05:27.728   948  3422 W System.err: 	at okhttp3.internal.cache.CacheInterceptor.intercept(Unknown Source:132)
11-29 13:05:27.728   948  3422 W System.err: 	at okhttp3.internal.http.RealInterceptorChain.proceed(SourceFile:10)
11-29 13:05:27.728   948  3422 W System.err: 	at okhttp3.internal.http.RealInterceptorChain.proceed(SourceFile:1)
11-29 13:05:27.728   948  3422 W System.err: 	at okhttp3.internal.http.BridgeInterceptor.intercept(Unknown Source:161)
11-29 13:05:27.728   948  3422 W System.err: 	at okhttp3.internal.http.RealInterceptorChain.proceed(SourceFile:10)
11-29 13:05:27.728   948  3422 W System.err: 	at okhttp3.internal.http.RetryAndFollowUpInterceptor.intercept(Unknown Source:23)
11-29 13:05:27.728   948  3422 W System.err: 	at okhttp3.internal.http.RealInterceptorChain.proceed(SourceFile:10)
11-29 13:05:27.728   948  3422 W System.err: 	at okhttp3.internal.http.RealInterceptorChain.proceed(SourceFile:1)
11-29 13:05:27.728   948  3422 W System.err: 	at p4.c$a.intercept(Unknown Source:99)
11-29 13:05:27.728   948  3422 W System.err: 	at okhttp3.internal.http.RealInterceptorChain.proceed(SourceFile:10)
11-29 13:05:27.728   948  3422 W System.err: 	at okhttp3.internal.http.RealInterceptorChain.proceed(SourceFile:1)
11-29 13:05:27.728   948  3422 W System.err: 	at okhttp3.RealCall.getResponseWithInterceptorChain(Unknown Source:120)
11-29 13:05:27.728   948  3422 W System.err: 	at okhttp3.RealCall.getResponseWithInterceptorChainP(Unknown Source:0)
11-29 13:05:27.728   948  3422 W System.err: 	at okhttp3.OkHttpOkHttp3Extension.okhttp3RealCall_getResponseWithInterceptorChain(OkHttpSourceFile:27)
11-29 13:05:27.728   948  3422 W System.err: 	at okhttp3.RealCall.execute(Unknown Source:28)
11-29 13:05:27.728   948  3422 W System.err: 	at retrofit2.OkHttpCall.execute(Unknown Source:20)
11-29 13:05:27.728   948  3422 W System.err: 	at retrofit2.DefaultCallAdapterFactory$ExecutorCallbackCall.execute(Unknown Source:2)
11-29 13:05:27.728   948  3422 W System.err: 	at p4.d.h(Unknown Source:22)
11-29 13:05:27.728   948  3422 W System.err: 	at com.microvirt.launcher.search.XYSearch.v(Unknown Source:0)
11-29 13:05:27.728   948  3422 W System.err: 	at com.microvirt.launcher.search.XYSearch.d(Unknown Source:0)
11-29 13:05:27.728   948  3422 W System.err: 	at u4.k.run(Unknown Source:2)
11-29 13:05:27.728   948  3422 W System.err: 	at java.lang.Thread.run(Thread.java:764)
11-29 13:05:27.729   948  3422 W System.err: Caused by: android.system.GaiException: android_getaddrinfo failed: EAI_NODATA (No address associated with hostname)
11-29 13:05:27.729   948  3422 W System.err: 	at libcore.io.Linux.android_getaddrinfo(Native Method)
11-29 13:05:27.729   948  3422 W System.err: 	at libcore.io.BlockGuardOs.android_getaddrinfo(BlockGuardOs.java:172)
11-29 13:05:27.729   948  3422 W System.err: 	at java.net.Inet6AddressImpl.lookupHostByName(Inet6AddressImpl.java:137)
11-29 13:05:27.729   948  3422 W System.err: 	... 37 more
11-29 13:05:27.736   144   228 W IptablesRestoreController: iptables-restore process 3430 terminated status=256
11-29 13:05:27.736   144   228 E IptablesRestoreController: iptables error:
11-29 13:05:27.736   144   228 E IptablesRestoreController: ------- COMMAND -------
11-29 13:05:27.736   144   228 E IptablesRestoreController: *filter
11-29 13:05:27.736   144   228 E IptablesRestoreController: -I bw_happy_box -m owner --uid-owner 10041 --jump RETURN
