11-29 14:04:42.705   165   330 W AudioFlinger: write blocked for 1036 msecs, 8 delayed writes, thread 0xf4003c00
11-29 14:04:43.101   144   226 E TrafficController: Failed to delete the counterSet: Bad file descriptor
11-29 14:04:43.126   948   948 D AppLovinSdk: [SessionTracker] Application Paused
11-29 14:04:43.133   948  1179 D AppLovinSdk: [FileManager] Looking up cached resource: persistent_postback_cache.json
11-29 14:04:43.134   948  1179 D AppLovinSdk: [FileManager] Writing resource to filesystem: persistent_postback_cache.json
11-29 14:04:43.135   948  1179 D AppLovinSdk: [PersistentPostbackQueueSaveTask] Exported postback queue to disk.
11-29 14:04:43.135   948  1179 I AppLovinSdk: [PersistentPostbackQueueSaveTask] OTHER queue finished task PersistentPostbackQueueSaveTask
11-29 14:04:43.847   948 15749 I FA      : Application backgrounded at: timestamp_millis: 1764396281804
11-29 14:04:46.503 15801 15801 D NavigationViewModel:  Navigation START: NavigateTo(route=home, popUpTo=splash, inclusive=true, singleTop=true)
11-29 14:04:46.503 15801 15801 I System.out:  Navigation vers: home
11-29 14:04:46.513 15801 15801 D NavigationViewModel:  Navigation SUCCESS: NavigateTo(route=home, popUpTo=splash, inclusive=true, singleTop=true)
11-29 14:04:46.514 15801 15801 D NavigationViewModel:  Commande accepte: NavigateTo(route=home, popUpTo=splash, inclusive=true, singleTop=true)
11-29 14:04:46.541 15801 15801 D AuthViewModel: Init: isLoggedIn=true, guestAttempts=3
11-29 14:04:48.654 15801 15801 D NavigationViewModel:  Navigation START: NavigateTo(route=quiz, popUpTo=null, inclusive=false, singleTop=true)
11-29 14:04:48.654 15801 15801 I System.out:  Navigation vers: quiz
11-29 14:04:48.660 15801 15801 D NavigationViewModel:  Navigation SUCCESS: NavigateTo(route=quiz, popUpTo=null, inclusive=false, singleTop=true)
11-29 14:04:48.660 15801 15801 D NavigationViewModel:  Commande accepte: NavigateTo(route=quiz, popUpTo=null, inclusive=false, singleTop=true)
11-29 14:04:48.745   415   431 I ActivityManager: Start proc 16049:com.android.chrome:sandboxed_process1/u0i6 for webview_service com.excell44.educam.debug/org.chromium.content.app.SandboxedProcessService1
11-29 14:04:48.749 16049 16049 I Zygote  : seccomp disabled by setenforce 0
11-29 14:04:48.750 16049 16049 W dboxed_process: Unexpected CPU variant for X86 using defaults: x86
11-29 14:04:48.751 16049 16049 E dboxed_process: Not starting debugger since process cannot load the jdwp agent.
11-29 14:04:48.766   144   226 E TrafficController: Failed to set the counterSet: Bad file descriptor, fd: -1
11-29 14:04:48.785 16049 16049 I cr_ChildProcessService: Creating new ChildProcessService pid=16049
11-29 14:04:48.966 16049 16063 I cr_LibraryLoader: Time to load native libraries: 1 ms (timestamps 3176-3177)
11-29 14:04:48.968 16049 16063 I chromium: [INFO:library_loader_hooks.cc(36)] Chromium logging enabled: level = 0, default verbosity = 0
11-29 14:04:48.969 16049 16063 I cr_LibraryLoader: Expected native library version number "68.0.3440.70", actual native library version number "68.0.3440.70"
11-29 14:04:49.071 15801 15955 E EGL_adreno: CreateContext rcMajorVersion:3, minorVersion:0
11-29 14:04:49.099 15801 15955 D EGL_adreno: eglCreateContext: 0xcefbc440: maj 3 min 0 rcv 3
11-29 14:04:49.240 15801 15801 I chromium: [INFO:CONSOLE(11)] "Uncaught ReferenceError: renderMathInElement is not defined", source: about:blank (11)
11-29 14:04:50.471  1083  1327 W NetworkScheduler: Error inserting period=3620000 preferred_charging_state=1 preferred_network_type=1 target_class=com.google.android.gms.measurement.PackageMeasurementTaskService required_network_type=0 runtime=1764396290468 required_idleness_state=0 source=16 service_kind=0 target_package=com.google.android.gms persistence_level=1 source_version=220920000 last_runtime=0 user_id=0 job_id=-1 requires_charging=0 tag=Measurement.PackageMeasurementTaskService.UPLOAD_TASK_TAG flex_time=1809000 task_type=0 retry_strategy={"maximum_backoff_seconds":{"3600":0},"initial_backoff_seconds":{"30":0},"retry_policy":{"0":0}}, error message: UNIQUE constraint failed: pending_ops.tag, pending_ops.target_class, pending_ops.target_package, pending_ops.user_id (code 2067 SQLITE_CONSTRAINT_UNIQUE) [CONTEXT service_id=218 ]
11-29 14:04:51.649  1043  1043 D BoundBrokerSvc: onUnbind: Intent { act=com.google.android.gms.safetynet.service.START pkg=com.google.android.gms }
11-29 14:04:52.053  1043  1043 D BoundBrokerSvc: onUnbind: Intent { act=com.google.android.gms.measurement.START pkg=com.google.android.gms }
11-29 14:04:52.077   144   228 W IptablesRestoreController: iptables-restore process 16086 terminated status=256
11-29 14:04:52.077   144   228 E IptablesRestoreController: iptables error:
11-29 14:04:52.077   144   228 E IptablesRestoreController: ------- COMMAND -------
11-29 14:04:52.077   144   228 E IptablesRestoreController: *filter
11-29 14:04:52.077   144   228 E IptablesRestoreController: -I bw_happy_box -m owner --uid-owner 10041 --jump RETURN
11-29 14:04:52.077   144   228 E IptablesRestoreController: COMMIT
11-29 14:04:52.077   144   228 E IptablesRestoreController: 
11-29 14:04:52.077   144   228 E IptablesRestoreController: -------  ERROR -------
11-29 14:04:52.077   144   228 E IptablesRestoreController: iptables-restore: line 3 failed
11-29 14:04:52.077   144   228 E IptablesRestoreController: ----------------------
11-29 14:04:52.085   144   228 W IptablesRestoreController: iptables-restore process 16090 terminated status=256
11-29 14:04:52.085   144   228 E IptablesRestoreController: iptables error:
11-29 14:04:52.085   144   228 E IptablesRestoreController: ------- COMMAND -------
11-29 14:04:52.085   144   228 E IptablesRestoreController: *filter
11-29 14:04:52.085   144   228 E IptablesRestoreController: -I bw_happy_box -m owner --uid-owner 10041 --jump RETURN
11-29 14:04:52.085   144   228 E IptablesRestoreController: COMMIT
11-29 14:04:52.085   144   228 E IptablesRestoreController: 
11-29 14:04:52.085   144   228 E IptablesRestoreController: -------  ERROR -------
11-29 14:04:52.085   144   228 E IptablesRestoreController: ip6tables-restore: line 3 failed
11-29 14:04:52.085   144   228 E IptablesRestoreController: ----------------------
11-29 14:04:52.085   144   226 E TrafficController: Failed to delete the counterSet: Bad file descriptor
11-29 14:04:53.447 15801 15801 D NavigationViewModel:  Navigation START: NavigateTo(route=profile, popUpTo=null, inclusive=false, singleTop=true)
11-29 14:04:53.448 15801 15801 I System.out:  Navigation vers: profile
11-29 14:04:53.458 15801 15801 D NavigationViewModel:  Navigation SUCCESS: NavigateTo(route=profile, popUpTo=null, inclusive=false, singleTop=true)
11-29 14:04:53.459 15801 15801 D NavigationViewModel:  Commande accepte: NavigateTo(route=profile, popUpTo=null, inclusive=false, singleTop=true)
11-29 14:04:53.489 15801 15801 D AuthViewModel: Init: isLoggedIn=true, guestAttempts=3
11-29 14:04:53.647 15801 15807 I 44.educam.debu: JIT allocated 70KB for stack maps of void com.excell44.educam.ui.screen.profile.ProfileScreenKt$ProfileScreen$3.invoke(androidx.compose.foundation.layout.PaddingValues, androidx.compose.runtime.Composer, int)
11-29 14:04:54.001 15801 15801 I Choreographer: Skipped 30 frames!  The application may be doing too much work on its main thread.
11-29 14:04:54.142   144   226 E TrafficController: Failed to delete the counterSet: Bad file descriptor
11-29 14:04:54.214  1083  2896 I NetworkScheduler.Stats: Task com.google.android.gms/com.google.android.gms.auth.account.be.legacy.AuthCronService started execution. cause:4 exec_start_elapsed_seconds: 3728 [CONTEXT service_id=218 ]
11-29 14:04:54.222   415 14741 I ActivityManager: Process com.android.chrome:sandboxed_process1 (pid 16049) has died: cch  CACC
11-29 14:04:54.222   415 14741 W ActivityManager: Scheduling restart of crashed service com.excell44.educam.debug/org.chromium.content.app.SandboxedProcessService1 in 1000ms
11-29 14:04:54.223   415   432 W libprocessgroup: Failed to open process cgroup uid 99006 pid 16049: No such file or directory
11-29 14:04:54.223   415   432 E libprocessgroup: Error encountered killing process cgroup uid 99006 pid 16049: No such file or directory
11-29 14:04:54.223   621   621 I Zygote  : Process 16049 exited cleanly (0)
11-29 14:04:54.224   415   433 E KernelUidCpuTimeReader: Failed to read uid_cputime: /proc/uid_cputime/show_uid_stat (No such file or directory)
11-29 14:04:54.225   415   433 E KernelCpuSpeedReader: Failed to read cpu-freq: /sys/devices/system/cpu/cpu0/cpufreq/stats/time_in_state (No such file or directory)
11-29 14:04:54.225   415   433 E KernelWakelockReader: neither /proc/wakelocks nor /d/wakeup_sources exists
11-29 14:04:54.226   415   433 W BatteryStatsImpl: Couldn't get kernel wake lock stats
11-29 14:04:54.243  1083  1988 I NetworkScheduler.Stats: Task com.google.android.gms/com.google.android.gms.auth.account.be.legacy.AuthCronService finished executing. cause:4 result: 1 elapsed_millis: 48 uptime_millis: 48 exec_start_elapsed_seconds: 3728 [CONTEXT service_id=218 ]
11-29 14:04:54.261   415   429 W BroadcastQueue: Background execution not allowed: receiving Intent { act=android.intent.action.DROPBOX_ENTRY_ADDED flg=0x10 (has extras) } to com.google.android.gms/.stats.service.DropBoxEntryAddedReceiver
11-29 14:04:54.334 15801 15875 I OpenGLRenderer: Davey! duration=842ms; Flags=0, IntendedVsync=3727716734782, Vsync=3728216734762, OldestInputEvent=9223372036854775807, NewestInputEvent=0, HandleInputStart=3728227589485, AnimationStart=3728227630192, PerformTraversalsStart=3728298021100, DrawStart=3728300119380, SyncQueued=3728343358384, SyncStart=3728343609163, IssueDrawCommandsStart=3728345622947, SwapBuffers=3728557804285, FrameCompleted=3728559638046, DequeueBufferDuration=248000, QueueBufferDuration=491000, 
11-29 14:04:54.390 15801 15920 W cr_ChildProcessConn: onServiceDisconnected (crash or killed by oom): pid=16049
11-29 14:04:54.640  1083  1988 E GCM     : Missing checkin config file
11-29 14:04:54.640  1083  1988 W GCM     : GCM FAILED TO INITIALIZE - missing checkin
11-29 14:04:54.641  1083  1988 E WakeLock: GCM_HB_ALARM release without a matched acquire!
11-29 14:04:54.641  1083  1988 W WakeLock: GCM_HB_ALARM counter does not exist
11-29 14:04:54.670  1083  1988 E GCM     : Missing checkin config file
11-29 14:04:54.670  1083  1988 W GCM     : GCM FAILED TO INITIALIZE - missing checkin
11-29 14:04:54.670  1083  1988 E WakeLock: GCM_HB_ALARM release without a matched acquire!
11-29 14:04:54.670  1083  1988 W WakeLock: GCM_HB_ALARM counter does not exist
11-29 14:04:54.671   415   525 D ConnectivityService: reportNetworkConnectivity(100, false) by 10041
11-29 14:04:54.671   415   989 D NetworkMonitor/NetworkAgentInfo [WIFI () - 100]: Forcing reevaluation for UID 10041
11-29 14:04:54.673   415   989 D NetworkMonitor/NetworkAgentInfo [WIFI () - 100]: Validation disabled.
11-29 14:04:54.673   415   525 D ConnectivityService: NetworkAgentInfo [WIFI () - 100] validation passed
11-29 14:04:57.922 15801 15801 D NavigationViewModel:  Navigation START: NavigateTo(route=bilan, popUpTo=null, inclusive=false, singleTop=true)
11-29 14:04:57.922 15801 15801 I System.out:  Navigation vers: bilan
11-29 14:04:57.934 15801 15801 D NavigationViewModel:  Navigation SUCCESS: NavigateTo(route=bilan, popUpTo=null, inclusive=false, singleTop=true)
11-29 14:04:57.934 15801 15801 D NavigationViewModel:  Commande accepte: NavigateTo(route=bilan, popUpTo=null, inclusive=false, singleTop=true)
11-29 14:04:59.899 15801 15801 D NavigationViewModel:  Navigation START: com.excell44.educam.ui.navigation.NavCommand$PopBack@ce4d11d
11-29 14:04:59.899 15801 15801 I System.out:  PopBackStack
11-29 14:04:59.900 15801 15801 D NavigationViewModel:  Navigation SUCCESS: com.excell44.educam.ui.navigation.NavCommand$PopBack@ce4d11d
11-29 14:04:59.901 15801 15801 D NavigationViewModel:  Commande accepte: com.excell44.educam.ui.navigation.NavCommand$PopBack@ce4d11d
11-29 14:05:00.114 15801 15801 W NavigationViewModel:  Navigation rejete (tat=NAVIGATING): com.excell44.educam.ui.navigation.NavCommand$PopBack@ce4d11d
11-29 14:05:03.030 15801 15801 D NavigationViewModel:  Navigation START: NavigateTo(route=bilan, popUpTo=null, inclusive=false, singleTop=true)
11-29 14:05:03.030 15801 15801 I System.out:  Navigation vers: bilan
11-29 14:05:03.040 15801 15801 D NavigationViewModel:  Navigation SUCCESS: NavigateTo(route=bilan, popUpTo=null, inclusive=false, singleTop=true)
11-29 14:05:03.041 15801 15801 D NavigationViewModel:  Commande accepte: NavigateTo(route=bilan, popUpTo=null, inclusive=false, singleTop=true)
11-29 14:05:05.008 15801 15801 D NavigationViewModel:  Navigation START: com.excell44.educam.ui.navigation.NavCommand$PopBack@ce4d11d
11-29 14:05:05.008 15801 15801 I System.out:  PopBackStack
11-29 14:05:05.009 15801 15801 D NavigationViewModel:  Navigation SUCCESS: com.excell44.educam.ui.navigation.NavCommand$PopBack@ce4d11d
11-29 14:05:05.010 15801 15801 D NavigationViewModel:  Commande accepte: com.excell44.educam.ui.navigation.NavCommand$PopBack@ce4d11d
11-29 14:05:05.240 15801 15801 W NavigationViewModel:  Navigation rejete (tat=NAVIGATING): com.excell44.educam.ui.navigation.NavCommand$PopBack@ce4d11d
11-29 14:05:05.252 15801 15801 I chatty  : uid=10091(com.excell44.educam.debug) identical 1 line
11-29 14:05:05.360 15801 15801 W NavigationViewModel:  Navigation rejete (tat=NAVIGATING): com.excell44.educam.ui.navigation.NavCommand$PopBack@ce4d11d
11-29 14:05:06.943   144   202 E Netd    : Failed to dump IPv4 sockets struct tcp_info: No such file or directory
11-29 14:05:06.943   144   202 E TcpSocketMonitor: Failed to poll TCP socket info: No such file or directory
11-29 14:05:07.269 15801 15801 D NavigationViewModel:  Navigation START: com.excell44.educam.ui.navigation.NavCommand$PopBack@ce4d11d
11-29 14:05:07.269 15801 15801 I System.out:  PopBackStack
11-29 14:05:07.271 15801 15801 D NavigationViewModel:  Navigation SUCCESS: com.excell44.educam.ui.navigation.NavCommand$PopBack@ce4d11d
11-29 14:05:07.271 15801 15801 D NavigationViewModel:  Commande accepte: com.excell44.educam.ui.navigation.NavCommand$PopBack@ce4d11d
11-29 14:05:07.468 15801 15801 W NavigationViewModel:  Navigation rejete (tat=NAVIGATING): com.excell44.educam.ui.navigation.NavCommand$PopBack@ce4d11d
11-29 14:05:07.499 15801 15801 I chatty  : uid=10091(com.excell44.educam.debug) identical 1 line
11-29 14:05:07.580 15801 15801 W NavigationViewModel:  Navigation rejete (tat=NAVIGATING): com.excell44.educam.ui.navigation.NavCommand$PopBack@ce4d11d
11-29 14:05:11.774 15801 15801 D NavigationViewModel:  Navigation START: NavigateTo(route=profile, popUpTo=null, inclusive=false, singleTop=true)
11-29 14:05:11.774 15801 15801 I System.out:  Navigation vers: profile
11-29 14:05:11.779 15801 15801 D NavigationViewModel:  Navigation SUCCESS: NavigateTo(route=profile, popUpTo=null, inclusive=false, singleTop=true)
11-29 14:05:11.779 15801 15801 D NavigationViewModel:  Commande accepte: NavigateTo(route=profile, popUpTo=null, inclusive=false, singleTop=true)
11-29 14:05:11.801 15801 15801 D AuthViewModel: Init: isLoggedIn=true, guestAttempts=3
11-29 14:05:11.949 15801 15801 W NavigationViewModel:  Navigation rejete (tat=NAVIGATING): NavigateTo(route=profile, popUpTo=null, inclusive=false, singleTop=true)
11-29 14:05:13.805 15801 15801 D NavigationViewModel:  Navigation START: com.excell44.educam.ui.navigation.NavCommand$PopBack@ce4d11d
11-29 14:05:13.806 15801 15801 I System.out:  PopBackStack
11-29 14:05:13.809 15801 15801 D NavigationViewModel:  Navigation SUCCESS: com.excell44.educam.ui.navigation.NavCommand$PopBack@ce4d11d
11-29 14:05:13.809 15801 15801 D NavigationViewModel:  Commande accepte: com.excell44.educam.ui.navigation.NavCommand$PopBack@ce4d11d
11-29 14:05:14.015 15801 15801 W NavigationViewModel:  Navigation rejete (tat=NAVIGATING): com.excell44.educam.ui.navigation.NavCommand$PopBack@ce4d11d
11-29 14:05:14.022 15801 15801 I chatty  : uid=10091(com.excell44.educam.debug) identical 1 line
11-29 14:05:14.132 15801 15801 W NavigationViewModel:  Navigation rejete (tat=NAVIGATING): com.excell44.educam.ui.navigation.NavCommand$PopBack@ce4d11d
11-29 14:05:15.794 15801 15801 D NavigationViewModel:  Navigation START: NavigateAndClear(route=login)
11-29 14:05:15.794 15801 15801 I System.out:  Navigation vers: login
11-29 14:05:15.799 15801 15801 D NavigationViewModel:  Navigation SUCCESS: NavigateAndClear(route=login)
11-29 14:05:15.799 15801 15801 D NavigationViewModel:  Commande accepte: NavigateAndClear(route=login)
11-29 14:05:15.858 15801 15801 D AuthViewModel: Init: isLoggedIn=true, guestAttempts=3
11-29 14:05:16.079 15801 15801 W NavigationViewModel:  Navigation rejete (tat=NAVIGATING): NavigateAndClear(route=login)
11-29 14:05:16.093 15801 15801 W NavigationViewModel:  Navigation rejete (tat=NAVIGATING): NavigateTo(route=home, popUpTo=login, inclusive=true, singleTop=true)
11-29 14:05:16.093 15801 15801 D LoginScreen: Guest Attempts Display: 3
11-29 14:05:19.128 15801 15801 D Autofill Status: Autofill popup isn't shown because autofill is not available.
11-29 14:05:19.128 15801 15801 D Autofill Status: 
11-29 14:05:19.128 15801 15801 D Autofill Status: Did you set up autofill?
11-29 14:05:19.128 15801 15801 D Autofill Status: 1. Go to Settings > System > Languages&input > Advanced > Autofill Service
11-29 14:05:19.128 15801 15801 D Autofill Status: 2. Pick a service
11-29 14:05:19.128 15801 15801 D Autofill Status: 
11-29 14:05:19.128 15801 15801 D Autofill Status: Did you add an account?
11-29 14:05:19.128 15801 15801 D Autofill Status: 1. Go to Settings > System > Languages&input > Advanced
11-29 14:05:19.128 15801 15801 D Autofill Status: 2. Click on the settings icon next to the Autofill Service
11-29 14:05:19.128 15801 15801 D Autofill Status: 3. Add your account
11-29 14:05:20.821 15801 15801 D Autofill Status: Autofill popup isn't shown because autofill is not available.
11-29 14:05:20.821 15801 15801 D Autofill Status: 
11-29 14:05:20.821 15801 15801 D Autofill Status: Did you set up autofill?
11-29 14:05:20.821 15801 15801 D Autofill Status: 1. Go to Settings > System > Languages&input > Advanced > Autofill Service
11-29 14:05:20.821 15801 15801 D Autofill Status: 2. Pick a service
11-29 14:05:20.821 15801 15801 D Autofill Status: 
11-29 14:05:20.821 15801 15801 D Autofill Status: Did you add an account?
11-29 14:05:20.821 15801 15801 D Autofill Status: 1. Go to Settings > System > Languages&input > Advanced
11-29 14:05:20.821 15801 15801 D Autofill Status: 2. Click on the settings icon next to the Autofill Service
11-29 14:05:20.821 15801 15801 D Autofill Status: 3. Add your account
11-29 14:05:24.246   144   226 E TrafficController: Failed to set the counterSet: Bad file descriptor, fd: -1
11-29 14:05:24.299  1083  1327 I NetworkScheduler.Stats: Task com.google.android.gms/com.google.android.gms.auth.account.be.legacy.AuthCronService started execution. cause:4 exec_start_elapsed_seconds: 3758 [CONTEXT service_id=218 ]
11-29 14:05:24.302  1083  1327 I NetworkScheduler.Stats: Task com.google.android.gms/com.google.android.gms.auth.account.be.legacy.AuthCronService finished executing. cause:4 result: 1 elapsed_millis: 41 uptime_millis: 41 exec_start_elapsed_seconds: 3758 [CONTEXT service_id=218 ]
11-29 14:05:30.081 15801 15801 W 44.educam.debu: Accessing hidden method Landroid/view/ViewTreeObserver;->dispatchOnScrollChanged()V (light greylist, reflection)
11-29 14:05:30.650 15801 15801 D NavigationViewModel:  Navigation START: NavigateTo(route=register, popUpTo=null, inclusive=false, singleTop=true)
11-29 14:05:30.651 15801 15801 I System.out:  Navigation vers: register
11-29 14:05:30.654 15801 15801 D NavigationViewModel:  Navigation SUCCESS: NavigateTo(route=register, popUpTo=null, inclusive=false, singleTop=true)
11-29 14:05:30.655 15801 15801 D NavigationViewModel:  Commande accepte: NavigateTo(route=register, popUpTo=null, inclusive=false, singleTop=true)
11-29 14:05:30.691 15801 15801 D AuthViewModel: Init: isLoggedIn=true, guestAttempts=3
11-29 14:05:31.099 15801 15801 W NavigationViewModel:  Navigation rejete (tat=NAVIGATING): NavigateTo(route=register, popUpTo=null, inclusive=false, singleTop=true)
11-29 14:05:31.113 15801 15801 D Autofill Status: Autofill popup isn't shown because autofill is not available.
11-29 14:05:31.113 15801 15801 D Autofill Status: 
11-29 14:05:31.113 15801 15801 D Autofill Status: Did you set up autofill?
11-29 14:05:31.113 15801 15801 D Autofill Status: 1. Go to Settings > System > Languages&input > Advanced > Autofill Service
11-29 14:05:31.113 15801 15801 D Autofill Status: 2. Pick a service
11-29 14:05:31.113 15801 15801 D Autofill Status: 
11-29 14:05:31.113 15801 15801 D Autofill Status: Did you add an account?
11-29 14:05:31.113 15801 15801 D Autofill Status: 1. Go to Settings > System > Languages&input > Advanced
11-29 14:05:31.113 15801 15801 D Autofill Status: 2. Click on the settings icon next to the Autofill Service
11-29 14:05:31.113 15801 15801 D Autofill Status: 3. Add your account
11-29 14:05:31.141 15801 15801 W NavigationViewModel:  Navigation rejete (tat=NAVIGATING): NavigateTo(route=home, popUpTo=register, inclusive=true, singleTop=true)
11-29 14:05:36.006 15801 15801 D NavigationViewModel:  Navigation START: com.excell44.educam.ui.navigation.NavCommand$PopBack@ce4d11d
11-29 14:05:36.006 15801 15801 I System.out:  PopBackStack
11-29 14:05:36.007 15801 15801 D NavigationViewModel:  Navigation SUCCESS: com.excell44.educam.ui.navigation.NavCommand$PopBack@ce4d11d
11-29 14:05:36.007 15801 15801 D NavigationViewModel:  Commande accepte: com.excell44.educam.ui.navigation.NavCommand$PopBack@ce4d11d
11-29 14:05:36.123 15801 15801 W NavigationViewModel:  Navigation rejete (tat=NAVIGATING): NavigateTo(route=home, popUpTo=login, inclusive=true, singleTop=true)
11-29 14:05:36.123 15801 15801 D LoginScreen: Guest Attempts Display: 3
11-29 14:05:36.482   144   226 E TrafficController: Failed to delete the counterSet: Bad file descriptor
11-29 14:05:36.951   144   202 E Netd    : Failed to dump IPv4 sockets struct tcp_info: No such file or directory
11-29 14:05:36.951   144   202 E TcpSocketMonitor: Failed to poll TCP socket info: No such file or directory
11-29 14:05:45.310   565   565 V StatusBar: mStatusBarWindow: com.android.systemui.statusbar.phone.StatusBarWindowView{e2da456 V.ED..... ........ 0,0-576,29} canPanelBeCollapsed(): false
11-29 14:05:45.312   565   565 I vol.Events: writeEvent dismiss_dialog volume_controller
11-29 14:05:45.322   415   510 I ActivityManager: START u0 {act=android.intent.action.MAIN cat=[android.intent.category.M_HOME] flg=0x10200000 cmp=com.microvirt.launcher2/com.microvirt.launcher.Launcher (has extras)} from uid 1000
11-29 14:05:45.332 15801 15862 D SessionLifecycleClient: Sending lifecycle 2 to service
11-29 14:05:45.332 15801 15876 D SessionLifecycleService: Activity backgrounding at 3779557
11-29 14:05:45.339   144   226 E TrafficController: Failed to set the counterSet: Bad file descriptor, fd: -1
11-29 14:05:45.348   948   948 D FirebaseSessions: App foregrounded on com.microvirt.launcher2
11-29 14:05:45.350   948   948 D AppLovinSdk: [SessionTracker] Application Resumed
11-29 14:05:45.353   948   948 I onReceive: mBindOnResumeCallbacks:0
11-29 14:05:45.364   948  1273 E EGL_adreno: [getAttribValue] Bad attribute idx
11-29 14:05:45.364   948  1273 D EGL_adreno: eglGetConfigAttrib: bad attrib 0x3339
11-29 14:05:45.365   167   882 D gralloc_gmin: gralloc_alloc: Creating ashmem region of size 2363392
11-29 14:05:45.388  1043  1043 D BoundBrokerSvc: onBind: Intent { act=com.google.android.gms.measurement.START pkg=com.google.android.gms }
11-29 14:05:45.388  1043  1043 D BoundBrokerSvc: Loading bound service for intent: Intent { act=com.google.android.gms.measurement.START pkg=com.google.android.gms }
11-29 14:05:45.393   948 16285 W System.err: java.net.UnknownHostException: Unable to resolve host "www.microvirt.com": No address associated with hostname
11-29 14:05:45.393   948 16285 W System.err: 	at java.net.Inet6AddressImpl.lookupHostByName(Inet6AddressImpl.java:157)
11-29 14:05:45.393   948 16285 W System.err: 	at java.net.Inet6AddressImpl.lookupAllHostAddr(Inet6AddressImpl.java:105)
11-29 14:05:45.393   948 16285 W System.err: 	at java.net.InetAddress.getAllByName(InetAddress.java:1154)
11-29 14:05:45.393   948 16285 W System.err: 	at okhttp3.Dns.lambda$static$0(Unknown Source:2)
11-29 14:05:45.393   948 16285 W System.err: 	at okhttp3.Dns.a(Unknown Source:0)
11-29 14:05:45.393   948 16285 W System.err: 	at okhttp3.c.lookup(Unknown Source:0)
11-29 14:05:45.393   948 16285 W System.err: 	at okhttp3.internal.connection.RouteSelector.resetNextInetSocketAddress(Unknown Source:129)
11-29 14:05:45.393   948 16285 W System.err: 	at okhttp3.internal.connection.RouteSelector.nextProxy(Unknown Source:20)
11-29 14:05:45.393   948 16285 W System.err: 	at okhttp3.internal.connection.RouteSelector.next(Unknown Source:17)
11-29 14:05:45.393   948 16285 W System.err: 	at okhttp3.internal.connection.ExchangeFinder.findConnection(Unknown Source:129)
11-29 14:05:45.393   948 16285 W System.err: 	at okhttp3.internal.connection.ExchangeFinder.findHealthyConnection(Unknown Source:0)
11-29 14:05:45.393   948 16285 W System.err: 	at okhttp3.internal.connection.ExchangeFinder.find(Unknown Source:22)
11-29 14:05:45.393   948 16285 W System.err: 	at okhttp3.internal.connection.Transmitter.newExchange(Unknown Source:16)
11-29 14:05:45.393   948 16285 W System.err: 	at okhttp3.internal.connection.ConnectInterceptor.intercept(Unknown Source:23)
11-29 14:05:45.393   948 16285 W System.err: 	at okhttp3.internal.http.RealInterceptorChain.proceed(SourceFile:10)
11-29 14:05:45.393   948 16285 W System.err: 	at okhttp3.internal.http.RealInterceptorChain.proceed(SourceFile:1)
11-29 14:05:45.393   948 16285 W System.err: 	at okhttp3.internal.cache.CacheInterceptor.intercept(Unknown Source:132)
11-29 14:05:45.393   948 16285 W System.err: 	at okhttp3.internal.http.RealInterceptorChain.proceed(SourceFile:10)
11-29 14:05:45.393   948 16285 W System.err: 	at okhttp3.internal.http.RealInterceptorChain.proceed(SourceFile:1)
11-29 14:05:45.393   948 16285 W System.err: 	at okhttp3.internal.http.BridgeInterceptor.intercept(Unknown Source:161)
11-29 14:05:45.393   948 16285 W System.err: 	at okhttp3.internal.http.RealInterceptorChain.proceed(SourceFile:10)
11-29 14:05:45.393   948 16285 W System.err: 	at okhttp3.internal.http.RetryAndFollowUpInterceptor.intercept(Unknown Source:23)
11-29 14:05:45.393   948 16285 W System.err: 	at okhttp3.internal.http.RealInterceptorChain.proceed(SourceFile:10)
11-29 14:05:45.393   948 16285 W System.err: 	at okhttp3.internal.http.RealInterceptorChain.proceed(SourceFile:1)
11-29 14:05:45.393   948 16285 W System.err: 	at p4.c$a.intercept(Unknown Source:99)
11-29 14:05:45.394   948 16285 W System.err: 	at okhttp3.internal.http.RealInterceptorChain.proceed(SourceFile:10)
11-29 14:05:45.394   948 16285 W System.err: 	at okhttp3.internal.http.RealInterceptorChain.proceed(SourceFile:1)
11-29 14:05:45.394   948 16285 W System.err: 	at okhttp3.RealCall.getResponseWithInterceptorChain(Unknown Source:120)
11-29 14:05:45.394   948 16285 W System.err: 	at okhttp3.RealCall.getResponseWithInterceptorChainP(Unknown Source:0)
11-29 14:05:45.394   948 16285 W System.err: 	at okhttp3.OkHttpOkHttp3Extension.okhttp3RealCall_getResponseWithInterceptorChain(OkHttpSourceFile:27)
11-29 14:05:45.394   948 16285 W System.err: 	at okhttp3.RealCall.execute(Unknown Source:28)
11-29 14:05:45.394   948 16285 W System.err: 	at retrofit2.OkHttpCall.execute(Unknown Source:20)
11-29 14:05:45.394   948 16285 W System.err: 	at retrofit2.DefaultCallAdapterFactory$ExecutorCallbackCall.execute(Unknown Source:2)
11-29 14:05:45.394   948 16285 W System.err: 	at p4.d.h(Unknown Source:22)
11-29 14:05:45.394   948 16285 W System.err: 	at com.microvirt.launcher.search.XYSearch.v(Unknown Source:0)
11-29 14:05:45.394   948 16285 W System.err: 	at com.microvirt.launcher.search.XYSearch.d(Unknown Source:0)
11-29 14:05:45.394   948 16285 W System.err: 	at u4.k.run(Unknown Source:2)
11-29 14:05:45.394   948 16285 W System.err: 	at java.lang.Thread.run(Thread.java:764)
11-29 14:05:45.394   948 16285 W System.err: Caused by: android.system.GaiException: android_getaddrinfo failed: EAI_NODATA (No address associated with hostname)
11-29 14:05:45.394   948 16285 W System.err: 	at libcore.io.Linux.android_getaddrinfo(Native Method)
11-29 14:05:45.394   948 16285 W System.err: 	at libcore.io.BlockGuardOs.android_getaddrinfo(BlockGuardOs.java:172)
11-29 14:05:45.394   948 16285 W System.err: 	at java.net.Inet6AddressImpl.lookupHostByName(Inet6AddressImpl.java:137)
11-29 14:05:45.394   948 16285 W System.err: 	... 37 more
11-29 14:05:45.401   948  1273 E EGL_adreno: tid 1273: eglSurfaceAttrib(1640): error 0x3009 (EGL_BAD_MATCH)
11-29 14:05:45.401   948  1273 W OpenGLRenderer: Failed to set EGL_SWAP_BEHAVIOR on surface 0xf337ac20, error=EGL_BAD_MATCH
11-29 14:05:45.415   144   228 W IptablesRestoreController: iptables-restore process 16287 terminated status=256
11-29 14:05:45.415   144   228 E IptablesRestoreController: iptables error:
11-29 14:05:45.415   144   228 E IptablesRestoreController: ------- COMMAND -------
11-29 14:05:45.415   144   228 E IptablesRestoreController: *filter
11-29 14:05:45.415   144   228 E IptablesRestoreController: -I bw_happy_box -m owner --uid-owner 10041 --jump RETURN
11-29 14:05:45.415   144   228 E IptablesRestoreController: COMMIT
11-29 14:05:45.415   144   228 E IptablesRestoreController: 
11-29 14:05:45.415   144   228 E IptablesRestoreController: -------  ERROR -------
11-29 14:05:45.415   144   228 E IptablesRestoreController: iptables-restore: line 3 failed
11-29 14:05:45.415   144   228 E IptablesRestoreController: ----------------------
11-29 14:05:45.430   144   228 W IptablesRestoreController: iptables-restore process 16293 terminated status=256
11-29 14:05:45.430   144   228 E IptablesRestoreController: iptables error:
11-29 14:05:45.430   144   228 E IptablesRestoreController: ------- COMMAND -------
11-29 14:05:45.430   144   228 E IptablesRestoreController: *filter
11-29 14:05:45.430   144   228 E IptablesRestoreController: -I bw_happy_box -m owner --uid-owner 10041 --jump RETURN
11-29 14:05:45.430   144   228 E IptablesRestoreController: COMMIT
11-29 14:05:45.430   144   228 E IptablesRestoreController: 
11-29 14:05:45.430   144   228 E IptablesRestoreController: -------  ERROR -------
11-29 14:05:45.430   144   228 E IptablesRestoreController: ip6tables-restore: line 3 failed
11-29 14:05:45.430   144   228 E IptablesRestoreController: ----------------------
11-29 14:05:45.432   144   226 E TrafficController: Failed to set the counterSet: Bad file descriptor, fd: -1
11-29 14:05:45.451   167   882 D gralloc_gmin: gralloc_alloc: Creating ashmem region of size 2363392
11-29 14:05:45.471   167   243 D gralloc_gmin: gralloc_alloc: Creating ashmem region of size 2363392
11-29 14:05:45.583   167   244 W SurfaceFlinger: Attempting to set client state on removed layer: Surface(name=AppWindowToken{15886 token=Token{6189561 ActivityRecord{663a0c8 u0 com.microvirt.launcher2/com.microvirt.launcher.Launcher t2}}})/@0x3763de7 - animation-leash#0
11-29 14:05:45.583   167   244 W SurfaceFlinger: Attempting to destroy on removed layer: Surface(name=AppWindowToken{15886 token=Token{6189561 ActivityRecord{663a0c8 u0 com.microvirt.launcher2/com.microvirt.launcher.Launcher t2}}})/@0x3763de7 - animation-leash#0
11-29 14:05:45.586   144   226 E TrafficController: Failed to delete the counterSet: Bad file descriptor
11-29 14:05:45.607  1083  1327 W NetworkScheduler: Error inserting period=2000 preferred_charging_state=1 preferred_network_type=1 target_class=com.google.android.gms.measurement.PackageMeasurementTaskService required_network_type=0 runtime=1764396345601 required_idleness_state=0 source=16 service_kind=0 target_package=com.google.android.gms persistence_level=1 source_version=220920000 last_runtime=0 user_id=0 job_id=-1 requires_charging=0 tag=Measurement.PackageMeasurementTaskService.UPLOAD_TASK_TAG flex_time=0 task_type=0 retry_strategy={"maximum_backoff_seconds":{"3600":0},"initial_backoff_seconds":{"30":0},"retry_policy":{"0":0}}, error message: UNIQUE constraint failed: pending_ops.tag, pending_ops.target_class, pending_ops.target_package, pending_ops.user_id (code 2067 SQLITE_CONSTRAINT_UNIQUE) [CONTEXT service_id=218 ]
11-29 14:05:45.623   948  1273 E EGL_adreno: [getAttribValue] Bad attribute idx
11-29 14:05:45.623   948  1273 D EGL_adreno: eglGetConfigAttrib: bad attrib 0x3339
11-29 14:05:45.623   167   753 D gralloc_gmin: gralloc_alloc: Creating ashmem region of size 8192
11-29 14:05:45.630   167   753 I chatty  : uid=1000(system) Binder:167_4 identical 1 line
11-29 14:05:45.633   167   753 D gralloc_gmin: gralloc_alloc: Creating ashmem region of size 8192
11-29 14:05:45.661   948  1273 E EGL_adreno: tid 1273: eglSurfaceAttrib(1640): error 0x3009 (EGL_BAD_MATCH)
11-29 14:05:45.661   948  1273 W OpenGLRenderer: Failed to set EGL_SWAP_BEHAVIOR on surface 0xecec30c0, error=EGL_BAD_MATCH
11-29 14:05:45.678   167   882 W SurfaceFlinger: Attempting to set client state on removed layer: com.excell44.educam.debug/com.excell44.educam.MainActivity#0
11-29 14:05:45.678   167   882 W SurfaceFlinger: Attempting to destroy on removed layer: com.excell44.educam.debug/com.excell44.educam.MainActivity#0
11-29 14:05:45.739   415   979 I ConfigStore: android::hardware::configstore::V1_0::ISurfaceFlingerConfigs::hasWideColorDisplay retrieved: 0
11-29 14:05:45.739   415   979 I ConfigStore: android::hardware::configstore::V1_0::ISurfaceFlingerConfigs::hasHDRDisplay retrieved: 0
11-29 14:05:45.739   415   979 I OpenGLRenderer: Initialized EGL, version 1.4
11-29 14:05:45.739   415   979 D OpenGLRenderer: Swap behavior 1
11-29 14:05:45.740   415   979 E EGL_adreno: CreateContext rcMajorVersion:3, minorVersion:2
11-29 14:05:45.749   415   979 D EGL_adreno: eglCreateContext: 0x7fab9e056960: maj 3 min 2 rcv 3
11-29 14:05:45.749   415   979 E EGL_adreno: [getAttribValue] Bad attribute idx
11-29 14:05:45.749   415   979 D EGL_adreno: eglGetConfigAttrib: bad attrib 0x3339
11-29 14:05:45.899   948  1273 W OpenGLRenderer: Incorrectly called buildLayer on View: j2, destroying layer...
11-29 14:05:45.902   167   882 D gralloc_gmin: gralloc_alloc: Creating ashmem region of size 2363392
11-29 14:05:45.929   565   565 W StaticLayout: maxLineHeight should not be -1.  maxLines:1 lineCount:1
11-29 14:05:45.931   565   565 W StaticLayout: maxLineHeight should not be -1.  maxLines:1 lineCount:1
11-29 14:05:46.173  1083  2896 W NetworkScheduler: Error inserting period=3620000 preferred_charging_state=1 preferred_network_type=1 target_class=com.google.android.gms.measurement.PackageMeasurementTaskService required_network_type=0 runtime=1764396346170 required_idleness_state=0 source=16 service_kind=0 target_package=com.google.android.gms persistence_level=1 source_version=220920000 last_runtime=0 user_id=0 job_id=-1 requires_charging=0 tag=Measurement.PackageMeasurementTaskService.UPLOAD_TASK_TAG flex_time=1809000 task_type=0 retry_strategy={"maximum_backoff_seconds":{"3600":0},"initial_backoff_seconds":{"30":0},"retry_policy":{"0":0}}, error message: UNIQUE constraint failed: pending_ops.tag, pending_ops.target_class, pending_ops.target_package, pending_ops.user_id (code 2067 SQLITE_CONSTRAINT_UNIQUE) [CONTEXT service_id=218 ]
11-29 14:05:47.522 15801 16282 I FA      : Application backgrounded at: timestamp_millis: 1764396345479
11-29 14:05:54.365  1083  1327 I NetworkScheduler.Stats: Task com.google.android.gms/com.google.android.gms.auth.account.be.legacy.AuthCronService started execution. cause:4 exec_start_elapsed_seconds: 3788 [CONTEXT service_id=218 ]
11-29 14:05:54.383  1083  2896 I NetworkScheduler.Stats: Task com.google.android.gms/com.google.android.gms.auth.account.be.legacy.AuthCronService finished executing. cause:4 result: 1 elapsed_millis: 47 uptime_millis: 47 exec_start_elapsed_seconds: 3788 [CONTEXT service_id=218 ]
11-29 14:05:55.501   144   228 W IptablesRestoreController: iptables-restore process 16348 terminated status=256
11-29 14:05:55.501   144   228 E IptablesRestoreController: iptables error:
11-29 14:05:55.501   144   228 E IptablesRestoreController: ------- COMMAND -------
11-29 14:05:55.501   144   228 E IptablesRestoreController: *filter
11-29 14:05:55.501   144   228 E IptablesRestoreController: -I bw_happy_box -m owner --uid-owner 10041 --jump RETURN
11-29 14:05:55.501   144   228 E IptablesRestoreController: COMMIT
11-29 14:05:55.501   144   228 E IptablesRestoreController: 
11-29 14:05:55.501   144   228 E IptablesRestoreController: -------  ERROR -------
11-29 14:05:55.501   144   228 E IptablesRestoreController: iptables-restore: line 3 failed
11-29 14:05:55.501   144   228 E IptablesRestoreController: ----------------------
11-29 14:05:55.517   144   228 W IptablesRestoreController: iptables-restore process 16352 terminated status=256
11-29 14:05:55.517   144   228 E IptablesRestoreController: iptables error:
11-29 14:05:55.517   144   228 E IptablesRestoreController: ------- COMMAND -------
11-29 14:05:55.517   144   228 E IptablesRestoreController: *filter
11-29 14:05:55.517   144   228 E IptablesRestoreController: -I bw_happy_box -m owner --uid-owner 10041 --jump RETURN
11-29 14:05:55.517   144   228 E IptablesRestoreController: COMMIT
11-29 14:05:55.517   144   228 E IptablesRestoreController: 
11-29 14:05:55.517   144   228 E IptablesRestoreController: -------  ERROR -------
11-29 14:05:55.517   144   228 E IptablesRestoreController: ip6tables-restore: line 3 failed
11-29 14:05:55.517   144   228 E IptablesRestoreController: ----------------------
11-29 14:05:55.519   144   226 E TrafficController: Failed to delete the counterSet: Bad file descriptor
11-29 14:05:55.591  1043  1043 D BoundBrokerSvc: onUnbind: Intent { act=com.google.android.gms.measurement.START pkg=com.google.android.gms }
