11-28 12:26:26.589 14692 14692 I ViewRootImpl@4a720a7[CrashActivity]: performTraversals params={(0,0)(fillxfill) sim={adjust=pan forwardNavigation} ty=BASE_APPLICATION wanim=0x1030309
11-28 12:26:26.589 14692 14692 I ViewRootImpl@4a720a7[CrashActivity]:   fl=81810100
11-28 12:26:26.589 14692 14692 I ViewRootImpl@4a720a7[CrashActivity]:   pfl=12020040
11-28 12:26:26.589 14692 14692 I ViewRootImpl@4a720a7[CrashActivity]:   bhv=DEFAULT
11-28 12:26:26.589 14692 14692 I ViewRootImpl@4a720a7[CrashActivity]:   fitSides= naviIconColor=0
11-28 12:26:26.589 14692 14692 I ViewRootImpl@4a720a7[CrashActivity]:   sfl=100000}
11-28 12:26:26.592 14692 14696 I 44.educam.debug: Compiler allocated 6178KB to compile void android.view.ViewRootImpl.performTraversals()
11-28 12:26:26.594 14692 14692 I ViewRootImpl@4a720a7[CrashActivity]: performTraversals mFirst=true windowShouldResize=true viewVisibilityChanged=false mForceNextWindowRelayout=false params={(0,0)(fillxfill) sim={adjust=pan forwardNavigation} ty=BASE_APPLICATION wanim=0x1030309
11-28 12:26:26.594 14692 14692 I ViewRootImpl@4a720a7[CrashActivity]:   fl=81810100
11-28 12:26:26.594 14692 14692 I ViewRootImpl@4a720a7[CrashActivity]:   pfl=12020040
11-28 12:26:26.594 14692 14692 I ViewRootImpl@4a720a7[CrashActivity]:   bhv=DEFAULT
11-28 12:26:26.594 14692 14692 I ViewRootImpl@4a720a7[CrashActivity]:   fitSides= naviIconColor=0
11-28 12:26:26.594 14692 14692 I ViewRootImpl@4a720a7[CrashActivity]:   sfl=100000}
11-28 12:26:26.596  1341  3016 V WindowManager: Relayout Window{49ac670 u0 com.excell44.educam.debug/com.excell44.educam.core.error.CrashActivity}: viewVisibility=0 req=720x1600 d0
11-28 12:26:26.596  1341  3016 D RestrictionPolicy: isScreenCaptureEnabled : ret=true userId=0
11-28 12:26:26.597   766   853 I BufferQueueDebug: [com.excell44.educam.debug/com.excell44.educam.core.error.CrashActivity$_14692#18987](this:0xb400007e77a01838,id:-1,api:0,p:-1,c:-1) BufferQueue core=(766:/system/bin/surfaceflinger)
11-28 12:26:26.598   766   853 I SurfaceFlinger: id=18987 createSurf flag=40004, com.excell44.educam.debug/com.excell44.educam.core.error.CrashActivity$_14692#18987
11-28 12:26:26.599  1341  3016 D WindowManager: makeSurface duration=3 name=com.excell44.educam.debug/com.excell44.educam.core.error.CrashActivity$_14692
11-28 12:26:26.609  1341  3016 V WindowManager: Changing focus from null to Window{49ac670 u0 com.excell44.educam.debug/com.excell44.educam.core.error.CrashActivity} displayId=0 Callers=com.android.server.wm.RootWindowContainer.updateFocusedWindowLocked:595 com.android.server.wm.WindowManagerService.updateFocusedWindowLocked:6803 com.android.server.wm.WindowManagerService.relayoutWindow:2813 com.android.server.wm.Session.relayout:274 
11-28 12:26:26.609  1341  3016 D MARsPolicyManager: onPackageResumedFG pkgName = com.excell44.educam.debug, userId = 0
11-28 12:26:26.610  1341  3016 I WindowManager: Cancelling animation restarting=true, leash=Surface(name=Surface(name=528b8b0 StatusBar)/@0x97829b3 - animation-leash of insets_animation)/@0xf4c9c6d
11-28 12:26:26.610  1341  3016 I WindowManager: Reparenting to original parent: Surface(name=WindowToken{e4213f3 type=2000 android.os.BinderProxy@654f12d})/@0x8507b70, destroy=false, surface=Surface(name=528b8b0 StatusBar)/@0x97829b3
11-28 12:26:26.611  1341  3016 I WindowManager: Reparenting to leash, surface=Surface(name=528b8b0 StatusBar)/@0x97829b3, leashParent=Surface(name=WindowToken{e4213f3 type=2000 android.os.BinderProxy@654f12d})/@0x8507b70
11-28 12:26:26.611   766  1004 I SurfaceFlinger: id=18988 createSurf flag=24000, Surface(name=528b8b0 StatusBar)/@0x97829b3 - animation-leash of insets_animation#18988
11-28 12:26:26.613  1341  3016 D WindowManager: makeSurface duration=3 leash=Surface(name=Surface(name=528b8b0 StatusBar)/@0x97829b3 - animation-leash of insets_animation)/@0x69cf388
11-28 12:26:26.614  1341  3016 I WindowManager: Cancelling animation restarting=true, leash=Surface(name=Surface(name=ab6e286 NavigationBar0)/@0x400176e - animation-leash of insets_animation)/@0x6da04ac
11-28 12:26:26.614  1341  3016 I WindowManager: Reparenting to original parent: Surface(name=WindowToken{f660761 type=2019 android.os.BinderProxy@4e54f6b})/@0x841ae0f, destroy=false, surface=Surface(name=ab6e286 NavigationBar0)/@0x400176e
11-28 12:26:26.615  1341  3016 I WindowManager: Reparenting to leash, surface=Surface(name=ab6e286 NavigationBar0)/@0x400176e, leashParent=Surface(name=WindowToken{f660761 type=2019 android.os.BinderProxy@4e54f6b})/@0x841ae0f
11-28 12:26:26.616   766   853 I SurfaceFlinger: id=18989 createSurf flag=24000, Surface(name=ab6e286 NavigationBar0)/@0x400176e - animation-leash of insets_animation#18989
11-28 12:26:26.617  1341  3016 D WindowManager: makeSurface duration=2 leash=Surface(name=Surface(name=ab6e286 NavigationBar0)/@0x400176e - animation-leash of insets_animation)/@0xcbc946
11-28 12:26:26.618   738   839 I hwcomposer: [HWCDisplay] [Display_0 (type:1)] fps:1.289868,dur:2325.82,max:1403.14,min:19.60  
11-28 12:26:26.619  1737  1737 D NavigationBar: onSystemBarAttributesChanged() -  displayId:0, appearance:16, packageName: com.excell44.educam.debug (APPEARANCE_LIGHT_NAVIGATION_BARS ), navbarColorManagedByIme:false
11-28 12:26:26.619  1341  3016 D WindowManager: updateSystemBarAttributes: displayId=0, win=Window{49ac670 u0 com.excell44.educam.debug/com.excell44.educam.core.error.CrashActivity}, navColorWin=Window{6b474e3 u0 Splash Screen com.excell44.educam.debug}, focusedCanBeNavColorWin=false, behavior=1, appearance=16, statusBarAppearanceRegions=[AppearanceRegion{LIGHT_STATUS_BARS bounds=[0,0][720,1600]}], requestedVisibilities=, from=com.android.server.wm.DisplayPolicy.focusChangedLw:3245 com.android.server.wm.DisplayContent.updateFocusedWindowLocked:4618 com.android.server.wm.RootWindowContainer.updateFocusedWindowLocked:595 
11-28 12:26:26.620  1341  3016 D StatusBarManagerService: notifyRequestedSystemKey recent=false home=false
11-28 12:26:26.620  1737  1737 D SamsungLightBarControlHelper: updateNavigation(Black button) isLightBar:false, hasLightBarNavigationBarFlag:true, packageName:com.excell44.educam.debug, DirectReplying:false, NavBarColorManagerdByIme:false, ForceDarkForScrim:false, QsCustomizing:false, PanelHasWhiteBg:true
11-28 12:26:26.624  1341  3016 V WindowManager: Relayout hash=49ac670, pid=14692, syncId=-1: mAttrs={(0,0)(fillxfill) sim={adjust=pan forwardNavigation} ty=BASE_APPLICATION wanim=0x1030309
11-28 12:26:26.624  1341  3016 V WindowManager:   fl=81810100
11-28 12:26:26.624  1341  3016 V WindowManager:   pfl=12020040
11-28 12:26:26.624  1341  3016 V WindowManager:   apr=LIGHT_NAVIGATION_BARS
11-28 12:26:26.624  1341  3016 V WindowManager:   bhv=DEFAULT
11-28 12:26:26.624  1341  3016 V WindowManager:   fitSides= naviIconColor=0
11-28 12:26:26.624  1341  3016 V WindowManager:   sfl=100000}
11-28 12:26:26.629 14692 14692 I ViewRootImpl@4a720a7[CrashActivity]: updateBlastSurfaceIfNeeded mBlastBufferQueue=null isSameSurfaceControl=false
11-28 12:26:26.629 14692 14692 D BufferQueueConsumer: [](id:396400000000,api:0,p:-1,c:14692) connect: controlledByApp=false
11-28 12:26:26.632  1737  1795 E IMGMapper: set:488 set: Unset optional value from type SMPTE2086
11-28 12:26:26.632  1737  1795 E IMGMapper: set:488 set: Unset optional value from type CTA861_3
11-28 12:26:26.633 14692 14692 I BLASTBufferQueue: new BLASTBufferQueue, mName= ViewRootImpl@4a720a7[CrashActivity] mNativeObject= 0xb400007da33d6100 sc.mNativeObject= 0xb400007da8d80cc0 caller= android.view.ViewRootImpl.updateBlastSurfaceIfNeeded:2909 android.view.ViewRootImpl.relayoutWindow:9847 android.view.ViewRootImpl.performTraversals:3884 android.view.ViewRootImpl.doTraversal:3116 android.view.ViewRootImpl$TraversalRunnable.run:10885 android.view.Choreographer$CallbackRecord.run:1301 android.view.Choreographer$CallbackRecord.run:1309 android.view.Choreographer.doCallbacks:923 android.view.Choreographer.doFrame:852 android.view.Choreographer$FrameDisplayEventReceiver.run:1283 
11-28 12:26:26.633 14692 14692 I BLASTBufferQueue: update, w= 720 h= 1600 mName = ViewRootImpl@4a720a7[CrashActivity] mNativeObject= 0xb400007da33d6100 sc.mNativeObject= 0xb400007da8d80cc0 format= -1 caller= android.graphics.BLASTBufferQueue.<init>:84 android.view.ViewRootImpl.updateBlastSurfaceIfNeeded:2909 android.view.ViewRootImpl.relayoutWindow:9847 android.view.ViewRootImpl.performTraversals:3884 android.view.ViewRootImpl.doTraversal:3116 android.view.ViewRootImpl$TraversalRunnable.run:10885 
11-28 12:26:26.636 14692 14692 E FBI     : Can't load library: dlopen failed: library "libmagtsync.so" not found
11-28 12:26:26.637 14692 14692 I ViewRootImpl@4a720a7[CrashActivity]: Relayout returned: old=(0,0,720,1600) new=(0,0,720,1600) req=(720,1600)0 dur=34 res=0x3 s={true 0xb400007da328a800} ch=true seqId=0
11-28 12:26:26.641   766   766 I Layer   : id=18943 removeFromCurrentState Surface(name=528b8b0 StatusBar)/@0x97829b3 - animation-leash of insets_animation#18943 (140)
11-28 12:26:26.641   766   766 I Layer   : id=18968 removeFromCurrentState Surface(name=ab6e286 NavigationBar0)/@0x400176e - animation-leash of insets_animation#18968 (140)
11-28 12:26:26.641   766   766 D SurfaceFlinger: [input] inputWindowCommands.focusRequests size is 1
11-28 12:26:26.642   766   766 I BufferQueueProducer: [NavigationBar0$_1737#78](this:0xb400007e9bb3a838,id:-1,api:0,p:-1,c:766) queueBuffer: fps=1.63 dur=4894.96 max=4778.50 min=16.48
11-28 12:26:26.642   766   766 I SurfaceFlinger: id=18943 Removed Surface(name=528b8b0 StatusBar)/@0x97829b3 - animation-leash of insets_animation#18943 (140)
11-28 12:26:26.642   766   766 I SurfaceFlinger: id=18968 Removed Surface(name=ab6e286 NavigationBar0)/@0x400176e - animation-leash of insets_animation#18968 (140)
11-28 12:26:26.643 14692 14692 I ViewRootImpl@4a720a7[CrashActivity]: mThreadedRenderer.initialize() mSurface={isValid=true 0xb400007da328a800} hwInitialized=true
11-28 12:26:26.643   766   766 I Layer   : id=18943 Destroyed Surface(name=528b8b0 StatusBar)/@0x97829b3 - animation-leash of insets_animation#18943
11-28 12:26:26.643   766   766 I Layer   : id=18968 Destroyed Surface(name=ab6e286 NavigationBar0)/@0x400176e - animation-leash of insets_animation#18968
11-28 12:26:26.645   766   963 D SurfaceFlinger: [input] setFocusedWindow: 49ac670 com.excell44.educam.debug/com.excell44.educam.core.error.CrashActivity
11-28 12:26:26.645   766   853 E HWComposer: getSupportedContentTypes: getSupportedContentTypes failed for display 0: Unsupported (8)
11-28 12:26:26.645  1341  2185 D InputDispatcher: Focus request (0): 49ac670 com.excell44.educam.debug/com.excell44.educam.core.error.CrashActivity but waiting because NO_WINDOW
11-28 12:26:26.648 14692 14714 D OpenGLRenderer: eglCreateWindowSurface
11-28 12:26:26.648  1737  1795 E IMGMapper: set:488 set: Unset optional value from type SMPTE2086
11-28 12:26:26.648  1737  1795 E IMGMapper: set:488 set: Unset optional value from type CTA861_3
11-28 12:26:26.657  1737  1862 D MobileStatusTracker(0/5): onSignalStrengthsChanged level=3, vendorLevel=2
11-28 12:26:26.657   478  1391 I servicemanager: Could not find android.hardware.graphics.allocator.IAllocator/default in the VINTF manifest.
11-28 12:26:26.659  1737  1862 D MobileSignalController(0/5): notifyListener: enabled=true, connected=true, dataConnected=false, networkType=LTE (4G), emergencyOnly=false, roaming=false, isDefault=false, dataActivity=, level=2, ca=false, mmWave=false, disabledDataIcon=false, simCard=ETC
11-28 12:26:26.660  1737  1862 D NetworkController: SignalStrength from intent slotId=0
11-28 12:26:26.662 14692 14717 E ion     : ioctl c0044901 failed with code -1: Invalid argument
11-28 12:26:26.664  1737  1795 E IMGMapper: set:488 set: Unset optional value from type SMPTE2086
11-28 12:26:26.664  1737  1795 E IMGMapper: set:488 set: Unset optional value from type CTA861_3
11-28 12:26:26.676  1737  1795 E IMGMapper: set:488 set: Unset optional value from type SMPTE2086
11-28 12:26:26.676  1737  1795 E IMGMapper: set:488 set: Unset optional value from type CTA861_3
11-28 12:26:26.692  1737  1795 E IMGMapper: set:488 set: Unset optional value from type SMPTE2086
11-28 12:26:26.693  1737  1795 E IMGMapper: set:488 set: Unset optional value from type CTA861_3
11-28 12:26:26.711  1737  1795 E IMGMapper: set:488 set: Unset optional value from type SMPTE2086
11-28 12:26:26.711  1737  1795 E IMGMapper: set:488 set: Unset optional value from type CTA861_3
11-28 12:26:26.718 14692 14692 I ViewRootImpl@4a720a7[CrashActivity]: reportNextDraw android.view.ViewRootImpl.performTraversals:4438 android.view.ViewRootImpl.doTraversal:3116 android.view.ViewRootImpl$TraversalRunnable.run:10885 android.view.Choreographer$CallbackRecord.run:1301 android.view.Choreographer$CallbackRecord.run:1309 
11-28 12:26:26.718 14692 14692 I ViewRootImpl@4a720a7[CrashActivity]: Setup new sync id=0
11-28 12:26:26.718 14692 14692 I ViewRootImpl@4a720a7[CrashActivity]: Setting syncFrameCallback
11-28 12:26:26.719 14692 14692 I ViewRootImpl@4a720a7[CrashActivity]: registerCallbacksForSync syncBuffer=false
11-28 12:26:26.727  1737  1795 E IMGMapper: set:488 set: Unset optional value from type SMPTE2086
11-28 12:26:26.728  1737  1795 E IMGMapper: set:488 set: Unset optional value from type CTA861_3
11-28 12:26:26.732  1011  1106 I Light   : light data = 23.000000 .
11-28 12:26:26.745  1737  1795 E IMGMapper: set:488 set: Unset optional value from type SMPTE2086
11-28 12:26:26.745  1737  1795 E IMGMapper: set:488 set: Unset optional value from type CTA861_3
11-28 12:26:26.762  1737  1795 E IMGMapper: set:488 set: Unset optional value from type SMPTE2086
11-28 12:26:26.762  1737  1795 E IMGMapper: set:488 set: Unset optional value from type CTA861_3
11-28 12:26:26.780 14692 14719 I ViewRootImpl@4a720a7[CrashActivity]: Received frameDrawingCallback syncResult=0 frameNum=1.
11-28 12:26:26.780 14692 14719 I ViewRootImpl@4a720a7[CrashActivity]: Setting up sync and frameCommitCallback
11-28 12:26:26.860 14692 14714 E IMGMapper: set:488 set: Unset optional value from type SMPTE2086
11-28 12:26:26.860 14692 14714 E IMGMapper: set:488 set: Unset optional value from type CTA861_3
11-28 12:26:26.860 14692 14714 I BLASTBufferQueue: [ViewRootImpl@4a720a7[CrashActivity]#0](f:0,a:0) onFrameAvailable the first frame is available
11-28 12:26:26.861 14692 14714 I BLASTBufferQueue: [ViewRootImpl@4a720a7[CrashActivity]#0](f:0,a:1) acquireNextBufferLocked size=720x1600 mFrameNumber=1 applyTransaction=true mTimestamp=336548279227211(auto) mPendingTransactions.size=0 graphicBufferId=63101659512835 transform=0
11-28 12:26:26.862 14692 14714 I ViewRootImpl@4a720a7[CrashActivity]: Received frameCommittedCallback lastAttemptedDrawFrameNum=1 didProduceBuffer=true
11-28 12:26:26.863 14692 14714 D OpenGLRenderer: CFMS:: SetUp Pid : 14692    Tid : 14714
11-28 12:26:26.867 14692 14714 W Parcel  : Expecting binder but got null!
11-28 12:26:26.868 14692 14692 I ViewRootImpl@4a720a7[CrashActivity]: onSyncComplete
11-28 12:26:26.869 14692 14692 I ViewRootImpl@4a720a7[CrashActivity]: setupSync seqId=0 mSyncId=0 fn=1 caller=android.view.ViewRootImpl$$ExternalSyntheticLambda11.accept:6 android.window.SurfaceSyncer.lambda$setupSync$1$android-window-SurfaceSyncer:128 android.window.SurfaceSyncer$$ExternalSyntheticLambda1.accept:8 android.window.SurfaceSyncer$SyncSet.checkIfSyncIsComplete:382 android.window.SurfaceSyncer$SyncSet.markSyncReady:359 android.window.SurfaceSyncer.markSyncReady:151 android.view.ViewRootImpl.performTraversals:4503 
11-28 12:26:26.870 14692 14692 I ViewRootImpl@4a720a7[CrashActivity]: reportDrawFinished seqId=0 mSyncId=-1 fn=1 mSurfaceChangedTransaction=0xb400007da341b800
11-28 12:26:26.871  1341  2185 D WindowManager: finishDrawingWindow: Window{49ac670 u0 com.excell44.educam.debug/com.excell44.educam.core.error.CrashActivity} mDrawState=DRAW_PENDING seqId=0
11-28 12:26:26.873   766   766 I ClientCache: add: Cache owner=0xb400007e778e0900
11-28 12:26:26.873   766   766 D BufferStateLayer: com.excell44.educam.debug/com.excell44.educam.core.error.CrashActivity$_14692#18987 setBuffer frameId=1, bufferId=63101659512835 fenceId=342, w= 720, h=1600
11-28 12:26:26.874 14692 14692 I Choreographer: Skipped 134 frames!  The application may be doing too much work on its main thread.
11-28 12:26:26.877 14692 14703 I OpenGLRenderer: Davey! duration=2545ms; Flags=1, FrameTimelineVsyncId=45549364, IntendedVsync=336545726703134, Vsync=336545726703134, InputEventId=0, HandleInputStart=336545731066826, AnimationStart=336545731124749, PerformTraversalsStart=336545731625980, DrawStart=336548139592442, FrameDeadline=336545116082732, FrameInterval=336545730818519, FrameStartTime=16666667, SyncQueued=336548187295211, SyncStart=336548197370596, IssueDrawCommandsStart=336548199066596, SwapBuffers=336548278395750, FrameCompleted=336548282714211, DequeueBufferDuration=0, QueueBufferDuration=1484539, GpuCompleted=336548282714211, SwapBuffersCompleted=336548281505596, DisplayPresentTime=0, CommandSubmissionCompleted=336548278395750, 
11-28 12:26:26.878  1341  1371 V WindowManager: Finish starting ActivityRecord{1e038ba u0 com.excell44.educam.debug/com.excell44.educam.core.error.CrashActivity} t350}: first real window is shown, no animation
11-28 12:26:26.879  1341  1371 V WindowManager: Schedule remove starting ActivityRecord{1e038ba u0 com.excell44.educam.debug/com.excell44.educam.core.error.CrashActivity} t350} startingWindow=null startingView=null Callers=com.android.server.wm.ActivityRecord.removeStartingWindow:3231 com.android.server.wm.ActivityRecord.onFirstWindowDrawn:7457 com.android.server.wm.WindowState.performShowLocked:5493 com.android.server.wm.WindowStateAnimator.commitFinishDrawingLocked:351 com.android.server.wm.DisplayContent.lambda$new$8:1184 
11-28 12:26:26.879  1341  1371 V WindowManager: performShowLocked: mDrawState=HAS_DRAWN in Window{49ac670 u0 com.excell44.educam.debug/com.excell44.educam.core.error.CrashActivity}
11-28 12:26:26.879  1341  1367 I ActivityTaskManager: Displayed com.excell44.educam.debug/com.excell44.educam.core.error.CrashActivity: +5s665ms
11-28 12:26:26.879  1341  1367 I Pageboost: Launch time gathered : pid 14692 com.excell44.educam.debug 5665
11-28 12:26:26.879  2536  2536 E pageboostd: Received HALT command code 2
11-28 12:26:26.882  1341  1371 V WindowManager: Removing startingView=com.android.server.wm.StartingSurfaceController$StartingSurface@6f4cc9d
11-28 12:26:26.882  1341  1371 D TaskOrganizerController: applyStartingWindowAnimation, window=Window{49ac670 u0 com.excell44.educam.debug/com.excell44.educam.core.error.CrashActivity}, caller=com.android.server.wm.TaskOrganizerController.removeStartingWindow:573 com.android.server.wm.StartingSurfaceController$StartingSurface.remove:280 com.android.server.wm.ActivityRecord.lambda$removeStartingWindowAnimation$6:3293 
11-28 12:26:26.882  1341  1371 I WindowManager: Reparenting to leash, surface=Surface(name=49ac670 com.excell44.educam.debug/com.excell44.educam.core.error.CrashActivity)/@0x3c3707, leashParent=Surface(name=ActivityRecord{1e038ba u0 com.excell44.educam.debug/com.excell44.educam.core.error.CrashActivity} t350})/@0x145f32f
11-28 12:26:26.883   766   853 I SurfaceFlinger: id=18990 createSurf flag=24000, Surface(name=49ac670 com.excell44.educam.debug/com.excell44.educam.core.error.CrashActivity)/@0x3c3707 - animation-leash of starting_reveal#18990
11-28 12:26:26.884  1341  1371 D WindowManager: makeSurface duration=1 leash=Surface(name=Surface(name=49ac670 com.excell44.educam.debug/com.excell44.educam.core.error.CrashActivity)/@0x3c3707 - animation-leash of starting_reveal)/@0x8d1c034
11-28 12:26:26.890   766   766 I Layer   : Layer [com.excell44.educam.debug/com.excell44.educam.core.error.CrashActivity$_14692#18987] hidden!! flag(0)
11-28 12:26:26.891  1737  1787 I ViewRootImpl@fcb332c[debug]: performTraversals params={(0,0)(fillxfill) sim={adjust=pan} ty=APPLICATION_STARTING fmt=TRANSLUCENT wanim=0x1030309
11-28 12:26:26.891  1737  1787 I ViewRootImpl@fcb332c[debug]:   fl=81030118
11-28 12:26:26.891  1737  1787 I ViewRootImpl@fcb332c[debug]:   pfl=16000010
11-28 12:26:26.891  1737  1787 I ViewRootImpl@fcb332c[debug]:   bhv=DEFAULT
11-28 12:26:26.891  1737  1787 I ViewRootImpl@fcb332c[debug]:   fitSides= naviIconColor=0}
11-28 12:26:26.893  1737  1787 I ViewRootImpl@fcb332c[debug]: performTraversals mFirst=false windowShouldResize=false viewVisibilityChanged=false mForceNextWindowRelayout=false params={(0,0)(fillxfill) sim={adjust=pan} ty=APPLICATION_STARTING fmt=TRANSLUCENT wanim=0x1030309
11-28 12:26:26.893  1737  1787 I ViewRootImpl@fcb332c[debug]:   fl=81030118
11-28 12:26:26.893  1737  1787 I ViewRootImpl@fcb332c[debug]:   pfl=16000010
11-28 12:26:26.893  1737  1787 I ViewRootImpl@fcb332c[debug]:   bhv=DEFAULT
11-28 12:26:26.893  1737  1787 I ViewRootImpl@fcb332c[debug]:   fitSides= naviIconColor=0}
11-28 12:26:26.893  1341  2185 D InputDispatcher: Focus entered window (0): 49ac670 com.excell44.educam.debug/com.excell44.educam.core.error.CrashActivity
11-28 12:26:26.894  1341  3016 V WindowManager: Relayout Window{6b474e3 u0 Splash Screen com.excell44.educam.debug}: viewVisibility=0 req=720x1600 d0
11-28 12:26:26.896  1341  3016 D WindowManager: updateSystemBarAttributes: displayId=0, win=Window{49ac670 u0 com.excell44.educam.debug/com.excell44.educam.core.error.CrashActivity}, navColorWin=Window{6b474e3 u0 Splash Screen com.excell44.educam.debug}, focusedCanBeNavColorWin=false, behavior=1, appearance=0, statusBarAppearanceRegions=[AppearanceRegion{ bounds=[0,0][720,1600]}], requestedVisibilities=, from=com.android.server.wm.DisplayPolicy.finishPostLayoutPolicyLw:2527 com.android.server.wm.DisplayContent.applySurfaceChangesTransaction:5699 com.android.server.wm.RootWindowContainer.applySurfaceChangesTransaction:1234 
11-28 12:26:26.896  1737  1737 D SamsungLightBarControlHelper: onStatusBarAppearanceChanged() -  sbModeChanged:false, statusBarMode:MODE_TRANSPARENT, barState:SHADE, isKeyguardShowing:false, navbarColorManagedByIme:false, stackAppearancesChanged:true, (AppearanceRegion{ bounds=[0,0][720,1600]}, ), packageName:com.excell44.educam.debug
11-28 12:26:26.896  1737  1737 D NavigationBar: onSystemBarAttributesChanged() -  displayId:0, appearance:0, packageName: com.excell44.educam.debug, navbarColorManagedByIme:false
11-28 12:26:26.897  1737  1737 D SamsungLightBarControlHelper: updateNavigation(White button) isLightBar:false, hasLightBarNavigationBarFlag:false, packageName:com.excell44.educam.debug, DirectReplying:false, NavBarColorManagerdByIme:false, ForceDarkForScrim:false, QsCustomizing:false, PanelHasWhiteBg:true
11-28 12:26:26.897   766   766 D SurfaceFlinger: Display 0 HWC layers:
11-28 12:26:26.897   766   766 D SurfaceFlinger:      DEVICE | 0xb400007e77909c20 | 0102 | RGBA_8888    |    0.0    0.0  720.0 1600.0 |    0    0  720 1600 | com.excell44.educam.debug/com.excell[...]ore.error.CrashActivity$_14692#18987
11-28 12:26:26.897   766   766 D SurfaceFlinger:      DEVICE | 0xb400007e77907bc0 | 0100 | RGBA_8888    |    0.0    0.0  720.0 1600.0 |    0    0  720 1600 | Splash Screen com.excell44.educam.debug$_1737#18972
11-28 12:26:26.897   766   766 D SurfaceFlinger:      DEVICE | 0xb400007e77905a80 | 0100 | RGBA_8888    |    0.0    0.0  720.0   48.0 |    0    0  720   48 | StatusBar$_1737#83
11-28 12:26:26.897   766   766 D SurfaceFlinger:      DEVICE | 0xb400007e9ba7cd60 | 0100 | RGBA_8888    |    0.0    0.0  720.0   96.0 |    0 1504  720 1600 | NavigationBar0$_1737#78
11-28 12:26:26.897   766   766 D SurfaceFlinger: 
11-28 12:26:26.899  1737  1737 D SamsungLightBarControlHelper: updateStatus(WHITE icon) NumStacks:1, StatusBarMode:MODE_TRANSPARENT, lightBarBounds:[], StatusBarState:SHADE, packageName:com.excell44.educam.debug, isWhiteKeyguardStatusBarBySettings:false
11-28 12:26:26.901  1341  3016 V WindowManager: Relayout hash=6b474e3, pid=1737, syncId=-1: mAttrs={(0,0)(fillxfill) sim={adjust=pan} ty=APPLICATION_STARTING fmt=TRANSLUCENT wanim=0x1030309
11-28 12:26:26.901  1341  3016 V WindowManager:   fl=81030118
11-28 12:26:26.901  1341  3016 V WindowManager:   pfl=16000010
11-28 12:26:26.901  1341  3016 V WindowManager:   bhv=DEFAULT
11-28 12:26:26.901  1341  3016 V WindowManager:   fitSides= naviIconColor=0}
11-28 12:26:26.901  1341  1371 D ActivityTaskManager: mStartingWindow and mStartingData is null for token=ActivityRecord{1e038ba u0 com.excell44.educam.debug/com.excell44.educam.core.error.CrashActivity} t350}
11-28 12:26:26.902  1737  1787 D InsetsController: onStateChanged: InsetsState: {mDisplayFrame=Rect(0, 0 - 720, 1600), mDisplayCutout=DisplayCutout{insets=Rect(0, 45 - 0, 0) waterfall=Insets{left=0, top=0, right=0, bottom=0} boundingRect={Bounds=[Rect(0, 0 - 0, 0), Rect(272, 0 - 448, 45), Rect(0, 0 - 0, 0), Rect(0, 0 - 0, 0)]} cutoutPathParserInfo={CutoutPathParserInfo{displayWidth=720 displayHeight=1600 physicalDisplayWidth=720 physicalDisplayHeight=1600 density={1.875} cutoutSpec={M 0,0 H -46.93333333333333 V 24 H 46.93333333333333 V 0 H 0 Z @dp} rotation={0} scale={1.0} physicalPixelDisplaySizeRatio={1.0}}}}, mRoundedCorners=RoundedCorners{[RoundedCorner{position=TopLeft, radius=64, center=Point(64, 64)}, RoundedCorner{position=TopRight, radius=64, center=Point(656, 64)}, RoundedCorner{position=BottomRight, radius=64, center=Point(656, 1536)}, RoundedCorner{position=BottomLeft, radius=64, center=Point(64, 1536)}]}  mRoundedCornerFrame=Rect(0, 0 - 720, 1600), mPrivacyIndicatorBounds=PrivacyIndicatorBounds {static bounds=Rect(632, 0 - 720, 48) rotation=0}, mSources= { InsetsSource: {mType=ITYPE_STATUS_BAR, mFrame=[0,0][720,48], mVisible=true, mInsetsRoundedCornerFrame=false}, InsetsSource: {mType=ITYPE_NAVIGATION_BAR, mFrame=[0,1504][720,1600], mVisible=true, mInsetsRoundedCornerFrame=false}, InsetsSource: {mType=ITYPE_LEFT_GESTURES, mFrame=[0,0][0,1600], mVisible=true, mInsetsRoundedCornerFrame=false}, InsetsSource: {mType=ITYPE_RIGHT_GESTURES, mFrame=[720,0][720,1600], mVisible=true, mInsetsRoundedCornerFrame=false}, InsetsSource: {mType=ITYPE_TOP_MANDATORY_GESTURES, mFrame=[0,0][720,69], mVisible=true, mInsetsRoundedCornerFrame=false}, InsetsSource: {mType=ITYPE_BOTTOM_MANDATORY_GESTURES, mFrame=[0,1504][720,1600], mVisible=true, mInsetsRoundedCornerFrame=false}, InsetsSource: {mType=ITYPE_LEFT_DISPLAY_CUTOUT, mFrame=[0,0][-100000,1600], mVisible=true, mInsetsRoundedCornerFrame=false}, InsetsSource: {mType=ITYPE_TOP_DISPLAY_CUTOUT, mFrame=[0,0][720,45], mVisible=true, mInsetsRoundedCornerFrame=false}, InsetsSource: {mType=ITYPE_RIGHT_DISPLAY_CUTOUT, mFrame=[100000,0][720,1600], mVisible=true, mInsetsRoundedCornerFrame=false}, InsetsSource: {mType=ITYPE_BOTTOM_DISPLAY_CUTOUT, mFrame=[0,100000][720,1600], mVisible=true, mInsetsRoundedCornerFrame=false}, InsetsSource: {mType=ITYPE_TOP_TAPPABLE_ELEMENT, mFrame=[0,0][720,48], mVisible=true, mInsetsRoundedCornerFrame=false}, InsetsSource: {mType=ITYPE_BOTTOM_TAPPABLE_ELEMENT, mFrame=[0,1504][720,1600], mVisible=true, mInsetsRoundedCornerFrame=false}, InsetsSource: {mType=ITYPE_IME, mFrame=[0,0][0,0], mVisibleFrame=[0,916][720,1600], mVisible=false, mInsetsRoundedCornerFrame=false} } host=Splash Screen com.excell44.educam.debug from=android.view.ViewRootImpl.relayoutWindow:9802
11-28 12:26:26.903  1737  1787 I ViewRootImpl@fcb332c[debug]: updateBlastSurfaceIfNeeded mBlastBufferQueue=0xb400007d38240c00 isSameSurfaceControl=true
11-28 12:26:26.903  1737  1787 I BLASTBufferQueue: update, w= 720 h= 1600 mName = ViewRootImpl@fcb332c[debug] mNativeObject= 0xb400007d38240c00 sc.mNativeObject= 0xb400007d0be2e3e0 format= -3 caller= android.view.ViewRootImpl.updateBlastSurfaceIfNeeded:2898 android.view.ViewRootImpl.relayoutWindow:9847 android.view.ViewRootImpl.performTraversals:3884 android.view.ViewRootImpl.doTraversal:3116 android.view.ViewRootImpl$TraversalRunnable.run:10885 android.view.Choreographer$CallbackRecord.run:1301 
11-28 12:26:26.903  1737  1787 I ViewRootImpl@fcb332c[debug]: Relayout returned: old=(0,0,720,1600) new=(0,0,720,1600) req=(720,1600)0 dur=10 res=0x0 s={true 0xb400007d0e065800} ch=false seqId=0
11-28 12:26:26.913  1737  1882 I ViewRootImpl@fcb332c[debug]: mWNT: t=0xb400007d2ec1b900 mBlastBufferQueue=0xb400007d38240c00 fn= 2 caller= android.view.SyncRtSurfaceTransactionApplier.applyTransaction:96 android.view.SyncRtSurfaceTransactionApplier.lambda$scheduleApply$0$android-view-SyncRtSurfaceTransactionApplier:69 android.view.SyncRtSurfaceTransactionApplier$$ExternalSyntheticLambda0.onFrameDraw:4 
11-28 12:26:26.913  1737  1882 I ViewRootImpl@fcb332c[debug]: mWNT: t=0xb400007d382be200 mBlastBufferQueue=0xb400007d38240c00 fn= 2 caller= android.view.SyncRtSurfaceTransactionApplier.applyTransaction:96 android.view.SyncRtSurfaceTransactionApplier.lambda$scheduleApply$0$android-view-SyncRtSurfaceTransactionApplier:69 android.view.SyncRtSurfaceTransactionApplier$$ExternalSyntheticLambda0.onFrameDraw:4 
11-28 12:26:26.915  1737  1795 E IMGMapper: set:488 set: Unset optional value from type SMPTE2086
11-28 12:26:26.915  1737  1795 E IMGMapper: set:488 set: Unset optional value from type CTA861_3
11-28 12:26:26.922  1737  1795 E IMGMapper: set:488 set: Unset optional value from type SMPTE2086
11-28 12:26:26.922  1737  1795 E IMGMapper: set:488 set: Unset optional value from type CTA861_3
11-28 12:26:26.924   766   766 I BufferQueueProducer: [Splash Screen com.excell44.educam.debug$_1737#18972](this:0xb400007e77ad3838,id:-1,api:0,p:-1,c:766) queueBuffer: fps=0.18 dur=5610.23 max=5610.23 min=5610.23
11-28 12:26:26.928  1737  1883 I ViewRootImpl@fcb332c[debug]: mWNT: t=0xb400007d2ec1bd00 mBlastBufferQueue=0xb400007d38240c00 fn= 3 caller= android.view.SyncRtSurfaceTransactionApplier.applyTransaction:96 android.view.SyncRtSurfaceTransactionApplier.lambda$scheduleApply$0$android-view-SyncRtSurfaceTransactionApplier:69 android.view.SyncRtSurfaceTransactionApplier$$ExternalSyntheticLambda0.onFrameDraw:4 
11-28 12:26:26.931  1737  1795 E IMGMapper: set:488 set: Unset optional value from type SMPTE2086
11-28 12:26:26.931  1737  1795 E IMGMapper: set:488 set: Unset optional value from type CTA861_3
11-28 12:26:26.932  1011  1106 I Light   : light data = 23.000000 .
11-28 12:26:26.937  1737  1737 I ViewRootImpl@a308e6[NotificationShade]: performTraversals mFirst=false windowShouldResize=false viewVisibilityChanged=false mForceNextWindowRelayout=false params={(0,0)(fillxfill) gr=TOP CENTER_VERTICAL sim={adjust=resize} layoutInDisplayCutoutMode=always ty=NOTIFICATION_SHADE fmt=TRANSLUCENT
11-28 12:26:26.937  1737  1737 I ViewRootImpl@a308e6[NotificationShade]:   fl=81840048
11-28 12:26:26.937  1737  1737 I ViewRootImpl@a308e6[NotificationShade]:   pfl=1b000000
11-28 12:26:26.937  1737  1737 I ViewRootImpl@a308e6[NotificationShade]:   bhv=SHOW_TRANSIENT_BARS_BY_SWIPE naviIconColor=0
11-28 12:26:26.937  1737  1737 I ViewRootImpl@a308e6[NotificationShade]:   sfl=40000}
11-28 12:26:26.938  1341  3016 V WindowManager: Relayout Window{724ac9e u0 NotificationShade}: viewVisibility=4 req=720x1600 d0
11-28 12:26:26.938  1737  1795 E IMGMapper: set:488 set: Unset optional value from type SMPTE2086
11-28 12:26:26.938  1737  1795 E IMGMapper: set:488 set: Unset optional value from type CTA861_3
11-28 12:26:26.940   766   766 I BufferQueueProducer: [StatusBar$_1737#83](this:0xb400007e9bb43838,id:-1,api:0,p:-1,c:766) queueBuffer: fps=0.58 dur=1729.48 max=1729.48 min=1729.48
11-28 12:26:26.942  1737  1882 I ViewRootImpl@fcb332c[debug]: mWNT: t=0xb400007d2eaba500 mBlastBufferQueue=0xb400007d38240c00 fn= 4 caller= android.view.SyncRtSurfaceTransactionApplier.applyTransaction:96 android.view.SyncRtSurfaceTransactionApplier.lambda$scheduleApply$0$android-view-SyncRtSurfaceTransactionApplier:69 android.view.SyncRtSurfaceTransactionApplier$$ExternalSyntheticLambda0.onFrameDraw:4 
11-28 12:26:26.942 14692 14692 I ViewRootImpl@4a720a7[CrashActivity]: MSG_WINDOW_FOCUS_CHANGED 1 0
11-28 12:26:26.943 14692 14692 I ViewRootImpl@4a720a7[CrashActivity]: mThreadedRenderer.initializeIfNeeded()#2 mSurface={isValid=true 0xb400007da328a800}
11-28 12:26:26.945  1737  1795 E IMGMapper: set:488 set: Unset optional value from type SMPTE2086
11-28 12:26:26.945  1341  3016 V WindowManager: Relayout hash=724ac9e, pid=1737, syncId=-1: mAttrs={(0,0)(fillxfill) gr=TOP CENTER_VERTICAL sim={adjust=resize} layoutInDisplayCutoutMode=always ty=NOTIFICATION_SHADE fmt=TRANSLUCENT
11-28 12:26:26.945  1341  3016 V WindowManager:   fl=81840048
11-28 12:26:26.945  1341  3016 V WindowManager:   pfl=1b000000
11-28 12:26:26.945  1341  3016 V WindowManager:   bhv=SHOW_TRANSIENT_BARS_BY_SWIPE naviIconColor=0
11-28 12:26:26.945  1341  3016 V WindowManager:   sfl=40000}
11-28 12:26:26.945  1737  1795 E IMGMapper: set:488 set: Unset optional value from type CTA861_3
11-28 12:26:26.946 14692 14692 D InputMethodManager: startInputInner - Id : 0
11-28 12:26:26.946 14692 14692 I InputMethodManager: startInputInner - mService.startInputOrWindowGainedFocus
11-28 12:26:26.950  1341  3016 D CompatibilityChangeReporter: Compat change id reported: 214016041; UID 10399; state: ENABLED
11-28 12:26:26.950  1341  3016 V InputMethodManagerService: Unspecified window will hide input
11-28 12:26:26.950  1341  3016 V InputMethodManagerService: hideCurrentInputLocked : canceled, shouldHideSoftInput=false, mInputShown=false, mImeWindowVis=0
11-28 12:26:26.950  1341  3016 I InputMethodBindingController: setCurrentMethodNotVisible: mVisibleBound=false, mHasConnection=true, caller = com.android.server.inputmethod.InputMethodManagerService.hideCurrentInputLocked:4339 com.android.server.inputmethod.InputMethodManagerService.startInputOrWindowGainedFocusInternalLocked:4645 com.android.server.inputmethod.InputMethodManagerService.startInputOrWindowGainedFocusInternal:4423 com.android.server.inputmethod.InputMethodManagerService.startInputOrWindowGainedFocus:4362 com.android.internal.view.IInputMethodManager$Stub.onTransact:518 com.android.server.inputmethod.InputMethodManagerService.onTransact:2285 android.os.Binder.execTransactInternal:1316 android.os.Binder.execTransact:1280 <bottom of call stack> <bottom of call stack> 
11-28 12:26:26.950  1341  3016 D InputMethodManagerService: mDesktopModeManager null!
11-28 12:26:26.950  1341  3016 V InputMethodManagerService: getDisplayIdOfInputMethodWindowToBeAdded: displayId=0
11-28 12:26:26.951  1341  3016 V InputMethodManagerService: Creating new session for client ClientState{86b33d2 uid=10399 pid=14692 displayId=0}
11-28 12:26:26.951  1341  3016 D InputTransport: Input channel constructed: 'ClientS', fd=772
11-28 12:26:26.951  1341  3016 D InputTransport: Input channel constructed: 'ClientS', fd=775
11-28 12:26:26.953  1341  3016 D InputTransport: Input channel destroyed: 'ClientS', fd=775
11-28 12:26:26.955  1737  1795 D OpenGLRenderer: setSurface called with nullptr
11-28 12:26:26.955  1737  1795 D OpenGLRenderer: setSurface() destroyed EGLSurface
11-28 12:26:26.955  1737  1737 I ViewRootImpl@a308e6[NotificationShade]: Relayout returned: old=(0,0,720,1600) new=(0,0,720,1600) req=(720,1600)4 dur=10 res=0x0 s={false 0x0} ch=false seqId=2
11-28 12:26:26.955  1737  1795 D OpenGLRenderer: destroyEglSurface
11-28 12:26:26.957  1341  3016 D InputMethodManagerService: isImeSwitcherDisabledPackage : false
11-28 12:26:26.958  1341  3016 D InputMethodManagerService: shouldShowImeSwitcherLocked : checking vis : 3
11-28 12:26:26.960  1341  3016 D InputMethodManagerService: checkDisplayOfStartInputAndUpdateKeyboard: displayId=0, mFocusedDisplayId=0
11-28 12:26:26.960  1341  3016 D InputTransport: Input channel constructed: 'ClientS', fd=775
11-28 12:26:26.964  9366  9366 I HBD     : HoneyBoardService onFinishInput 
11-28 12:26:26.965  9366  9366 I HBD     : a IC have been unbinding,  RemoteInputConnection{idHash=#7cc5c41}
11-28 12:26:26.965  9366  9366 I HBD     : HoneyBoardService [PF_CL][onFinishInput]  1 ms 
11-28 12:26:26.965  1737  1737 I FaceWidgetPositionAlgorithm: getClockContainerHeight() supplier = 216, bottom margin = 0, real height = 584
11-28 12:26:26.965  1737  1787 I ViewRootImpl@fcb332c[debug]: performTraversals params={(0,0)(fillxfill) sim={adjust=pan} ty=APPLICATION_STARTING fmt=TRANSLUCENT wanim=0x1030309 alpha=0.0
11-28 12:26:26.965  1737  1787 I ViewRootImpl@fcb332c[debug]:   fl=81030118
11-28 12:26:26.965  1737  1787 I ViewRootImpl@fcb332c[debug]:   pfl=16000010
11-28 12:26:26.965  1737  1787 I ViewRootImpl@fcb332c[debug]:   bhv=DEFAULT
11-28 12:26:26.965  1737  1787 I ViewRootImpl@fcb332c[debug]:   fitSides= naviIconColor=0}
11-28 12:26:26.965  9366  9366 I HBD     : HoneyBoardService [IMI] onStartInput - caller pid : 14692 , caller uid : 10399 
11-28 12:26:26.965  9366  9366 I HBD     : j updateConfigs 
11-28 12:26:26.965  1737  1737 I FaceWidgetPositionAlgorithm: getClockContainerHeight() supplier = 216, bottom margin = 48, real height = 584
11-28 12:26:26.966  9366  9366 I HBD     : j isEnabledNightMode : false 
11-28 12:26:26.966  1737  1737 I FaceWidgetPositionAlgorithm: getMediaContainerHeight() height = 0 container Visibility = 8, isValid = false, mIsDozing = false, fraction = 1.0, source = 0, target = 0
11-28 12:26:26.966  1737  1737 I FaceWidgetPositionAlgorithm: getMediaContainerHeight() supplier = 0
11-28 12:26:26.966  9366  9366 I HBD     : a IC have been binding, RemoteInputConnection{idHash=#865b2f2} 
11-28 12:26:26.966  9366  9366 I HBD     : h [EditorInputType]setPrivateImeOptionsToTable privateImeOptions ( null )
11-28 12:26:26.966  9366  9366 I HBD     : b incognitoMode : false 
11-28 12:26:26.966  9366  9366 I HBD     : b needOff = true , isForceOff = false, isNullInputClass : true 
11-28 12:26:26.966  9366  9366 I HBD     : h getDefaultInputRange : UNKNOWN 
11-28 12:26:26.966  9366  9366 I HBD     : h getDefaultInputRange : UNKNOWN 
11-28 12:26:26.966  9366  9366 I HBD     : h getDefaultInputRange : UNKNOWN 
11-28 12:26:26.967  1737  1787 I ViewRootImpl@fcb332c[debug]: performTraversals mFirst=false windowShouldResize=false viewVisibilityChanged=true mForceNextWindowRelayout=false params={(0,0)(fillxfill) sim={adjust=pan} ty=APPLICATION_STARTING fmt=TRANSLUCENT wanim=0x1030309 alpha=0.0
11-28 12:26:26.967  1737  1787 I ViewRootImpl@fcb332c[debug]:   fl=81030118
11-28 12:26:26.967  1737  1787 I ViewRootImpl@fcb332c[debug]:   pfl=16000010
11-28 12:26:26.967  1737  1787 I ViewRootImpl@fcb332c[debug]:   bhv=DEFAULT
11-28 12:26:26.967  1737  1787 I ViewRootImpl@fcb332c[debug]:   fitSides= naviIconColor=0}
11-28 12:26:26.968  9366  9366 I HBD     : b needOff = true , isForceOff = false, isNullInputClass : true 
11-28 12:26:26.968  1341  3016 D InputTransport: Input channel destroyed: 'ClientS', fd=775
11-28 12:26:26.968  9366  9366 I HBD     : b update cached prediction status : false 
11-28 12:26:26.968  9366  9366 I HBD     : h getDefaultInputRange : UNKNOWN 
11-28 12:26:26.968  9366  9366 I HBD     : a currentState : 0 
11-28 12:26:26.969  9366  9366 I HBD     : a [UpdatePolicy] [post] a: 0 cl: 1441799 kit: [0/2] vt: 0 ir: 1 
11-28 12:26:26.969  9366  9366 I HBD     : a [NRIC] resetNoResponseState 
11-28 12:26:26.969  9366  9366 I HBD     : b needOff = true , isForceOff = false, isNullInputClass : true 
11-28 12:26:26.969  9366  9366 I HBD     : b update cached prediction status : false 
11-28 12:26:26.970 14692 14692 D InputMethodManager: startInputInner - Id : 0
11-28 12:26:26.970 23825 32265 I FontLog : (REDACTED) Received query %s, URI %s
11-28 12:26:26.970 23825 32265 I FontLog : (REDACTED) Query [%s] resolved to %s
11-28 12:26:26.971  9366  9366 I HBD     : HoneyBoardService [PF_OP][onStartInput]  6 ms 
11-28 12:26:26.973  1341  3004 V WindowManager: Relayout Window{6b474e3 u0 Splash Screen com.excell44.educam.debug}: viewVisibility=8 req=720x1600 d0
11-28 12:26:26.975 23825 32265 I FontLog : (REDACTED) Fetch %s end status %s
11-28 12:26:26.976  1341  3004 D WindowManager: updateSystemBarAttributes: displayId=0, win=Window{49ac670 u0 com.excell44.educam.debug/com.excell44.educam.core.error.CrashActivity}, navColorWin=Window{49ac670 u0 com.excell44.educam.debug/com.excell44.educam.core.error.CrashActivity}, focusedCanBeNavColorWin=false, behavior=1, appearance=16, statusBarAppearanceRegions=[AppearanceRegion{ bounds=[0,0][720,1600]}], requestedVisibilities=, from=com.android.server.wm.DisplayPolicy.finishPostLayoutPolicyLw:2527 com.android.server.wm.DisplayContent.applySurfaceChangesTransaction:5699 com.android.server.wm.RootWindowContainer.applySurfaceChangesTransaction:1234 
11-28 12:26:26.981  1341  3004 V WindowManager: Relayout hash=6b474e3, pid=1737, syncId=-1: mAttrs={(0,0)(fillxfill) sim={adjust=pan} ty=APPLICATION_STARTING fmt=TRANSLUCENT wanim=0x1030309 alpha=0.0
11-28 12:26:26.981  1341  3004 V WindowManager:   fl=81030118
11-28 12:26:26.981  1341  3004 V WindowManager:   pfl=16000010
11-28 12:26:26.981  1341  3004 V WindowManager:   bhv=DEFAULT
11-28 12:26:26.981  1341  3004 V WindowManager:   fitSides= naviIconColor=0}
11-28 12:26:26.982  1341  1791 D RestrictionPolicy: isScreenCaptureEnabled : ret=true userId=0
11-28 12:26:26.982  1737  1787 I BLASTBufferQueue: [ViewRootImpl@fcb332c[debug]#504](f:0,a:1) destructor()
11-28 12:26:26.982  1737  1787 D BufferQueueConsumer: [ViewRootImpl@fcb332c[debug]#504(BLAST Consumer)504](id:6c9000001f8,api:0,p:-1,c:1737) disconnect
11-28 12:26:26.983 23825 32265 I FontLog : (REDACTED) Pulling font file for id = %d, cache size = %d
11-28 12:26:26.983  1737  1795 E IMGMapper: set:488 set: Unset optional value from type SMPTE2086
11-28 12:26:26.983  1341  1791 I WindowManager: Cancelling animation restarting=true, leash=Surface(name=Surface(name=d79013f InputMethod)/@0x63f4d6a - animation-leash of insets_animation)/@0x3fa3d6c
11-28 12:26:26.983  1737  1795 E IMGMapper: set:488 set: Unset optional value from type CTA861_3
11-28 12:26:26.983  1341  1791 I WindowManager: Reparenting to original parent: Surface(name=WindowToken{1a56be6 type=2011 android.os.Binder@9fd5a41})/@0xc86725b, destroy=false, surface=Surface(name=d79013f InputMethod)/@0x63f4d6a
11-28 12:26:26.984  1737  1787 I ViewRootImpl@fcb332c[debug]: Relayout returned: old=(0,0,720,1600) new=(0,0,720,1600) req=(720,1600)8 dur=15 res=0x2 s={false 0x0} ch=true seqId=0
11-28 12:26:26.984  1341  1791 I WindowManager: Reparenting to leash, surface=Surface(name=d79013f InputMethod)/@0x63f4d6a, leashParent=Surface(name=WindowToken{1a56be6 type=2011 android.os.Binder@9fd5a41})/@0xc86725b
11-28 12:26:26.985  1737  1787 I ViewRootImpl@fcb332c[debug]: dispatchDetachedFromWindow
11-28 12:26:26.985   766  1004 I SurfaceFlinger: id=18991 createSurf flag=24004, Surface(name=d79013f InputMethod)/@0x63f4d6a - animation-leash of insets_animation#18991
11-28 12:26:26.986  1341  1791 D WindowManager: makeSurface duration=1 leash=Surface(name=Surface(name=d79013f InputMethod)/@0x63f4d6a - animation-leash of insets_animation)/@0x2daffff
11-28 12:26:26.988  1341  1791 I AppOps  : updateUidProcState uid: 10044 procState: 0 capability:15
11-28 12:26:26.989   977  1486 I CameraService: onUidStateChanged: uid=10044, procState is changed. (1 -> 0)
11-28 12:26:26.989   766   766 I Layer   : Layer [Splash Screen com.excell44.educam.debug$_1737#18972] hidden!! flag(1)
11-28 12:26:26.989   750   776 I mtkpower@impl: [setMode] type:5, enabled:0
11-28 12:26:26.996 23825 32265 I FontLog : (REDACTED) Pulling font file for id = %d, cache size = %d
11-28 12:26:26.996  1737  1795 E IMGMapper: set:488 set: Unset optional value from type SMPTE2086
11-28 12:26:26.996   766   766 D SurfaceFlinger: Display 0 HWC layers:
11-28 12:26:26.996   766   766 D SurfaceFlinger:      DEVICE | 0xb400007e77909c20 | 0102 | RGBA_8888    |    0.0    0.0  720.0 1600.0 |    0    0  720 1600 | com.excell44.educam.debug/com.excell[...]ore.error.CrashActivity$_14692#18987
11-28 12:26:26.996   766   766 D SurfaceFlinger:      DEVICE | 0xb400007e7ae88200 | 0100 | RGBA_8888    |    0.0    0.0  720.0   48.0 |    0    0  720   48 | StatusBar$_1737#83
11-28 12:26:26.996   766   766 D SurfaceFlinger:      DEVICE | 0xb400007e9ba7c580 | 0100 | RGBA_8888    |    0.0    0.0  720.0   96.0 |    0 1504  720 1600 | NavigationBar0$_1737#78
11-28 12:26:26.996   766   766 D SurfaceFlinger: 
11-28 12:26:26.996  1737  1795 E IMGMapper: set:488 set: Unset optional value from type CTA861_3
11-28 12:26:26.996  1341  3004 D CoreBackPreview: Window{6b474e3 u0 Splash Screen com.excell44.educam.debug}: Setting back callback null
11-28 12:26:26.997  1341  3016 D WindowManager: Starting window removed Window{6b474e3 u0 Splash Screen com.excell44.educam.debug}
11-28 12:26:26.997  1341  3016 I WindowManager: Cancelling animation restarting=false, leash=Surface(name=Surface(name=49ac670 com.excell44.educam.debug/com.excell44.educam.core.error.CrashActivity)/@0x3c3707 - animation-leash of starting_reveal)/@0x8d1c034
11-28 12:26:26.997  1341  3016 I WindowManager: Reparenting to original parent: Surface(name=ActivityRecord{1e038ba u0 com.excell44.educam.debug/com.excell44.educam.core.error.CrashActivity} t350})/@0x145f32f, destroy=false, surface=Surface(name=49ac670 com.excell44.educam.debug/com.excell44.educam.core.error.CrashActivity)/@0x3c3707
11-28 12:26:26.998  1341  3016 D InputTransport: Input channel destroyed: '6b474e3', fd=937
11-28 12:26:26.998  1341  3016 W InputManager-JNI: Input channel object '6b474e3 Splash Screen com.excell44.educam.debug (client)' was disposed without first being removed with the input manager!
11-28 12:26:26.998  1341  3016 D InputTransport: Input channel destroyed: '6b474e3', fd=951
11-28 12:26:26.998  1341  1370 I ActivityManager: PendingStartActivityUids startActivity to updateOomAdj delay:5498ms, uid:10399
11-28 12:26:26.998  1341  3016 V WindowManager: Remove Window{6b474e3 u0 Splash Screen com.excell44.educam.debug}: mSurfaceController=Surface(name=Splash Screen com.excell44.educam.debug$_1737)/@0xb0c7c15 mAnimatingExit=false mRemoveOnExit=false mHasSurface=true surfaceShowing=false animating=false app-animation=false mWillReplaceWindow=false mDisplayFrozen=false callers=com.android.server.wm.WindowState.removeIfPossible:3041 com.android.server.wm.WindowManagerService.removeWindow:2282 com.android.server.wm.Session.remove:236 android.view.IWindowSession$Stub.onTransact:743 com.android.server.wm.Session.onTransact:188 android.os.Binder.execTransactInternal:1316 
11-28 12:26:26.999  1341  3016 I WindowManager: Destroying surface Surface(name=Splash Screen com.excell44.educam.debug$_1737)/@0xb0c7c15 called by com.android.server.wm.WindowStateAnimator.destroySurface:942 com.android.server.wm.WindowStateAnimator.destroySurfaceLocked:536 com.android.server.wm.WindowState.removeImmediately:2969 com.android.server.wm.WindowState.removeIfPossible:3228 com.android.server.wm.WindowState.removeIfPossible:3041 com.android.server.wm.WindowManagerService.removeWindow:2282 com.android.server.wm.Session.remove:236 android.view.IWindowSession$Stub.onTransact:743 
11-28 12:26:27.003  1737  1795 E IMGMapper: set:488 set: Unset optional value from type SMPTE2086
11-28 12:26:27.003  1737  1795 E IMGMapper: set:488 set: Unset optional value from type CTA861_3
11-28 12:26:27.005   766   766 I Layer   : id=18971 removeFromCurrentState 6b474e3 Splash Screen com.excell44.educam.debug#18971 (140)
11-28 12:26:27.005   766   766 I Layer   : id=18972 removeFromCurrentState Splash Screen com.excell44.educam.debug$_1737#18972 (140)
11-28 12:26:27.006   766   766 I Layer   : id=18985 removeFromCurrentState Surface(name=d79013f InputMethod)/@0x63f4d6a - animation-leash of insets_animation#18985 (140)
11-28 12:26:27.006   766   766 I Layer   : id=18990 removeFromCurrentState Surface(name=49ac670 com.excell44.educam.debug/com.excell44.educam.core.error.CrashActivity)/@0x3c3707 - animation-leash of starting_reveal#18990 (140)
11-28 12:26:27.006   766   766 I Layer   : id=18972 removeFromCurrentState Splash Screen com.excell44.educam.debug$_1737#18972 (140)
11-28 12:26:27.006   766   766 I SurfaceFlinger: id=18971 Removed 6b474e3 Splash Screen com.excell44.educam.debug#18971 (140)
11-28 12:26:27.006   766   766 I SurfaceFlinger: id=18972 Removed Splash Screen com.excell44.educam.debug$_1737#18972 (140)
11-28 12:26:27.007  1737  1787 D InputTransport: Input channel destroyed: '6b474e3', fd=255
11-28 12:26:27.007   766   766 I Layer   : id=18971 Destroyed 6b474e3 Splash Screen com.excell44.educam.debug#18971
11-28 12:26:27.007   766   766 I BufferQueueDebug: [Splash Screen com.excell44.educam.debug$_1737#18972](this:0xb400007e77ad3838,id:-1,api:0,p:-1,c:766) onDestructor()
11-28 12:26:27.007   766   766 I Layer   : id=18972 Destroyed Splash Screen com.excell44.educam.debug$_1737#18972
11-28 12:26:27.009  1737  1737 D NavigationBar: onSystemBarAttributesChanged() -  displayId:0, appearance:16, packageName: com.excell44.educam.debug (APPEARANCE_LIGHT_NAVIGATION_BARS ), navbarColorManagedByIme:false
11-28 12:26:27.010  1737  1737 D SamsungLightBarControlHelper: updateNavigation(Black button) isLightBar:false, hasLightBarNavigationBarFlag:true, packageName:com.excell44.educam.debug, DirectReplying:false, NavBarColorManagerdByIme:false, ForceDarkForScrim:false, QsCustomizing:false, PanelHasWhiteBg:true
11-28 12:26:27.013  1737  1795 E IMGMapper: set:488 set: Unset optional value from type SMPTE2086
11-28 12:26:27.013  1737  1795 E IMGMapper: set:488 set: Unset optional value from type CTA861_3
11-28 12:26:27.014  1341  3004 D InputMethodManagerService: isImeSwitcherDisabledPackage : false
11-28 12:26:27.015  9366  9366 I InputMethodService: removeImeSurface
