11-28 12:46:06.875 23825 17099 E LoadedApk: Exception : java.lang.NullPointerException: Attempt to invoke virtual method 'boolean android.os.Looper.isPerfLogEnable()' on a null object reference
11-28 12:46:06.878   766   766 I BufferQueueProducer: [InputMethod$_9366#19172](this:0xb400007e9bb46838,id:-1,api:0,p:-1,c:766) queueBuffer: fps=13.84 dur=1011.37 max=398.59 min=16.08
11-28 12:46:06.878 22488 22488 D BoundBrokerSvc: onUnbind: Intent { act=com.google.android.gms.safetynet.service.START pkg=com.google.android.gms }
11-28 12:46:06.878 17110 17176 E LoadedApk: Exception : java.lang.NullPointerException: Attempt to invoke virtual method 'boolean android.os.Looper.isPerfLogEnable()' on a null object reference
11-28 12:46:06.881 22488 22515 E LoadedApk: Exception : java.lang.NullPointerException: Attempt to invoke virtual method 'boolean android.os.Looper.isPerfLogEnable()' on a null object reference
11-28 12:46:06.886 22488 22488 D BoundBrokerSvc: onUnbind: Intent { act=com.google.android.gms.safebrowsing.SafeBrowsingService.START dat=chimera-action:/... cmp=com.google.android.gms/.chimera.GmsBoundBrokerService }
11-28 12:46:06.887  1341  2974 I AppOps  : updateUidProcState uid: 10165 procState: 5 capability:15
11-28 12:46:06.901  1341  1532 D InputReader: Btn_touch(1): value=0 when=337728.321013
11-28 12:46:06.901  1341  1532 I InputReader: Touch event's action is 0x1 (id=5, t=0) [pCnt=1, s=] when=337728.321013
11-28 12:46:06.902  1341  1531 I InputDispatcher: Delivering touch to (9366): action: 0x1, f=0x0, d=0, 'd79013f', t=1 +(0,-48)
11-28 12:46:06.902  9366  9366 I ViewRootImpl@bbe7c12[InputMethod]: ViewPostIme pointer 1
11-28 12:46:06.903  9366  9366 I HBD     : a down event is done 
11-28 12:46:06.903  9366  9366 I HBD     : a up event is done 
11-28 12:46:06.904  9366  9366 I HBD     : c ATL DTMFKeyA
11-28 12:46:06.904 16873 16873 V InputMethodManager: dispatchKeyEventFromInputMethod: KeyEvent = KeyEvent { action=ACTION_DOWN, keyCode=KEYCODE_3, scanCode=0, metaState=0, flags=0x6, repeatCount=0, eventTime=9223372036854775807, downTime=9223372036854775807, deviceId=-1, source=0x0, displayId=0 }
11-28 12:46:06.904 16873 16873 V InputMethodManager: dispatchKeyEventFromInputMethod: KeyEvent = KeyEvent { action=ACTION_UP, keyCode=KEYCODE_3, scanCode=0, metaState=0, flags=0x6, repeatCount=0, eventTime=9223372036854775807, downTime=9223372036854775807, deviceId=-1, source=0x0, displayId=0 }
11-28 12:46:06.904 16873 16873 I ViewRootImpl@4a720a7[MainActivity]: ViewPostIme key 0
11-28 12:46:06.905  9366  9366 I HBD     : a [PF_KL] OTE none 1 1 3 2327769 (1, NONE) 
11-28 12:46:06.908 16873 16873 I ViewRootImpl@4a720a7[MainActivity]: ViewPostIme key 1
11-28 12:46:06.917  9366  9704 E IMGMapper: set:488 set: Unset optional value from type SMPTE2086
11-28 12:46:06.918  9366  9704 E IMGMapper: set:488 set: Unset optional value from type CTA861_3
11-28 12:46:06.971  9366  9366 I HBD     : d1 ous -  2 ,  2 ,  3 ,  3 ,  -1 ,  -1
11-28 12:46:06.972  9366  9366 I HBD     : l0 EBD cm S 0 
11-28 12:46:06.973 16873 16898 E IMGMapper: set:488 set: Unset optional value from type SMPTE2086
11-28 12:46:06.973 16873 16898 E IMGMapper: set:488 set: Unset optional value from type CTA861_3
11-28 12:46:06.978  9366  9704 E IMGMapper: set:488 set: Unset optional value from type SMPTE2086
11-28 12:46:06.978  9366  9704 E IMGMapper: set:488 set: Unset optional value from type CTA861_3
11-28 12:46:06.994 16873 16898 E IMGMapper: set:488 set: Unset optional value from type SMPTE2086
11-28 12:46:06.994 16873 16898 E IMGMapper: set:488 set: Unset optional value from type CTA861_3
11-28 12:46:07.025 16873 16898 E IMGMapper: set:488 set: Unset optional value from type SMPTE2086
11-28 12:46:07.026 16873 16898 E IMGMapper: set:488 set: Unset optional value from type CTA861_3
11-28 12:46:07.026  1011  1106 I Light   : light data = 13.000000 .
11-28 12:46:07.060  1711  1753 I System.out: Broadcasting: Intent { act=com.sec.intent.action.SARDEVICE_CP flg=0x10000000 (has extras) }
11-28 12:46:07.065  1341  1521 D MotionRecognitionService: [SAR]  onReceive : SARDEVICE_CP, callAction = on deviceID = 557063 slot = 1 device_ext = 0
11-28 12:46:07.065  1341  1521 I MotionRecognitionService: [SAR] id : 0 cmd :on
11-28 12:46:07.065  1341  1521 I MotionRecognitionService: [SAR] id : 1 cmd :on
11-28 12:46:07.065  1341  1521 I MotionRecognitionService: [SAR] id : 2 cmd :on
11-28 12:46:07.065  1341  1521 W MotionRecognitionService: DEFAULT
11-28 12:46:07.065  1341  1521 I MotionRecognitionService: [SAR] id : 15 cmd :on
11-28 12:46:07.065  1341  1521 W MotionRecognitionService: DEFAULT
11-28 12:46:07.065  1341  1521 I MotionRecognitionService: [SAR] id : 19 cmd :on
11-28 12:46:07.065  1711  2359 I System.out: Broadcast completed: result=0
11-28 12:46:07.108  1341  1532 D InputReader: Btn_touch(1): value=1 when=337728.527385
11-28 12:46:07.108  1341  1532 I InputReader: Touch event's action is 0x0 (id=5, t=0) [pCnt=1, s=0.42700 ] when=337728.527385
11-28 12:46:07.109  1341  1531 I InputDispatcher: Delivering touch to (1737): action: 0x4, f=0x0, d=0, 'ab6e286', t=1 
11-28 12:46:07.109  1341  1531 I InputDispatcher: Delivering touch to (9366): action: 0x0, f=0x0, d=0, 'd79013f', t=1 +(0,-48)
11-28 12:46:07.109  9366  9366 I ViewRootImpl@bbe7c12[InputMethod]: ViewPostIme pointer 0
11-28 12:46:07.109  1341  1368 I GestureDetector: obtain mCurrentDownEvent. id: 213035346 caller: com.android.server.wm.SystemGesturesPointerEventListener.onPointerEvent:203 com.android.server.wm.PointerEventDispatcher.onInputEvent:53 android.view.InputEventReceiver.dispatchInputEvent:285 
11-28 12:46:07.110  1341  1368 I GestureDetector: obtain mCurrentDownEvent. id: 213035346 caller: com.android.server.wm.SystemPerformancePointerEventListener.onPointerEvent:89 com.android.server.wm.PointerEventDispatcher.onInputEvent:53 android.view.InputEventReceiver.dispatchInputEvent:285 
11-28 12:46:07.110  9366  9366 I GestureDetector: obtain mCurrentDownEvent. id: 213035346 caller: com.samsung.android.honeyboard.textboard.f0.z.c.a.onTouch:2 com.samsung.android.honeyboard.textboard.f0.z.f.d.n:3 com.samsung.android.honeyboard.textboard.f0.z.f.a.i:15 
11-28 12:46:07.111  9366  9366 I HBD     : c ATL SoundAndVibrationKeyA
11-28 12:46:07.112  9366  9366 I HBD     : a sound is off 
11-28 12:46:07.112  9366  9366 I HBD     : b vib is off 
11-28 12:46:07.112  9366  9366 I HBD     : a [PF_KL] OTE none 0 2 4 2417231 (1, NONE) 
11-28 12:46:07.118  1341  1368 I GestureDetector: obtain mCurrentMotionEventRaw. action: 2 id: 371675049
11-28 12:46:07.118  1341  1368 I GestureDetector: obtain mCurrentMotionEventRaw. action: 2 id: 371675049
11-28 12:46:07.127  9366  9366 I GestureDetector: obtain mCurrentMotionEventRaw. action: 2 id: 371675049
11-28 12:46:07.134  9366  9704 E IMGMapper: set:488 set: Unset optional value from type SMPTE2086
11-28 12:46:07.134  9366  9704 E IMGMapper: set:488 set: Unset optional value from type CTA861_3
11-28 12:46:07.150  9366  9704 E IMGMapper: set:488 set: Unset optional value from type SMPTE2086
11-28 12:46:07.150  9366  9704 E IMGMapper: set:488 set: Unset optional value from type CTA861_3
11-28 12:46:07.217  1341  1532 D InputReader: Btn_touch(1): value=0 when=337728.636295
11-28 12:46:07.217  1341  1532 I InputReader: Touch event's action is 0x1 (id=5, t=0) [pCnt=1, s=] when=337728.636295
11-28 12:46:07.217  1341  1531 I InputDispatcher: Delivering touch to (9366): action: 0x1, f=0x0, d=0, 'd79013f', t=1 +(0,-48)
11-28 12:46:07.217  9366  9366 I ViewRootImpl@bbe7c12[InputMethod]: ViewPostIme pointer 1
11-28 12:46:07.218  9366  9366 I HBD     : a down event is done 
11-28 12:46:07.219  9366  9366 I HBD     : a up event is done 
11-28 12:46:07.219  9366  9366 I HBD     : c ATL DTMFKeyA
11-28 12:46:07.219 16873 16873 V InputMethodManager: dispatchKeyEventFromInputMethod: KeyEvent = KeyEvent { action=ACTION_DOWN, keyCode=KEYCODE_4, scanCode=0, metaState=0, flags=0x6, repeatCount=0, eventTime=9223372036854775807, downTime=9223372036854775807, deviceId=-1, source=0x0, displayId=0 }
11-28 12:46:07.220 16873 16873 V InputMethodManager: dispatchKeyEventFromInputMethod: KeyEvent = KeyEvent { action=ACTION_UP, keyCode=KEYCODE_4, scanCode=0, metaState=0, flags=0x6, repeatCount=0, eventTime=9223372036854775807, downTime=9223372036854775807, deviceId=-1, source=0x0, displayId=0 }
11-28 12:46:07.220 16873 16873 I ViewRootImpl@4a720a7[MainActivity]: ViewPostIme key 0
11-28 12:46:07.220  9366  9366 I HBD     : a [PF_KL] OTE none 1 1 3 2420307 (1, NONE) 
11-28 12:46:07.224 16873 16873 I ViewRootImpl@4a720a7[MainActivity]: ViewPostIme key 1
11-28 12:46:07.226  1011  1106 I Light   : light data = 13.000000 .
11-28 12:46:07.232  9366  9704 E IMGMapper: set:488 set: Unset optional value from type SMPTE2086
11-28 12:46:07.232  9366  9704 E IMGMapper: set:488 set: Unset optional value from type CTA861_3
11-28 12:46:07.293  9366  9366 I HBD     : d1 ous -  3 ,  3 ,  4 ,  4 ,  -1 ,  -1
11-28 12:46:07.294  9366  9366 I HBD     : l0 EBD cm S 0 
11-28 12:46:07.295 16873 16898 E IMGMapper: set:488 set: Unset optional value from type SMPTE2086
11-28 12:46:07.295 16873 16898 E IMGMapper: set:488 set: Unset optional value from type CTA861_3
11-28 12:46:07.299  9366  9704 E IMGMapper: set:488 set: Unset optional value from type SMPTE2086
11-28 12:46:07.299  9366  9704 E IMGMapper: set:488 set: Unset optional value from type CTA861_3
11-28 12:46:07.315 16873 16898 E IMGMapper: set:488 set: Unset optional value from type SMPTE2086
11-28 12:46:07.315 16873 16898 E IMGMapper: set:488 set: Unset optional value from type CTA861_3
11-28 12:46:07.344  1011  1106 I Accelerometer: acc data x = 1.434000, y = 0.676000, z = 9.662000 .
11-28 12:46:07.346 16873 16898 E IMGMapper: set:488 set: Unset optional value from type SMPTE2086
11-28 12:46:07.346 16873 16898 E IMGMapper: set:488 set: Unset optional value from type CTA861_3
11-28 12:46:07.410  1341  1368 I GestureDetector: handleMessage TAP
11-28 12:46:07.410  1341  1341 I GestureDetector: handleMessage TAP
11-28 12:46:07.426  1011  1106 I Light   : light data = 13.000000 .
11-28 12:46:07.490  1737  1862 D MobileStatusTracker(0/5): onSignalStrengthsChanged level=4, vendorLevel=4
11-28 12:46:07.491  1737  1862 D MobileSignalController(0/5): notifyListener: enabled=true, connected=true, dataConnected=false, networkType=GSM (Unknown), emergencyOnly=true, roaming=false, isDefault=false, dataActivity=, level=4, ca=false, mmWave=false, disabledDataIcon=false, simCard=ETC
11-28 12:46:07.491  1737  1862 D NetworkController: SignalStrength from intent slotId=0
11-28 12:46:07.626  1011  1106 I Light   : light data = 13.000000 .
11-28 12:46:07.627  1091 25234 D AALLightSensor: oldLux=11 [SA:12 LA:10] newLux=11 (oriLux: 13)
11-28 12:46:07.672  1341  1532 D InputReader: Btn_touch(1): value=1 when=337729.092059
11-28 12:46:07.673  1341  1532 I InputReader: Touch event's action is 0x0 (id=5, t=0) [pCnt=1, s=0.42701 ] when=337729.092059
11-28 12:46:07.673  1341  1531 I InputDispatcher: Delivering touch to (1737): action: 0x4, f=0x0, d=0, 'ab6e286', t=1 
11-28 12:46:07.673  1341  1531 I InputDispatcher: Delivering touch to (16873): action: 0x0, f=0x0, d=0, '6c993e2', t=1 
11-28 12:46:07.674 16873 16873 I ViewRootImpl@4a720a7[MainActivity]: ViewPostIme pointer 0
11-28 12:46:07.674  1341  1368 I GestureDetector: obtain mCurrentDownEvent. id: 64619660 caller: com.android.server.wm.SystemGesturesPointerEventListener.onPointerEvent:203 com.android.server.wm.PointerEventDispatcher.onInputEvent:53 android.view.InputEventReceiver.dispatchInputEvent:285 
11-28 12:46:07.675  1341  1368 I GestureDetector: obtain mCurrentDownEvent. id: 64619660 caller: com.android.server.wm.SystemPerformancePointerEventListener.onPointerEvent:89 com.android.server.wm.PointerEventDispatcher.onInputEvent:53 android.view.InputEventReceiver.dispatchInputEvent:285 
11-28 12:46:07.682  1341  1368 I GestureDetector: obtain mCurrentMotionEventRaw. action: 2 id: 785390256
11-28 12:46:07.682  1341  1368 I GestureDetector: obtain mCurrentMotionEventRaw. action: 2 id: 785390256
11-28 12:46:07.747  1341  1532 D InputReader: Btn_touch(1): value=0 when=337729.166772
11-28 12:46:07.747  1341  1532 I InputReader: Touch event's action is 0x1 (id=5, t=0) [pCnt=1, s=] when=337729.166772
11-28 12:46:07.747  1341  1531 I InputDispatcher: Delivering touch to (16873): action: 0x1, f=0x0, d=0, '6c993e2', t=1 
11-28 12:46:07.748 16873 16873 I ViewRootImpl@4a720a7[MainActivity]: ViewPostIme pointer 1
11-28 12:46:07.763  1711  1753 I System.out: Broadcasting: Intent { act=com.sec.intent.action.SARDEVICE_CP flg=0x10000000 (has extras) }
11-28 12:46:07.766  1341  1521 D MotionRecognitionService: [SAR]  onReceive : SARDEVICE_CP, callAction = off deviceID = 557063 slot = 1 device_ext = 0
11-28 12:46:07.767  1341  1521 I MotionRecognitionService: [SAR] id : 0 cmd :off
11-28 12:46:07.767  1341  1521 I MotionRecognitionService: [SAR] id : 1 cmd :off
11-28 12:46:07.767  1341  1521 I MotionRecognitionService: [SAR] id : 2 cmd :off
11-28 12:46:07.767  1341  1521 W MotionRecognitionService: DEFAULT
11-28 12:46:07.767  1341  1521 I MotionRecognitionService: [SAR] id : 15 cmd :off
11-28 12:46:07.767  1341  1521 W MotionRecognitionService: DEFAULT
11-28 12:46:07.767  1341  1521 I MotionRecognitionService: [SAR] id : 19 cmd :off
11-28 12:46:07.767  1711  1919 I System.out: Broadcast completed: result=0
11-28 12:46:07.772 16873 16898 E IMGMapper: set:488 set: Unset optional value from type SMPTE2086
11-28 12:46:07.772 16873 16898 E IMGMapper: set:488 set: Unset optional value from type CTA861_3
11-28 12:46:07.790   766   766 I BufferQueueProducer: [com.excell44.educam.debug/com.excell44.educam.MainActivity$_16873#19167](this:0xb400007e77ac8838,id:-1,api:0,p:-1,c:766) queueBuffer: fps=9.65 dur=1244.03 max=430.96 min=16.45
11-28 12:46:07.792   738   839 I hwcomposer: [HWCDisplay] [Display_0 (type:1)] fps:15.494812,dur:1161.68,max:431.27,min:15.96  
11-28 12:46:07.797 16873 16898 E IMGMapper: set:488 set: Unset optional value from type SMPTE2086
11-28 12:46:07.797 16873 16898 E IMGMapper: set:488 set: Unset optional value from type CTA861_3
11-28 12:46:07.814 16873 16898 E IMGMapper: set:488 set: Unset optional value from type SMPTE2086
11-28 12:46:07.814 16873 16898 E IMGMapper: set:488 set: Unset optional value from type CTA861_3
11-28 12:46:07.825  1011  1106 I Light   : light data = 13.000000 .
11-28 12:46:07.831 16873 16898 E IMGMapper: set:488 set: Unset optional value from type SMPTE2086
11-28 12:46:07.831 16873 16898 E IMGMapper: set:488 set: Unset optional value from type CTA861_3
11-28 12:46:07.848 16873 16898 E IMGMapper: set:488 set: Unset optional value from type SMPTE2086
11-28 12:46:07.848 16873 16898 E IMGMapper: set:488 set: Unset optional value from type CTA861_3
11-28 12:46:07.864 16873 16898 E IMGMapper: set:488 set: Unset optional value from type SMPTE2086
11-28 12:46:07.864 16873 16898 E IMGMapper: set:488 set: Unset optional value from type CTA861_3
11-28 12:46:07.881 16873 16898 E IMGMapper: set:488 set: Unset optional value from type SMPTE2086
11-28 12:46:07.881 16873 16898 E IMGMapper: set:488 set: Unset optional value from type CTA861_3
11-28 12:46:07.897 16873 16898 E IMGMapper: set:488 set: Unset optional value from type SMPTE2086
11-28 12:46:07.897 16873 16898 E IMGMapper: set:488 set: Unset optional value from type CTA861_3
11-28 12:46:07.914 16873 16898 E IMGMapper: set:488 set: Unset optional value from type SMPTE2086
11-28 12:46:07.914 16873 16898 E IMGMapper: set:488 set: Unset optional value from type CTA861_3
11-28 12:46:07.930 16873 16898 E IMGMapper: set:488 set: Unset optional value from type SMPTE2086
11-28 12:46:07.930 16873 16898 E IMGMapper: set:488 set: Unset optional value from type CTA861_3
11-28 12:46:07.947 16873 16898 E IMGMapper: set:488 set: Unset optional value from type SMPTE2086
11-28 12:46:07.947 16873 16898 E IMGMapper: set:488 set: Unset optional value from type CTA861_3
11-28 12:46:07.964 16873 16898 E IMGMapper: set:488 set: Unset optional value from type SMPTE2086
11-28 12:46:07.964 16873 16898 E IMGMapper: set:488 set: Unset optional value from type CTA861_3
11-28 12:46:07.973  1341  1368 I GestureDetector: handleMessage TAP
11-28 12:46:07.975  1341  1341 I GestureDetector: handleMessage TAP
11-28 12:46:07.980 16873 16898 E IMGMapper: set:488 set: Unset optional value from type SMPTE2086
11-28 12:46:07.980 16873 16898 E IMGMapper: set:488 set: Unset optional value from type CTA861_3
11-28 12:46:07.997 16873 16898 E IMGMapper: set:488 set: Unset optional value from type SMPTE2086
11-28 12:46:07.997 16873 16898 E IMGMapper: set:488 set: Unset optional value from type CTA861_3
11-28 12:46:08.013 16873 16898 E IMGMapper: set:488 set: Unset optional value from type SMPTE2086
11-28 12:46:08.013 16873 16898 E IMGMapper: set:488 set: Unset optional value from type CTA861_3
11-28 12:46:08.021  1711  1753 I System.out: Broadcasting: Intent { act=com.sec.intent.action.SARDEVICE_CP flg=0x10000000 (has extras) }
11-28 12:46:08.024  1341  1521 D MotionRecognitionService: [SAR]  onReceive : SARDEVICE_CP, callAction = on deviceID = 557063 slot = 1 device_ext = 0
11-28 12:46:08.025  1341  1521 I MotionRecognitionService: [SAR] id : 0 cmd :on
11-28 12:46:08.025  1341  1521 I MotionRecognitionService: [SAR] id : 1 cmd :on
11-28 12:46:08.025  1341  1521 I MotionRecognitionService: [SAR] id : 2 cmd :on
11-28 12:46:08.025  1341  1521 W MotionRecognitionService: DEFAULT
11-28 12:46:08.025  1341  1521 I MotionRecognitionService: [SAR] id : 15 cmd :on
11-28 12:46:08.025  1341  1521 W MotionRecognitionService: DEFAULT
11-28 12:46:08.025  1341  1521 I MotionRecognitionService: [SAR] id : 19 cmd :on
11-28 12:46:08.025  1711  1919 I System.out: Broadcast completed: result=0
11-28 12:46:08.026  1011  1106 I Light   : light data = 13.000000 .
11-28 12:46:08.030 16873 16898 E IMGMapper: set:488 set: Unset optional value from type SMPTE2086
11-28 12:46:08.030 16873 16898 E IMGMapper: set:488 set: Unset optional value from type CTA861_3
11-28 12:46:08.046 16873 16898 E IMGMapper: set:488 set: Unset optional value from type SMPTE2086
11-28 12:46:08.046 16873 16898 E IMGMapper: set:488 set: Unset optional value from type CTA861_3
11-28 12:46:08.051   529   529 D io_stats: !@ 179,0 r 7374489 151826443 w 4347210 33879856 d 102600 20291976 f 0 0 iot 11957628 0 th 0 0 0 pt 0 inp 0 0 337729.470
11-28 12:46:08.064 16873 16898 E IMGMapper: set:488 set: Unset optional value from type SMPTE2086
11-28 12:46:08.064 16873 16898 E IMGMapper: set:488 set: Unset optional value from type CTA861_3
11-28 12:46:08.066 23825 23983 I cn_CronetUrlRequestContext: destroyNativeStreamLocked org.chromium.net.impl.CronetBidirectionalStream@5fbf383
11-28 12:46:08.079 16873 16898 E IMGMapper: set:488 set: Unset optional value from type SMPTE2086
11-28 12:46:08.080 16873 16898 E IMGMapper: set:488 set: Unset optional value from type CTA861_3
11-28 12:46:08.145  1011  1106 I Accelerometer: acc data x = 1.414000, y = 0.734000, z = 9.662000 .
11-28 12:46:08.169 16873 16898 E IMGMapper: set:488 set: Unset optional value from type SMPTE2086
11-28 12:46:08.169 16873 16898 E IMGMapper: set:488 set: Unset optional value from type CTA861_3
11-28 12:46:08.189 16873 16898 E IMGMapper: set:488 set: Unset optional value from type SMPTE2086
11-28 12:46:08.189 16873 16898 E IMGMapper: set:488 set: Unset optional value from type CTA861_3
11-28 12:46:08.202 16873 16898 E IMGMapper: set:488 set: Unset optional value from type SMPTE2086
11-28 12:46:08.203 16873 16898 E IMGMapper: set:488 set: Unset optional value from type CTA861_3
11-28 12:46:08.226  1011  1106 I Light   : light data = 13.000000 .
11-28 12:46:08.275 16873 16898 E IMGMapper: set:488 set: Unset optional value from type SMPTE2086
11-28 12:46:08.275 16873 16898 E IMGMapper: set:488 set: Unset optional value from type CTA861_3
11-28 12:46:08.279 16873 16898 E IMGMapper: set:488 set: Unset optional value from type SMPTE2086
11-28 12:46:08.279 16873 16898 E IMGMapper: set:488 set: Unset optional value from type CTA861_3
11-28 12:46:08.312 16873 16898 E IMGMapper: set:488 set: Unset optional value from type SMPTE2086
11-28 12:46:08.312 16873 16898 E IMGMapper: set:488 set: Unset optional value from type CTA861_3
11-28 12:46:08.331 23825  9847 I .gms.persistent: oneway function results for code 1 on binder at 0xb400007d266d7640 will be dropped but finished with status UNKNOWN_TRANSACTION and reply parcel size 80
11-28 12:46:08.426  1011  1106 I Light   : light data = 13.000000 .
11-28 12:46:08.626  1011  1106 I Light   : light data = 13.000000 .
11-28 12:46:08.725  1711  1753 I System.out: Broadcasting: Intent { act=com.sec.intent.action.SARDEVICE_CP flg=0x10000000 (has extras) }
11-28 12:46:08.733  1341  1521 D MotionRecognitionService: [SAR]  onReceive : SARDEVICE_CP, callAction = off deviceID = 557063 slot = 1 device_ext = 0
11-28 12:46:08.733  1341  1521 I MotionRecognitionService: [SAR] id : 0 cmd :off
11-28 12:46:08.733  1341  1521 I MotionRecognitionService: [SAR] id : 1 cmd :off
11-28 12:46:08.733  1341  1521 I MotionRecognitionService: [SAR] id : 2 cmd :off
11-28 12:46:08.733  1341  1521 W MotionRecognitionService: DEFAULT
11-28 12:46:08.733  1341  1521 I MotionRecognitionService: [SAR] id : 15 cmd :off
11-28 12:46:08.733  1341  1521 W MotionRecognitionService: DEFAULT
11-28 12:46:08.733  1341  1521 I MotionRecognitionService: [SAR] id : 19 cmd :off
11-28 12:46:08.735  1711  1919 I System.out: Broadcast completed: result=0
11-28 12:46:08.736 18811 18811 I wpa_supplicant: Heartbeat 2490
11-28 12:46:08.827  1011  1106 I Light   : light data = 13.000000 .
11-28 12:46:08.830 16873 16898 E IMGMapper: set:488 set: Unset optional value from type SMPTE2086
11-28 12:46:08.830 16873 16898 E IMGMapper: set:488 set: Unset optional value from type CTA861_3
11-28 12:46:08.835   766   766 I BufferQueueProducer: [com.excell44.educam.debug/com.excell44.educam.MainActivity$_16873#19167](this:0xb400007e77ac8838,id:-1,api:0,p:-1,c:766) queueBuffer: fps=23.93 dur=1044.88 max=514.24 min=16.20
11-28 12:46:08.838   738   839 I hwcomposer: [HWCDisplay] [Display_0 (type:1)] fps:23.888229,dur:1046.54,max:516.09,min:15.95  
11-28 12:46:08.946  1011  1106 I Accelerometer: acc data x = 1.395000, y = 0.696000, z = 9.586000 .
11-28 12:46:09.027  1011  1106 I Light   : light data = 13.000000 .
11-28 12:46:09.066  1341  1532 D InputReader: Btn_touch(1): value=1 when=337730.485614
11-28 12:46:09.066  1341  1532 I InputReader: Touch event's action is 0x0 (id=5, t=0) [pCnt=1, s=0.42702 ] when=337730.485614
11-28 12:46:09.067  1341  1531 I InputDispatcher: Delivering touch to (1737): action: 0x4, f=0x0, d=0, 'ab6e286', t=1 
11-28 12:46:09.067  1341  1531 I InputDispatcher: Delivering touch to (16873): action: 0x0, f=0x0, d=0, '6c993e2', t=1 
11-28 12:46:09.068 16873 16873 I ViewRootImpl@4a720a7[MainActivity]: ViewPostIme pointer 0
11-28 12:46:09.068  1341  1368 I GestureDetector: obtain mCurrentDownEvent. id: 172102176 caller: com.android.server.wm.SystemGesturesPointerEventListener.onPointerEvent:203 com.android.server.wm.PointerEventDispatcher.onInputEvent:53 android.view.InputEventReceiver.dispatchInputEvent:285 
11-28 12:46:09.069  1341  1368 I GestureDetector: obtain mCurrentDownEvent. id: 172102176 caller: com.android.server.wm.SystemPerformancePointerEventListener.onPointerEvent:89 com.android.server.wm.PointerEventDispatcher.onInputEvent:53 android.view.InputEventReceiver.dispatchInputEvent:285 
11-28 12:46:09.075  1341  1368 I GestureDetector: obtain mCurrentMotionEventRaw. action: 2 id: 661719020
11-28 12:46:09.075  1341  1368 I GestureDetector: obtain mCurrentMotionEventRaw. action: 2 id: 661719020
11-28 12:46:09.181 16873 16873 I 44.educam.debug: hiddenapi: Accessing hidden method Landroid/view/ViewTreeObserver;->dispatchOnScrollChanged()V (runtime_flags=0, domain=platform, api=unsupported) from Landroidx/compose/ui/platform/AndroidComposeView$Companion; (domain=app) using reflection: allowed
11-28 12:46:09.203 16873 16898 E IMGMapper: set:488 set: Unset optional value from type SMPTE2086
11-28 12:46:09.203 16873 16898 E IMGMapper: set:488 set: Unset optional value from type CTA861_3
11-28 12:46:09.226  1011  1106 I Light   : light data = 13.000000 .
11-28 12:46:09.227 16873 16898 E IMGMapper: set:488 set: Unset optional value from type SMPTE2086
11-28 12:46:09.227 16873 16898 E IMGMapper: set:488 set: Unset optional value from type CTA861_3
11-28 12:46:09.250 16873 16898 E IMGMapper: set:488 set: Unset optional value from type SMPTE2086
11-28 12:46:09.250 16873 16898 E IMGMapper: set:488 set: Unset optional value from type CTA861_3
11-28 12:46:09.270 16873 16898 E IMGMapper: set:488 set: Unset optional value from type SMPTE2086
11-28 12:46:09.270 16873 16898 E IMGMapper: set:488 set: Unset optional value from type CTA861_3
11-28 12:46:09.293 16873 16898 E IMGMapper: set:488 set: Unset optional value from type SMPTE2086
11-28 12:46:09.293 16873 16898 E IMGMapper: set:488 set: Unset optional value from type CTA861_3
11-28 12:46:09.317 16873 16898 E IMGMapper: set:488 set: Unset optional value from type SMPTE2086
11-28 12:46:09.317 16873 16898 E IMGMapper: set:488 set: Unset optional value from type CTA861_3
11-28 12:46:09.345 16873 16898 E IMGMapper: set:488 set: Unset optional value from type SMPTE2086
11-28 12:46:09.345 16873 16898 E IMGMapper: set:488 set: Unset optional value from type CTA861_3
11-28 12:46:09.355  1341  1532 D InputReader: Btn_touch(1): value=0 when=337730.775304
11-28 12:46:09.356  1341  1532 I InputReader: Touch event's action is 0x1 (id=5, t=0) [pCnt=1, s=] when=337730.775304
11-28 12:46:09.356  1341  1531 I InputDispatcher: Delivering touch to (16873): action: 0x1, f=0x0, d=0, '6c993e2', t=1 
11-28 12:46:09.357  1341  1341 I SemDvfsHyPerManager: acquire hyper - SMOOTH_SCROLL/1341@2, type = -999
11-28 12:46:09.357   747   781 I HYPER-HAL: [RequestManager.cpp]acquire(): Acquired ID : 902498  [1341 / 2]    HINT : SMOOTH_SCROLL    list : 
11-28 12:46:09.358   747   781 I mtkpower_client: perf_lock_acq, hdl:0, dur:0, num:2, tid:781
11-28 12:46:09.358  1341  1341 D SGM:GameManager: identifyGamePackage. com.excell44.educam.debug, mCurrentUserId: 0, callerUserId: 0, callingMethodInfo: com.android.server.ssrm.fgapps.GameAppUtils.isGame(GameAppUtils.java:84)
11-28 12:46:09.358  1341  1341 D SGM:PkgDataHelper: getGamePkgData(). com.excell44.educam.debug
11-28 12:46:09.358  1341  1341 I SemDvfsHyPerManager: acquire hyper - GESTURE_DETECTED/1341@22, type = -999
11-28 12:46:09.358   747   781 I mtkpower_client: ret_hdl:52256
11-28 12:46:09.358   747   781 I mtkpower_client: perf_lock_acq, hdl:0, dur:0, num:2, tid:781
11-28 12:46:09.359   750   798 I libPowerHal: [perfLockAcq] idx:1 hdl:52256 hint:-1 pid:747 duration:0 lock_user:vendor.samsung. => ret_hdl:52256
11-28 12:46:09.359  1341  1341 D SGM:GameManager: identifyGamePackage. com.excell44.educam.debug, mCurrentUserId: 0, callerUserId: 0, callingMethodInfo: com.android.server.ssrm.fgapps.GameAppUtils.isGame(GameAppUtils.java:84)
11-28 12:46:09.359  1341  1341 D SGM:PkgDataHelper: getGamePkgData(). com.excell44.educam.debug
11-28 12:46:09.359  1341  1341 I SemDvfsHyPerManager: acquire hyper - GESTURE_DETECTED/1341@22, type = -999
11-28 12:46:09.359   750   798 I libPowerHal: vendor.samsung.: cpu_ctrl set cpu freq: -1 -1 1138000 -1
11-28 12:46:09.360   747   781 I mtkpower_client: ret_hdl:52257
11-28 12:46:09.360   747   781 I mtkpower_client: perf_lock_rel, hdl:52256, tid:781
11-28 12:46:09.360   750   798 I libPowerHal: [perfLockAcq] idx:2 hdl:52257 hint:-1 pid:747 duration:0 lock_user:vendor.samsung. => ret_hdl:52257
11-28 12:46:09.360   750   798 I libPowerHal: vendor.samsung.: cpu_ctrl set cpu freq: 1218000 -1 1138000 -1
11-28 12:46:09.360   747   781 I mtkpower_client: perf_lock_rel, hdl:52257, tid:781
11-28 12:46:09.360   750   798 I libPowerHal: [perfLockRel] hdl:52256, idx:1
11-28 12:46:09.361   750   798 I libPowerHal: vendor.samsung.: cpu_ctrl set cpu freq: 1218000 -1 -1 -1
11-28 12:46:09.361   750   798 I libPowerHal: [perfLockRel] hdl:52257, idx:2
11-28 12:46:09.361   747   781 I HYPER-HAL: [RequestManager.cpp]releaseLocked(): Released ID : 902498
11-28 12:46:09.361   747   781 I HYPER-HAL: [RequestManager.cpp]acquire(): Acquired ID : 929588  [1341 / 22]    HINT : GESTURE_DETECTED    list : [TIMEOUT / 847] 
11-28 12:46:09.361   750   798 I libPowerHal: vendor.samsung.: cpu_ctrl set cpu freq: -1 -1 -1 -1
11-28 12:46:09.362   747   781 I mtkpower_client: perf_lock_acq, hdl:0, dur:0, num:2, tid:781
11-28 12:46:09.363   747   781 I mtkpower_client: ret_hdl:52258
11-28 12:46:09.363   747   781 I mtkpower_client: perf_lock_acq, hdl:0, dur:0, num:2, tid:781
11-28 12:46:09.363   750   798 I libPowerHal: [perfLockAcq] idx:1 hdl:52258 hint:-1 pid:747 duration:0 lock_user:vendor.samsung. => ret_hdl:52258
11-28 12:46:09.363   750   798 I libPowerHal: vendor.samsung.: cpu_ctrl set cpu freq: -1 -1 1138000 -1
11-28 12:46:09.364   747   781 I mtkpower_client: ret_hdl:52259
11-28 12:46:09.364   750   798 I libPowerHal: [perfLockAcq] idx:2 hdl:52259 hint:-1 pid:747 duration:0 lock_user:vendor.samsung. => ret_hdl:52259
11-28 12:46:09.364   747   781 I HYPER-HAL: [RequestManager.cpp]acquire(): Acquired ID : 929588  [1341 / 22]    HINT : GESTURE_DETECTED    list : [TIMEOUT / 847] 
11-28 12:46:09.364   750   798 I libPowerHal: vendor.samsung.: cpu_ctrl set cpu freq: 1218000 -1 1138000 -1
11-28 12:46:09.372 16873 16898 E IMGMapper: set:488 set: Unset optional value from type SMPTE2086
11-28 12:46:09.372 16873 16898 E IMGMapper: set:488 set: Unset optional value from type CTA861_3
11-28 12:46:09.376 16873 16873 I ViewRootImpl@4a720a7[MainActivity]: ViewPostIme pointer 1
11-28 12:46:09.416 16873 16898 E IMGMapper: set:488 set: Unset optional value from type SMPTE2086
11-28 12:46:09.416 16873 16898 E IMGMapper: set:488 set: Unset optional value from type CTA861_3
11-28 12:46:09.426  1011  1106 I Light   : light data = 13.000000 .
11-28 12:46:09.435 16873 16898 E IMGMapper: set:488 set: Unset optional value from type SMPTE2086
11-28 12:46:09.435 16873 16898 E IMGMapper: set:488 set: Unset optional value from type CTA861_3
11-28 12:46:09.454 16873 16898 E IMGMapper: set:488 set: Unset optional value from type SMPTE2086
11-28 12:46:09.454 16873 16898 E IMGMapper: set:488 set: Unset optional value from type CTA861_3
11-28 12:46:09.473 16873 16898 E IMGMapper: set:488 set: Unset optional value from type SMPTE2086
11-28 12:46:09.473 16873 16898 E IMGMapper: set:488 set: Unset optional value from type CTA861_3
11-28 12:46:09.492 16873 16898 E IMGMapper: set:488 set: Unset optional value from type SMPTE2086
11-28 12:46:09.492 16873 16898 E IMGMapper: set:488 set: Unset optional value from type CTA861_3
11-28 12:46:09.511 16873 16898 E IMGMapper: set:488 set: Unset optional value from type SMPTE2086
11-28 12:46:09.511 16873 16898 E IMGMapper: set:488 set: Unset optional value from type CTA861_3
11-28 12:46:09.530 16873 16898 E IMGMapper: set:488 set: Unset optional value from type SMPTE2086
11-28 12:46:09.530 16873 16898 E IMGMapper: set:488 set: Unset optional value from type CTA861_3
11-28 12:46:09.549 16873 16898 E IMGMapper: set:488 set: Unset optional value from type SMPTE2086
11-28 12:46:09.549 16873 16898 E IMGMapper: set:488 set: Unset optional value from type CTA861_3
11-28 12:46:09.568 16873 16898 E IMGMapper: set:488 set: Unset optional value from type SMPTE2086
11-28 12:46:09.568 16873 16898 E IMGMapper: set:488 set: Unset optional value from type CTA861_3
11-28 12:46:09.586 16873 16898 E IMGMapper: set:488 set: Unset optional value from type SMPTE2086
11-28 12:46:09.586 16873 16898 E IMGMapper: set:488 set: Unset optional value from type CTA861_3
11-28 12:46:09.604 16873 16898 E IMGMapper: set:488 set: Unset optional value from type SMPTE2086
11-28 12:46:09.605 16873 16898 E IMGMapper: set:488 set: Unset optional value from type CTA861_3
11-28 12:46:09.624 16873 16898 E IMGMapper: set:488 set: Unset optional value from type SMPTE2086
11-28 12:46:09.624 16873 16898 E IMGMapper: set:488 set: Unset optional value from type CTA861_3
11-28 12:46:09.626  1011  1106 I Light   : light data = 13.000000 .
11-28 12:46:09.642 16873 16898 E IMGMapper: set:488 set: Unset optional value from type SMPTE2086
11-28 12:46:09.642 16873 16898 E IMGMapper: set:488 set: Unset optional value from type CTA861_3
11-28 12:46:09.666 16873 16898 E IMGMapper: set:488 set: Unset optional value from type SMPTE2086
11-28 12:46:09.666 16873 16898 E IMGMapper: set:488 set: Unset optional value from type CTA861_3
11-28 12:46:09.747  1011  1106 I Accelerometer: acc data x = 1.376000, y = 0.715000, z = 9.586000 .
11-28 12:46:09.826  1011  1106 I Light   : light data = 13.000000 .
11-28 12:46:09.837 16873 16898 E IMGMapper: set:488 set: Unset optional value from type SMPTE2086
11-28 12:46:09.837 16873 16898 E IMGMapper: set:488 set: Unset optional value from type CTA861_3
11-28 12:46:09.841  1685  1685 I WifiHAL : Get link layer stats
11-28 12:46:09.841  1685  1685 I WifiHAL : GetLinkStatsCommand::create
11-28 12:46:09.842  1685  1685 D android.hardware.wifi@1.0-service-lazy: WifiRequest::create vendor command to iface 38, vendor_id=0x1a11, subcmd=0x1200, res=0
11-28 12:46:09.842  1685  1685 I android.hardware.wifi@1.0-service-lazy: WifiCommand::requestResponse err=-95
11-28 12:46:09.842  1685  1685 I WifiHAL : wifi_get_link_stats: result=-3
11-28 12:46:09.842  1341  1567 E WifiVendorHal: getWifiLinkLayerStats_1_5_Internal(l.1179) failed {.code = ERROR_NOT_SUPPORTED, .description = }
11-28 12:46:09.842  1737  1862 D MobileStatusTracker(1/4): onSignalStrengthsChanged level=4, vendorLevel=4
11-28 12:46:09.844  1737  1862 D MobileSignalController(1/4): notifyListener: enabled=true, connected=true, dataConnected=false, networkType=EDGE (E), emergencyOnly=false, roaming=false, isDefault=false, dataActivity=inout, level=4, ca=false, mmWave=false, disabledDataIcon=false, simCard=ETC
11-28 12:46:09.844  1737  1862 D NetworkController: SignalStrength from intent slotId=1
11-28 12:46:09.847   766   766 I BufferQueueProducer: [com.excell44.educam.debug/com.excell44.educam.MainActivity$_16873#19167](this:0xb400007e77ac8838,id:-1,api:0,p:-1,c:766) queueBuffer: fps=22.74 dur=1011.53 max=381.38 min=16.21
11-28 12:46:09.848   738   839 I hwcomposer: [HWCDisplay] [Display_0 (type:1)] fps:22.772617,dur:1009.98,max:379.29,min:15.69  
11-28 12:46:09.850  1341 11139 D SemWifiUsabilityStatsMonitor: onWifiUsabilityStats - seqNum 26281, isSameBssidAndFreq true
11-28 12:46:09.851  1341  1641 I SemWifiLinkQualityMonitor: Link Qos query: inf. ms / 0 Mbps
11-28 12:46:10.006 25952 26105 I EPDG -- [EPDGService]: Event received: SERVICE_STOP_CHECK
11-28 12:46:10.008 25952 26105 I EPDG -- SIM0 [Operator]: getSubId(): subID is : 5
11-28 12:46:10.011 25952 26105 I EPDG -- SIM1 [Operator]: getSubId(): subID is : 4
11-28 12:46:10.015 25952 26105 I EPDG -- SIM0 [Operator]: getSubId(): subID is : 5
11-28 12:46:10.022  2011  2857 I EntitlementContentProvider<0>: isVoWiFiEntitlementRequired: false
11-28 12:46:10.025 25952 26105 I EPDG -- SIM0 [EpdgEntitlement]: isEntitlementRequired : false
11-28 12:46:10.026  1011  1106 I Light   : light data = 13.000000 .
11-28 12:46:10.028 25952 26105 I EPDG -- SIM1 [Operator]: getSubId(): subID is : 4
11-28 12:46:10.033  2011  2857 I EntitlementContentProvider<1>: isVoWiFiEntitlementRequired: false
11-28 12:46:10.037 25952 26105 I EPDG -- SIM1 [EpdgEntitlement]: isEntitlementRequired : false
11-28 12:46:10.037 25952 26105 I EPDG -- [EPDGService]: scheduleTerminateEvent after : 5 secs.
11-28 12:46:10.052   529   529 D io_stats: !@ 179,0 r 7374496 151826551 w 4347355 33880656 d 102600 20291976 f 0 0 iot 11957724 0 th 0 0 0 pt 0 inp 0 0 337731.472
11-28 12:46:10.071  1018  1018 I thermal_repeater: socket -1
11-28 12:46:10.127  1341  1532 D InputReader: Btn_touch(1): value=1 when=337731.546742
11-28 12:46:10.127  1341  1532 I InputReader: Touch event's action is 0x0 (id=5, t=0) [pCnt=1, s=0.42703 ] when=337731.546742
11-28 12:46:10.128  1341  1531 I InputDispatcher: Delivering touch to (1737): action: 0x4, f=0x0, d=0, 'ab6e286', t=1 
11-28 12:46:10.128  1341  1531 I InputDispatcher: Delivering touch to (16873): action: 0x0, f=0x0, d=0, '6c993e2', t=1 
11-28 12:46:10.129 16873 16873 I ViewRootImpl@4a720a7[MainActivity]: ViewPostIme pointer 0
11-28 12:46:10.129  1341  1368 I GestureDetector: obtain mCurrentDownEvent. id: 978473374 caller: com.android.server.wm.SystemGesturesPointerEventListener.onPointerEvent:203 com.android.server.wm.PointerEventDispatcher.onInputEvent:53 android.view.InputEventReceiver.dispatchInputEvent:285 
11-28 12:46:10.129  1341  1368 I GestureDetector: obtain mCurrentDownEvent. id: 978473374 caller: com.android.server.wm.SystemPerformancePointerEventListener.onPointerEvent:89 com.android.server.wm.PointerEventDispatcher.onInputEvent:53 android.view.InputEventReceiver.dispatchInputEvent:285 
11-28 12:46:10.137  1341  1368 I GestureDetector: obtain mCurrentMotionEventRaw. action: 2 id: 161075198
11-28 12:46:10.137  1341  1368 I GestureDetector: obtain mCurrentMotionEventRaw. action: 2 id: 161075198
11-28 12:46:10.201  1341  1532 D InputReader: Btn_touch(1): value=0 when=337731.621127
11-28 12:46:10.201  1341  1532 I InputReader: Touch event's action is 0x1 (id=5, t=0) [pCnt=1, s=] when=337731.621127
11-28 12:46:10.202  1341  1531 I InputDispatcher: Delivering touch to (16873): action: 0x1, f=0x0, d=0, '6c993e2', t=1 
11-28 12:46:10.202 16873 16873 I ViewRootImpl@4a720a7[MainActivity]: ViewPostIme pointer 1
11-28 12:46:10.211   747 17215 I mtkpower_client: perf_lock_rel, hdl:52258, tid:17215
11-28 12:46:10.211   747 17215 I mtkpower_client: perf_lock_rel, hdl:52259, tid:17215
11-28 12:46:10.212   747 17215 I HYPER-HAL: [RequestManager.cpp]releaseLocked(): Released ID : 929588
11-28 12:46:10.212   750   798 I libPowerHal: [perfLockRel] hdl:52258, idx:1
11-28 12:46:10.212   750   798 I libPowerHal: vendor.samsung.: cpu_ctrl set cpu freq: 1218000 -1 -1 -1
11-28 12:46:10.213   750   798 I libPowerHal: [perfLockRel] hdl:52259, idx:2
11-28 12:46:10.213   750   798 I libPowerHal: vendor.samsung.: cpu_ctrl set cpu freq: -1 -1 -1 -1
11-28 12:46:10.226  1011  1106 I Light   : light data = 13.000000 .
11-28 12:46:10.233 16873 16873 W OnBackInvokedCallback: OnBackInvokedCallback is not enabled for the application.
11-28 12:46:10.233 16873 16873 W OnBackInvokedCallback: Set 'android:enableOnBackInvokedCallback="true"' in the application manifest.
11-28 12:46:10.242 16873 16898 E IMGMapper: set:488 set: Unset optional value from type SMPTE2086
11-28 12:46:10.242 16873 16898 E IMGMapper: set:488 set: Unset optional value from type CTA861_3
11-28 12:46:10.252 16873 16898 E IMGMapper: set:488 set: Unset optional value from type SMPTE2086
11-28 12:46:10.252 16873 16898 E IMGMapper: set:488 set: Unset optional value from type CTA861_3
11-28 12:46:10.268 16873 16898 E IMGMapper: set:488 set: Unset optional value from type SMPTE2086
11-28 12:46:10.269 16873 16898 E IMGMapper: set:488 set: Unset optional value from type CTA861_3
11-28 12:46:10.285 16873 16898 E IMGMapper: set:488 set: Unset optional value from type SMPTE2086
11-28 12:46:10.285 16873 16898 E IMGMapper: set:488 set: Unset optional value from type CTA861_3
11-28 12:46:10.301 16873 16898 E IMGMapper: set:488 set: Unset optional value from type SMPTE2086
11-28 12:46:10.301 16873 16898 E IMGMapper: set:488 set: Unset optional value from type CTA861_3
11-28 12:46:10.335 16873 16898 E IMGMapper: set:488 set: Unset optional value from type SMPTE2086
11-28 12:46:10.335 16873 16898 E IMGMapper: set:488 set: Unset optional value from type CTA861_3
11-28 12:46:10.351 16873 16898 E IMGMapper: set:488 set: Unset optional value from type SMPTE2086
11-28 12:46:10.351 16873 16898 E IMGMapper: set:488 set: Unset optional value from type CTA861_3
11-28 12:46:10.367 16873 16898 E IMGMapper: set:488 set: Unset optional value from type SMPTE2086
11-28 12:46:10.368 16873 16898 E IMGMapper: set:488 set: Unset optional value from type CTA861_3
11-28 12:46:10.384 16873 16898 E IMGMapper: set:488 set: Unset optional value from type SMPTE2086
11-28 12:46:10.384 16873 16898 E IMGMapper: set:488 set: Unset optional value from type CTA861_3
11-28 12:46:10.401 16873 16898 E IMGMapper: set:488 set: Unset optional value from type SMPTE2086
11-28 12:46:10.401 16873 16898 E IMGMapper: set:488 set: Unset optional value from type CTA861_3
11-28 12:46:10.417 16873 16898 E IMGMapper: set:488 set: Unset optional value from type SMPTE2086
11-28 12:46:10.417 16873 16898 E IMGMapper: set:488 set: Unset optional value from type CTA861_3
11-28 12:46:10.426  1011  1106 I Light   : light data = 13.000000 .
11-28 12:46:10.429  1341  1368 I GestureDetector: handleMessage TAP
11-28 12:46:10.430  1341  1341 I GestureDetector: handleMessage TAP
11-28 12:46:10.434 16873 16898 E IMGMapper: set:488 set: Unset optional value from type SMPTE2086
11-28 12:46:10.434 16873 16898 E IMGMapper: set:488 set: Unset optional value from type CTA861_3
11-28 12:46:10.450 16873 16898 E IMGMapper: set:488 set: Unset optional value from type SMPTE2086
11-28 12:46:10.451 16873 16898 E IMGMapper: set:488 set: Unset optional value from type CTA861_3
11-28 12:46:10.548  1011  1106 I Accelerometer: acc data x = 1.395000, y = 0.638000, z = 9.605000 .
11-28 12:46:10.616  1341  2974 E KernelCpuUidFullTimeReader: Negative delta from freq time for uid: 90000, delta: -7631
11-28 12:46:10.616  1341  2974 E KernelCpuUidFullTimeReader: Negative delta from freq time for uid: 90001, delta: -7200
11-28 12:46:10.616  1341  2974 E KernelCpuUidFullTimeReader: Negative delta from freq time for uid: 90005, delta: -156
11-28 12:46:10.617  1341  2974 D CustomizedBinderCallsStatsInternal: reportCpuUsage() : 3%
11-28 12:46:10.626  1011  1106 I Light   : light data = 13.000000 .
11-28 12:46:10.758 17110 17120 W Binder  : Caught a RuntimeException from the binder stub implementation.
11-28 12:46:10.758 17110 17120 W Binder  : java.lang.UnsupportedOperationException
11-28 12:46:10.758 17110 17120 W Binder  : 	at bbht.b(:com.google.android.gms@254534029@25.45.34 (190400-831602148):3)
11-28 12:46:10.758 17110 17120 W Binder  : 	at bbht.dispatchTransaction(:com.google.android.gms@254534029@25.45.34 (190400-831602148):33)
11-28 12:46:10.758 17110 17120 W Binder  : 	at bulr.a(:com.google.android.gms@254534029@25.45.34 (190400-831602148):50)
11-28 12:46:10.758 17110 17120 W Binder  : 	at xwz.onTransact(:com.google.android.gms@254534029@25.45.34 (190400-831602148):23)
11-28 12:46:10.758 17110 17120 W Binder  : 	at android.os.Binder.execTransactInternal(Binder.java:1321)
11-28 12:46:10.758 17110 17120 W Binder  : 	at android.os.Binder.execTransact(Binder.java:1280)
11-28 12:46:10.827  1011  1106 I Light   : light data = 13.000000 .
11-28 12:46:11.027  1011  1106 I Light   : light data = 13.000000 .
11-28 12:46:11.173 16873 16898 E IMGMapper: set:488 set: Unset optional value from type SMPTE2086
11-28 12:46:11.174 16873 16898 E IMGMapper: set:488 set: Unset optional value from type CTA861_3
11-28 12:46:11.190   766   766 I BufferQueueProducer: [com.excell44.educam.debug/com.excell44.educam.MainActivity$_16873#19167](this:0xb400007e77ac8838,id:-1,api:0,p:-1,c:766) queueBuffer: fps=10.42 dur=1343.66 max=730.36 min=16.20
11-28 12:46:11.195   738   839 I hwcomposer: [HWCDisplay] [Display_0 (type:1)] fps:10.399810,dur:1346.18,max:733.21,min:16.04  
11-28 12:46:11.200 16873 16888 I OpenGLRenderer: Davey! duration=933ms; Flags=0, FrameTimelineVsyncId=45605361, IntendedVsync=337731664061637, Vsync=337731664061637, InputEventId=0, HandleInputStart=337731664896205, AnimationStart=337731664901051, PerformTraversalsStart=337731749103589, DrawStart=337731749257051, FrameDeadline=337731697310083, FrameInterval=337731664887589, FrameStartTime=16581779, SyncQueued=337732583705743, SyncStart=337732583899820, IssueDrawCommandsStart=337732584551820, SwapBuffers=337732592292743, FrameCompleted=337732597270666, DequeueBufferDuration=97846, QueueBufferDuration=1480846, GpuCompleted=337732597270666, SwapBuffersCompleted=337732595376436, DisplayPresentTime=337721597806358, CommandSubmissionCompleted=337732592292743, 
11-28 12:46:11.201 16873 16873 I Choreographer: Skipped 56 frames!  The application may be doing too much work on its main thread.
11-28 12:46:11.227  1011  1106 I Light   : light data = 13.000000 .
11-28 12:46:11.241  1341  1357 I ActivityManager: Killing 12735:com.samsung.android.mobileservice/u0a78 (adj 999): empty #25
11-28 12:46:11.247  1341  1381 I libprocessgroup: Successfully killed process cgroup uid 10078 pid 12735 in 0ms
11-28 12:46:11.280   723   723 I Zygote  : Process 12735 exited due to signal 9 (Killed)
11-28 12:46:11.311 16873 16898 E IMGMapper: set:488 set: Unset optional value from type SMPTE2086
11-28 12:46:11.311 16873 16898 E IMGMapper: set:488 set: Unset optional value from type CTA861_3
11-28 12:46:11.326 16873 16888 I OpenGLRenderer: Davey! duration=1052ms; Flags=0, FrameTimelineVsyncId=45605376, IntendedVsync=337731680646211, Vsync=337732609280211, InputEventId=0, HandleInputStart=337732621029666, AnimationStart=337732621037666, PerformTraversalsStart=337732655459205, DrawStart=337732655689051, FrameDeadline=337731713894657, FrameInterval=337732620764512, FrameStartTime=16581779, SyncQueued=337732710086897, SyncStart=337732710290897, IssueDrawCommandsStart=337732710744205, SwapBuffers=337732728940820, FrameCompleted=337732733242589, DequeueBufferDuration=157231, QueueBufferDuration=1529538, GpuCompleted=337732733242589, SwapBuffersCompleted=337732732620128, DisplayPresentTime=337721614388512, CommandSubmissionCompleted=337732728940820, 
11-28 12:46:11.349  1011  1106 I Accelerometer: acc data x = 1.395000, y = 0.696000, z = 9.605000 .
11-28 12:46:11.410 16873 16898 E IMGMapper: set:488 set: Unset optional value from type SMPTE2086
11-28 12:46:11.411 16873 16898 E IMGMapper: set:488 set: Unset optional value from type CTA861_3
11-28 12:46:11.426  1011  1106 I Light   : light data = 13.000000 .
11-28 12:46:11.454 16873 16873 I IMM_LC  : notifyImeHidden: mService.hideSoftInput
11-28 12:46:11.454  1341  2974 D InputMethodManagerService: hideSoftInput
11-28 12:46:11.455  1341  2974 V InputMethodManagerService: Client requesting input be hidden
11-28 12:46:11.455  1341  2974 I InputMethodManagerService: Calling com.android.server.inputmethod.IInputMethodInvoker@d21d7f1.hideSoftInput(0, android.os.Binder@c6d4cb1, null) for reason: HIDE_SOFT_INPUT
11-28 12:46:11.455  1341  2974 I InputMethodBindingController: setCurrentMethodNotVisible: mVisibleBound=true, mHasConnection=true, caller = com.android.server.inputmethod.InputMethodManagerService.hideCurrentInputLocked:4339 com.android.server.inputmethod.InputMethodManagerService.hideSoftInput:4277 com.android.internal.view.IInputMethodManager$Stub.onTransact:488 com.android.server.inputmethod.InputMethodManagerService.onTransact:2285 android.os.Binder.execTransactInternal:1316 android.os.Binder.execTransact:1280 <bottom of call stack> <bottom of call stack> <bottom of call stack> <bottom of call stack> 
11-28 12:46:11.455  1341  2974 D InputMethodBindingController: unbindVisibleConnection mVisibleConnection : com.android.server.inputmethod.InputMethodBindingController$1@248a27c
11-28 12:46:11.457  9366  9366 I InputMethod: hideSoftInput(), flags : 0
11-28 12:46:11.458  1341  2974 I ActivityManager: Changes in 10139 5 to 7, 15 to 0
11-28 12:46:11.459  1341  3004 D InputMethodManagerService: isImeSwitcherDisabledPackage : false
11-28 12:46:11.460  1341  3004 I InputMethodManagerService: setImeWindowStatus: vis=0, backDisposition=0
11-28 12:46:11.460  1341  3004 I InputMethodManagerService: applyImeVisibility: setVisible=false, IsClientNull=false
11-28 12:46:11.462 16873 16873 D InsetsController: controlAnimationUnchecked: Added types=8 animType=1 host=com.excell44.educam.debug/com.excell44.educam.MainActivity from=android.view.InsetsController.applyAnimation:1576 android.view.InsetsController.applyAnimation:1557 android.view.InsetsController.hide:1093 
11-28 12:46:11.463  9366  9366 I HBD     : HoneyBoardService onFinishInputView finishingInput= false
11-28 12:46:11.463 16873 16873 D InsetsSourceConsumer: setRequestedVisible: visible=false, type=19, host=com.excell44.educam.debug/com.excell44.educam.MainActivity, from=android.view.InsetsSourceConsumer.hide:257 android.view.ImeInsetsSourceConsumer.hide:88 android.view.ImeInsetsSourceConsumer.hide:94 android.view.InsetsController.hideDirectly:1593 android.view.InsetsController.controlAnimationUnchecked:1234 android.view.InsetsController.applyAnimation:1576 android.view.InsetsController.applyAnimation:1557 android.view.InsetsController.hide:1093 android.view.InsetsController.hide:1068 androidx.core.view.SoftwareKeyboardControllerCompat$Impl30.hide:225 
11-28 12:46:11.465 16873 16873 D InputMethodManager: startInputInner - Id : 0
11-28 12:46:11.465  9366  9366 I DecorView: notifyKeepScreenOnChanged: keepScreenOn=false
11-28 12:46:11.465 16873 16873 I InputMethodManager: startInputInner - mService.startInputOrWindowGainedFocus
