



















1-28 12:47:00.004  1737  1737 D KeyguardUpdateMonitor: received broadcast android.intent.action.TIME_TICK
11-28 12:47:00.005  1737  2139 D QSClockBellTower: onReceive(android.intent.action.TIME_TICK) mTimeZoneString:null
11-28 12:47:00.005  1737  1737 D KeyguardUpdateMonitor: handleTimeUpdate
11-28 12:47:00.006  1737  1737 D FaceWidgetPagesController: onTimeChanged()
11-28 12:47:00.017  1737  1737 D QSClockBellTower: He is ready to ring the bell. (((QSClockBellSound - TimeText:12:47, TimeContentDescription:12:47, DateText:ven. 28 novembre, ShortDateText:ven. 28 nov., Demo:false, QuickStar-Second(false|12:34:56))))
11-28 12:47:00.019  1737  1737 D QSClockIndicatorView: Home Indicator status_bar_clock 12:47 notifyTimeChanged(QSClockBellSound - TimeText:12:47, TimeContentDescription:12:47, DateText:ven. 28 novembre, ShortDateText:ven. 28 nov., Demo:false, QuickStar-Second(false|12:34:56)) ClockVisibleByPolicy:true, ClockVisibleByUser:true, visible?true, parent:android.widget.LinearLayout{f20bb96 V.E...... ......ID 0,0-71,44 #7f0b04f0 app:id/left_clock_container}
11-28 12:47:00.020  1737  1737 D QSClockBellTower: Everyone heard the bell. run(currentTime:1764330420007,   getTime():Fri Nov 28 12:47:00 GMT+01:00 2025,   getTimeZone():libcore.util.ZoneInfo[mDstSavings=0,mUseDst=false,mDelegate=[id="Africa/Douala",mRawOffset=3600000,mEarliestRawOffset=815000,transitions=4]])
11-28 12:47:00.026  1011  1106 I Light   : light data = 13.000000 .
11-28 12:47:00.060  1737  1737 I FaceWidgetPositionAlgorithm: getClockContainerHeight() supplier = 216, bottom margin = 0, real height = 584
11-28 12:47:00.061  1737  1737 I FaceWidgetPositionAlgorithm: getClockContainerHeight() supplier = 216, bottom margin = 48, real height = 584
11-28 12:47:00.061  1737  1737 I FaceWidgetPositionAlgorithm: getMediaContainerHeight() height = 0 container Visibility = 8, isValid = false, mIsDozing = false, fraction = 1.0, source = 0, target = 0
11-28 12:47:00.061  1737  1737 I FaceWidgetPositionAlgorithm: getMediaContainerHeight() supplier = 0
11-28 12:47:00.063  1737  1737 V QsExpandAnimator: setQsExpansionPosition 0.0
11-28 12:47:00.070  1737  1737 V QsExpandAnimator: updateAnimators
11-28 12:47:00.070  1737  1737 V QsExpandAnimator: clearAnimationState 
11-28 12:47:00.070  1737  1737 V QsExpandAnimator: updateViews
11-28 12:47:00.074  1737  1737 V QsExpandAnimator: updateTileAnimator
11-28 12:47:00.077  1737  1737 V QsExpandAnimator: updateHeaderAnimator
11-28 12:47:00.077  1737  1795 E IMGMapper: set:488 set: Unset optional value from type SMPTE2086
11-28 12:47:00.077  1737  1795 E IMGMapper: set:488 set: Unset optional value from type CTA861_3
11-28 12:47:00.078  1018  1018 I thermal_repeater: socket -1
11-28 12:47:00.078  1737  1737 V QsExpandAnimator: updateBarAnimator
11-28 12:47:00.078  1737  1737 V QsExpandAnimator: setQsExpansionPosition 0.0
11-28 12:47:00.078  1737  1737 V QsExpandAnimator: onAnimationAtStart
11-28 12:47:00.089   529   529 D io_stats: !@ 179,0 r 7382574 151862627 w 4347962 33884864 d 102600 20291976 f 0 0 iot 11959856 0 th 0 0 0 pt 0 inp 0 0 337781.508
11-28 12:47:00.089   766   766 I BufferQueueProducer: [StatusBar$_1737#83](this:0xb400007e9bb43838,id:-1,api:0,p:-1,c:766) queueBuffer: fps=0.50 dur=1992.96 max=1992.96 min=1992.96
11-28 12:47:00.210  1011  1106 I Accelerometer: acc data x = 1.395000, y = 0.696000, z = 9.662000 .
11-28 12:47:00.226  1011  1106 I Light   : light data = 13.000000 .
11-28 12:47:00.332 25952 26105 I EPDG -- [EPDGService]: Event received: SERVICE_STOP_CHECK
11-28 12:47:00.334 25952 26105 I EPDG -- SIM0 [Operator]: getSubId(): subID is : 5
11-28 12:47:00.343 25952 26105 I EPDG -- SIM1 [Operator]: getSubId(): subID is : 4
11-28 12:47:00.350 25952 26105 I EPDG -- SIM0 [Operator]: getSubId(): subID is : 5
11-28 12:47:00.364  2011 16755 I EntitlementContentProvider<0>: isVoWiFiEntitlementRequired: false
11-28 12:47:00.370 25952 26105 I EPDG -- SIM0 [EpdgEntitlement]: isEntitlementRequired : false
11-28 12:47:00.374 25952 26105 I EPDG -- SIM1 [Operator]: getSubId(): subID is : 4
11-28 12:47:00.381  2011 16755 I EntitlementContentProvider<1>: isVoWiFiEntitlementRequired: false
11-28 12:47:00.385 25952 26105 I EPDG -- SIM1 [EpdgEntitlement]: isEntitlementRequired : false
11-28 12:47:00.386 25952 26105 I EPDG -- [EPDGService]: scheduleTerminateEvent after : 5 secs.
11-28 12:47:00.426  1011  1106 I Light   : light data = 13.000000 .
11-28 12:47:00.627  1011  1106 I Light   : light data = 13.000000 .
11-28 12:47:00.628  1091 25234 D AALLightSensor: oldLux=11 [SA:12 LA:10] newLux=11 (oriLux: 13)
11-28 12:47:00.712  1341  3028 I GenerationRegistry: mBackingStore.isClosed() : false
11-28 12:47:00.827  1011  1106 I Light   : light data = 13.000000 .
11-28 12:47:01.011  1011  1106 I Accelerometer: acc data x = 1.395000, y = 0.676000, z = 9.662000 .
11-28 12:47:01.027  1011  1106 I Light   : light data = 13.000000 .
11-28 12:47:01.061  1685  1685 I WifiHAL : Get link layer stats
11-28 12:47:01.061  1685  1685 I WifiHAL : GetLinkStatsCommand::create
11-28 12:47:01.061  1685  1685 D android.hardware.wifi@1.0-service-lazy: WifiRequest::create vendor command to iface 38, vendor_id=0x1a11, subcmd=0x1200, res=0
11-28 12:47:01.061  1685  1685 I android.hardware.wifi@1.0-service-lazy: WifiCommand::requestResponse err=-95
11-28 12:47:01.061  1685  1685 I WifiHAL : wifi_get_link_stats: result=-3
11-28 12:47:01.063  1341  1567 E WifiVendorHal: getWifiLinkLayerStats_1_5_Internal(l.1179) failed {.code = ERROR_NOT_SUPPORTED, .description = }
11-28 12:47:01.073  1341 11139 D SemWifiUsabilityStatsMonitor: onWifiUsabilityStats - seqNum 26298, isSameBssidAndFreq true
11-28 12:47:01.076  1737  1737 D NetworkController.WifiSignalController: notifyListener: visible=true, connected=true, inetCondition=1, isDefault=true, wifiTestReported=true, receivedInetCondition=-1, hideDuringMobileSwitching=false
11-28 12:47:01.078  1737  1862 D Tile.WifiTile: handleUpdateState isTransient=false transientEnabling =false cb.isTransient=false state.state = 2 mStateBeforeClick.value =false enabled =true
11-28 12:47:01.079  1341  1641 I SemWifiLinkQualityMonitor: Link Qos query: inf. ms / 0 Mbps
11-28 12:47:01.092 17364 17364 I 44.educam.debug: hiddenapi: Accessing hidden method Landroid/os/SystemProperties;->addChangeCallback(Ljava/lang/Runnable;)V (runtime_flags=0, domain=platform, api=unsupported) from Landroidx/compose/ui/platform/AndroidComposeView$Companion; (domain=app) using reflection: allowed
11-28 12:47:01.102  1737  1795 E IMGMapper: set:488 set: Unset optional value from type SMPTE2086
11-28 12:47:01.102  1737  1795 E IMGMapper: set:488 set: Unset optional value from type CTA861_3
11-28 12:47:01.115   766   766 I BufferQueueProducer: [StatusBar$_1737#83](this:0xb400007e9bb43838,id:-1,api:0,p:-1,c:766) queueBuffer: fps=0.98 dur=1025.56 max=1025.56 min=1025.56
11-28 12:47:01.118   738   839 I hwcomposer: [HWCDisplay] [Display_0 (type:1)] fps:2.030310,dur:1477.61,max:1025.77,min:17.49  
11-28 12:47:01.226  1011  1106 I Light   : light data = 13.000000 .
11-28 12:47:01.426  1011  1106 I Light   : light data = 13.000000 .
11-28 12:47:01.555  1341  1483 D SensorService: [SO] 1.395 0.657 9.624
11-28 12:47:01.627  1011  1106 I Light   : light data = 13.000000 .
11-28 12:47:01.718  1341  1378 I AppOps  : commitUidPendingStateLocked() :: UID - 10400, 200 > 200, 15 > 15
11-28 12:47:01.721  1341  1370 V WindowManager: *** APP TRANSITION TIMEOUT. displayId=0
11-28 12:47:01.721  1341  1370 V WindowManager: * transit=mNextAppTransitionRequests=[TRANSIT_OPEN, TRANSIT_OPEN], mNextAppTransitionFlags= state=APP_STATE_READY
11-28 12:47:01.721  1341  1370 V WindowManager: * ActivityRecord{1bf7ad0 u0 com.excell44.educam.debug/com.excell44.educam.MainActivity} t352}, allDrawn=false
11-28 12:47:01.737  1341  1370 V WindowManager: 	* mDisplayId=0 rootTaskId=352 mSession=Session{54aeef5 17364:u0a10400} mClient=android.os.BinderProxy@4617afb
11-28 12:47:01.737  1341  1370 V WindowManager: 	* mOwnerUid=10400 showForAllUsers=false package=com.excell44.educam.debug appop=NONE
11-28 12:47:01.737  1341  1370 V WindowManager: 	* mAttrs={(0,0)(fillxfill) sim={forwardNavigation} layoutInDisplayCutoutMode=always ty=BASE_APPLICATION wanim=0x1030309
11-28 12:47:01.737  1341  1370 V WindowManager: 	*   fl=81810100
11-28 12:47:01.737  1341  1370 V WindowManager: 	*   pfl=16020040
11-28 12:47:01.737  1341  1370 V WindowManager: 	*   vsysui=2110
11-28 12:47:01.737  1341  1370 V WindowManager: 	*   apr=LIGHT_STATUS_BARS LIGHT_NAVIGATION_BARS
11-28 12:47:01.737  1341  1370 V WindowManager: 	*   bhv=DEFAULT
11-28 12:47:01.737  1341  1370 V WindowManager: 	*   fitSides= naviIconColor=0}
11-28 12:47:01.737  1341  1370 V WindowManager: 	* Requested w=-1 h=-1 mLayoutSeq=-1
11-28 12:47:01.737  1341  1370 V WindowManager: 	* mBaseLayer=21000 mSubLayer=0	* mToken=ActivityRecord{1bf7ad0 u0 com.excell44.educam.debug/com.excell44.educam.MainActivity} t352}
11-28 12:47:01.737  1341  1370 V WindowManager: 	* mActivityRecord=ActivityRecord{1bf7ad0 u0 com.excell44.educam.debug/com.excell44.educam.MainActivity} t352}
11-28 12:47:01.737  1341  1370 V WindowManager: 	* mAppDied=false	* drawnStateEvaluated=false	* mightAffectAllDrawn=true
11-28 12:47:01.737  1341  1370 V WindowManager: 	* mViewVisibility=0x4 mHaveFrame=false mObscured=false
11-28 12:47:01.737  1341  1370 V WindowManager: 	* mRelayoutCalled=false mLayoutNeeded=false
11-28 12:47:01.737  1341  1370 V WindowManager: 	* mGivenContentInsets=[0,0][0,0] mGivenVisibleInsets=[0,0][0,0]
11-28 12:47:01.737  1341  1370 V WindowManager: 	* mFullConfiguration={1.5 624mcc2mnc [fr_FR] ldltr sw360dp w360dp h728dp 320dpi nrml long port finger -keyb/v/h -nav/h winConfig={ mBounds=Rect(0, 0 - 720, 1600) mAppBounds=Rect(0, 45 - 720, 1504) mMaxBounds=Rect(0, 0 - 720, 1600) mDisplayRotation=ROTATION_0 mWindowingMode=fullscreen mDisplayWindowingMode=fullscreen mActivityType=standard mAlwaysOnTop=undefined mRotation=ROTATION_0 mPopOver=off mStageConfig=undefined mFreeformTaskPinningState=unpinned mFreeformStashState=undefined} as.16 s.1 fontWeightAdjustment=300 ff=0 bf=1 bts=1 themeSeq=1 nightDim=-1}
11-28 12:47:01.737  1341  1370 V WindowManager: 	* mLastReportedConfiguration={0.0 ?mcc?mnc ?localeList ?layoutDir ?swdp ?wdp ?hdp ?density ?lsize ?long ?ldr ?wideColorGamut ?orien ?uimode ?night ?touch ?keyb/?/? ?nav/? winConfig={ mBounds=Rect(0, 0 - 0, 0) mAppBounds=null mMaxBounds=Rect(0, 0 - 0, 0) mDisplayRotation=undefined mWindowingMode=undefined mDisplayWindowingMode=undefined mActivityType=undefined mAlwaysOnTop=undefined mRotation=undefined mPopOver=undefined mStageConfig=undefined mFreeformTaskPinningState=undefined mFreeformStashState=undefined} ?fontWeightAdjustment ff=0 bf=-1 bts=-1 themeSeq=0 nightDim=-1}
11-28 12:47:01.737  1341  1370 V WindowManager: 	* mHasSurface=false isReadyForDisplay()=false mWindowRemovalAllowed=false
11-28 12:47:01.737  1341  1370 V WindowManager: 	* Frames: parent=[0,0][0,0] display=[0,0][0,0] frame=[0,0][0,0] last=[0,0][0,0] insetsChanged=false
11-28 12:47:01.737  1341  1370 V WindowManager: 	*  surface=[0,0][0,0]
11-28 12:47:01.737  1341  1370 V WindowManager: 	* WindowStateAnimator{e6b2ae2 com.excell44.educam.debug/com.excell44.educam.MainActivity}:
11-28 12:47:01.737  1341  1370 V WindowManager: 	*   mDrawState=NO_SURFACE	*    mLastHidden=false
11-28 12:47:01.737  1341  1370 V WindowManager: 	*   mEnterAnimationPending=true	*   mSystemDecorRect=[0,0][0,0]
11-28 12:47:01.737  1341  1370 V WindowManager: 	*   mShownAlpha=0.0 mAlpha=1.0 mLastAlpha=0.0
11-28 12:47:01.737  1341  1370 V WindowManager: 	* mForceSeamlesslyRotate=false seamlesslyRotate: pending=null	* isOnScreen=false
11-28 12:47:01.737  1341  1370 V WindowManager: 	* isVisible=false
11-28 12:47:01.737  1341  1370 V WindowManager: 	* keepClearAreas: restricted=[], unrestricted=[]
11-28 12:47:01.740  1341  1370 D WindowManager: Loading animation for app transition. transit=TRANSIT_OLD_TASK_OPEN enter=true frame=Rect(0, 0 - 0, 0) insets=Rect(0, 0 - 0, 0) surfaceInsets=Rect(0, 0 - 0, 0)
11-28 12:47:01.746   766   853 I SurfaceFlinger: id=19258 createSurf flag=20004, DimAnimationLayer for Task=352#19258
11-28 12:47:01.749  1341  1370 I WindowManager: Reparenting to leash, surface=Surface(name=Task=352)/@0x8b35235, leashParent=Surface(name=DefaultTaskDisplayArea)/@0xc975a6b
11-28 12:47:01.750   766   853 I SurfaceFlinger: id=19259 createSurf flag=24004, Surface(name=Task=352)/@0x8b35235 - animation-leash of app_transition#19259
11-28 12:47:01.752  1341  1370 D WindowManager: makeSurface duration=2 leash=Surface(name=Surface(name=Task=352)/@0x8b35235 - animation-leash of app_transition)/@0xca171a9
11-28 12:47:01.759  1341  1370 I WindowManager: Cancelling animation restarting=true, leash=Surface(name=Surface(name=528b8b0 StatusBar)/@0x97829b3 - animation-leash of insets_animation)/@0x41d32a3
11-28 12:47:01.759  1341  1370 I WindowManager: Reparenting to original parent: Surface(name=WindowToken{e4213f3 type=2000 android.os.BinderProxy@654f12d})/@0x8507b70, destroy=false, surface=Surface(name=528b8b0 StatusBar)/@0x97829b3
11-28 12:47:01.759  1341  1370 I WindowManager: Reparenting to leash, surface=Surface(name=528b8b0 StatusBar)/@0x97829b3, leashParent=Surface(name=WindowToken{e4213f3 type=2000 android.os.BinderProxy@654f12d})/@0x8507b70
11-28 12:47:01.760   766  4886 I SurfaceFlinger: id=19260 createSurf flag=24000, Surface(name=528b8b0 StatusBar)/@0x97829b3 - animation-leash of insets_animation#19260
11-28 12:47:01.762  1341  1370 D WindowManager: makeSurface duration=2 leash=Surface(name=Surface(name=528b8b0 StatusBar)/@0x97829b3 - animation-leash of insets_animation)/@0xf655ecf
11-28 12:47:01.763  1341  1370 I WindowManager: Cancelling animation restarting=true, leash=Surface(name=Surface(name=ab6e286 NavigationBar0)/@0x400176e - animation-leash of insets_animation)/@0x571e959
11-28 12:47:01.763  1341  1370 I WindowManager: Reparenting to original parent: Surface(name=WindowToken{f660761 type=2019 android.os.BinderProxy@4e54f6b})/@0x841ae0f, destroy=false, surface=Surface(name=ab6e286 NavigationBar0)/@0x400176e
11-28 12:47:01.763  1341  1370 I WindowManager: Reparenting to leash, surface=Surface(name=ab6e286 NavigationBar0)/@0x400176e, leashParent=Surface(name=WindowToken{f660761 type=2019 android.os.BinderProxy@4e54f6b})/@0x841ae0f
11-28 12:47:01.764   766  4886 I SurfaceFlinger: id=19261 createSurf flag=24000, Surface(name=ab6e286 NavigationBar0)/@0x400176e - animation-leash of insets_animation#19261
11-28 12:47:01.766  1341  1370 D WindowManager: makeSurface duration=2 leash=Surface(name=Surface(name=ab6e286 NavigationBar0)/@0x400176e - animation-leash of insets_animation)/@0x663343a
11-28 12:47:01.770  1737  1737 D SamsungLightBarControlHelper: onStatusBarAppearanceChanged() -  sbModeChanged:false, statusBarMode:MODE_TRANSPARENT, barState:SHADE, isKeyguardShowing:false, navbarColorManagedByIme:false, stackAppearancesChanged:true, (AppearanceRegion{LIGHT_STATUS_BARS bounds=[0,0][720,1600]}, ), packageName:com.excell44.educam.debug
11-28 12:47:01.771  1737  1737 D NavigationBar: onSystemBarAttributesChanged() -  displayId:0, appearance:8, packageName: com.excell44.educam.debug (APPEARANCE_LIGHT_STATUS_BARS ), navbarColorManagedByIme:false
11-28 12:47:01.775  1341  1370 D WindowManager: updateSystemBarAttributes: displayId=0, win=Window{a1c0718 u0 com.excell44.educam.debug/com.excell44.educam.MainActivity}, navColorWin=null, focusedCanBeNavColorWin=false, behavior=1, appearance=8, statusBarAppearanceRegions=[AppearanceRegion{LIGHT_STATUS_BARS bounds=[0,0][720,1600]}], requestedVisibilities=, from=com.android.server.wm.DisplayPolicy.finishPostLayoutPolicyLw:2527 com.android.server.wm.DisplayContent.applySurfaceChangesTransaction:5699 com.android.server.wm.RootWindowContainer.applySurfaceChangesTransaction:1234 
11-28 12:47:01.776  1737  1737 D SamsungLightBarControlHelper: updateStatus(BLACK icon) NumStacks:1, StatusBarMode:MODE_TRANSPARENT, lightBarBounds:[Rect(0, 0 - 720, 1600)], StatusBarState:SHADE, packageName:com.excell44.educam.debug, isWhiteKeyguardStatusBarBySettings:false
11-28 12:47:01.777   766  1819 I SurfaceFlinger: id=19262 createSurf flag=80000, 3100a93 ActivityRecordInputSink com.excell44.educam.debug/com.excell44.educam.MainActivity#19262
11-28 12:47:01.787  1737  1737 I ViewRootImpl@a308e6[NotificationShade]: performTraversals mFirst=false windowShouldResize=false viewVisibilityChanged=false mForceNextWindowRelayout=false params={(0,0)(fillxfill) gr=TOP CENTER_VERTICAL sim={adjust=resize} layoutInDisplayCutoutMode=always ty=NOTIFICATION_SHADE fmt=TRANSLUCENT
11-28 12:47:01.787  1737  1737 I ViewRootImpl@a308e6[NotificationShade]:   fl=81840048
11-28 12:47:01.787  1737  1737 I ViewRootImpl@a308e6[NotificationShade]:   pfl=1b000000
11-28 12:47:01.787  1737  1737 I ViewRootImpl@a308e6[NotificationShade]:   vsysui=2000
11-28 12:47:01.787  1737  1737 I ViewRootImpl@a308e6[NotificationShade]:   apr=LIGHT_STATUS_BARS
11-28 12:47:01.787  1737  1737 I ViewRootImpl@a308e6[NotificationShade]:   bhv=SHOW_TRANSIENT_BARS_BY_SWIPE naviIconColor=0
11-28 12:47:01.787  1737  1737 I ViewRootImpl@a308e6[NotificationShade]:   sfl=40000}
11-28 12:47:01.793  1737  1795 E IMGMapper: set:488 set: Unset optional value from type SMPTE2086
11-28 12:47:01.793  1737  1795 E IMGMapper: set:488 set: Unset optional value from type CTA861_3
11-28 12:47:01.793  1341  3017 V WindowManager: Relayout Window{724ac9e u0 NotificationShade}: viewVisibility=4 req=720x1600 d0
11-28 12:47:01.795   766   766 I Layer   : id=19251 removeFromCurrentState Surface(name=528b8b0 StatusBar)/@0x97829b3 - animation-leash of insets_animation#19251 (137)
11-28 12:47:01.795   766   766 I Layer   : id=19252 removeFromCurrentState Surface(name=ab6e286 NavigationBar0)/@0x400176e - animation-leash of insets_animation#19252 (137)
11-28 12:47:01.796   766   766 I SurfaceFlinger: id=19251 Removed Surface(name=528b8b0 StatusBar)/@0x97829b3 - animation-leash of insets_animation#19251 (137)
11-28 12:47:01.796   766   766 I SurfaceFlinger: id=19252 Removed Surface(name=ab6e286 NavigationBar0)/@0x400176e - animation-leash of insets_animation#19252 (137)
11-28 12:47:01.796   766   766 I Layer   : id=19251 Destroyed Surface(name=528b8b0 StatusBar)/@0x97829b3 - animation-leash of insets_animation#19251
11-28 12:47:01.796   766   766 I Layer   : id=19252 Destroyed Surface(name=ab6e286 NavigationBar0)/@0x400176e - animation-leash of insets_animation#19252
11-28 12:47:01.800  1341  3017 V WindowManager: Relayout hash=724ac9e, pid=1737, syncId=-1: mAttrs={(0,0)(fillxfill) gr=TOP CENTER_VERTICAL sim={adjust=resize} layoutInDisplayCutoutMode=always ty=NOTIFICATION_SHADE fmt=TRANSLUCENT
11-28 12:47:01.800  1341  3017 V WindowManager:   fl=81840048
11-28 12:47:01.800  1341  3017 V WindowManager:   pfl=1b000000
11-28 12:47:01.800  1341  3017 V WindowManager:   vsysui=2000
11-28 12:47:01.800  1341  3017 V WindowManager:   apr=LIGHT_STATUS_BARS
11-28 12:47:01.800  1341  3017 V WindowManager:   bhv=SHOW_TRANSIENT_BARS_BY_SWIPE naviIconColor=0
11-28 12:47:01.800  1341  3017 V WindowManager:   sfl=40000}
11-28 12:47:01.802  1737  1737 I ViewRootImpl@a308e6[NotificationShade]: Relayout returned: old=(0,0,720,1600) new=(0,0,720,1600) req=(720,1600)4 dur=13 res=0x0 s={false 0x0} ch=false seqId=2
11-28 12:47:01.811  1011  1106 I Accelerometer: acc data x = 1.453000, y = 0.676000, z = 9.624000 .
11-28 12:47:01.812  1737  1737 I FaceWidgetPositionAlgorithm: getClockContainerHeight() supplier = 216, bottom margin = 0, real height = 584
11-28 12:47:01.813  1737  1737 I FaceWidgetPositionAlgorithm: getClockContainerHeight() supplier = 216, bottom margin = 48, real height = 584
11-28 12:47:01.813  1737  1737 I FaceWidgetPositionAlgorithm: getMediaContainerHeight() height = 0 container Visibility = 8, isValid = false, mIsDozing = false, fraction = 1.0, source = 0, target = 0
11-28 12:47:01.813  1737  1737 I FaceWidgetPositionAlgorithm: getMediaContainerHeight() supplier = 0
11-28 12:47:01.818   766   766 D SurfaceFlinger: Display 0 HWC layers:
11-28 12:47:01.818   766   766 D SurfaceFlinger:  SOLID_COLOR |              | 0000 |  Unknown  |    0.0    0.0    0.0    0.0 |    0    0  720 1600 | DimAnimationLayer for Task=352#19258
11-28 12:47:01.818   766   766 D SurfaceFlinger:      DEVICE | 0xb400007e7ae88200 | 0100 | RGBA_8888    |    0.0    0.0  720.0   48.0 |    0    0  720   48 | StatusBar$_1737#83
11-28 12:47:01.818   766   766 D SurfaceFlinger:      DEVICE | 0xb400007e9ba7cd60 | 0100 | RGBA_8888    |    0.0    0.0  720.0   96.0 |    0 1504  720 1600 | NavigationBar0$_1737#78
11-28 12:47:01.818   766   766 D SurfaceFlinger: 
11-28 12:47:01.826  1011  1106 I Light   : light data = 13.000000 .
11-28 12:47:01.828  1737  1795 E IMGMapper: set:488 set: Unset optional value from type SMPTE2086
11-28 12:47:01.828  1737  1795 E IMGMapper: set:488 set: Unset optional value from type CTA861_3
11-28 12:47:01.842  1737  1795 E IMGMapper: set:488 set: Unset optional value from type SMPTE2086
11-28 12:47:01.842  1737  1795 E IMGMapper: set:488 set: Unset optional value from type CTA861_3
11-28 12:47:01.858  1737  1795 E IMGMapper: set:488 set: Unset optional value from type SMPTE2086
11-28 12:47:01.858  1737  1795 E IMGMapper: set:488 set: Unset optional value from type CTA861_3
11-28 12:47:01.874  1737  1795 E IMGMapper: set:488 set: Unset optional value from type SMPTE2086
11-28 12:47:01.874  1737  1795 E IMGMapper: set:488 set: Unset optional value from type CTA861_3
11-28 12:47:01.893  1737  1795 E IMGMapper: set:488 set: Unset optional value from type SMPTE2086
11-28 12:47:01.893  1737  1795 E IMGMapper: set:488 set: Unset optional value from type CTA861_3
11-28 12:47:01.907  1737  1795 E IMGMapper: set:488 set: Unset optional value from type SMPTE2086
11-28 12:47:01.907  1737  1795 E IMGMapper: set:488 set: Unset optional value from type CTA861_3
11-28 12:47:01.925  1737  1795 E IMGMapper: set:488 set: Unset optional value from type SMPTE2086
11-28 12:47:01.925  1737  1795 E IMGMapper: set:488 set: Unset optional value from type CTA861_3
11-28 12:47:01.954  1737  1795 E IMGMapper: set:488 set: Unset optional value from type SMPTE2086
11-28 12:47:01.954  1737  1795 E IMGMapper: set:488 set: Unset optional value from type CTA861_3
11-28 12:47:01.962   766   766 I BufferQueueProducer: [NavigationBar0$_1737#78](this:0xb400007e9bb3a838,id:-1,api:0,p:-1,c:766) queueBuffer: fps=2.73 dur=8046.10 max=7567.85 min=11.12
11-28 12:47:01.971  1737  1795 E IMGMapper: set:488 set: Unset optional value from type SMPTE2086
11-28 12:47:01.971  1737  1795 E IMGMapper: set:488 set: Unset optional value from type CTA861_3
11-28 12:47:01.988  1737  1795 E IMGMapper: set:488 set: Unset optional value from type SMPTE2086
11-28 12:47:01.989  1737  1795 E IMGMapper: set:488 set: Unset optional value from type CTA861_3
11-28 12:47:02.006  1737  1795 E IMGMapper: set:488 set: Unset optional value from type SMPTE2086
11-28 12:47:02.006  1737  1795 E IMGMapper: set:488 set: Unset optional value from type CTA861_3
11-28 12:47:02.023  1737  1795 E IMGMapper: set:488 set: Unset optional value from type SMPTE2086
11-28 12:47:02.023  1737  1795 E IMGMapper: set:488 set: Unset optional value from type CTA861_3
11-28 12:47:02.026  1011  1106 I Light   : light data = 13.000000 .
11-28 12:47:02.037  1737  1795 E IMGMapper: set:488 set: Unset optional value from type SMPTE2086
11-28 12:47:02.037  1737  1795 E IMGMapper: set:488 set: Unset optional value from type CTA861_3
11-28 12:47:02.054  1737  1795 E IMGMapper: set:488 set: Unset optional value from type SMPTE2086
11-28 12:47:02.054  1737  1795 E IMGMapper: set:488 set: Unset optional value from type CTA861_3
11-28 12:47:02.065 17364 17368 I 44.educam.debug: Compiler allocated 6178KB to compile void android.view.ViewRootImpl.performTraversals()
11-28 12:47:02.069  1737  1795 E IMGMapper: set:488 set: Unset optional value from type SMPTE2086
11-28 12:47:02.069  1737  1795 E IMGMapper: set:488 set: Unset optional value from type CTA861_3
11-28 12:47:02.088  1737  1795 E IMGMapper: set:488 set: Unset optional value from type SMPTE2086
11-28 12:47:02.088  1737  1795 E IMGMapper: set:488 set: Unset optional value from type CTA861_3
11-28 12:47:02.090   529   529 D io_stats: !@ 179,0 r 7382594 151862707 w 4347967 33884908 d 102600 20291976 f 0 0 iot 11959896 0 th 0 0 0 pt 0 inp 0 0 337783.509
11-28 12:47:02.132   738   839 I hwcomposer: [HWCDisplay] [Display_0 (type:1)] fps:22.688637,dur:1013.72,max:646.56,min:14.48  
11-28 12:47:02.146 17364 17364 I ViewRootImpl@4a720a7[MainActivity]: performTraversals params={(0,0)(fillxfill) sim={adjust=pan forwardNavigation} layoutInDisplayCutoutMode=always ty=BASE_APPLICATION wanim=0x1030309
11-28 12:47:02.146 17364 17364 I ViewRootImpl@4a720a7[MainActivity]:   fl=81810100
11-28 12:47:02.146 17364 17364 I ViewRootImpl@4a720a7[MainActivity]:   pfl=16020040
11-28 12:47:02.146 17364 17364 I ViewRootImpl@4a720a7[MainActivity]:   vsysui=2110
11-28 12:47:02.146 17364 17364 I ViewRootImpl@4a720a7[MainActivity]:   apr=LIGHT_STATUS_BARS LIGHT_NAVIGATION_BARS
11-28 12:47:02.146 17364 17364 I ViewRootImpl@4a720a7[MainActivity]:   bhv=DEFAULT
11-28 12:47:02.146 17364 17364 I ViewRootImpl@4a720a7[MainActivity]:   fitSides= naviIconColor=0}
11-28 12:47:02.153 17364 17364 I ViewRootImpl@4a720a7[MainActivity]: performTraversals mFirst=true windowShouldResize=true viewVisibilityChanged=false mForceNextWindowRelayout=false params={(0,0)(fillxfill) sim={adjust=pan forwardNavigation} layoutInDisplayCutoutMode=always ty=BASE_APPLICATION wanim=0x1030309
11-28 12:47:02.153 17364 17364 I ViewRootImpl@4a720a7[MainActivity]:   fl=81810100
11-28 12:47:02.153 17364 17364 I ViewRootImpl@4a720a7[MainActivity]:   pfl=16020040
11-28 12:47:02.153 17364 17364 I ViewRootImpl@4a720a7[MainActivity]:   vsysui=2110
11-28 12:47:02.153 17364 17364 I ViewRootImpl@4a720a7[MainActivity]:   apr=LIGHT_STATUS_BARS LIGHT_NAVIGATION_BARS
11-28 12:47:02.153 17364 17364 I ViewRootImpl@4a720a7[MainActivity]:   bhv=DEFAULT
11-28 12:47:02.153 17364 17364 I ViewRootImpl@4a720a7[MainActivity]:   fitSides= naviIconColor=0}
11-28 12:47:02.155  1341  3016 V WindowManager: Relayout Window{a1c0718 u0 com.excell44.educam.debug/com.excell44.educam.MainActivity}: viewVisibility=0 req=720x1600 d0
11-28 12:47:02.155  1341  3016 D RestrictionPolicy: isScreenCaptureEnabled : ret=true userId=0
11-28 12:47:02.156   766   853 I BufferQueueDebug: [com.excell44.educam.debug/com.excell44.educam.MainActivity$_17364#19263](this:0xb400007e9bbb6838,id:-1,api:0,p:-1,c:-1) BufferQueue core=(766:/system/bin/surfaceflinger)
11-28 12:47:02.156   766   853 I SurfaceFlinger: id=19263 createSurf flag=40004, com.excell44.educam.debug/com.excell44.educam.MainActivity$_17364#19263
11-28 12:47:02.157  1341  3016 D WindowManager: makeSurface duration=2 name=com.excell44.educam.debug/com.excell44.educam.MainActivity$_17364
11-28 12:47:02.161  1737  1737 D NavigationBar: onSystemBarAttributesChanged() -  displayId:0, appearance:24, packageName: com.excell44.educam.debug (APPEARANCE_LIGHT_STATUS_BARS APPEARANCE_LIGHT_NAVIGATION_BARS ), navbarColorManagedByIme:false
11-28 12:47:02.162  1341  3016 D WindowManager: updateSystemBarAttributes: displayId=0, win=Window{a1c0718 u0 com.excell44.educam.debug/com.excell44.educam.MainActivity}, navColorWin=Window{a1c0718 u0 com.excell44.educam.debug/com.excell44.educam.MainActivity}, focusedCanBeNavColorWin=false, behavior=1, appearance=24, statusBarAppearanceRegions=[AppearanceRegion{LIGHT_STATUS_BARS bounds=[0,0][720,1600]}], requestedVisibilities=, from=com.android.server.wm.DisplayPolicy.finishPostLayoutPolicyLw:2527 com.android.server.wm.DisplayContent.applySurfaceChangesTransaction:5699 com.android.server.wm.RootWindowContainer.applySurfaceChangesTransaction:1234 
11-28 12:47:02.163  1737  1737 D SamsungLightBarControlHelper: updateNavigation(Black button) isLightBar:false, hasLightBarNavigationBarFlag:true, packageName:com.excell44.educam.debug, DirectReplying:false, NavBarColorManagerdByIme:false, ForceDarkForScrim:false, QsCustomizing:false, PanelHasWhiteBg:true
11-28 12:47:02.165  1341  3016 V WindowManager: Changing focus from null to Window{a1c0718 u0 com.excell44.educam.debug/com.excell44.educam.MainActivity} displayId=0 Callers=com.android.server.wm.RootWindowContainer.updateFocusedWindowLocked:595 com.android.server.wm.WindowManagerService.updateFocusedWindowLocked:6803 com.android.server.wm.WindowManagerService.relayoutWindow:2813 com.android.server.wm.Session.relayout:274 
11-28 12:47:02.166  1341  3016 D MARsPolicyManager: onPackageResumedFG pkgName = com.excell44.educam.debug, userId = 0
11-28 12:47:02.166  1341  3016 D StatusBarManagerService: notifyRequestedSystemKey recent=false home=false
11-28 12:47:02.168  1341  1371 I WindowManager: Reparenting to original parent: Surface(name=DefaultTaskDisplayArea)/@0xc975a6b, destroy=true, surface=Surface(name=Task=352)/@0x8b35235
11-28 12:47:02.169  1341  3016 V WindowManager: Relayout hash=a1c0718, pid=17364, syncId=-1: mAttrs={(0,0)(fillxfill) sim={adjust=pan forwardNavigation} layoutInDisplayCutoutMode=always ty=BASE_APPLICATION wanim=0x1030309
11-28 12:47:02.169  1341  3016 V WindowManager:   fl=81810100
11-28 12:47:02.169  1341  3016 V WindowManager:   pfl=16020040
11-28 12:47:02.169  1341  3016 V WindowManager:   vsysui=2110
11-28 12:47:02.169  1341  3016 V WindowManager:   apr=LIGHT_STATUS_BARS LIGHT_NAVIGATION_BARS
11-28 12:47:02.169  1341  3016 V WindowManager:   bhv=DEFAULT
11-28 12:47:02.169  1341  3016 V WindowManager:   fitSides= naviIconColor=0}
11-28 12:47:02.177 17364 17364 I ViewRootImpl@4a720a7[MainActivity]: updateBlastSurfaceIfNeeded mBlastBufferQueue=null isSameSurfaceControl=false
11-28 12:47:02.178 17364 17364 D BufferQueueConsumer: [](id:43d400000000,api:0,p:-1,c:17364) connect: controlledByApp=false
11-28 12:47:02.178   766   766 I Layer   : id=19259 removeFromCurrentState Surface(name=Task=352)/@0x8b35235 - animation-leash of app_transition#19259 (136)
11-28 12:47:02.178   766   766 I Layer   : id=19258 removeFromCurrentState DimAnimationLayer for Task=352#19258 (136)
11-28 12:47:02.178   766   766 D SurfaceFlinger: [input] inputWindowCommands.focusRequests size is 1
11-28 12:47:02.178   766   766 I SurfaceFlinger: id=19258 Removed DimAnimationLayer for Task=352#19258 (136)
11-28 12:47:02.179   766   766 I SurfaceFlinger: id=19259 Removed Surface(name=Task=352)/@0x8b35235 - animation-leash of app_transition#19259 (136)
11-28 12:47:02.179   766   766 I Layer   : id=19259 Destroyed Surface(name=Task=352)/@0x8b35235 - animation-leash of app_transition#19259
11-28 12:47:02.181   766   963 D SurfaceFlinger: [input] setFocusedWindow: a1c0718 com.excell44.educam.debug/com.excell44.educam.MainActivity
11-28 12:47:02.181 17364 17364 I BLASTBufferQueue: new BLASTBufferQueue, mName= ViewRootImpl@4a720a7[MainActivity] mNativeObject= 0xb400007d9e50f080 sc.mNativeObject= 0xb400007da8d756e0 caller= android.view.ViewRootImpl.updateBlastSurfaceIfNeeded:2909 android.view.ViewRootImpl.relayoutWindow:9847 android.view.ViewRootImpl.performTraversals:3884 android.view.ViewRootImpl.doTraversal:3116 android.view.ViewRootImpl$TraversalRunnable.run:10885 android.view.Choreographer$CallbackRecord.run:1301 android.view.Choreographer$CallbackRecord.run:1309 android.view.Choreographer.doCallbacks:923 android.view.Choreographer.doFrame:852 android.view.Choreographer$FrameDisplayEventReceiver.run:1283 
11-28 12:47:02.182  1341  3017 D InputDispatcher: Focus request (0): a1c0718 com.excell44.educam.debug/com.excell44.educam.MainActivity but waiting because NO_WINDOW
11-28 12:47:02.182   766   766 I Layer   : id=19258 Destroyed DimAnimationLayer for Task=352#19258
11-28 12:47:02.182 17364 17364 I BLASTBufferQueue: update, w= 720 h= 1600 mName = ViewRootImpl@4a720a7[MainActivity] mNativeObject= 0xb400007d9e50f080 sc.mNativeObject= 0xb400007da8d756e0 format= -1 caller= android.graphics.BLASTBufferQueue.<init>:84 android.view.ViewRootImpl.updateBlastSurfaceIfNeeded:2909 android.view.ViewRootImpl.relayoutWindow:9847 android.view.ViewRootImpl.performTraversals:3884 android.view.ViewRootImpl.doTraversal:3116 android.view.ViewRootImpl$TraversalRunnable.run:10885 
11-28 12:47:02.185   766   766 D SurfaceFlinger: Display 0 HWC layers:
11-28 12:47:02.185   766   766 D SurfaceFlinger:      DEVICE | 0xb400007e9ba7ce40 | 0100 | RGBA_8888    |    0.0    0.0  720.0   48.0 |    0    0  720   48 | StatusBar$_1737#83
11-28 12:47:02.185   766   766 D SurfaceFlinger:      DEVICE | 0xb400007e9ba7cd60 | 0100 | RGBA_8888    |    0.0    0.0  720.0   96.0 |    0 1504  720 1600 | NavigationBar0$_1737#78
11-28 12:47:02.185   766   766 D SurfaceFlinger: 
11-28 12:47:02.185 17364 17364 E FBI     : Can't load library: dlopen failed: library "libmagtsync.so" not found
11-28 12:47:02.185  1737  1795 E IMGMapper: set:488 set: Unset optional value from type SMPTE2086
11-28 12:47:02.185  1737  1795 E IMGMapper: set:488 set: Unset optional value from type CTA861_3
11-28 12:47:02.186 17364 17364 I ViewRootImpl@4a720a7[MainActivity]: Relayout returned: old=(0,0,720,1600) new=(0,0,720,1600) req=(720,1600)0 dur=22 res=0x3 s={true 0xb400007da8ce7000} ch=true seqId=0
11-28 12:47:02.190 17364 17364 I ViewRootImpl@4a720a7[MainActivity]: mThreadedRenderer.initialize() mSurface={isValid=true 0xb400007da8ce7000} hwInitialized=true
11-28 12:47:02.191   766  1819 E HWComposer: getSupportedContentTypes: getSupportedContentTypes failed for display 0: Unsupported (8)
11-28 12:47:02.193 17364 17384 D OpenGLRenderer: eglCreateWindowSurface
11-28 12:47:02.201  1737  1795 E IMGMapper: set:488 set: Unset optional value from type SMPTE2086
11-28 12:47:02.201   478   562 I servicemanager: Could not find android.hardware.graphics.allocator.IAllocator/default in the VINTF manifest.
11-28 12:47:02.201  1737  1795 E IMGMapper: set:488 set: Unset optional value from type CTA861_3
11-28 12:47:02.203 17364 17388 E ion     : ioctl c0044901 failed with code -1: Invalid argument
11-28 12:47:02.216  1737  1795 E IMGMapper: set:488 set: Unset optional value from type SMPTE2086
11-28 12:47:02.217  1737  1795 E IMGMapper: set:488 set: Unset optional value from type CTA861_3
11-28 12:47:02.226  1011  1106 I Light   : light data = 13.000000 .
11-28 12:47:02.235  1737  1795 E IMGMapper: set:488 set: Unset optional value from type SMPTE2086
11-28 12:47:02.235  1737  1795 E IMGMapper: set:488 set: Unset optional value from type CTA861_3
11-28 12:47:02.252  1737  1795 E IMGMapper: set:488 set: Unset optional value from type SMPTE2086
11-28 12:47:02.252  1737  1795 E IMGMapper: set:488 set: Unset optional value from type CTA861_3
11-28 12:47:02.266 17364 17364 I ViewRootImpl@4a720a7[MainActivity]: reportNextDraw android.view.ViewRootImpl.performTraversals:4438 android.view.ViewRootImpl.doTraversal:3116 android.view.ViewRootImpl$TraversalRunnable.run:10885 android.view.Choreographer$CallbackRecord.run:1301 android.view.Choreographer$CallbackRecord.run:1309 
11-28 12:47:02.267 17364 17364 I ViewRootImpl@4a720a7[MainActivity]: Setup new sync id=0
11-28 12:47:02.267 17364 17364 I ViewRootImpl@4a720a7[MainActivity]: Setting syncFrameCallback
11-28 12:47:02.268 17364 17364 I ViewRootImpl@4a720a7[MainActivity]: registerCallbacksForSync syncBuffer=false
11-28 12:47:02.269  1737  1795 E IMGMapper: set:488 set: Unset optional value from type SMPTE2086
11-28 12:47:02.269  1737  1795 E IMGMapper: set:488 set: Unset optional value from type CTA861_3
11-28 12:47:02.286  1737  1795 E IMGMapper: set:488 set: Unset optional value from type SMPTE2086
11-28 12:47:02.286  1737  1795 E IMGMapper: set:488 set: Unset optional value from type CTA861_3
11-28 12:47:02.303  1737  1795 E IMGMapper: set:488 set: Unset optional value from type SMPTE2086
11-28 12:47:02.303  1737  1795 E IMGMapper: set:488 set: Unset optional value from type CTA861_3
11-28 12:47:02.308 17364 17390 I ViewRootImpl@4a720a7[MainActivity]: Received frameDrawingCallback syncResult=0 frameNum=1.
11-28 12:47:02.308 17364 17390 I ViewRootImpl@4a720a7[MainActivity]: Setting up sync and frameCommitCallback
11-28 12:47:02.317  1737  1795 E IMGMapper: set:488 set: Unset optional value from type SMPTE2086
11-28 12:47:02.317  1737  1795 E IMGMapper: set:488 set: Unset optional value from type CTA861_3
11-28 12:47:02.382 17364 17384 E IMGMapper: set:488 set: Unset optional value from type SMPTE2086
11-28 12:47:02.382 17364 17384 E IMGMapper: set:488 set: Unset optional value from type CTA861_3
11-28 12:47:02.382 17364 17384 I BLASTBufferQueue: [ViewRootImpl@4a720a7[MainActivity]#0](f:0,a:0) onFrameAvailable the first frame is available
11-28 12:47:02.384 17364 17384 I BLASTBufferQueue: [ViewRootImpl@4a720a7[MainActivity]#0](f:0,a:1) acquireNextBufferLocked size=720x1600 mFrameNumber=1 applyTransaction=true mTimestamp=337783799861746(auto) mPendingTransactions.size=0 graphicBufferId=74577812127747 transform=0
11-28 12:47:02.385 17364 17384 I ViewRootImpl@4a720a7[MainActivity]: Received frameCommittedCallback lastAttemptedDrawFrameNum=1 didProduceBuffer=true
11-28 12:47:02.387 17364 17384 D OpenGLRenderer: CFMS:: SetUp Pid : 17364    Tid : 17384
11-28 12:47:02.392 17364 17384 W Parcel  : Expecting binder but got null!
11-28 12:47:02.393   766   766 I ClientCache: add: Cache owner=0xb400007e778e20c0
11-28 12:47:02.393 17364 17364 I ViewRootImpl@4a720a7[MainActivity]: onSyncComplete
11-28 12:47:02.393   766   766 D BufferStateLayer: com.excell44.educam.debug/com.excell44.educam.MainActivity$_17364#19263 setBuffer frameId=1, bufferId=74577812127747 fenceId=368, w= 720, h=1600
11-28 12:47:02.394 17364 17364 I ViewRootImpl@4a720a7[MainActivity]: setupSync seqId=0 mSyncId=0 fn=1 caller=android.view.ViewRootImpl$$ExternalSyntheticLambda11.accept:6 android.window.SurfaceSyncer.lambda$setupSync$1$android-window-SurfaceSyncer:128 android.window.SurfaceSyncer$$ExternalSyntheticLambda1.accept:8 android.window.SurfaceSyncer$SyncSet.checkIfSyncIsComplete:382 android.window.SurfaceSyncer$SyncSet.markSyncReady:359 android.window.SurfaceSyncer.markSyncReady:151 android.view.ViewRootImpl.performTraversals:4503 
11-28 12:47:02.396 17364 17364 I ViewRootImpl@4a720a7[MainActivity]: reportDrawFinished seqId=0 mSyncId=-1 fn=1 mSurfaceChangedTransaction=0xb400007d9e714700
11-28 12:47:02.397  1341  3016 D WindowManager: finishDrawingWindow: Window{a1c0718 u0 com.excell44.educam.debug/com.excell44.educam.MainActivity} mDrawState=DRAW_PENDING seqId=0
11-28 12:47:02.399 17364 17375 I OpenGLRenderer: Davey! duration=2729ms; Flags=1, FrameTimelineVsyncId=45615036, IntendedVsync=337781068336746, Vsync=337781068336746, InputEventId=0, HandleInputStart=337781071477438, AnimationStart=337781071541361, PerformTraversalsStart=337781072245669, DrawStart=337783688385977, FrameDeadline=337780448816251, FrameInterval=337781071191285, FrameStartTime=16666667, SyncQueued=337783716780208, SyncStart=337783724225439, IssueDrawCommandsStart=337783726648746, SwapBuffers=337783799133054, FrameCompleted=337783804870977, DequeueBufferDuration=0, QueueBufferDuration=1936923, GpuCompleted=337783804870977, SwapBuffersCompleted=337783804372208, DisplayPresentTime=0, CommandSubmissionCompleted=337783799133054, 
11-28 12:47:02.399 17364 17364 I Choreographer: Skipped 146 frames!  The application may be doing too much work on its main thread.
11-28 12:47:02.404  1341  1371 D ActivityTaskManager: mStartingWindow and mStartingData is null for token=ActivityRecord{1bf7ad0 u0 com.excell44.educam.debug/com.excell44.educam.MainActivity} t352}
11-28 12:47:02.405  1341  1371 V WindowManager: performShowLocked: mDrawState=HAS_DRAWN in Window{a1c0718 u0 com.excell44.educam.debug/com.excell44.educam.MainActivity}
11-28 12:47:02.409   766   766 I Layer   : Layer [com.excell44.educam.debug/com.excell44.educam.MainActivity$_17364#19263] hidden!! flag(0)
11-28 12:47:02.411  1341  1371 D ActivityTaskManager: mStartingWindow and mStartingData is null for token=ActivityRecord{1bf7ad0 u0 com.excell44.educam.debug/com.excell44.educam.MainActivity} t352}
11-28 12:47:02.412  1341  3016 D InputDispatcher: Focus entered window (0): a1c0718 com.excell44.educam.debug/com.excell44.educam.MainActivity
11-28 12:47:02.416   766   766 D SurfaceFlinger: Display 0 HWC layers:
11-28 12:47:02.416   766   766 D SurfaceFlinger:      DEVICE | 0xb400007e77906880 | 0102 | RGBA_8888    |    0.0    0.0  720.0 1600.0 |    0    0  720 1600 | com.excell44.educam.debug/com.excell44.educam.MainActivity$_17364#19263
11-28 12:47:02.416   766   766 D SurfaceFlinger:      DEVICE | 0xb400007e9ba7ce40 | 0100 | RGBA_8888    |    0.0    0.0  720.0   48.0 |    0    0  720   48 | StatusBar$_1737#83
11-28 12:47:02.416   766   766 D SurfaceFlinger:      DEVICE | 0xb400007e9ba7cd60 | 0100 | RGBA_8888    |    0.0    0.0  720.0   96.0 |    0 1504  720 1600 | NavigationBar0$_1737#78
11-28 12:47:02.416   766   766 D SurfaceFlinger: 
11-28 12:47:02.426  1011  1106 I Light   : light data = 13.000000 .
11-28 12:47:02.490 17364 17384 E IMGMapper: set:488 set: Unset optional value from type SMPTE2086
11-28 12:47:02.490 17364 17384 E IMGMapper: set:488 set: Unset optional value from type CTA861_3
11-28 12:47:02.503 17364 17382 D LeakCanary: LeakCanary is running and ready to detect memory leaks.
11-28 12:47:02.519 17364 17364 I ViewRootImpl@4a720a7[MainActivity]: MSG_WINDOW_FOCUS_CHANGED 1 0
11-28 12:47:02.520 17364 17364 I ViewRootImpl@4a720a7[MainActivity]: mThreadedRenderer.initializeIfNeeded()#2 mSurface={isValid=true 0xb400007da8ce7000}
11-28 12:47:02.523 17364 17364 D InputMethodManager: startInputInner - Id : 0
11-28 12:47:02.523 17364 17364 I InputMethodManager: startInputInner - mService.startInputOrWindowGainedFocus
11-28 12:47:02.524 23825 12339 I FontLog : (REDACTED) Received query %s, URI %s
11-28 12:47:02.524 17364 17384 E IMGMapper: set:488 set: Unset optional value from type SMPTE2086
11-28 12:47:02.524 17364 17384 E IMGMapper: set:488 set: Unset optional value from type CTA861_3
11-28 12:47:02.525 23825 12339 I FontLog : (REDACTED) Query [%s] resolved to %s
11-28 12:47:02.526  1341  3016 D CompatibilityChangeReporter: Compat change id reported: 214016041; UID 10400; state: ENABLED
11-28 12:47:02.526  1341  3016 V InputMethodManagerService: Unspecified window will hide input
11-28 12:47:02.526  1341  3016 V InputMethodManagerService: hideCurrentInputLocked : canceled, shouldHideSoftInput=false, mInputShown=false, mImeWindowVis=0
11-28 12:47:02.526  1341  3016 I InputMethodBindingController: setCurrentMethodNotVisible: mVisibleBound=false, mHasConnection=true, caller = com.android.server.inputmethod.InputMethodManagerService.hideCurrentInputLocked:4339 com.android.server.inputmethod.InputMethodManagerService.startInputOrWindowGainedFocusInternalLocked:4645 com.android.server.inputmethod.InputMethodManagerService.startInputOrWindowGainedFocusInternal:4423 com.android.server.inputmethod.InputMethodManagerService.startInputOrWindowGainedFocus:4362 com.android.internal.view.IInputMethodManager$Stub.onTransact:518 com.android.server.inputmethod.InputMethodManagerService.onTransact:2285 android.os.Binder.execTransactInternal:1316 android.os.Binder.execTransact:1280 <bottom of call stack> <bottom of call stack> 
11-28 12:47:02.526  1341  3016 D InputMethodManagerService: mDesktopModeManager null!
11-28 12:47:02.526  1341  3016 V InputMethodManagerService: getDisplayIdOfInputMethodWindowToBeAdded: displayId=0
11-28 12:47:02.526  1341  3016 V InputMethodManagerService: Creating new session for client ClientState{7858c7 uid=10400 pid=17364 displayId=0}
11-28 12:47:02.527  1341  3016 D InputTransport: Input channel constructed: 'ClientS', fd=772
11-28 12:47:02.527  1341  3016 D InputTransport: Input channel constructed: 'ClientS', fd=775
11-28 12:47:02.528  1341  3016 D InputTransport: Input channel destroyed: 'ClientS', fd=775
11-28 12:47:02.528 23825 12339 I FontLog : (REDACTED) Fetch %s end status %s
11-28 12:47:02.531  1341  3016 D InputMethodManagerService: isImeSwitcherDisabledPackage : false
11-28 12:47:02.531  1341  3016 D InputMethodManagerService: shouldShowImeSwitcherLocked : checking vis : 3
11-28 12:47:02.532  1341  3016 D InputMethodManagerService: checkDisplayOfStartInputAndUpdateKeyboard: displayId=0, mFocusedDisplayId=0
11-28 12:47:02.532  1341  3016 D InputTransport: Input channel constructed: 'ClientS', fd=775
11-28 12:47:02.533  1341  3016 D InputTransport: Input channel destroyed: 'ClientS', fd=775
11-28 12:47:02.534  9366  9366 I HBD     : HoneyBoardService onFinishInput 
11-28 12:47:02.534 23825 12339 I FontLog : (REDACTED) Pulling font file for id = %d, cache size = %d
11-28 12:47:02.535  1341  3017 D RestrictionPolicy: isScreenCaptureEnabled : ret=true userId=0
11-28 12:47:02.535  9366  9366 I HBD     : a IC have been unbinding,  RemoteInputConnection{idHash=#b8eb887}
11-28 12:47:02.535  9366  9366 I HBD     : HoneyBoardService [PF_CL][onFinishInput]  1 ms 
11-28 12:47:02.536  9366  9366 I HBD     : HoneyBoardService [IMI] onStartInput - caller pid : 17364 , caller uid : 10400 
11-28 12:47:02.536  9366  9366 I HBD     : j updateConfigs 
11-28 12:47:02.536  9366  9366 I HBD     : j isEnabledNightMode : false 
11-28 12:47:02.536  9366  9366 I HBD     : a IC have been binding, RemoteInputConnection{idHash=#767e3b4} 
11-28 12:47:02.536  9366  9366 I HBD     : h [EditorInputType]setPrivateImeOptionsToTable privateImeOptions ( null )
11-28 12:47:02.536  9366  9366 I HBD     : b incognitoMode : false 
11-28 12:47:02.537  9366  9366 I HBD     : b needOff = true , isForceOff = false, isNullInputClass : true 
11-28 12:47:02.537  1341  3017 I WindowManager: Cancelling animation restarting=true, leash=Surface(name=Surface(name=d79013f InputMethod)/@0x63f4d6a - animation-leash of insets_animation)/@0x2e973fc
11-28 12:47:02.537  9366  9366 I HBD     : h getDefaultInputRange : UNKNOWN 
11-28 12:47:02.537  1341  3017 I WindowManager: Reparenting to original parent: Surface(name=WindowToken{1a56be6 type=2011 android.os.Binder@9fd5a41})/@0xc86725b, destroy=false, surface=Surface(name=d79013f InputMethod)/@0x63f4d6a
11-28 12:47:02.537  9366  9366 I HBD     : h getDefaultInputRange : UNKNOWN 
11-28 12:47:02.537  9366  9366 I HBD     : h getDefaultInputRange : UNKNOWN 
11-28 12:47:02.537  1341  3017 I WindowManager: Reparenting to leash, surface=Surface(name=d79013f InputMethod)/@0x63f4d6a, leashParent=Surface(name=WindowToken{1a56be6 type=2011 android.os.Binder@9fd5a41})/@0xc86725b
11-28 12:47:02.538   766  1819 I SurfaceFlinger: id=19264 createSurf flag=24004, Surface(name=d79013f InputMethod)/@0x63f4d6a - animation-leash of insets_animation#19264
11-28 12:47:02.539  1341  3017 D WindowManager: makeSurface duration=1 leash=Surface(name=Surface(name=d79013f InputMethod)/@0x63f4d6a - animation-leash of insets_animation)/@0x6781092
11-28 12:47:02.539  9366  9366 I HBD     : b needOff = true , isForceOff = false, isNullInputClass : true 
11-28 12:47:02.540  9366  9366 I HBD     : b update cached prediction status : false 
11-28 12:47:02.540  9366  9366 I HBD     : h getDefaultInputRange : UNKNOWN 
11-28 12:47:02.540  9366  9366 I HBD     : a currentState : 0 
11-28 12:47:02.540  9366  9366 I HBD     : a [UpdatePolicy] [post] a: 0 cl: 1441799 kit: [0/2] vt: 0 ir: 1 
11-28 12:47:02.541  9366  9366 I HBD     : a [NRIC] resetNoResponseState 
11-28 12:47:02.541  9366  9366 I HBD     : b needOff = true , isForceOff = false, isNullInputClass : true 
11-28 12:47:02.541  9366  9366 I HBD     : b update cached prediction status : false 
11-28 12:47:02.542  9366  9366 I HBD     : HoneyBoardService [PF_OP][onStartInput]  6 ms 
11-28 12:47:02.546 23825 12339 I FontLog : (REDACTED) Pulling font file for id = %d, cache size = %d
11-28 12:47:02.559   766   766 I Layer   : id=19256 removeFromCurrentState Surface(name=d79013f InputMethod)/@0x63f4d6a - animation-leash of insets_animation#19256 (135)
11-28 12:47:02.559   766   766 I Layer   : id=8891 removeFromCurrentState d79013f InputMethod#8891 (135)
11-28 12:47:02.559   766   766 I Layer   : id=8891 addToCurrentState d79013f InputMethod#8891 (135)
11-28 12:47:02.569 17364 17384 E IMGMapper: set:488 set: Unset optional value from type SMPTE2086
11-28 12:47:02.569 17364 17384 E IMGMapper: set:488 set: Unset optional value from type CTA861_3
11-28 12:47:02.596 17364 17384 E IMGMapper: set:488 set: Unset optional value from type SMPTE2086
11-28 12:47:02.596 17364 17384 E IMGMapper: set:488 set: Unset optional value from type CTA861_3
11-28 12:47:02.599 17364 17364 D InputMethodManager: startInputInner - Id : 0
11-28 12:47:02.612  1011  1106 I Accelerometer: acc data x = 1.453000, y = 0.657000, z = 9.605000 .
11-28 12:47:02.626  1011  1106 I Light   : light data = 13.000000 .
11-28 12:47:02.633 17364 17384 E IMGMapper: set:488 set: Unset optional value from type SMPTE2086
11-28 12:47:02.633 17364 17384 E IMGMapper: set:488 set: Unset optional value from type CTA861_3
11-28 12:47:02.633  1341  3017 D InputMethodManagerService: isImeSwitcherDisabledPackage : false
11-28 12:47:02.636  9366  9366 I InputMethodService: removeImeSurface
11-28 12:47:02.636  9366  9366 I MSHandlerLifeCycle: check: return. pkg=com.samsung.android.honeyboard isActivity=false callers=com.android.internal.policy.DecorView.setVisibility:4411 android.app.Dialog.hide:767 android.inputmethodservice.InputMethodService.removeImeSurface:1290 android.inputmethodservice.InputMethodService.scheduleImeSurfaceRemoval:1279 android.inputmethodservice.InputMethodService.-$$Nest$mscheduleImeSurfaceRemoval:0 
11-28 12:47:02.637  9366  9366 I MSHandlerLifeCycle: removeMultiSplitHandler: no exist. decor=DecorView@bf541e3[InputMethod]
11-28 12:47:02.670 17364 17384 E IMGMapper: set:488 set: Unset optional value from type SMPTE2086
11-28 12:47:02.670 17364 17384 E IMGMapper: set:488 set: Unset optional value from type CTA861_3
