11-29 13:10:18.681  1083  2896 I NetworkScheduler.Stats: Task com.google.android.gms/com.google.android.gms.auth.account.be.legacy.AuthCronService started execution. cause:4 exec_start_elapsed_seconds: 452 [CONTEXT service_id=218 ]
11-29 13:10:18.688  1083  1988 I NetworkScheduler.Stats: Task com.google.android.gms/com.google.android.gms.auth.account.be.legacy.AuthCronService finished executing. cause:4 result: 1 elapsed_millis: 17 uptime_millis: 17 exec_start_elapsed_seconds: 452 [CONTEXT service_id=218 ]
11-29 13:10:18.733   948  1115 E TRuntime.CctTransportBackend: Couldn't open connection, returning with 500
11-29 13:10:19.671   415  2610 D WificondControl: Scan result ready event
11-29 13:10:36.398   144   202 E Netd    : Failed to dump IPv4 sockets struct tcp_info: No such file or directory
11-29 13:10:36.398   144   202 E TcpSocketMonitor: Failed to poll TCP socket info: No such file or directory
11-29 13:10:48.742  1083  2896 I NetworkScheduler.Stats: Task com.google.android.gms/com.google.android.gms.auth.account.be.legacy.AuthCronService started execution. cause:4 exec_start_elapsed_seconds: 482 [CONTEXT service_id=218 ]
11-29 13:10:48.745  1083  2896 I NetworkScheduler.Stats: Task com.google.android.gms/com.google.android.gms.auth.account.be.legacy.AuthCronService finished executing. cause:4 result: 1 elapsed_millis: 16 uptime_millis: 16 exec_start_elapsed_seconds: 482 [CONTEXT service_id=218 ]
11-29 13:11:06.402   144   202 E Netd    : Failed to dump IPv4 sockets struct tcp_info: No such file or directory
11-29 13:11:06.402   144   202 E TcpSocketMonitor: Failed to poll TCP socket info: No such file or directory
11-29 13:11:18.802  1083  1327 I NetworkScheduler.Stats: Task com.google.android.gms/com.google.android.gms.auth.account.be.legacy.AuthCronService started execution. cause:4 exec_start_elapsed_seconds: 513 [CONTEXT service_id=218 ]
11-29 13:11:18.805  1083  2896 I NetworkScheduler.Stats: Task com.google.android.gms/com.google.android.gms.auth.account.be.legacy.AuthCronService finished executing. cause:4 result: 1 elapsed_millis: 24 uptime_millis: 24 exec_start_elapsed_seconds: 513 [CONTEXT service_id=218 ]
11-29 13:11:35.003  1083  2896 E GCM     : Missing checkin config file
11-29 13:11:35.003  1083  2896 W GCM     : GCM FAILED TO INITIALIZE - missing checkin
11-29 13:11:35.003  1083  2896 E WakeLock: GCM_HB_ALARM release without a matched acquire!
11-29 13:11:35.003  1083  2896 W WakeLock: GCM_HB_ALARM counter does not exist
11-29 13:11:35.007  1083  2896 E GCM     : Missing checkin config file
11-29 13:11:35.007  1083  2896 W GCM     : GCM FAILED TO INITIALIZE - missing checkin
11-29 13:11:35.007  1083  2896 E WakeLock: GCM_HB_ALARM release without a matched acquire!
11-29 13:11:35.007  1083  2896 W WakeLock: GCM_HB_ALARM counter does not exist
11-29 13:11:35.008   415   525 D ConnectivityService: reportNetworkConnectivity(100, false) by 10041
11-29 13:11:35.008   415   989 D NetworkMonitor/NetworkAgentInfo [WIFI () - 100]: Forcing reevaluation for UID 10041
11-29 13:11:35.008   415   989 D NetworkMonitor/NetworkAgentInfo [WIFI () - 100]: Validation disabled.
11-29 13:11:35.009   415   525 D ConnectivityService: NetworkAgentInfo [WIFI () - 100] validation passed
11-29 13:11:36.404   144   202 E Netd    : Failed to dump IPv4 sockets struct tcp_info: No such file or directory
11-29 13:11:36.404   144   202 E TcpSocketMonitor: Failed to poll TCP socket info: No such file or directory
11-29 13:11:48.872  1083  1327 I NetworkScheduler.Stats: Task com.google.android.gms/com.google.android.gms.auth.account.be.legacy.AuthCronService started execution. cause:4 exec_start_elapsed_seconds: 543 [CONTEXT service_id=218 ]
11-29 13:11:48.876  1083  1327 I NetworkScheduler.Stats: Task com.google.android.gms/com.google.android.gms.auth.account.be.legacy.AuthCronService finished executing. cause:4 result: 1 elapsed_millis: 21 uptime_millis: 21 exec_start_elapsed_seconds: 543 [CONTEXT service_id=218 ]
11-29 13:11:48.910  1083  2896 I NetworkScheduler.Stats: Task com.google.android.gms/com.google.android.gms.gcm.gmsproc.GcmInGmsTaskService started execution. cause:5 exec_start_elapsed_seconds: 543 [CONTEXT service_id=218 ]
11-29 13:11:48.910  1043  1221 I GCM-GMS : Registering GMS 745476177629
11-29 13:11:48.919  1083  2896 E GCM     : Missing checkin config file
11-29 13:11:48.919  1083  2896 W GCM     : GCM FAILED TO INITIALIZE - missing checkin
11-29 13:11:48.922  1043  1221 W GCM-GMS : Failed to get registration: java.io.IOException: AUTHENTICATION_FAILED
11-29 13:11:48.922  1083  1327 I NetworkScheduler.Stats: Task com.google.android.gms/com.google.android.gms.gcm.gmsproc.GcmInGmsTaskService started execution. cause:5 exec_start_elapsed_seconds: 543 [CONTEXT service_id=218 ]
11-29 13:11:48.922  1043  2946 I GCM-GMS : Registering GMS for direct boot.
11-29 13:11:48.927  1083  1327 I NetworkScheduler.Stats: Task com.google.android.gms/com.google.android.gms.gcm.gmsproc.GcmInGmsTaskService finished executing. cause:5 result: 3 elapsed_millis: 25 uptime_millis: 25 exec_start_elapsed_seconds: 543 [CONTEXT service_id=218 ]
11-29 13:11:48.931  1083  2896 E GCM     : Missing checkin config file
11-29 13:11:48.931  1083  2896 W GCM     : GCM FAILED TO INITIALIZE - missing checkin
11-29 13:11:48.934  1043  2946 W GCM-GMS : Failed to get direct boot token: java.io.IOException: AUTHENTICATION_FAILED
11-29 13:11:48.939  1083  1327 I NetworkScheduler.Stats: Task com.google.android.gms/com.google.android.gms.gcm.gmsproc.GcmInGmsTaskService finished executing. cause:5 result: 3 elapsed_millis: 23 uptime_millis: 23 exec_start_elapsed_seconds: 543 [CONTEXT service_id=218 ]
11-29 13:11:53.015  1083  4775 W ddrm    : [{0}] Failed to resolve name. status={1}
11-29 13:11:58.618   415   424 I system_server: Background concurrent copying GC freed 45146(4MB) AllocSpace objects, 73(1460KB) LOS objects, 42% free, 7MB/13MB, paused 64us total 104.562ms
11-29 13:12:06.405   144   202 E Netd    : Failed to dump IPv4 sockets struct tcp_info: No such file or directory
11-29 13:12:06.405   144   202 E TcpSocketMonitor: Failed to poll TCP socket info: No such file or directory
11-29 13:12:18.936  1083  1327 I NetworkScheduler.Stats: Task com.google.android.gms/com.google.android.gms.auth.account.be.legacy.AuthCronService started execution. cause:4 exec_start_elapsed_seconds: 573 [CONTEXT service_id=218 ]
11-29 13:12:18.940  1083  1327 I NetworkScheduler.Stats: Task com.google.android.gms/com.google.android.gms.auth.account.be.legacy.AuthCronService finished executing. cause:4 result: 1 elapsed_millis: 20 uptime_millis: 20 exec_start_elapsed_seconds: 573 [CONTEXT service_id=218 ]
11-29 13:12:36.409   144   202 E Netd    : Failed to dump IPv4 sockets struct tcp_info: No such file or directory
11-29 13:12:36.409   144   202 E TcpSocketMonitor: Failed to poll TCP socket info: No such file or directory
11-29 13:12:49.024  1083  1327 I NetworkScheduler.Stats: Task com.google.android.gms/com.google.android.gms.auth.account.be.legacy.AuthCronService started execution. cause:4 exec_start_elapsed_seconds: 603 [CONTEXT service_id=218 ]
11-29 13:12:49.031  1083  1988 I NetworkScheduler.Stats: Task com.google.android.gms/com.google.android.gms.auth.account.be.legacy.AuthCronService finished executing. cause:4 result: 1 elapsed_millis: 24 uptime_millis: 24 exec_start_elapsed_seconds: 603 [CONTEXT service_id=218 ]
