11-28 12:46:11.880  9366  9366 I ViewRootImpl@bbe7c12[InputMethod]: applyTransactionOnDraw: mRemoved = false isHardwareEnabled = false t = 0xb400007cd0d9c800android.view.ViewRootImpl.applyTransactionOnDrawFromReleaseSurfaces:12850 android.view.SurfaceView.applyTransactionOnVriDraw:2046 android.view.SurfaceView.releaseSurfaces:858 android.view.SurfaceView.updateSurface:998 android.view.SurfaceView.setWindowStopped:335 
11-28 12:46:11.881  9366  9366 I SurfaceView@1af168c: windowStopped(true) false android.widget.inline.InlineContentView$4{1af168c G.E...... ......I. 0,0-318,60} of ViewRootImpl@bbe7c12[InputMethod]
11-28 12:46:11.881  9366  9366 I SurfaceView@1af168c: releaseSurfaces: viewRoot = ViewRootImpl@bbe7c12[InputMethod]
11-28 12:46:11.881  9366  9366 I SurfaceView@1af168c: applyTransactionOnVriDraw: vri = ViewRootImpl@bbe7c12[InputMethod] fRS = true t = 0xb400007cd0f77a00 android.view.SurfaceView.releaseSurfaces:858 android.view.SurfaceView.updateSurface:998 android.view.SurfaceView.setWindowStopped:335 
11-28 12:46:11.882  9366  9366 I SurfaceView@1af168c: applyTransactionOnVriDraw: viewRoot.applyTransactionOnDrawFromReleaseSurfaces
11-28 12:46:11.882  9366  9366 I ViewRootImpl@bbe7c12[InputMethod]: applyTransactionOnDraw: mRemoved = false isHardwareEnabled = false t = 0xb400007cd0f77a00android.view.ViewRootImpl.applyTransactionOnDrawFromReleaseSurfaces:12850 android.view.SurfaceView.applyTransactionOnVriDraw:2046 android.view.SurfaceView.releaseSurfaces:858 android.view.SurfaceView.updateSurface:998 android.view.SurfaceView.setWindowStopped:335 
11-28 12:46:11.887  9366  9366 I SurfaceView@36a0fbf: releaseSurfaces: viewRoot = ViewRootImpl@bbe7c12[InputMethod]
11-28 12:46:11.888   766   766 I BufferQueueDebug: [InputMethod$_9366#19172](this:0xb400007e9bb46838,id:-1,api:0,p:-1,c:766) onDestructor()
11-28 12:46:11.888   766   766 I Layer   : id=19172 Destroyed InputMethod$_9366#19172
11-28 12:46:11.888   766   766 I Layer   : id=19175 Destroyed Bounds for - InputMethod@62#19175
11-28 12:46:11.889  9366  9366 I SurfaceView@36a0fbf: applyTransactionOnVriDraw: vri = ViewRootImpl@bbe7c12[InputMethod] fRS = true t = 0xb400007cd0f77d00 android.view.SurfaceView.releaseSurfaces:858 android.view.SurfaceView.updateSurface:998 android.view.SurfaceView.lambda$new$0$android-view-SurfaceView:200 
11-28 12:46:11.889  9366  9366 I SurfaceView@36a0fbf: applyTransactionOnVriDraw: viewRoot.applyTransactionOnDrawFromReleaseSurfaces
11-28 12:46:11.889  9366  9366 I ViewRootImpl@bbe7c12[InputMethod]: applyTransactionOnDraw: mRemoved = false isHardwareEnabled = false t = 0xb400007cd0f77d00android.view.ViewRootImpl.applyTransactionOnDrawFromReleaseSurfaces:12850 android.view.SurfaceView.applyTransactionOnVriDraw:2046 android.view.SurfaceView.releaseSurfaces:858 android.view.SurfaceView.updateSurface:998 android.view.SurfaceView.lambda$new$0$android-view-SurfaceView:200 
11-28 12:46:11.891  9366  9366 I SurfaceView@1af168c: releaseSurfaces: viewRoot = ViewRootImpl@bbe7c12[InputMethod]
11-28 12:46:11.891  9366  9366 I SurfaceView@1af168c: applyTransactionOnVriDraw: vri = ViewRootImpl@bbe7c12[InputMethod] fRS = true t = 0xb400007cd0f77e00 android.view.SurfaceView.releaseSurfaces:858 android.view.SurfaceView.updateSurface:998 android.view.SurfaceView.lambda$new$0$android-view-SurfaceView:200 
11-28 12:46:11.891  9366  9366 I SurfaceView@1af168c: applyTransactionOnVriDraw: viewRoot.applyTransactionOnDrawFromReleaseSurfaces
11-28 12:46:11.892  9366  9366 I ViewRootImpl@bbe7c12[InputMethod]: applyTransactionOnDraw: mRemoved = false isHardwareEnabled = false t = 0xb400007cd0f77e00android.view.ViewRootImpl.applyTransactionOnDrawFromReleaseSurfaces:12850 android.view.SurfaceView.applyTransactionOnVriDraw:2046 android.view.SurfaceView.releaseSurfaces:858 android.view.SurfaceView.updateSurface:998 android.view.SurfaceView.lambda$new$0$android-view-SurfaceView:200 
11-28 12:46:11.897   766  1819 D SurfaceFlinger: [SF client] REMOVE (0xb400007e7b106b00) for (9366:com.samsung.android.honeyboard)
11-28 12:46:11.898   766  1819 D SurfaceFlinger: [SF client] REMOVE (0xb400007e779083a0) for (9366:com.samsung.android.honeyboard)
11-28 12:46:11.899   766  1819 D SurfaceFlinger: [SF client] REMOVE (0xb400007e756468c0) for (9366:com.samsung.android.honeyboard)
11-28 12:46:12.019  1341 17218 D TspStateManager: wrote command: cmd=0, type=5
11-28 12:46:12.019  1341  1540 D SemInputCommandService: checkTSPCmdlistAndRunCmdNoRead: not supported cmd: set_sip_mode,0
11-28 12:46:12.026  1011  1106 I Light   : light data = 13.000000 .
11-28 12:46:12.058   529   529 D io_stats: !@ 179,0 r 7374585 151827175 w 4347359 33880992 d 102600 20291976 f 0 0 iot 11957792 0 th 0 0 0 pt 0 inp 0 0 337733.477
11-28 12:46:12.151  1011  1106 I Accelerometer: acc data x = 1.434000, y = 0.676000, z = 9.624000 .
11-28 12:46:12.183  1341  1532 D InputReader: Btn_touch(1): value=1 when=337733.602277
11-28 12:46:12.183  1341  1532 I InputReader: Touch event's action is 0x0 (id=5, t=0) [pCnt=1, s=0.42704 ] when=337733.602277
11-28 12:46:12.184  1341  1531 I InputDispatcher: Delivering touch to (1737): action: 0x4, f=0x0, d=0, 'ab6e286', t=1 
11-28 12:46:12.184  1341  1531 I InputDispatcher: Delivering touch to (16873): action: 0x0, f=0x0, d=0, '6c993e2', t=1 
11-28 12:46:12.185  1341  1368 I GestureDetector: obtain mCurrentDownEvent. id: 354446902 caller: com.android.server.wm.SystemGesturesPointerEventListener.onPointerEvent:203 com.android.server.wm.PointerEventDispatcher.onInputEvent:53 android.view.InputEventReceiver.dispatchInputEvent:285 
11-28 12:46:12.185  1341  1368 I GestureDetector: obtain mCurrentDownEvent. id: 354446902 caller: com.android.server.wm.SystemPerformancePointerEventListener.onPointerEvent:89 com.android.server.wm.PointerEventDispatcher.onInputEvent:53 android.view.InputEventReceiver.dispatchInputEvent:285 
11-28 12:46:12.185 16873 16873 I ViewRootImpl@4a720a7[MainActivity]: ViewPostIme pointer 0
11-28 12:46:12.192  1341  1368 I GestureDetector: obtain mCurrentMotionEventRaw. action: 2 id: 879488300
11-28 12:46:12.192  1341  1368 I GestureDetector: obtain mCurrentMotionEventRaw. action: 2 id: 879488300
11-28 12:46:12.226  1011  1106 I Light   : light data = 13.000000 .
11-28 12:46:12.291  1341  1532 D InputReader: Btn_touch(1): value=0 when=337733.710733
11-28 12:46:12.291  1341  1532 I InputReader: Touch event's action is 0x1 (id=5, t=0) [pCnt=1, s=] when=337733.710733
11-28 12:46:12.292  1341  1531 I InputDispatcher: Delivering touch to (16873): action: 0x1, f=0x0, d=0, '6c993e2', t=1 
11-28 12:46:12.292 16873 16873 I ViewRootImpl@4a720a7[MainActivity]: ViewPostIme pointer 1
11-28 12:46:12.303  1341  2974 W PresentationStatsEventLogger: Shouldn't be logging AutofillPresentationEventReported again for same event
11-28 12:46:12.306  9366  9366 I HBD     : HoneyBoardService onCreateInlineSuggestionsRequest 
11-28 12:46:12.371 16873 16873 D InputMethodManager: startInputInner - Id : 0
11-28 12:46:12.371 16873 16873 I InputMethodManager: startInputInner - mService.startInputOrWindowGainedFocus
11-28 12:46:12.374  1341  2974 V InputMethodManagerService: startInputOrWindowGainedFocusInternalLocked: reason=APP_CALLED_RESTART_INPUT_API clientState=46244a attribute=android.view.inputmethod.EditorInfo@cd902ed startInputFlags=VIEW_HAS_FOCUS|IS_TEXT_EDITOR softInputMode=STATE_UNSPECIFIED|ADJUST_PAN windowFlags=#81810100 sameWindowFocused=true
11-28 12:46:12.374  1341  2974 D InputMethodManagerService: mDesktopModeManager null!
11-28 12:46:12.374  1341  2974 V InputMethodManagerService: getDisplayIdOfInputMethodWindowToBeAdded: displayId=0
11-28 12:46:12.374  1341  2974 D InputMethodManagerService: isImeSwitcherDisabledPackage : false
11-28 12:46:12.375  1341  2974 D InputMethodManagerService: shouldShowImeSwitcherLocked : checking vis : 3
11-28 12:46:12.376  1341  2974 D InputMethodManagerService: checkDisplayOfStartInputAndUpdateKeyboard: displayId=0, mFocusedDisplayId=0
11-28 12:46:12.376  1341  2974 D InputTransport: Input channel constructed: 'ClientS', fd=842
11-28 12:46:12.376  1341  2974 D InputTransport: Input channel destroyed: 'ClientS', fd=842
11-28 12:46:12.377 16873 16873 D InsetsController: show(ime(), fromIme=false)
11-28 12:46:12.378  9366  9366 I HBD     : HoneyBoardService onInlineSuggestionsResponse 
11-28 12:46:12.378 16873 16873 I IMM_LC  : ris()
11-28 12:46:12.378 16873 16873 I IMM_LC  : ssi() - flag : 0 view : com.excell44.educam.debug reason = SHOW_SOFT_INPUT_BY_INSETS_API
11-28 12:46:12.378 16873 16873 I IMM_LC  : ssi() view is not EditText
11-28 12:46:12.378  9366  9366 I HBD     : HoneyBoardService [IMI] onStartInput - caller pid : 16873 , caller uid : 10400 
11-28 12:46:12.378  9366  9366 I HBD     : j updateConfigs 
11-28 12:46:12.378  9366  9366 I HBD     : j isEnabledNightMode : false 
11-28 12:46:12.378  9366  9366 I HBD     : a IC have been binding, RemoteInputConnection{idHash=#cd16ddd} 
11-28 12:46:12.378  9366  9366 I HBD     : h [EditorInputType]setPrivateImeOptionsToTable privateImeOptions ( null )
11-28 12:46:12.378  9366  9366 I HBD     : b incognitoMode : false 
11-28 12:46:12.379  1341  2067 V InputMethodManagerService: Client requesting input be shown, flags : 0
11-28 12:46:12.379  1341  2067 D InputMethodManagerService: ACCESS_CONTROL_ENABLED = false, ACCESS_CONTROL_KEYBOARD_BLOCK = true
11-28 12:46:12.379  9366  9366 I HBD     : h getDefaultInputRange : UNKNOWN 
11-28 12:46:12.379  9366  9366 I HBD     : h getDefaultInputRange : UNKNOWN 
11-28 12:46:12.379  9366  9366 I HBD     : h getDefaultInputRange : UNKNOWN 
11-28 12:46:12.379  1341  2067 D InputMethodBindingController: bindCurrentInputMethodService: caller=com.android.server.inputmethod.InputMethodBindingController.bindCurrentInputMethodServiceVisibleConnection:511 com.android.server.inputmethod.InputMethodBindingController.setCurrentMethodVisible:541 com.android.server.inputmethod.InputMethodManagerService.showCurrentInputLocked:4207 com.android.server.inputmethod.InputMethodManagerService.showSoftInput:4086 com.android.internal.view.IInputMethodManager$Stub.onTransact:470 com.android.server.inputmethod.InputMethodManagerService.onTransact:2285 android.os.Binder.execTransactInternal:1316 android.os.Binder.execTransact:1280 <bottom of call stack> <bottom of call stack> 
11-28 12:46:12.381  9366  9366 I HBD     : b update cached prediction status : false 
11-28 12:46:12.381  9366  9366 I HBD     : h getDefaultInputRange : UNKNOWN 
11-28 12:46:12.381  9366  9366 I HBD     : a currentState : 0 
11-28 12:46:12.381  9366  9366 I HBD     : a [UpdatePolicy] [post] a: 0 cl: 1441799 kit: [0/2] vt: 0 ir: 1 
11-28 12:46:12.381  9366  9366 I HBD     : a [NRIC] resetNoResponseState 
11-28 12:46:12.381  9366  9366 I HBD     : b update cached prediction status : false 
11-28 12:46:12.382  1341  2067 I ActivityManager: Changes in 10139 7 to 5, 0 to 15
11-28 12:46:12.382  1341  2067 I AppOps  : updateUidProcState uid: 10139 procState: 5 capability:15
11-28 12:46:12.383  1341  2067 D InputMethodBindingController: bindCurrentInputMethodServiceVisibleConnection mVisibleBound : true, mVisibleConnection : com.android.server.inputmethod.InputMethodBindingController$1@248a27c
11-28 12:46:12.383  1341  2067 I InputMethodManagerService: Calling com.android.server.inputmethod.IInputMethodInvoker@d21d7f1.showSoftInput(android.os.Binder@cfe0e9, 1, null) for reason: SHOW_SOFT_INPUT_BY_INSETS_API
11-28 12:46:12.384  9366  9366 I HBD     : HoneyBoardService [PF_OP][onStartInput]  6 ms 
11-28 12:46:12.384  9366  9366 I InputMethod: showSoftInput(), flags : 1
11-28 12:46:12.385  1341  2067 I InputMethodManagerService: isAccessoryKeyboard 0
11-28 12:46:12.385  9366  9366 I HBD     : HoneyBoardService onEvaluateInputViewShown: true 
11-28 12:46:12.387  9366  9366 I DecorView: notifyKeepScreenOnChanged: keepScreenOn=false
11-28 12:46:12.387  1341  2067 I InputMethodManagerService: isAccessoryKeyboard 0
11-28 12:46:12.388  9366  9366 I HBD     : HoneyBoardService onEvaluateInputViewShown: true 
11-28 12:46:12.388  9366  9366 I HBD     : HoneyBoardService onStartInputView : restarting=false, client=com.excell44.educam.debug, pid=16873 
11-28 12:46:12.388  9366  9657 I SemDvfsHyPerManager: acquire hyper - SKBD_RE_ENTER_SHOW/9366@1, type = -999
11-28 12:46:12.389   747   781 I HYPER-HAL: [RequestManager.cpp]acquire(): Acquired ID : 43875029  [9366 / 1]    HINT : KBD_APP_RE_ENTER_VIEW    list : [TIMEOUT / 400] 
11-28 12:46:12.389   747   781 I mtkpower_client: perf_lock_acq, hdl:0, dur:0, num:2, tid:781
11-28 12:46:12.389  9366  9366 I HBD     : h [EditorInputType]setPrivateImeOptionsToTable privateImeOptions ( null )
11-28 12:46:12.389  9366  9366 I HBD     : b incognitoMode : false 
11-28 12:46:12.390  9366  9366 I HBD     : h getDefaultInputRange : UNKNOWN 
11-28 12:46:12.390  9366  9366 I HBD     : h getDefaultInputRange : UNKNOWN 
11-28 12:46:12.390  9366  9366 I HBD     : h getDefaultInputRange : UNKNOWN 
11-28 12:46:12.390  9366  9366 I HBD     : HoneyBoardService onStartInputViewInternal: inputType=0x8001, imeOptions=0x2000006, initialSelStart=0, initialSelEnd=0 
11-28 12:46:12.390  9366  9366 I HBD     : f applyThemesPolicy 
11-28 12:46:12.390   747   781 I mtkpower_client: ret_hdl:52260
11-28 12:46:12.390   750   798 I libPowerHal: [perfLockAcq] idx:1 hdl:52260 hint:-1 pid:747 duration:0 lock_user:vendor.samsung. => ret_hdl:52260
11-28 12:46:12.390   750   798 I libPowerHal: vendor.samsung.: cpu_ctrl set cpu freq: 2301000 -1 -1 -1
11-28 12:46:12.391  9366  9366 I HBD     : e mUsedOpenTheme = true mIsDexDesktopDisplay : false IsRequiredDarkTypeTheme = false night mode : false mIsEnabledHighContrast = false mIsOpenThemeForHoneyBoardInstalled = true mIsWallpaperThemeInstalled = false mIsThemeParkTheme = false
11-28 12:46:12.391  9366  9366 I HBD     : a theme : HomeThemeLastUsed  
11-28 12:46:12.391  9366  9366 I HBD     : f update KeyboardTheme themeIndex : 0x 80000000  theme :  Home Theme <open theme>
11-28 12:46:12.391  9366  9366 I HBD     : a set Theme convertedIndex : 1 
11-28 12:46:12.391  9366  9366 I HBD     : a onThemeChanged: currTheme = 1, nextTheme = 1 
11-28 12:46:12.391  9366  9366 I HBD     : d onUpdate: mThemeStyle = 1 
11-28 12:46:12.392  9366  9366 I HBD     : b updatePredictionStatus : 1, editorOpt 
11-28 12:46:12.392  9366  9366 I HBD     : b updateForEditorClass isPredictionOn = false 
11-28 12:46:12.392  9366  9366 I HBD     : l0 EBD ssu s 0 
11-28 12:46:12.417 16873 16898 E IMGMapper: set:488 set: Unset optional value from type SMPTE2086
11-28 12:46:12.417 16873 16898 E IMGMapper: set:488 set: Unset optional value from type CTA861_3
11-28 12:46:12.426  1011  1106 I Light   : light data = 13.000000 .
11-28 12:46:12.429 16873 16873 I AssistStructure: Flattened final assist data: 1416 bytes, containing 1 windows, 10 views
11-28 12:46:12.430  1341  2974 D AutofillSession: createPendingIntent for request 121
11-28 12:46:12.435   766   766 I BufferQueueProducer: [com.excell44.educam.debug/com.excell44.educam.MainActivity$_16873#19167](this:0xb400007e77ac8838,id:-1,api:0,p:-1,c:766) queueBuffer: fps=12.05 dur=1244.40 max=580.54 min=15.90
11-28 12:46:12.436   738   839 I hwcomposer: [HWCDisplay] [Display_0 (type:1)] fps:16.108139,dur:1241.61,max:544.49,min:15.14  
11-28 12:46:12.444 16873 16873 I IMM_LC  : showSoftInput(View,I)
11-28 12:46:12.444 16873 16873 I IMM_LC  : ssi() - flag : 0 view : com.excell44.educam.debug reason = SHOW_SOFT_INPUT
11-28 12:46:12.444 16873 16873 I IMM_LC  : ssi() view is not EditText
11-28 12:46:12.445  1341  2974 V InputMethodManagerService: Client requesting input be shown, flags : 0
11-28 12:46:12.445  1341  2974 D InputMethodManagerService: ACCESS_CONTROL_ENABLED = false, ACCESS_CONTROL_KEYBOARD_BLOCK = true
11-28 12:46:12.445  1341  2974 I InputMethodManagerService: Calling com.android.server.inputmethod.IInputMethodInvoker@d21d7f1.showSoftInput(android.os.Binder@83ca2a5, 1, null) for reason: SHOW_SOFT_INPUT
11-28 12:46:12.453  1341  1357 I AssistStructure: Flattened final assist data: 840 bytes, containing 1 windows, 10 views
11-28 12:46:12.457 22488 22544 I SyncManager: (REDACTED) Executing sync(type=%s%s)
11-28 12:46:12.457 23825 14547 W aopk    : Failed to retrieve prediction data. [CONTEXT service_id=177 ]
11-28 12:46:12.457 23825 14547 W aopk    : java.util.concurrent.ExecutionException: fqni: No data was found for the table autofill-domain-predictions-prod-spanner.
11-28 12:46:12.457 23825 14547 W aopk    : 	at gsdv.j(:com.google.android.gms@254534029@25.45.34 (190400-831602148):21)
11-28 12:46:12.457 23825 14547 W aopk    : 	at gsee.v(:com.google.android.gms@254534029@25.45.34 (190400-831602148):107)
11-28 12:46:12.457 23825 14547 W aopk    : 	at gsdv.get(:com.google.android.gms@254534029@25.45.34 (190400-831602148):6)
11-28 12:46:12.457 23825 14547 W aopk    : 	at aopk.e(:com.google.android.gms@254534029@25.45.34 (190400-831602148):81)
11-28 12:46:12.457 23825 14547 W aopk    : 	at aopk.a(:com.google.android.gms@254534029@25.45.34 (190400-831602148):124)
11-28 12:46:12.457 23825 14547 W aopk    : 	at aomu.call(:com.google.android.gms@254534029@25.45.34 (190400-831602148):5)
11-28 12:46:12.457 23825 14547 W aopk    : 	at java.util.concurrent.FutureTask.run(FutureTask.java:317)
11-28 12:46:12.457 23825 14547 W aopk    : 	at bdsa.c(:com.google.android.gms@254534029@25.45.34 (190400-831602148):50)
11-28 12:46:12.457 23825 14547 W aopk    : 	at bdsa.run(:com.google.android.gms@254534029@25.45.34 (190400-831602148):73)
11-28 12:46:12.457 23825 14547 W aopk    : 	at java.util.concurrent.ThreadPoolExecutor.runWorker(ThreadPoolExecutor.java:1156)
11-28 12:46:12.457 23825 14547 W aopk    : 	at java.util.concurrent.ThreadPoolExecutor$Worker.run(ThreadPoolExecutor.java:651)
11-28 12:46:12.457 23825 14547 W aopk    : 	at bdxs.run(:com.google.android.gms@254534029@25.45.34 (190400-831602148):8)
11-28 12:46:12.457 23825 14547 W aopk    : 	at java.lang.Thread.run(Thread.java:1119)
11-28 12:46:12.457 23825 14547 W aopk    : Caused by: fqni: No data was found for the table autofill-domain-predictions-prod-spanner.
11-28 12:46:12.457 23825 14547 W aopk    : 	at fqnz.a(:com.google.android.gms@254534029@25.45.34 (190400-831602148):217)
11-28 12:46:12.457 23825 14547 W aopk    : 	at gseg.d(:com.google.android.gms@254534029@25.45.34 (190400-831602148):3)
11-28 12:46:12.457 23825 14547 W aopk    : 	at gsei.run(:com.google.android.gms@254534029@25.45.34 (190400-831602148):38)
11-28 12:46:12.457 23825 14547 W aopk    : 	at gsfu.execute(:com.google.android.gms@254534029@25.45.34 (190400-831602148):1)
11-28 12:46:12.457 23825 14547 W aopk    : 	at gsdv.f(:com.google.android.gms@254534029@25.45.34 (190400-831602148):1)
11-28 12:46:12.457 23825 14547 W aopk    : 	at gsdv.m(:com.google.android.gms@254534029@25.45.34 (190400-831602148):99)
11-28 12:46:12.457 23825 14547 W aopk    : 	at gsdv.t(:com.google.android.gms@254534029@25.45.34 (190400-831602148):26)
11-28 12:46:12.457 23825 14547 W aopk    : 	at gseg.e(:com.google.android.gms@254534029@25.45.34 (190400-831602148):3)
11-28 12:46:12.457 23825 14547 W aopk    : 	at gsei.run(:com.google.android.gms@254534029@25.45.34 (190400-831602148):44)
11-28 12:46:12.457 23825 14547 W aopk    : 	at gsfu.execute(:com.google.android.gms@254534029@25.45.34 (190400-831602148):1)
11-28 12:46:12.457 23825 14547 W aopk    : 	at gsdv.f(:com.google.android.gms@254534029@25.45.34 (190400-831602148):1)
11-28 12:46:12.457 23825 14547 W aopk    : 	at gsdv.m(:com.google.android.gms@254534029@25.45.34 (190400-831602148):99)
11-28 12:46:12.457 23825 14547 W aopk    : 	at gsdv.q(:com.google.android.gms@254534029@25.45.34 (190400-831602148):13)
11-28 12:46:12.457 23825 14547 W aopk    : 	at gsdn.run(:com.google.android.gms@254534029@25.45.34 (190400-831602148):120)
11-28 12:46:12.457 23825 14547 W aopk    : 	at gsfu.execute(:com.google.android.gms@254534029@25.45.34 (190400-831602148):1)
11-28 12:46:12.457 23825 14547 W aopk    : 	at gsdv.f(:com.google.android.gms@254534029@25.45.34 (190400-831602148):1)
11-28 12:46:12.457 23825 14547 W aopk    : 	at gsdv.m(:com.google.android.gms@254534029@25.45.34 (190400-831602148):99)
11-28 12:46:12.457 23825 14547 W aopk    : 	at gsdv.q(:com.google.android.gms@254534029@25.45.34 (190400-831602148):13)
11-28 12:46:12.457 23825 14547 W aopk    : 	at gseh.e(:com.google.android.gms@254534029@25.45.34 (190400-831602148):1)
11-28 12:46:12.457 23825 14547 W aopk    : 	at gsei.run(:com.google.android.gms@254534029@25.45.34 (190400-831602148):44)
11-28 12:46:12.457 23825 14547 W aopk    : 	at gsfu.execute(:com.google.android.gms@254534029@25.45.34 (190400-831602148):1)
11-28 12:46:12.457 23825 14547 W aopk    : 	at gsdv.f(:com.google.android.gms@254534029@25.45.34 (190400-831602148):1)
11-28 12:46:12.457 23825 14547 W aopk    : 	at gsdv.m(:com.google.android.gms@254534029@25.45.34 (190400-831602148):99)
11-28 12:46:12.457 23825 14547 W aopk    : 	at gsdv.q(:com.google.android.gms@254534029@25.45.34 (190400-831602148):13)
11-28 12:46:12.457 23825 14547 W aopk    : 	at gsdn.run(:com.google.android.gms@254534029@25.45.34 (190400-831602148):120)
11-28 12:46:12.457 23825 14547 W aopk    : 	at gsfu.execute(:com.google.android.gms@254534029@25.45.34 (190400-831602148):1)
11-28 12:46:12.457 23825 14547 W aopk    : 	at gsdv.f(:com.google.android.gms@254534029@25.45.34 (190400-831602148):1)
11-28 12:46:12.457 23825 14547 W aopk    : 	at gsdv.m(:com.google.android.gms@254534029@25.45.34 (190400-831602148):99)
11-28 12:46:12.457 23825 14547 W aopk    : 	at gsdv.q(:com.google.android.gms@254534029@25.45.34 (190400-831602148):13)
11-28 12:46:12.457 23825 14547 W aopk    : 	at gseh.e(:com.google.android.gms@254534029@25.45.34 (190400-831602148):1)
11-28 12:46:12.457 23825 14547 W aopk    : 	at gsei.run(:com.google.android.gms@254534029@25.45.34 (190400-831602148):44)
11-28 12:46:12.457 23825 14547 W aopk    : 	at gsfu.execute(:com.google.android.gms@254534029@25.45.34 (190400-831602148):1)
11-28 12:46:12.457 23825 14547 W aopk    : 	at gsdv.f(:com.google.android.gms@254534029@25.45.34 (190400-831602148):1)
11-28 12:46:12.457 23825 14547 W aopk    : 	at gsdv.m(:com.google.android.gms@254534029@25.45.34 (190400-831602148):99)
11-28 12:46:12.457 23825 14547 W aopk    : 	at gsdv.t(:com.google.android.gms@254534029@25.45.34 (190400-831602148):26)
11-28 12:46:12.457 23825 14547 W aopk    : 	at gsgr.run(:com.google.android.gms@254534029@25.45.34 (190400-831602148):5)
11-28 12:46:12.457 23825 14547 W aopk    : 	at gsfu.execute(:com.google.android.gms@254534029@25.45.34 (190400-831602148):1)
11-28 12:46:12.457 23825 14547 W aopk    : 	at gsdv.f(:com.google.android.gms@254534029@25.45.34 (190400-831602148):1)
11-28 12:46:12.457 23825 14547 W aopk    : 	at gsdv.m(:com.google.android.gms@254534029@25.45.34 (190400-831602148):99)
11-28 12:46:12.457 23825 14547 W aopk    : 	at gsdv.t(:com.google.android.gms@254534029@25.45.34 (190400-831602148):26)
11-28 12:46:12.457 23825 14547 W aopk    : 	at gseg.e(:com.google.android.gms@254534029@25.45.34 (190400-831602148):3)
11-28 12:46:12.457 23825 14547 W aopk    : 	at gsei.run(:com.google.android.gms@254534029@25.45.34 (190400-831602148):44)
11-28 12:46:12.457 23825 14547 W aopk    : 	at gshx.run(:com.google.android.gms@254534029@25.45.34 (190400-831602148):64)
11-28 12:46:12.457 23825 14547 W aopk    : 	... 6 more
11-28 12:46:12.463  1341  1378 I AppOps  : commitUidPendingStateLocked() :: UID - 10139, 500 > 500, 15 > 15
11-28 12:46:12.468 22488 22544 I SyncManager: (REDACTED) Executing sync(type=%s) finished in %s
11-28 12:46:12.484 23825 16834 W LogErrorOperation: onLogError callback failed.
11-28 12:46:12.484  1341  1341 I GestureDetector: handleMessage TAP
11-28 12:46:12.485  1341  1368 I GestureDetector: handleMessage TAP
11-28 12:46:12.487  9366  9366 I HBD     : a [PF_KL][HBIC] getCursorCapsMode t, 95 
11-28 12:46:12.489  9366  9366 I HBD     : a [UpdatePolicy] [post] a: 1 cl: 1441799 kit: [0/2] vt: 0 ir: 1 
11-28 12:46:12.490  1341  1357 D SettingsProvider: isChangeAllowed() : name = enabled_input_methods
11-28 12:46:12.490 16873 16898 E IMGMapper: set:488 set: Unset optional value from type SMPTE2086
11-28 12:46:12.490  1341  1357 D SettingsProvider: edmUri: content://com.sec.knox.provider/RestrictionPolicy3
11-28 12:46:12.490  1341  1357 D SettingsProvider: projectionArgs: isSettingsChangesAllowed
11-28 12:46:12.490 16873 16898 E IMGMapper: set:488 set: Unset optional value from type CTA861_3
11-28 12:46:12.490  1341  1357 D SettingsProvider: selectionArgs: false
11-28 12:46:12.490  1341  1357 D SettingsProvider: selectionArgs: 10139
11-28 12:46:12.490  1341  1357 D SecContentProvider: query(), uri = 17 selection = isSettingsChangesAllowed
11-28 12:46:12.491  1341  1357 D SecContentProvider: called from android.uid.honeyboard:10139
11-28 12:46:12.491  1341  1357 D RestrictionPolicy: isSettingsChangesAllowedAsUser, userId 0 : true
11-28 12:46:12.491  1341  1357 D SettingsProvider: ret = 1
11-28 12:46:12.491  9366  9366 I HBD     : b update cached prediction status : false 
11-28 12:46:12.493  1341  2974 D SettingsProvider: isChangeAllowed() : name = default_input_method
11-28 12:46:12.493  1341  2974 D SettingsProvider: edmUri: content://com.sec.knox.provider/RestrictionPolicy3
11-28 12:46:12.493  1341  2974 D SettingsProvider: projectionArgs: isSettingsChangesAllowed
11-28 12:46:12.493  1341  2974 D SettingsProvider: selectionArgs: false
11-28 12:46:12.493  1341  2974 D SettingsProvider: selectionArgs: 10139
11-28 12:46:12.493  1341  2974 D SecContentProvider: query(), uri = 17 selection = isSettingsChangesAllowed
11-28 12:46:12.493  1341  2974 D SecContentProvider: called from android.uid.honeyboard:10139
11-28 12:46:12.493  1341  2974 D RestrictionPolicy: isSettingsChangesAllowedAsUser, userId 0 : true
11-28 12:46:12.493  1341  2974 D SettingsProvider: ret = 1
11-28 12:46:12.495  9366 17144 I HBD     : n updated Sub Types. French 
11-28 12:46:12.497 23825 17099 I UsernameSaveInfoFactory: Form is missing username. [CONTEXT service_id=177 ]
11-28 12:46:12.499  9366 17222 I HBD     : b InputMethodSubtype is set as local:fr_FR 
11-28 12:46:12.499  1341  1341 I InputMethodManagerService: subtype state: oldSubtype = android.view.inputmethod.InputMethodSubtype@160007 newSubtype = android.view.inputmethod.InputMethodSubtype@160007 force = false
11-28 12:46:12.503 22488 22544 I SyncManager: (REDACTED) Executing sync(type=%s%s)
11-28 12:46:12.515 22488 22544 I SyncManager: (REDACTED) Executing sync(type=%s) finished in %s
11-28 12:46:12.518 22488 22544 I SyncManager: (REDACTED) Executing sync(type=%s%s)
11-28 12:46:12.528 22488 22544 I SyncManager: (REDACTED) Executing sync(type=%s) finished in %s
11-28 12:46:12.533 22488 22544 I SyncManager: (REDACTED) Executing sync(type=%s%s)
11-28 12:46:12.543 22488 22544 I SyncManager: (REDACTED) Executing sync(type=%s) finished in %s
11-28 12:46:12.546 22488 22544 I SyncManager: (REDACTED) Executing sync(type=%s%s)
11-28 12:46:12.557 22488 22544 I SyncManager: (REDACTED) Executing sync(type=%s) finished in %s
11-28 12:46:12.565 22488 22544 I SyncManager: (REDACTED) Executing sync(type=%s%s)
11-28 12:46:12.567 16873 16898 E IMGMapper: set:488 set: Unset optional value from type SMPTE2086
11-28 12:46:12.568 16873 16898 E IMGMapper: set:488 set: Unset optional value from type CTA861_3
11-28 12:46:12.568  9366  9366 I HBD     : a [SKE_TAM] Changed false
11-28 12:46:12.569  9366  9366 I HBD     : b update cached prediction status : false 
11-28 12:46:12.570  9366  9366 I HBD     : ::BnR:: d HONEY_SUPPORT_DATA_MIGRATION_FROM_SKBD : true, isMigrateNotNeeded : true, isFinishMigPreferences : false, isPasswordInputType : falseisUserUnlocked : true 
11-28 12:46:12.570  9366  9366 I HBD     : b updateMultiTapTimeValue 
11-28 12:46:12.570  9366  9366 I HBD     : b getMultiTapTimeoutValue 
11-28 12:46:12.570  9366  9366 I HBD     : b getSingleVowelMultiTapTimeoutValue 
11-28 12:46:12.571  9366 17225 I HBD     : a refresh(), mParameterMode,  0
11-28 12:46:12.571  9366  9366 I HBD     : a onBind 
11-28 12:46:12.572  9366  9366 I HBD     : b updateConfig: [LanguageItem] French / [KeyboardViewTypeItem] 0 / [KeyboardInputTypeItem] mainType(0), subType(2)* / [CurrentLanguageInputTypeItem] mainType(0), subType(2) / [KeyboardInputRangeItem] 1* / [SelectedLanguageItem] 1 / [TextOrNullInputClassItem] true* / [NumberOnlyInputTypeItem] false* / [NumberInputClassItem] false* / [DigitEditorItem] false* / [NumberKeyFirstLineItem] true /  
11-28 12:46:12.572  9366  9366 I HBD     : b updateConfig: [SimpleRowStyleItem] true / [SpaceRowStylePeriodItem] true / [SpaceRowStyleEmailURLPeriodItem] true / [SpaceRowStyleEmailURLDotComItem] true / [SpaceRowStyleEmailURLPeriodItem] true / [SpaceRowStyleEmailURLDotComItem] true / [SpaceRowStyleJapaneseArrowItem] true / [SpaceRowStyleJapanesePeriodItem] true / [TouchAndHoldSpaceBarTypeItem] cursor_control / [UseToolBarItem] true / [VoiceInputTypeItem] 0x1 /  
11-28 12:46:12.572  9366  9366 I HBD     : b updateConfig: [DensityItem] 2.0 / [DisplayWidthItem] 0x720 / [DisplayHeightItem] 0x1459 / [MainTextLabelItem] 1 / [LanguageSwitchingUsingKeyItem] true / [VoiceEnabledItem] true* /  
11-28 12:46:12.573  9366  9366 I HBD     : c updateKeyboardViewHolder: MAKE NEW E: false CC: true UC: true 
11-28 12:46:12.573 23825 16834 W LogErrorOperation: onLogError callback failed.
11-28 12:46:12.575  9366  9366 I HBD     : d [NormalPresenterLocator] processLocateKeyboard: isUseCached(true), isUseKeysCafe(false) 
11-28 12:46:12.576 23825 16834 W LogErrorOperation: onLogError callback failed.
11-28 12:46:12.578  9366  9366 I HBD     : d [PF_OP][updateKeyboardViewHolder]  6 ms 
11-28 12:46:12.578 23825 16834 W LogErrorOperation: onLogError callback failed.
11-28 12:46:12.580  1341  1357 D SecContentProvider: query(), uri = 15 selection = isClipboardShareAllowedAsUser
11-28 12:46:12.580  1341  1357 D SecContentProvider: called from android.uid.honeyboard:10139
11-28 12:46:12.580  1341  1357 D RestrictionPolicy: isClipboardShareAllowed : true
11-28 12:46:12.581 22488 22544 I SyncManager: (REDACTED) Executing sync(type=%s) finished in %s
11-28 12:46:12.585  9366  9366 I SurfaceView@1af168c: releaseSurfaces: viewRoot = ViewRootImpl@bbe7c12[InputMethod]
11-28 12:46:12.585  9366  9366 I SurfaceView@1af168c: applyTransactionOnVriDraw: vri = ViewRootImpl@bbe7c12[InputMethod] fRS = true t = 0xb400007cd0d9c300 android.view.SurfaceView.releaseSurfaces:858 android.view.SurfaceView.updateSurface:998 android.view.SurfaceView.onDetachedFromWindow:496 
11-28 12:46:12.585  9366  9366 I SurfaceView@1af168c: applyTransactionOnVriDraw: viewRoot.applyTransactionOnDrawFromReleaseSurfaces
11-28 12:46:12.586  9366  9366 I ViewRootImpl@bbe7c12[InputMethod]: applyTransactionOnDraw: mRemoved = false isHardwareEnabled = false t = 0xb400007cd0d9c300android.view.ViewRootImpl.applyTransactionOnDrawFromReleaseSurfaces:12850 android.view.SurfaceView.applyTransactionOnVriDraw:2046 android.view.SurfaceView.releaseSurfaces:858 android.view.SurfaceView.updateSurface:998 android.view.SurfaceView.onDetachedFromWindow:496 
11-28 12:46:12.586  9366  9366 I SurfaceView@1af168c: onDetachedFromWindow: tryReleaseSurfaces()
11-28 12:46:12.586  9366  9366 I SurfaceView@1af168c: releaseSurfaces: viewRoot = ViewRootImpl@bbe7c12[InputMethod]
11-28 12:46:12.587  9366  9366 I SurfaceView@1af168c: applyTransactionOnVriDraw: vri = ViewRootImpl@bbe7c12[InputMethod] fRS = true t = 0xb400007d9e67d800 android.view.SurfaceView.releaseSurfaces:858 android.view.SurfaceView.onDetachedFromWindow:500 android.view.View.dispatchDetachedFromWindow:22538 
11-28 12:46:12.587  9366  9366 I SurfaceView@1af168c: applyTransactionOnVriDraw: viewRoot.applyTransactionOnDrawFromReleaseSurfaces
11-28 12:46:12.587 23825 16834 W LogErrorOperation: onLogError callback failed.
11-28 12:46:12.587  9366  9366 I ViewRootImpl@bbe7c12[InputMethod]: applyTransactionOnDraw: mRemoved = false isHardwareEnabled = false t = 0xb400007d9e67d800android.view.ViewRootImpl.applyTransactionOnDrawFromReleaseSurfaces:12850 android.view.SurfaceView.applyTransactionOnVriDraw:2046 android.view.SurfaceView.releaseSurfaces:858 android.view.SurfaceView.onDetachedFromWindow:500 android.view.View.dispatchDetachedFromWindow:22538 
11-28 12:46:12.591  1341  1341 D AutofillSession: Service did not request to wait for delayed fill response.
11-28 12:46:12.594  9366  9366 I SurfaceView@36a0fbf: releaseSurfaces: viewRoot = ViewRootImpl@bbe7c12[InputMethod]
11-28 12:46:12.595  9366  9366 I SurfaceView@36a0fbf: applyTransactionOnVriDraw: vri = ViewRootImpl@bbe7c12[InputMethod] fRS = true t = 0xb400007d9e6bbf00 android.view.SurfaceView.releaseSurfaces:858 android.view.SurfaceView.updateSurface:998 android.view.SurfaceView.onDetachedFromWindow:496 
11-28 12:46:12.595  9366  9366 I SurfaceView@36a0fbf: applyTransactionOnVriDraw: viewRoot.applyTransactionOnDrawFromReleaseSurfaces
11-28 12:46:12.595  9366  9366 I ViewRootImpl@bbe7c12[InputMethod]: applyTransactionOnDraw: mRemoved = false isHardwareEnabled = false t = 0xb400007d9e6bbf00android.view.ViewRootImpl.applyTransactionOnDrawFromReleaseSurfaces:12850 android.view.SurfaceView.applyTransactionOnVriDraw:2046 android.view.SurfaceView.releaseSurfaces:858 android.view.SurfaceView.updateSurface:998 android.view.SurfaceView.onDetachedFromWindow:496 
11-28 12:46:12.595  9366  9366 I SurfaceView@36a0fbf: onDetachedFromWindow: tryReleaseSurfaces()
11-28 12:46:12.595  9366  9366 I SurfaceView@36a0fbf: releaseSurfaces: viewRoot = ViewRootImpl@bbe7c12[InputMethod]
11-28 12:46:12.596  9366  9366 I SurfaceView@36a0fbf: applyTransactionOnVriDraw: vri = ViewRootImpl@bbe7c12[InputMethod] fRS = true t = 0xb400007d9e7bd200 android.view.SurfaceView.releaseSurfaces:858 android.view.SurfaceView.onDetachedFromWindow:500 android.view.View.dispatchDetachedFromWindow:22538 
11-28 12:46:12.596  9366  9366 I SurfaceView@36a0fbf: applyTransactionOnVriDraw: viewRoot.applyTransactionOnDrawFromReleaseSurfaces
11-28 12:46:12.597  9366  9366 I ViewRootImpl@bbe7c12[InputMethod]: applyTransactionOnDraw: mRemoved = false isHardwareEnabled = false t = 0xb400007d9e7bd200android.view.ViewRootImpl.applyTransactionOnDrawFromReleaseSurfaces:12850 android.view.SurfaceView.applyTransactionOnVriDraw:2046 android.view.SurfaceView.releaseSurfaces:858 android.view.SurfaceView.onDetachedFromWindow:500 android.view.View.dispatchDetachedFromWindow:22538 
11-28 12:46:12.597 23825 16834 W LogErrorOperation: onLogError callback failed.
11-28 12:46:12.598  9366  9366 I HBD     : a [PF_OP][onStartInputViewActivate]  1 ms 
11-28 12:46:12.602  9366  9366 I HBD     : HoneyBoardService [PF_OP][onStartInputView]  214 ms 
11-28 12:46:12.603  1341  3026 D InputMethodManagerService: isImeSwitcherDisabledPackage : false
11-28 12:46:12.603  1341  3026 I InputMethodManagerService: setImeWindowStatus: vis=3, backDisposition=0
11-28 12:46:12.605  9366  9366 I HBD     : HoneyBoardService onWindowShown 
11-28 12:46:12.605  1341 17228 D TspStateManager: wrote command: cmd=1, type=5
11-28 12:46:12.605  9366  9366 I HBD     : HoneyBoardService [PF_OP][onWindowShown]  0 ms 
11-28 12:46:12.605  1341  1540 D SemInputCommandService: checkTSPCmdlistAndRunCmdNoRead: not supported cmd: set_sip_mode,1
11-28 12:46:12.606  9366  9366 I MSHandlerLifeCycle: check: return. pkg=com.samsung.android.honeyboard isActivity=false callers=com.android.internal.policy.DecorView.setVisibility:4411 android.app.Dialog.show:454 android.inputmethodservice.SoftInputWindow.show:208 android.inputmethodservice.InputMethodService.showWindow:3071 android.inputmethodservice.InputMethodService$InputMethodImpl.showSoftInput:1035 
11-28 12:46:12.606  9366  9366 I MSHandlerLifeCycle: removeMultiSplitHandler: no exist. decor=DecorView@bf541e3[InputMethod]
11-28 12:46:12.606  1341  3026 D InputMethodManagerService: notifyUserActivity: canceled, displayId=0
11-28 12:46:12.607   747   747 E HYPER-HAL: [SysfsControlManager.cpp]writeSysfs(): Couldn't Open Sysfs - /sys/class/input_booster/touch/head
11-28 12:46:12.608   747   747 E HYPER-HAL: [SysfsControlManager.cpp]writeSysfs(): Couldn't Open Sysfs - /sys/class/input_booster/touch/tail
11-28 12:46:12.609  1341  3026 D InputMethodManagerService: isImeSwitcherDisabledPackage : false
11-28 12:46:12.610  1341  3026 I InputMethodManagerService: setImeWindowStatus: vis=3, backDisposition=0
11-28 12:46:12.626  1011  1106 I Light   : light data = 13.000000 .
11-28 12:46:12.639 16873 16898 E IMGMapper: set:488 set: Unset optional value from type SMPTE2086
11-28 12:46:12.639 16873 16898 E IMGMapper: set:488 set: Unset optional value from type CTA861_3
11-28 12:46:12.640  9366 17227 I HBD     : d1 requestCursorUpdates returned  true ,  69
11-28 12:46:12.682  9366  9366 I ViewRootImpl@bbe7c12[InputMethod]: performTraversals params={(0,0)(fillxfill) gr=BOTTOM CENTER_VERTICAL sim={adjust=pan} ty=INPUT_METHOD fmt=TRANSPARENT wanim=0x7f1301aa preferredMinDisplayRefreshRate=60.0 receive insets ignoring z-order
11-28 12:46:12.682  9366  9366 I ViewRootImpl@bbe7c12[InputMethod]:   fl=81800108
11-28 12:46:12.682  9366  9366 I ViewRootImpl@bbe7c12[InputMethod]:   pfl=12000000
11-28 12:46:12.682  9366  9366 I ViewRootImpl@bbe7c12[InputMethod]:   vsysui=10
11-28 12:46:12.682  9366  9366 I ViewRootImpl@bbe7c12[InputMethod]:   apr=LIGHT_NAVIGATION_BARS
11-28 12:46:12.682  9366  9366 I ViewRootImpl@bbe7c12[InputMethod]:   bhv=DEFAULT
11-28 12:46:12.682  9366  9366 I ViewRootImpl@bbe7c12[InputMethod]:   fitTypes=STATUS_BARS NAVIGATION_BARS
11-28 12:46:12.682  9366  9366 I ViewRootImpl@bbe7c12[InputMethod]:   fitSides=LEFT TOP RIGHT
11-28 12:46:12.682  9366  9366 I ViewRootImpl@bbe7c12[InputMethod]:   fitIgnoreVis dimDuration=150 naviIconColor=0}
11-28 12:46:12.683  9366  9366 I ViewRootImpl@bbe7c12[InputMethod]: performTraversals mFirst=false windowShouldResize=false viewVisibilityChanged=true mForceNextWindowRelayout=false params={(0,0)(fillxfill) gr=BOTTOM CENTER_VERTICAL sim={adjust=pan} ty=INPUT_METHOD fmt=TRANSPARENT wanim=0x7f1301aa preferredMinDisplayRefreshRate=60.0 receive insets ignoring z-order
11-28 12:46:12.683  9366  9366 I ViewRootImpl@bbe7c12[InputMethod]:   fl=81800108
11-28 12:46:12.683  9366  9366 I ViewRootImpl@bbe7c12[InputMethod]:   pfl=12000000
11-28 12:46:12.683  9366  9366 I ViewRootImpl@bbe7c12[InputMethod]:   vsysui=10
11-28 12:46:12.683  9366  9366 I ViewRootImpl@bbe7c12[InputMethod]:   apr=LIGHT_NAVIGATION_BARS
11-28 12:46:12.683  9366  9366 I ViewRootImpl@bbe7c12[InputMethod]:   bhv=DEFAULT
11-28 12:46:12.683  9366  9366 I ViewRootImpl@bbe7c12[InputMethod]:   fitTypes=STATUS_BARS NAVIGATION_BARS
11-28 12:46:12.683  9366  9366 I ViewRootImpl@bbe7c12[InputMethod]:   fitSides=LEFT TOP RIGHT
11-28 12:46:12.683  9366  9366 I ViewRootImpl@bbe7c12[InputMethod]:   fitIgnoreVis dimDuration=150 naviIconColor=0}
11-28 12:46:12.684  1341  3026 V WindowManager: Relayout Window{d79013f u0 InputMethod}: viewVisibility=0 req=720x1552 d0
11-28 12:46:12.684  1341  3026 D RestrictionPolicy: isScreenCaptureEnabled : ret=true userId=0
11-28 12:46:12.685   766  1819 I BufferQueueDebug: [InputMethod$_9366#19183](this:0xb400007e75625838,id:-1,api:0,p:-1,c:-1) BufferQueue core=(766:/system/bin/surfaceflinger)
11-28 12:46:12.686   766  1819 I SurfaceFlinger: id=19183 createSurf flag=40004, InputMethod$_9366#19183
11-28 12:46:12.687  1341  3026 D WindowManager: makeSurface duration=2 name=InputMethod$_9366
11-28 12:46:12.692  1737  5022 I ViewRootImpl@f704ebe[StatusBar]: Resizing android.view.ViewRootImpl@5e98ca: frame = [0,0][720,48] reportDraw = false forceLayout = false syncSeqId = 0
11-28 12:46:12.693 16873 16888 I ViewRootImpl@4a720a7[MainActivity]: Resizing android.view.ViewRootImpl@b356c0: frame = [0,0][720,1600] reportDraw = false forceLayout = false syncSeqId = 0
11-28 12:46:12.693  1737  2489 I ViewRootImpl@f0704d0[NavigationBar0]: Resizing android.view.ViewRootImpl@2813c85: frame = [0,1504][720,1600] reportDraw = false forceLayout = false syncSeqId = 0
11-28 12:46:12.693  1737  1737 I ViewRootImpl@f704ebe[StatusBar]: handleResized, msg = 4 frames=ClientWindowFrames{frame=[0,0][720,48] display=[0,0][720,1600] parentFrame=[0,0][0,0] parentClippedByDisplayCutout=false} forceNextWindowRelayout=false displayId=0 resizeMode=-1 frameChanged=false displayFrameChanged=false configChanged=false displayChanged=false
11-28 12:46:12.694  1737  1737 D InsetsController: onStateChanged: InsetsState: {mDisplayFrame=Rect(0, 0 - 720, 1600), mDisplayCutout=DisplayCutout{insets=Rect(0, 45 - 0, 0) waterfall=Insets{left=0, top=0, right=0, bottom=0} boundingRect={Bounds=[Rect(0, 0 - 0, 0), Rect(272, 0 - 448, 45), Rect(0, 0 - 0, 0), Rect(0, 0 - 0, 0)]} cutoutPathParserInfo={CutoutPathParserInfo{displayWidth=720 displayHeight=1600 physicalDisplayWidth=720 physicalDisplayHeight=1600 density={1.875} cutoutSpec={M 0,0 H -46.93333333333333 V 24 H 46.93333333333333 V 0 H 0 Z @dp} rotation={0} scale={1.0} physicalPixelDisplaySizeRatio={1.0}}}}, mRoundedCorners=RoundedCorners{[RoundedCorner{position=TopLeft, radius=64, center=Point(64, 64)}, RoundedCorner{position=TopRight, radius=64, center=Point(656, 64)}, RoundedCorner{position=BottomRight, radius=64, center=Point(656, 1536)}, RoundedCorner{position=BottomLeft, radius=64, center=Point(64, 1536)}]}  mRoundedCornerFrame=Rect(0, 0 - 0, 0), mPrivacyIndicatorBounds=PrivacyIndicatorBounds {static bounds=Rect(632, 0 - 720, 48) rotation=0}, mSources= { InsetsSource: {mType=ITYPE_LEFT_GESTURES, mFrame=[0,0][0,1600], mVisible=true, mInsetsRoundedCornerFrame=false}, InsetsSource: {mType=ITYPE_RIGHT_GESTURES, mFrame=[720,0][720,1600], mVisible=true, mInsetsRoundedCornerFrame=false}, InsetsSource: {mType=ITYPE_TOP_MANDATORY_GESTURES, mFrame=[0,0][720,69], mVisible=true, mInsetsRoundedCornerFrame=false}, InsetsSource: {mType=ITYPE_BOTTOM_MANDATORY_GESTURES, mFrame=[0,1504][720,1600], mVisible=true, mInsetsRoundedCornerFrame=false}, InsetsSource: {mType=ITYPE_LEFT_DISPLAY_CUTOUT, mFrame=[0,0][-100000,1600], mVisible=true, mInsetsRoundedCornerFrame=false}, InsetsSource: {mType=ITYPE_TOP_DISPLAY_CUTOUT, mFrame=[0,0][720,45], mVisible=true, mInsetsRoundedCornerFrame=false}, InsetsSource: {mType=ITYPE_RIGHT_DISPLAY_CUTOUT, mFrame=[100000,0][720,1600], mVisible=true, mInsetsRoundedCornerFrame=false}, InsetsSource: {mType=ITYPE_BOTTOM_DISPLAY_CUTOUT, mFrame=[0,100000][720,1600], mVisible=true, mInsetsRoundedCornerFrame=false}, InsetsSource: {mType=ITYPE_TOP_TAPPABLE_ELEMENT, mFrame=[0,0][720,48], mVisible=true, mInsetsRoundedCornerFrame=false}, InsetsSource: {mType=ITYPE_BOTTOM_TAPPABLE_ELEMENT, mFrame=[0,1504][720,1600], mVisible=true, mInsetsRoundedCornerFrame=false}, InsetsSource: {mType=ITYPE_IME, mFrame=[0,916][720,1600], mVisibleFrame=[0,916][720,1600], mVisible=false, mInsetsRoundedCornerFrame=false} } host=NavigationBar0 from=android.view.ViewRootImpl$ViewRootHandler.handleMessageImpl:6727
11-28 12:46:12.694  1737  1737 I ViewRootImpl@f0704d0[NavigationBar0]: handleResized, msg = 4 frames=ClientWindowFrames{frame=[0,1504][720,1600] display=[0,0][720,1600] parentFrame=[0,0][0,0] parentClippedByDisplayCutout=false} forceNextWindowRelayout=false displayId=0 resizeMode=-1 frameChanged=false displayFrameChanged=false configChanged=false displayChanged=false
11-28 12:46:12.695  1341  3026 V WindowManager: Relayout hash=d79013f, pid=9366, syncId=-1: mAttrs={(0,0)(fillxfill) gr=BOTTOM CENTER_VERTICAL sim={adjust=pan} ty=INPUT_METHOD fmt=TRANSPARENT wanim=0x7f1301aa preferredMinDisplayRefreshRate=60.0 receive insets ignoring z-order
11-28 12:46:12.695  1341  3026 V WindowManager:   fl=81800108
11-28 12:46:12.695  1341  3026 V WindowManager:   pfl=12000000
11-28 12:46:12.695  1341  3026 V WindowManager:   vsysui=10
11-28 12:46:12.695  1341  3026 V WindowManager:   apr=LIGHT_NAVIGATION_BARS
11-28 12:46:12.695  1341  3026 V WindowManager:   bhv=DEFAULT
11-28 12:46:12.695  1341  3026 V WindowManager:   fitTypes=STATUS_BARS NAVIGATION_BARS
11-28 12:46:12.695  1341  3026 V WindowManager:   fitSides=LEFT TOP RIGHT
11-28 12:46:12.695  1341  3026 V WindowManager:   fitIgnoreVis dimDuration=150 naviIconColor=0}
11-28 12:46:12.696  9366  9366 I ViewRootImpl@bbe7c12[InputMethod]: updateBlastSurfaceIfNeeded mBlastBufferQueue=null isSameSurfaceControl=false
11-28 12:46:12.697  9366  9366 I BLASTBufferQueue: new BLASTBufferQueue, mName= ViewRootImpl@bbe7c12[InputMethod] mNativeObject= 0xb400007d3d1f7700 sc.mNativeObject= 0xb400007cedbf2d00 caller= android.view.ViewRootImpl.updateBlastSurfaceIfNeeded:2909 android.view.ViewRootImpl.relayoutWindow:9847 android.view.ViewRootImpl.performTraversals:3884 android.view.ViewRootImpl.doTraversal:3116 android.view.ViewRootImpl$TraversalRunnable.run:10885 android.view.Choreographer$CallbackRecord.run:1301 android.view.Choreographer$CallbackRecord.run:1309 android.view.Choreographer.doCallbacks:923 android.view.Choreographer.doFrame:852 android.view.Choreographer$FrameDisplayEventReceiver.run:1283 
11-28 12:46:12.697  9366  9366 I BLASTBufferQueue: update, w= 720 h= 1552 mName = ViewRootImpl@bbe7c12[InputMethod] mNativeObject= 0xb400007d3d1f7700 sc.mNativeObject= 0xb400007cedbf2d00 format= -2 caller= android.graphics.BLASTBufferQueue.<init>:84 android.view.ViewRootImpl.updateBlastSurfaceIfNeeded:2909 android.view.ViewRootImpl.relayoutWindow:9847 android.view.ViewRootImpl.performTraversals:3884 android.view.ViewRootImpl.doTraversal:3116 android.view.ViewRootImpl$TraversalRunnable.run:10885 
11-28 12:46:12.698  9366  9366 I ViewRootImpl@bbe7c12[InputMethod]: Relayout returned: old=(0,48,720,1600) new=(0,48,720,1600) req=(720,1552)0 dur=13 res=0x3 s={true 0xb400007dc303a800} ch=true seqId=0
11-28 12:46:12.698  9366  9366 I ViewRootImpl@bbe7c12[InputMethod]: mThreadedRenderer.initialize() mSurface={isValid=true 0xb400007dc303a800} hwInitialized=true
11-28 12:46:12.699  9366  9366 I HBD     : d [PresenterContainerImpl] onFirstOnLayoutChanged: set touch listeners 
11-28 12:46:12.700  9366  9366 I HBD     : d [PresenterContainerImpl] OnLayoutChangeListener: ViewInfo = pos(0, 0), size(540, 500), posOnScreen(0, 956), offset(0, 0), L 
11-28 12:46:12.700  9366  9366 I HBD     : a [BoardScrapCreator] create: keyboardCount(1) 
11-28 12:46:12.701  9366  9366 I HBD     : i2 updateChangedBoard - [LC:false][TC:true][RC:true][RB:false] 
11-28 12:46:12.701  9366  9366 I HBD     : b update cached prediction status : false 
11-28 12:46:12.701  9366  9366 I HBD     : f updateCurrentEngine,  1441799 ,  SWIFTKEY
11-28 12:46:12.701  9366  9366 I HBD     : a [SKE_TAM] Changed false
11-28 12:46:12.701  9366  9366 I HBD     : a [SKE_TAM] custom = false , useEngine = true
11-28 12:46:12.701  9366  9366 I HBD     : a [SKE_TAM] Changed false
11-28 12:46:12.702  9366  9366 I HBD     : a refresh(), mParameterMode,  0
11-28 12:46:12.703  9366  9366 I HBD     : a [PF_EN] updateChangedBoard() 2 
11-28 12:46:12.703  9366  9366 I HBD     : l0 EBD bc S 0 
11-28 12:46:12.704  9366  9366 I HBD     : c TMST - update statistics 
11-28 12:46:12.707  9366  9366 I ViewRootImpl@bbe7c12[InputMethod]: reportNextDraw android.view.ViewRootImpl.performTraversals:4438 android.view.ViewRootImpl.doTraversal:3116 android.view.ViewRootImpl$TraversalRunnable.run:10885 android.view.Choreographer$CallbackRecord.run:1301 android.view.Choreographer$CallbackRecord.run:1309 
11-28 12:46:12.707  9366  9366 I ViewRootImpl@bbe7c12[InputMethod]: Setup new sync id=349
11-28 12:46:12.707  9366  9366 I ViewRootImpl@bbe7c12[InputMethod]: Setting syncFrameCallback
11-28 12:46:12.707  9366  9366 I ViewRootImpl@bbe7c12[InputMethod]: registerCallbacksForSync syncBuffer=false
11-28 12:46:12.707 16873 16873 W OnBackInvokedCallback: OnBackInvokedCallback is not enabled for the application.
11-28 12:46:12.707 16873 16873 W OnBackInvokedCallback: Set 'android:enableOnBackInvokedCallback="true"' in the application manifest.
11-28 12:46:12.711 16873 16898 E IMGMapper: set:488 set: Unset optional value from type SMPTE2086
11-28 12:46:12.711 16873 16898 E IMGMapper: set:488 set: Unset optional value from type CTA861_3
11-28 12:46:12.718  9366 11948 I ViewRootImpl@bbe7c12[InputMethod]: Received frameDrawingCallback syncResult=0 frameNum=1.
11-28 12:46:12.718  9366 11948 I ViewRootImpl@bbe7c12[InputMethod]: Setting up sync and frameCommitCallback
11-28 12:46:12.724  9366  9704 E IMGMapper: set:488 set: Unset optional value from type SMPTE2086
11-28 12:46:12.725  9366  9704 E IMGMapper: set:488 set: Unset optional value from type CTA861_3
11-28 12:46:12.725  9366  9704 I BLASTBufferQueue: [ViewRootImpl@bbe7c12[InputMethod]#346](f:0,a:0) onFrameAvailable the first frame is available
11-28 12:46:12.725  9366  9704 I BLASTBufferQueue: [ViewRootImpl@bbe7c12[InputMethod]#346](f:0,a:1) acquireNextBufferLocked size=720x1552 mFrameNumber=1 applyTransaction=true mTimestamp=337734143851897(auto) mPendingTransactions.size=0 graphicBufferId=40226663694864 transform=0
11-28 12:46:12.726  9366  9704 I ViewRootImpl@bbe7c12[InputMethod]: Received frameCommittedCallback lastAttemptedDrawFrameNum=1 didProduceBuffer=true
11-28 12:46:12.727  9366  9366 I ViewRootImpl@bbe7c12[InputMethod]: onSyncComplete
11-28 12:46:12.727  9366  9366 I ViewRootImpl@bbe7c12[InputMethod]: setupSync seqId=0 mSyncId=349 fn=1 caller=android.view.ViewRootImpl$$ExternalSyntheticLambda11.accept:6 android.window.SurfaceSyncer.lambda$setupSync$1$android-window-SurfaceSyncer:128 android.window.SurfaceSyncer$$ExternalSyntheticLambda1.accept:8 android.window.SurfaceSyncer$SyncSet.checkIfSyncIsComplete:382 android.window.SurfaceSyncer$SyncSet.markSyncReady:359 android.window.SurfaceSyncer.markSyncReady:151 android.view.ViewRootImpl.performTraversals:4503 
11-28 12:46:12.727  9366  9366 I ViewRootImpl@bbe7c12[InputMethod]: reportDrawFinished seqId=0 mSyncId=-1 fn=1 mSurfaceChangedTransaction=0xb400007d9e67d000
11-28 12:46:12.728  9366  9366 I InputMethod: showSoftInput(), flags : 1
